[2026-07-21T14:21:38.282827+00:00] ================================================================
[2026-07-21T14:21:38.283316+00:00] DECA BLIND CONTROL (all-healthy) armed — run_id=control_post_overlap_20260721_1951_20m seed=436957 (SEALED)
[2026-07-21T14:21:38.283460+00:00] Budget 20 min | NO real faults | 2 near-miss bait(s) | simulate=False
[2026-07-21T14:21:38.283634+00:00] Sealed truth: /home/brain/deca-isro/data/rpi-net/live/control_post_overlap_20260721_1951_20m/ground_truth.sealed.jsonl
[2026-07-21T14:21:38.283757+00:00] ================================================================
[2026-07-21T14:21:41.702492+00:00]    iperf3 server listening on station2 (192.168.50.20)
[2026-07-21T14:21:43.170088+00:00] Baseline traffic: 80 Mbps (station1 -> 192.168.50.20 via eth0)
[2026-07-21T14:21:48.026683+00:00]    iperf3 client running (~80 Mbps)
[2026-07-21T14:21:48.026830+00:00] [control] healthy baseline 8.8 min...
[2026-07-21T14:30:34.755064+00:00] [control] near-miss control_post_overlap_20260721_1951_20m_nm01 (bait — MUST stay healthy)
[2026-07-21T14:30:34.755199+00:00] NEAR-MISS aborted onset for 27s (not a real fault)...
[2026-07-21T14:31:03.867809+00:00] [control] sealed control_post_overlap_20260721_1951_20m_nm01: 2026-07-21T14:30:34.755192+00:00 -> 2026-07-21T14:31:03.867376+00:00
[2026-07-21T14:31:05.170535+00:00] [control] healthy baseline 7.6 min...
[2026-07-21T14:38:39.989074+00:00] [control] near-miss control_post_overlap_20260721_1951_20m_nm02 (bait — MUST stay healthy)
[2026-07-21T14:38:39.989249+00:00] NEAR-MISS aborted onset for 53s (not a real fault)...
[2026-07-21T14:39:33.675048+00:00] [control] sealed control_post_overlap_20260721_1951_20m_nm02: 2026-07-21T14:38:39.989238+00:00 -> 2026-07-21T14:39:33.674691+00:00
[2026-07-21T14:39:35.101016+00:00] [control] healthy baseline 2.1 min to end (no baits left)...
[2026-07-21T14:41:38.382037+00:00] ================================================================
[2026-07-21T14:41:38.382183+00:00] BLIND CONTROL COMPLETE — 0 real faults, 2 near-misses
[2026-07-21T14:41:38.382219+00:00] Any confirmed alarm here is a false positive. Grade with:
[2026-07-21T14:41:38.382249+00:00]   python scripts/deca_blind_scorecard.py --run-id control_post_overlap_20260721_1951_20m
[2026-07-21T14:41:38.382279+00:00] ================================================================
