[2026-07-18T15:06:13.297646+00:00] ================================================================
[2026-07-18T15:06:13.297735+00:00] DECA BLIND PLAYLIST EXAM armed — run_id=specificity_exam_v1 seed=579325 (SEALED)
[2026-07-18T15:06:13.297769+00:00] Budget 40 min | playlist=/home/brain/deca-isro/scripts/playlists/specificity_exam_v1.json | simulate=False
[2026-07-18T15:06:13.297822+00:00] Sealed truth: /home/brain/deca-isro/data/rpi-net/live/specificity_exam_v1/ground_truth.sealed.jsonl
[2026-07-18T15:06:13.297846+00:00] ================================================================
[2026-07-18T15:06:16.586468+00:00]    iperf3 server listening on station2 (192.168.50.20)
[2026-07-18T15:06:18.067049+00:00] Baseline traffic: 37 Mbps (station1 -> 192.168.50.20 via eth0)
[2026-07-18T15:06:22.930862+00:00]    iperf3 client running (~37 Mbps)
[2026-07-18T15:06:22.931039+00:00] [playlist] loaded /home/brain/deca-isro/scripts/playlists/specificity_exam_v1.json id=specificity_exam_v1 phases=8
[2026-07-18T15:06:22.931254+00:00] [playlist] warm: calm 8.0 min (score_spurious=False)
[2026-07-18T15:14:23.007446+00:00] [playlist] calm_a: calm 6.0 min (score_spurious=True)
[2026-07-18T15:20:23.042523+00:00] [playlist] nm01: near-miss specificity_exam_v1_nm01 hold_s=30 (MUST stay healthy)
[2026-07-18T15:20:23.042561+00:00] NEAR-MISS aborted onset for 30s (not a real fault)...
[2026-07-18T15:20:55.138849+00:00] [playlist] sealed specificity_exam_v1_nm01: 2026-07-18T15:20:23.042558+00:00 -> 2026-07-18T15:20:55.138401+00:00
[2026-07-18T15:21:11.779645+00:00] [playlist] calm_b: calm 5.0 min (score_spurious=True)
[2026-07-18T15:26:11.880070+00:00] [playlist] nm02: near-miss specificity_exam_v1_nm02 hold_s=40 (MUST stay healthy)
[2026-07-18T15:26:11.880149+00:00] NEAR-MISS aborted onset for 40s (not a real fault)...
[2026-07-18T15:26:54.095197+00:00] [playlist] sealed specificity_exam_v1_nm02: 2026-07-18T15:26:11.880144+00:00 -> 2026-07-18T15:26:54.094843+00:00
[2026-07-18T15:26:56.528272+00:00] [playlist] calm_c: calm 5.0 min (score_spurious=True)
[2026-07-18T15:31:56.571962+00:00] [playlist] nm03: near-miss specificity_exam_v1_nm03 hold_s=35 (MUST stay healthy)
[2026-07-18T15:31:56.572098+00:00] NEAR-MISS aborted onset for 35s (not a real fault)...
[2026-07-18T15:32:33.678148+00:00] [playlist] sealed specificity_exam_v1_nm03: 2026-07-18T15:31:56.572094+00:00 -> 2026-07-18T15:32:33.677908+00:00
[2026-07-18T15:32:35.187225+00:00] [playlist] calm_d: calm 4.0 min (score_spurious=True)
[2026-07-18T15:36:35.227309+00:00] ================================================================
[2026-07-18T15:36:35.227355+00:00] PLAYLIST EXAM COMPLETE — 0 real faults, 3 near-misses (specificity_exam_v1)
[2026-07-18T15:36:35.227387+00:00] Grade with scorecard + exam report:
[2026-07-18T15:36:35.227417+00:00]   python scripts/deca_blind_scorecard.py --run-id specificity_exam_v1
[2026-07-18T15:36:35.227445+00:00]   python scripts/deca_blind_exam_report.py --run-id specificity_exam_v1
[2026-07-18T15:36:35.227470+00:00] ================================================================
