[2026-07-21T08:39:21.343288+00:00] ================================================================
[2026-07-21T08:39:21.343931+00:00] DECA BLIND CONTROL (all-healthy) armed — run_id=control_post_overlap_20260721_1409_20m seed=187860 (SEALED)
[2026-07-21T08:39:21.344131+00:00] Budget 20 min | NO real faults | 2 near-miss bait(s) | simulate=False
[2026-07-21T08:39:21.344351+00:00] Sealed truth: /home/brain/deca-isro/data/rpi-net/live/control_post_overlap_20260721_1409_20m/ground_truth.sealed.jsonl
[2026-07-21T08:39:21.344505+00:00] ================================================================
[2026-07-21T08:39:25.869546+00:00]    iperf3 server listening on station2 (192.168.50.20)
[2026-07-21T08:39:29.329110+00:00] Baseline traffic: 56 Mbps (station1 -> 192.168.50.20 via eth0)
[2026-07-21T08:39:40.413406+00:00]    iperf3 client running (~56 Mbps)
[2026-07-21T08:39:40.413563+00:00] [control] healthy baseline 5.7 min...
[2026-07-21T08:45:20.213079+00:00] [control] near-miss control_post_overlap_20260721_1409_20m_nm01 (bait — MUST stay healthy)
[2026-07-21T08:45:20.213223+00:00] NEAR-MISS aborted onset for 32s (not a real fault)...
[2026-07-21T08:45:54.033787+00:00] [control] sealed control_post_overlap_20260721_1409_20m_nm01: 2026-07-21T08:45:20.213216+00:00 -> 2026-07-21T08:45:54.033518+00:00
[2026-07-21T08:45:56.597290+00:00] [control] healthy baseline 6.7 min...
[2026-07-21T08:52:37.048520+00:00] [control] near-miss control_post_overlap_20260721_1409_20m_nm02 (bait — MUST stay healthy)
[2026-07-21T08:52:37.048719+00:00] NEAR-MISS aborted onset for 41s (not a real fault)...
[2026-07-21T08:53:27.542784+00:00] [control] sealed control_post_overlap_20260721_1409_20m_nm02: 2026-07-21T08:52:37.048709+00:00 -> 2026-07-21T08:53:27.542549+00:00
[2026-07-21T08:53:31.376520+00:00] [control] healthy baseline 5.8 min to end (no baits left)...
[2026-07-21T08:59:21.443501+00:00] ================================================================
[2026-07-21T08:59:21.443769+00:00] BLIND CONTROL COMPLETE — 0 real faults, 2 near-misses
[2026-07-21T08:59:21.443882+00:00] Any confirmed alarm here is a false positive. Grade with:
[2026-07-21T08:59:21.443988+00:00]   python scripts/deca_blind_scorecard.py --run-id control_post_overlap_20260721_1409_20m
[2026-07-21T08:59:21.444128+00:00] ================================================================
