[2026-07-20T18:16:56.193934+00:00] ================================================================
[2026-07-20T18:16:56.194039+00:00] DECA BLIND CONTROL (all-healthy) armed — run_id=control_post_overlap_20260720_2346_20m seed=862843 (SEALED)
[2026-07-20T18:16:56.194080+00:00] Budget 20 min | NO real faults | 2 near-miss bait(s) | simulate=False
[2026-07-20T18:16:56.194135+00:00] Sealed truth: /home/brain/deca-isro/data/rpi-net/live/control_post_overlap_20260720_2346_20m/ground_truth.sealed.jsonl
[2026-07-20T18:16:56.194162+00:00] ================================================================
[2026-07-20T18:17:01.458494+00:00]    iperf3 server listening on station2 (192.168.50.20)
[2026-07-20T18:17:02.803047+00:00] Baseline traffic: 24 Mbps (station1 -> 192.168.50.20 via eth0)
[2026-07-20T18:17:07.546222+00:00]    iperf3 client running (~24 Mbps)
[2026-07-20T18:17:07.546430+00:00] [control] healthy baseline 9.0 min...
[2026-07-20T18:26:10.364308+00:00] [control] near-miss control_post_overlap_20260720_2346_20m_nm01 (bait — MUST stay healthy)
[2026-07-20T18:26:10.364563+00:00] NEAR-MISS aborted onset for 26s (not a real fault)...
[2026-07-20T18:26:40.525102+00:00] [control] sealed control_post_overlap_20260720_2346_20m_nm01: 2026-07-20T18:26:10.364549+00:00 -> 2026-07-20T18:26:40.524807+00:00
[2026-07-20T18:26:48.147601+00:00] [control] healthy baseline 6.2 min...
[2026-07-20T18:33:01.903882+00:00] [control] near-miss control_post_overlap_20260720_2346_20m_nm02 (bait — MUST stay healthy)
[2026-07-20T18:33:01.904232+00:00] NEAR-MISS aborted onset for 51s (not a real fault)...
[2026-07-20T18:33:55.353268+00:00] [control] sealed control_post_overlap_20260720_2346_20m_nm02: 2026-07-20T18:33:01.904216+00:00 -> 2026-07-20T18:33:55.352977+00:00
[2026-07-20T18:33:56.875334+00:00] [control] healthy baseline 3.0 min to end (no baits left)...
[2026-07-20T18:36:56.294073+00:00] ================================================================
[2026-07-20T18:36:56.294294+00:00] BLIND CONTROL COMPLETE — 0 real faults, 2 near-misses
[2026-07-20T18:36:56.294380+00:00] Any confirmed alarm here is a false positive. Grade with:
[2026-07-20T18:36:56.294443+00:00]   python scripts/deca_blind_scorecard.py --run-id control_post_overlap_20260720_2346_20m
[2026-07-20T18:36:56.294506+00:00] ================================================================
