[2026-07-17T04:51:50.328486+00:00] ================================================================
[2026-07-17T04:51:50.328569+00:00] DECA BLIND PLAYLIST EXAM armed — run_id=specificity_sim seed=287632 (SEALED)
[2026-07-17T04:51:50.328612+00:00] Budget 40 min | playlist=/home/brain/deca-isro/scripts/playlists/specificity_exam_v1.json | simulate=True
[2026-07-17T04:51:50.328670+00:00] Sealed truth: /home/brain/deca-isro/data/rpi-net/live/specificity_sim/ground_truth.sealed.jsonl
[2026-07-17T04:51:50.328698+00:00] ================================================================
[2026-07-17T04:51:50.328766+00:00] [playlist] loaded /home/brain/deca-isro/scripts/playlists/specificity_exam_v1.json id=specificity_exam_v1 phases=8
[2026-07-17T04:51:50.328914+00:00] [playlist] warm: calm 8.0 min (score_spurious=False)
[2026-07-17T04:51:50.521776+00:00] [playlist] calm_a: calm 6.0 min (score_spurious=True)
[2026-07-17T04:51:50.666702+00:00] [playlist] nm01: near-miss specificity_sim_nm01 hold_s=30 (MUST stay healthy)
[2026-07-17T04:51:50.666783+00:00] NEAR-MISS aborted onset for 30s (not a real fault)...
[2026-07-17T04:51:51.268097+00:00] [playlist] sealed specificity_sim_nm01: 2026-07-17T04:51:50.666778+00:00 -> 2026-07-17T04:51:51.267511+00:00
[2026-07-17T04:51:51.268584+00:00] [playlist] calm_b: calm 5.0 min (score_spurious=True)
[2026-07-17T04:51:51.389592+00:00] [playlist] nm02: near-miss specificity_sim_nm02 hold_s=40 (MUST stay healthy)
[2026-07-17T04:51:51.389686+00:00] NEAR-MISS aborted onset for 40s (not a real fault)...
[2026-07-17T04:51:52.191069+00:00] [playlist] sealed specificity_sim_nm02: 2026-07-17T04:51:51.389680+00:00 -> 2026-07-17T04:51:52.190623+00:00
[2026-07-17T04:51:52.191434+00:00] [playlist] calm_c: calm 5.0 min (score_spurious=True)
[2026-07-17T04:51:52.312148+00:00] [playlist] nm03: near-miss specificity_sim_nm03 hold_s=35 (MUST stay healthy)
[2026-07-17T04:51:52.312199+00:00] NEAR-MISS aborted onset for 35s (not a real fault)...
[2026-07-17T04:51:53.013539+00:00] [playlist] sealed specificity_sim_nm03: 2026-07-17T04:51:52.312196+00:00 -> 2026-07-17T04:51:53.012988+00:00
[2026-07-17T04:51:53.014054+00:00] [playlist] calm_d: calm 4.0 min (score_spurious=True)
[2026-07-17T04:51:53.110563+00:00] ================================================================
[2026-07-17T04:51:53.110613+00:00] PLAYLIST EXAM COMPLETE — 0 real faults, 3 near-misses (specificity_exam_v1)
[2026-07-17T04:51:53.110643+00:00] Grade with scorecard + exam report:
[2026-07-17T04:51:53.110670+00:00]   python scripts/deca_blind_scorecard.py --run-id specificity_sim
[2026-07-17T04:51:53.110697+00:00]   python scripts/deca_blind_exam_report.py --run-id specificity_sim
[2026-07-17T04:51:53.110723+00:00] ================================================================
