[2026-07-19T04:57:45.428262+00:00] ================================================================
[2026-07-19T04:57:45.428528+00:00] DECA BLIND CONTROL (all-healthy) armed — run_id=control_echo_20260719_1027_30m seed=601777 (SEALED)
[2026-07-19T04:57:45.428672+00:00] Budget 30 min | NO real faults | 4 near-miss bait(s) | simulate=False
[2026-07-19T04:57:45.428861+00:00] Sealed truth: /home/brain/deca-isro/data/rpi-net/live/control_echo_20260719_1027_30m/ground_truth.sealed.jsonl
[2026-07-19T04:57:45.428978+00:00] ================================================================
[2026-07-19T04:57:49.861957+00:00]    iperf3 server listening on station2 (192.168.50.20)
[2026-07-19T04:57:52.290078+00:00] Baseline traffic: 25 Mbps (station1 -> 192.168.50.20 via eth0)
[2026-07-19T04:57:56.949335+00:00]    iperf3 client running (~25 Mbps)
[2026-07-19T04:57:56.949535+00:00] [control] healthy baseline 5.9 min...
[2026-07-19T05:03:49.990876+00:00] [control] near-miss control_echo_20260719_1027_30m_nm01 (bait — MUST stay healthy)
[2026-07-19T05:03:49.991082+00:00] NEAR-MISS aborted onset for 25s (not a real fault)...
[2026-07-19T05:04:35.074628+00:00] [control] sealed control_echo_20260719_1027_30m_nm01: 2026-07-19T05:03:49.991074+00:00 -> 2026-07-19T05:04:35.074104+00:00
[2026-07-19T05:04:36.585085+00:00] [control] healthy baseline 6.5 min...
[2026-07-19T05:11:09.117101+00:00] [control] near-miss control_echo_20260719_1027_30m_nm02 (bait — MUST stay healthy)
[2026-07-19T05:11:09.117292+00:00] NEAR-MISS aborted onset for 54s (not a real fault)...
[2026-07-19T05:11:19.134417+00:00]    SSH failed on station1@192.168.50.10: Connection timed out during banner exchange
Connection to 192.168.50.10 port 22 timed out
[2026-07-19T05:12:14.608644+00:00] [control] sealed control_echo_20260719_1027_30m_nm02: 2026-07-19T05:11:09.117282+00:00 -> 2026-07-19T05:12:14.608407+00:00
[2026-07-19T05:12:35.566772+00:00] [control] healthy baseline 7.0 min...
[2026-07-19T05:19:37.169795+00:00] [control] near-miss control_echo_20260719_1027_30m_nm03 (bait — MUST stay healthy)
[2026-07-19T05:19:37.170071+00:00] NEAR-MISS aborted onset for 40s (not a real fault)...
[2026-07-19T05:20:18.302043+00:00] [control] sealed control_echo_20260719_1027_30m_nm03: 2026-07-19T05:19:37.170060+00:00 -> 2026-07-19T05:20:18.301774+00:00
[2026-07-19T05:20:19.852881+00:00] [control] healthy baseline 2.5 min...
[2026-07-19T05:22:47.701120+00:00] [control] near-miss control_echo_20260719_1027_30m_nm04 (bait — MUST stay healthy)
[2026-07-19T05:22:47.701374+00:00] NEAR-MISS aborted onset for 51s (not a real fault)...
[2026-07-19T05:23:39.444466+00:00] [control] sealed control_echo_20260719_1027_30m_nm04: 2026-07-19T05:22:47.701363+00:00 -> 2026-07-19T05:23:39.444203+00:00
[2026-07-19T05:23:40.981448+00:00] [control] healthy baseline 4.1 min to end (no baits left)...
[2026-07-19T05:27:45.528036+00:00] ================================================================
[2026-07-19T05:27:45.528201+00:00] BLIND CONTROL COMPLETE — 0 real faults, 4 near-misses
[2026-07-19T05:27:45.528231+00:00] Any confirmed alarm here is a false positive. Grade with:
[2026-07-19T05:27:45.528254+00:00]   python scripts/deca_blind_scorecard.py --run-id control_echo_20260719_1027_30m
[2026-07-19T05:27:45.528283+00:00] ================================================================
