[1mLoading DECA model stack...[0m
WARNING: All log messages before absl::InitializeLog() is called are written to STDERR
I0000 00:00:1784391180.369211  553196 cudart_stub.cc:31] Could not find cuda drivers on your machine, GPU will not be used.
I0000 00:00:1784391180.418962  553196 cpu_feature_guard.cc:227] This TensorFlow binary is optimized to use available CPU instructions in performance-critical operations.
To enable the following instructions: AVX2 FMA, in other operations, rebuild TensorFlow with the appropriate compiler flags.
WARNING: All log messages before absl::InitializeLog() is called are written to STDERR
I0000 00:00:1784391181.637976  553196 cudart_stub.cc:31] Could not find cuda drivers on your machine, GPU will not be used.
E0000 00:00:1784391182.323334  553196 cuda_platform.cc:52] failed call to cuInit: INTERNAL: CUDA error: Failed call to cuInit: UNKNOWN ERROR (303)
  classes=['healthy', 'congestion_breach', 'tunnel_degradation', 'bgp_route_flap', 'vrf_leakage']
  ensemble (plain+wm agreement): off
  loom: soft_streak=True enter_k=3 advisory_enter_k=2
  LSTM ETA: ready | circumstance head: ready
  scoped hosts: ['station1', 'station2']
  declarations -> /home/brain/deca-isro/data/rpi-net/live/control_after_vrf_20260718_2142/declarations.jsonl

[1m=== DECA LIVE OPERATOR watching control_after_vrf_20260718_2142 (PROMETHEUS :9090) ===[0m

    clean telemetry live: 2124 → 1518 rows
[2m[16:13:02] tick 1[0m
  [36mstation1 [0m [32mhealthy[0m                      conf=0.79  ETA=  5.8m sev=[32mlow   [0m [2m     f=99[0m
  [36mstation2 [0m [32mhealthy[0m                      conf=0.83  ETA=  5.3m sev=[32mlow   [0m [2m     f=99[0m
    clean telemetry live: 2124 → 1518 rows
[2m[16:13:18] tick 2[0m
  [36mstation1 [0m [32mhealthy[0m                      conf=0.73  ETA=  4.6m sev=[32mlow   [0m [2m     f=99[0m
  [36mstation2 [0m [32mhealthy[0m                      conf=0.94  ETA=  4.2m sev=[32mlow   [0m [2m     f=99[0m
    clean telemetry live: 2124 → 1518 rows
[2m[16:13:33] tick 3[0m
  [36mstation1 [0m [32mhealthy[0m                      conf=0.86  ETA=  4.3m sev=[32mlow   [0m [2m     f=99[0m
  [36mstation2 [0m [32mhealthy[0m                      conf=0.87  ETA=  5.9m sev=[32mlow   [0m [2m     f=99[0m
    clean telemetry live: 2124 → 1518 rows
[2m[16:13:49] tick 4[0m
  [36mstation1 [0m [32mhealthy[0m                      conf=0.93  ETA=  4.3m sev=[32mlow   [0m [2m     f=99[0m
  [36mstation2 [0m [32mhealthy[0m                      conf=0.97  ETA=  6.4m sev=[32mlow   [0m [2m     f=99[0m
    clean telemetry live: 2124 → 1518 rows
[2m[16:14:04] tick 5[0m
  [36mstation1 [0m [32mhealthy[0m                      conf=0.79  ETA=  5.1m sev=[32mlow   [0m [2m     f=99[0m
  [36mstation2 [0m [32mhealthy[0m                      conf=0.75  ETA=  6.8m sev=[32mlow   [0m [2m     f=99[0m
    clean telemetry live: 2124 → 1518 rows
[2m[16:14:19] tick 6[0m
  [36mstation1 [0m [32mhealthy[0m                      conf=0.90  ETA=  3.8m sev=[32mlow   [0m [2m     f=99[0m
  [36mstation2 [0m [32mhealthy[0m                      conf=0.96  ETA=  5.2m sev=[32mlow   [0m [2m     f=99[0m
    clean telemetry live: 2124 → 1518 rows
[2m[16:14:35] tick 7[0m
  [36mstation1 [0m [32mhealthy[0m                      conf=0.98  ETA=  3.9m sev=[32mlow   [0m [2m     f=99[0m
  [36mstation2 [0m [32mhealthy[0m                      conf=0.94  ETA=  7.1m sev=[32mlow   [0m [2m     f=99[0m
    clean telemetry live: 2124 → 1518 rows
[2m[16:14:50] tick 8[0m
  [36mstation1 [0m [32mhealthy[0m                      conf=0.89  ETA=  5.6m sev=[32mlow   [0m [2m     f=99[0m
  [36mstation2 [0m [32mhealthy[0m                      conf=0.97  ETA=  5.3m sev=[32mlow   [0m [2m     f=99[0m
    clean telemetry live: 2124 → 1518 rows
[2m[16:15:05] tick 9[0m
  [36mstation1 [0m [32mhealthy[0m                      conf=0.79  ETA=  5.7m sev=[32mlow   [0m [2m     f=99[0m
  [36mstation2 [0m [32mhealthy[0m                      conf=0.95  ETA=  5.5m sev=[32mlow   [0m [2m     f=99[0m
    clean telemetry live: 2124 → 1518 rows
[2m[16:15:21] tick 10[0m
  [36mstation1 [0m [32mhealthy[0m                      conf=0.94  ETA=  5.7m sev=[32mlow   [0m [2m     f=99[0m
  [36mstation2 [0m [32mhealthy[0m                      conf=0.81  ETA=  7.5m sev=[32mlow   [0m [2m     f=99[0m
    clean telemetry live: 2124 → 1518 rows
[2m[16:15:36] tick 11[0m
  [36mstation1 [0m [32mhealthy[0m                      conf=0.95  ETA=  5.0m sev=[32mlow   [0m [2m     f=99[0m
  [36mstation2 [0m [32mhealthy[0m                      conf=0.94  ETA=  7.4m sev=[32mlow   [0m [2m     f=99[0m
    clean telemetry live: 2124 → 1518 rows
[2m[16:15:51] tick 12[0m
  [36mstation1 [0m [32mhealthy[0m                      conf=0.94  ETA=  3.3m sev=[32mlow   [0m [2m     f=99[0m
  [36mstation2 [0m [32mhealthy[0m                      conf=0.85  ETA=  6.4m sev=[32mlow   [0m [2m     f=99[0m
    clean telemetry live: 2124 → 1518 rows
[2m[16:16:07] tick 13[0m
  [36mstation1 [0m [32mhealthy[0m                      conf=0.82  ETA=  3.6m sev=[32mlow   [0m [2m     f=99[0m
  [36mstation2 [0m [32mhealthy[0m                      conf=0.90  ETA=  6.0m sev=[32mlow   [0m [2m     f=99[0m
    clean telemetry live: 2124 → 1518 rows
[2m[16:16:22] tick 14[0m
  [36mstation1 [0m [32mhealthy[0m                      conf=0.83  ETA=  4.4m sev=[32mlow   [0m [2m     f=99[0m
  [36mstation2 [0m [32mhealthy[0m                      conf=0.84  ETA=  7.4m sev=[32mlow   [0m [2m     f=99[0m
    clean telemetry live: 2124 → 1518 rows
[2m[16:16:37] tick 15[0m
  [36mstation1 [0m [32mhealthy[0m                      conf=0.90  ETA=  4.5m sev=[32mlow   [0m [2m     f=99[0m
  [36mstation2 [0m [32mhealthy[0m                      conf=0.76  ETA=  7.4m sev=[32mlow   [0m [2m     f=99[0m
    clean telemetry live: 2124 → 1518 rows
[2m[16:16:53] tick 16[0m
  [36mstation1 [0m [32mhealthy[0m                      conf=0.90  ETA=  4.9m sev=[32mlow   [0m [2m     f=99[0m
  [36mstation2 [0m [32mhealthy[0m                      conf=0.84  ETA=  5.7m sev=[32mlow   [0m [2m     f=99[0m
    clean telemetry live: 2124 → 1518 rows
[2m[16:17:08] tick 17[0m
  [36mstation1 [0m [32mhealthy[0m                      conf=0.92  ETA=  3.2m sev=[32mlow   [0m [2m     f=99[0m
  [36mstation2 [0m [32mhealthy[0m                      conf=0.68  ETA=  7.6m sev=[32mlow   [0m [2m     f=99[0m
    clean telemetry live: 2124 → 1518 rows
[2m[16:17:23] tick 18[0m
  [36mstation1 [0m [32mhealthy[0m                      conf=0.87  ETA=  3.9m sev=[32mlow   [0m [2mcirc f=99[0m
  [36mstation2 [0m [32mhealthy[0m                      conf=0.69  ETA=  7.4m sev=[32mlow   [0m [2m     f=99[0m
    clean telemetry live: 2124 → 1518 rows
[2m[16:17:39] tick 19[0m
  [36mstation1 [0m [32mhealthy[0m                      conf=0.73  ETA=  3.1m sev=[32mlow   [0m [2m     f=99[0m
  [36mstation2 [0m [32mhealthy[0m                      conf=0.94  ETA=  7.5m sev=[32mlow   [0m [2m     f=99[0m
    clean telemetry live: 2124 → 1518 rows
[2m[16:17:54] tick 20[0m
  [36mstation1 [0m [32mhealthy[0m                      conf=0.67  ETA=  3.9m sev=[32mlow   [0m [2m     f=99[0m
  [36mstation2 [0m [32mhealthy[0m                      conf=0.71  ETA=  5.8m sev=[32mlow   [0m [2m     f=99[0m
    clean telemetry live: 2124 → 1518 rows
[2m[16:18:09] tick 21[0m
  [36mstation1 [0m [32mhealthy[0m                      conf=0.81  ETA=  3.4m sev=[32mlow   [0m [2m     f=99[0m
  [36mstation2 [0m [32mhealthy[0m                      conf=0.80  ETA=  7.4m sev=[32mlow   [0m [2m     f=99[0m
    clean telemetry live: 2124 → 1518 rows
[2m[16:18:25] tick 22[0m
  [36mstation1 [0m [32mhealthy[0m                      conf=0.73  ETA=  3.7m sev=[32mlow   [0m [2m     f=99[0m
  [36mstation2 [0m [32mhealthy[0m                      conf=0.76  ETA=  7.3m sev=[32mlow   [0m [2m     f=99[0m
    clean telemetry live: 2124 → 1518 rows
[2m[16:18:40] tick 23[0m
  [36mstation1 [0m [32mhealthy[0m                      conf=0.55  ETA=  5.1m sev=[32mlow   [0m [2m     f=99[0m
  [36mstation2 [0m [32mhealthy[0m                      conf=0.51  ETA=  7.1m sev=[32mlow   [0m [2m     f=99[0m
    clean telemetry live: 2124 → 1518 rows
[2m[16:18:56] tick 24[0m
  [36mstation1 [0m [32mhealthy[0m                      conf=0.46  ETA=  5.4m sev=[32mlow   [0m [2m     f=99[0m
  [36mstation2 [0m [32mhealthy[0m                      conf=0.62  ETA=  7.1m sev=[32mlow   [0m [2m     f=99[0m
    clean telemetry live: 2124 → 1518 rows
[2m[16:19:11] tick 25[0m
  [36mstation1 [0m [32mhealthy[0m                      conf=0.43  ETA=  5.3m sev=[32mlow   [0m [2m     f=99[0m
  [36mstation2 [0m [32mhealthy[0m                      conf=0.57  ETA=  7.3m sev=[32mlow   [0m [2m     f=99[0m
    clean telemetry live: 2124 → 1518 rows
[2m[16:19:26] tick 26[0m
  [36mstation1 [0m [32mhealthy[0m                      conf=0.46  ETA=  4.0m sev=[32mlow   [0m [2m     f=99[0m
  [36mstation2 [0m [32mhealthy[0m                      conf=0.42  ETA=  7.1m sev=[32mlow   [0m [2m     f=99[0m
    clean telemetry live: 2124 → 1518 rows
[2m[16:19:41] tick 27[0m
  [36mstation1 [0m [32mhealthy[0m                      conf=0.77  ETA=  4.0m sev=[32mlow   [0m [2m     f=99[0m
  [36mstation2 [0m [32mhealthy[0m                      conf=0.86  ETA=  6.0m sev=[32mlow   [0m [2mcirc f=99[0m
    clean telemetry live: 2124 → 1518 rows
[2m[16:19:57] tick 28[0m
  [36mstation1 [0m [32mhealthy[0m                      conf=0.71  ETA=  4.1m sev=[32mlow   [0m [2m     f=99[0m
  [36mstation2 [0m [32mhealthy[0m                      conf=0.62  ETA=  6.1m sev=[32mlow   [0m [2m     f=99[0m
    clean telemetry live: 2124 → 1518 rows
[2m[16:20:12] tick 29[0m
  [36mstation1 [0m [32mhealthy[0m                      conf=0.58  ETA=  4.4m sev=[32mlow   [0m [2m     f=99[0m
  [36mstation2 [0m [32mhealthy[0m                      conf=0.75  ETA=  6.7m sev=[32mlow   [0m [2m     f=99[0m
    clean telemetry live: 2124 → 1518 rows
[2m[16:20:28] tick 30[0m
  [36mstation1 [0m [32mhealthy[0m                      conf=0.88  ETA=  4.6m sev=[32mlow   [0m [2m     f=99[0m
  [36mstation2 [0m [32mhealthy[0m                      conf=0.93  ETA=  6.7m sev=[32mlow   [0m [2m     f=99[0m
    clean telemetry live: 2124 → 1518 rows
[2m[16:20:43] tick 31[0m
  [36mstation1 [0m [32mhealthy[0m                      conf=0.69  ETA=  4.6m sev=[32mlow   [0m [2mcirc f=99[0m
  [36mstation2 [0m [32mhealthy[0m                      conf=0.80  ETA=  7.3m sev=[33mmedium[0m [2m     f=99[0m
    clean telemetry live: 2124 → 1518 rows
[2m[16:20:58] tick 32[0m
  [36mstation1 [0m [32mhealthy[0m                      conf=0.56  ETA=  5.1m sev=[32mlow   [0m [2mcirc f=99[0m
  [36mstation2 [0m [32mhealthy[0m                      conf=0.79  ETA=  5.5m sev=[33mmedium[0m [2mcirc f=99[0m
    clean telemetry live: 2124 → 1518 rows
[2m[16:21:14] tick 33[0m
  [36mstation1 [0m [32mhealthy[0m                      conf=0.72  ETA=  5.2m sev=[32mlow   [0m [2mcirc f=99[0m
  [36mstation2 [0m [32mhealthy[0m                      conf=0.69  ETA=  7.1m sev=[32mlow   [0m [2m     f=99[0m
    clean telemetry live: 2124 → 1518 rows
[2m[16:21:29] tick 34[0m
  [36mstation1 [0m [32mhealthy[0m                      conf=0.68  ETA=  5.0m sev=[32mlow   [0m [2m     f=99[0m
  [36mstation2 [0m [32mhealthy[0m                      conf=0.73  ETA=  7.3m sev=[32mlow   [0m [2m     f=99[0m
    clean telemetry live: 2124 → 1518 rows
[2m[16:21:44] tick 35[0m
  [36mstation1 [0m [32mhealthy[0m                      conf=0.78  ETA=  5.6m sev=[32mlow   [0m [2m     f=99[0m
  [36mstation2 [0m [32mhealthy[0m                      conf=0.86  ETA=  4.7m sev=[32mlow   [0m [2m     f=99[0m
    clean telemetry live: 2121 → 1515 rows
[2m[16:22:00] tick 36[0m
  [36mstation1 [0m [32mhealthy[0m                      conf=0.91  ETA=  5.2m sev=[32mlow   [0m [2m     f=99[0m
  [36mstation2 [0m [32mhealthy[0m                      conf=0.90  ETA=  7.3m sev=[32mlow   [0m [2m     f=99[0m
    clean telemetry live: 2121 → 1515 rows
[2m[16:22:15] tick 37[0m
  [36mstation1 [0m [32mhealthy[0m                      conf=0.90  ETA=  5.4m sev=[32mlow   [0m [2m     f=99[0m
  [36mstation2 [0m [32mhealthy[0m                      conf=0.92  ETA=  4.6m sev=[32mlow   [0m [2m     f=99[0m
    clean telemetry live: 2121 → 1515 rows
[2m[16:22:30] tick 38[0m
  [36mstation1 [0m [32mhealthy[0m                      conf=0.86  ETA=  6.2m sev=[32mlow   [0m [2m     f=99[0m
  [36mstation2 [0m [32mhealthy[0m                      conf=0.92  ETA=  6.9m sev=[32mlow   [0m [2m     f=99[0m
    clean telemetry live: 2124 → 1518 rows
[2m[16:22:46] tick 39[0m
  [36mstation1 [0m [32mhealthy[0m                      conf=0.91  ETA=  6.2m sev=[32mlow   [0m [2m     f=99[0m
  [36mstation2 [0m [32mhealthy[0m                      conf=0.94  ETA=  4.5m sev=[32mlow   [0m [2m     f=99[0m
    clean telemetry live: 2124 → 1518 rows
[2m[16:23:01] tick 40[0m
  [36mstation1 [0m [32mhealthy[0m                      conf=0.86  ETA=  6.8m sev=[32mlow   [0m [2m     f=99[0m
  [36mstation2 [0m [32mhealthy[0m                      conf=0.85  ETA=  4.5m sev=[32mlow   [0m [2m     f=99[0m
    clean telemetry live: 2124 → 1518 rows
[2m[16:23:16] tick 41[0m
  [36mstation1 [0m [32mhealthy[0m                      conf=0.86  ETA=  6.7m sev=[32mlow   [0m [2m     f=99[0m
  [36mstation2 [0m [32mhealthy[0m                      conf=0.74  ETA=  7.0m sev=[32mlow   [0m [2m     f=99[0m
    clean telemetry live: 2124 → 1518 rows
[2m[16:23:32] tick 42[0m
  [36mstation1 [0m [32mhealthy[0m                      conf=0.68  ETA=  6.2m sev=[32mlow   [0m [2m     f=99[0m
  [36mstation2 [0m [32mhealthy[0m                      conf=0.87  ETA=  5.1m sev=[32mlow   [0m [2m     f=99[0m
    clean telemetry live: 2124 → 1518 rows
[2m[16:23:47] tick 43[0m
  [36mstation1 [0m [32mhealthy[0m                      conf=0.82  ETA=  5.8m sev=[32mlow   [0m [2m     f=99[0m
  [36mstation2 [0m [32mhealthy[0m                      conf=0.73  ETA=  7.1m sev=[32mlow   [0m [2m     f=99[0m
    clean telemetry live: 2124 → 1518 rows
[2m[16:24:03] tick 44[0m
  [36mstation1 [0m [32mhealthy[0m                      conf=0.84  ETA=  5.4m sev=[32mlow   [0m [2m     f=99[0m
  [36mstation2 [0m [32mhealthy[0m                      conf=0.86  ETA=  6.2m sev=[32mlow   [0m [2m     f=99[0m
    clean telemetry live: 2124 → 1518 rows
[2m[16:24:18] tick 45[0m
  [36mstation1 [0m [32mhealthy[0m                      conf=0.80  ETA=  4.5m sev=[32mlow   [0m [2m     f=99[0m
  [36mstation2 [0m [32mhealthy[0m                      conf=0.67  ETA=  6.5m sev=[32mlow   [0m [2m     f=99[0m
    clean telemetry live: 2124 → 1518 rows
[2m[16:24:33] tick 46[0m
  [36mstation1 [0m [32mhealthy[0m                      conf=0.88  ETA=  4.3m sev=[32mlow   [0m [2m     f=99[0m
  [36mstation2 [0m [32mhealthy[0m                      conf=0.87  ETA=  6.3m sev=[32mlow   [0m [2m     f=99[0m
    clean telemetry live: 2124 → 1518 rows
[2m[16:24:49] tick 47[0m
  [36mstation1 [0m [32mhealthy[0m                      conf=0.79  ETA=  4.8m sev=[32mlow   [0m [2m     f=99[0m
  [36mstation2 [0m [32mhealthy[0m                      conf=0.89  ETA=  7.6m sev=[32mlow   [0m [2m     f=99[0m
    clean telemetry live: 2124 → 1518 rows
[2m[16:25:04] tick 48[0m
  [36mstation1 [0m [32mhealthy[0m                      conf=0.83  ETA=  4.4m sev=[32mlow   [0m [2m     f=99[0m
  [36mstation2 [0m [32mhealthy[0m                      conf=0.61  ETA=  7.8m sev=[32mlow   [0m [2m     f=99[0m
    clean telemetry live: 2124 → 1518 rows
[2m[16:25:20] tick 49[0m
  [36mstation1 [0m [32mhealthy[0m                      conf=0.79  ETA=  4.2m sev=[32mlow   [0m [2m     f=99[0m
  [36mstation2 [0m [32mhealthy[0m                      conf=0.75  ETA=  8.0m sev=[32mlow   [0m [2m     f=99[0m
    clean telemetry live: 2124 → 1518 rows
[2m[16:25:35] tick 50[0m
  [36mstation1 [0m [32mhealthy[0m                      conf=0.66  ETA=  4.5m sev=[32mlow   [0m [2m     f=99[0m
  [36mstation2 [0m [32mhealthy[0m                      conf=0.87  ETA=  6.7m sev=[32mlow   [0m [2m     f=99[0m
    clean telemetry live: 2124 → 1518 rows
[2m[16:25:50] tick 51[0m
  [36mstation1 [0m [32mhealthy[0m                      conf=0.81  ETA=  3.9m sev=[32mlow   [0m [2m     f=99[0m
  [36mstation2 [0m [32mhealthy[0m                      conf=0.74  ETA=  8.1m sev=[32mlow   [0m [2m     f=99[0m
    clean telemetry live: 2124 → 1518 rows
[2m[16:26:06] tick 52[0m
  [36mstation1 [0m [32mhealthy[0m                      conf=0.63  ETA=  4.1m sev=[32mlow   [0m [2m     f=99[0m
  [36mstation2 [0m [32mhealthy[0m                      conf=0.87  ETA=  6.8m sev=[32mlow   [0m [2m     f=99[0m
    clean telemetry live: 2124 → 1518 rows
[2m[16:26:21] tick 53[0m
  [36mstation1 [0m [32mhealthy[0m                      conf=0.66  ETA=  4.0m sev=[32mlow   [0m [2m     f=99[0m
  [36mstation2 [0m [32mhealthy[0m                      conf=0.88  ETA=  7.1m sev=[32mlow   [0m [2m     f=99[0m
    clean telemetry live: 2124 → 1518 rows
[2m[16:26:36] tick 54[0m
  [36mstation1 [0m [32mhealthy[0m                      conf=0.65  ETA=  4.2m sev=[32mlow   [0m [2m     f=99[0m
  [36mstation2 [0m [32mhealthy[0m                      conf=0.87  ETA=  8.2m sev=[32mlow   [0m [2m     f=99[0m
    clean telemetry live: 2124 → 1518 rows
[2m[16:26:52] tick 55[0m
  [36mstation1 [0m [32mhealthy[0m                      conf=0.67  ETA=  4.4m sev=[32mlow   [0m [2m     f=99[0m
  [36mstation2 [0m [32mhealthy[0m                      conf=0.56  ETA=  8.4m sev=[32mlow   [0m [2m     f=99[0m
    clean telemetry live: 2124 → 1518 rows
[2m[16:27:07] tick 56[0m
  [36mstation1 [0m [32mhealthy[0m                      conf=0.81  ETA=  4.4m sev=[32mlow   [0m [2m     f=99[0m
  [36mstation2 [0m [32mhealthy[0m                      conf=0.82  ETA=  7.0m sev=[32mlow   [0m [2m     f=99[0m
    clean telemetry live: 2124 → 1518 rows
[2m[16:27:23] tick 57[0m
  [36mstation1 [0m [32mhealthy[0m                      conf=0.72  ETA=  4.7m sev=[32mlow   [0m [2mcirc f=99[0m
  [36mstation2 [0m [32mhealthy[0m                      conf=0.90  ETA=  6.9m sev=[32mlow   [0m [2m     f=99[0m
    clean telemetry live: 2124 → 1518 rows
[2m[16:27:38] tick 58[0m
  [36mstation1 [0m [32mhealthy[0m                      conf=0.69  ETA=  4.5m sev=[32mlow   [0m [2m     f=99[0m
  [36mstation2 [0m [32mhealthy[0m                      conf=0.73  ETA=  7.8m sev=[32mlow   [0m [2m     f=99[0m
    clean telemetry live: 2124 → 1518 rows
[2m[16:27:53] tick 59[0m
  [36mstation1 [0m [32mhealthy[0m                      conf=0.83  ETA=  5.3m sev=[32mlow   [0m [2m     f=99[0m
  [36mstation2 [0m [32mhealthy[0m                      conf=0.78  ETA=  7.6m sev=[32mlow   [0m [2m     f=99[0m
    clean telemetry live: 2124 → 1518 rows
[2m[16:28:09] tick 60[0m
  [36mstation1 [0m [32mhealthy[0m                      conf=0.87  ETA=  4.6m sev=[32mlow   [0m [2m     f=99[0m
  [36mstation2 [0m [32mhealthy[0m                      conf=0.70  ETA=  7.8m sev=[32mlow   [0m [2m     f=99[0m
    clean telemetry live: 2124 → 1518 rows
[2m[16:28:24] tick 61[0m
  [36mstation1 [0m [32mhealthy[0m                      conf=0.91  ETA=  4.9m sev=[32mlow   [0m [2m     f=99[0m
  [36mstation2 [0m [32mhealthy[0m                      conf=0.80  ETA=  7.7m sev=[32mlow   [0m [2m     f=99[0m
    clean telemetry live: 2124 → 1518 rows
[2m[16:28:39] tick 62[0m
  [36mstation1 [0m [32mhealthy[0m                      conf=0.71  ETA=  5.3m sev=[32mlow   [0m [2m     f=99[0m
  [36mstation2 [0m [32mhealthy[0m                      conf=0.76  ETA=  7.7m sev=[32mlow   [0m [2m     f=99[0m
    clean telemetry live: 2124 → 1518 rows
[2m[16:28:55] tick 63[0m
  [36mstation1 [0m [32mhealthy[0m                      conf=0.84  ETA=  5.2m sev=[32mlow   [0m [2m     f=99[0m
  [36mstation2 [0m [32mhealthy[0m                      conf=0.87  ETA=  7.7m sev=[32mlow   [0m [2m     f=99[0m
    clean telemetry live: 2124 → 1518 rows
[2m[16:29:10] tick 64[0m
  [36mstation1 [0m [32mhealthy[0m                      conf=0.77  ETA=  5.3m sev=[32mlow   [0m [2m     f=99[0m
  [36mstation2 [0m [32mhealthy[0m                      conf=0.84  ETA=  7.8m sev=[32mlow   [0m [2m     f=99[0m
    clean telemetry live: 2124 → 1518 rows
[2m[16:29:26] tick 65[0m
  [36mstation1 [0m [32mhealthy[0m                      conf=0.73  ETA=  5.2m sev=[32mlow   [0m [2m     f=99[0m
  [36mstation2 [0m [32mhealthy[0m                      conf=0.71  ETA=  7.7m sev=[32mlow   [0m [2m     f=99[0m
    clean telemetry live: 2124 → 1518 rows
[2m[16:29:41] tick 66[0m
  [36mstation1 [0m [32mhealthy[0m                      conf=0.73  ETA=  4.7m sev=[32mlow   [0m [2m     f=99[0m
  [36mstation2 [0m [32mhealthy[0m                      conf=0.39  ETA=  7.5m sev=[32mlow   [0m [2m     f=99[0m
    clean telemetry live: 2124 → 1518 rows
[2m[16:29:56] tick 67[0m
  [36mstation1 [0m [33mADVISORY  bgp_route_flap    [0m conf=0.69  ETA=  4.4m sev=[32mlow   [0m [2m     f=99[0m
  [36mstation2 [0m [33mADVISORY  bgp_route_flap    [0m conf=0.62  ETA=  7.4m sev=[32mlow   [0m [2m     f=99[0m
    clean telemetry live: 2124 → 1518 rows
[2m[16:30:12] tick 68[0m
  [36mstation1 [0m [33mADVISORY  bgp_route_flap    [0m conf=0.71  ETA=  4.6m sev=[32mlow   [0m [2m     f=99[0m
  [36mstation2 [0m [32mhealthy[0m                      conf=0.51  ETA=  7.6m sev=[32mlow   [0m [2m     f=99[0m
    clean telemetry live: 2124 → 1518 rows
[2m[16:30:27] tick 69[0m
  [36mstation1 [0m [33mADVISORY  bgp_route_flap    [0m conf=0.52  ETA=  4.7m sev=[32mlow   [0m [2m     f=99[0m
  [36mstation2 [0m [33mADVISORY  bgp_route_flap    [0m conf=0.66  ETA=  7.5m sev=[32mlow   [0m [2m     f=99[0m
    clean telemetry live: 2124 → 1518 rows
[2m[16:30:42] tick 70[0m
  [36mstation1 [0m [32mhealthy[0m                      conf=0.52  ETA=  5.1m sev=[32mlow   [0m [2m     f=99[0m
  [36mstation2 [0m [33mADVISORY  bgp_route_flap    [0m conf=0.66  ETA=  7.7m sev=[32mlow   [0m [2m     f=99[0m
    clean telemetry live: 2124 → 1518 rows
[2m[16:30:58] tick 71[0m
  [36mstation1 [0m [32mhealthy[0m                      conf=0.58  ETA=  5.7m sev=[32mlow   [0m [2m     f=99[0m
  [36mstation2 [0m [32mhealthy[0m                      conf=0.52  ETA=  7.0m sev=[32mlow   [0m [2m     f=99[0m
    clean telemetry live: 2124 → 1518 rows
[2m[16:31:13] tick 72[0m
  [36mstation1 [0m [33mADVISORY  bgp_route_flap    [0m conf=0.51  ETA=  5.6m sev=[32mlow   [0m [2m     f=99[0m
  [36mstation2 [0m [33mADVISORY  bgp_route_flap    [0m conf=0.45  ETA=  7.2m sev=[32mlow   [0m [2m     f=99[0m
    clean telemetry live: 2124 → 1518 rows
[2m[16:31:28] tick 73[0m
  [36mstation1 [0m [32mhealthy[0m                      conf=0.63  ETA=  5.2m sev=[32mlow   [0m [2m     f=99[0m
  [36mstation2 [0m [32mhealthy[0m                      conf=0.55  ETA=  7.5m sev=[32mlow   [0m [2m     f=99[0m
    clean telemetry live: 2124 → 1518 rows
[2m[16:31:44] tick 74[0m
  [36mstation1 [0m [32mhealthy[0m                      conf=0.46  ETA=  5.7m sev=[32mlow   [0m [2m     f=99[0m
  [36mstation2 [0m [32mhealthy[0m                      conf=0.77  ETA=  7.7m sev=[32mlow   [0m [2m     f=99[0m
    clean telemetry live: 2124 → 1518 rows
[2m[16:31:59] tick 75[0m
  [36mstation1 [0m [33mADVISORY  vrf_leakage       [0m conf=0.58  ETA=  4.6m sev=[32mlow   [0m [2m     f=99[0m
  [36mstation2 [0m [32mhealthy[0m                      conf=0.42  ETA=  7.9m sev=[32mlow   [0m [2m     f=99[0m
    clean telemetry live: 2124 → 1518 rows
[2m[16:32:14] tick 76[0m
  [36mstation1 [0m [32mhealthy[0m                      conf=0.85  ETA=  4.5m sev=[32mlow   [0m [2m     f=99[0m
  [36mstation2 [0m [32mhealthy[0m                      conf=0.82  ETA=  7.7m sev=[32mlow   [0m [2m     f=99[0m
    clean telemetry live: 2121 → 1515 rows
[2m[16:32:30] tick 77[0m
  [36mstation1 [0m [33mADVISORY  congestion_breach [0m conf=0.88  ETA=  4.3m sev=[32mlow   [0m [2m     f=99[0m
  [36mstation2 [0m [33mADVISORY  vrf_leakage       [0m conf=0.47  ETA=  7.8m sev=[32mlow   [0m [2m     f=99[0m
    clean telemetry live: 2121 → 1515 rows
[2m[16:32:45] tick 78[0m
  [36mstation1 [0m [33mADVISORY  congestion_breach [0m conf=0.50  ETA=  4.5m sev=[32mlow   [0m [2m     f=99[0m
  [36mstation2 [0m [33mADVISORY  congestion_breach [0m conf=0.55  ETA=  7.8m sev=[32mlow   [0m [2m     f=99[0m
    clean telemetry live: 2121 → 1515 rows
[2m[16:33:01] tick 79[0m
  [36mstation1 [0m [32mhealthy[0m                      conf=0.54  ETA=  4.7m sev=[32mlow   [0m [2m     f=99[0m
  [36mstation2 [0m [32mhealthy[0m                      conf=0.84  ETA=  7.9m sev=[32mlow   [0m [2m     f=99[0m
    clean telemetry live: 2124 → 1518 rows
[2m[16:33:16] tick 80[0m
  [36mstation1 [0m [32mhealthy[0m                      conf=0.69  ETA=  4.9m sev=[32mlow   [0m [2m     f=99[0m
  [36mstation2 [0m [32mhealthy[0m                      conf=0.78  ETA=  7.8m sev=[32mlow   [0m [2m     f=99[0m
    clean telemetry live: 2124 → 1518 rows
[2m[16:33:31] tick 81[0m
  [36mstation1 [0m [32mhealthy[0m                      conf=0.64  ETA=  4.9m sev=[32mlow   [0m [2m     f=99[0m
  [36mstation2 [0m [33mADVISORY  tunnel_degradation[0m conf=0.73  ETA=  7.7m sev=[32mlow   [0m [2m     f=99[0m
    clean telemetry live: 2124 → 1518 rows
[2m[16:33:47] tick 82[0m
  [36mstation1 [0m [32mhealthy[0m                      conf=0.65  ETA=  4.6m sev=[32mlow   [0m [2m     f=99[0m
  [36mstation2 [0m [32mhealthy[0m                      conf=0.68  ETA=  7.7m sev=[32mlow   [0m [2m     f=99[0m
    clean telemetry live: 2124 → 1518 rows
[2m[16:34:02] tick 83[0m
  [36mstation1 [0m [32mhealthy[0m                      conf=0.59  ETA=  4.7m sev=[32mlow   [0m [2m     f=99[0m
  [36mstation2 [0m [32mhealthy[0m                      conf=0.59  ETA=  7.8m sev=[32mlow   [0m [2m     f=99[0m
    clean telemetry live: 2124 → 1518 rows
[2m[16:34:17] tick 84[0m
  [36mstation1 [0m [32mhealthy[0m                      conf=0.80  ETA=  4.6m sev=[32mlow   [0m [2m     f=99[0m
  [36mstation2 [0m [32mhealthy[0m                      conf=0.59  ETA=  7.6m sev=[32mlow   [0m [2m     f=99[0m
    clean telemetry live: 2124 → 1518 rows
[2m[16:34:33] tick 85[0m
  [36mstation1 [0m [32mhealthy[0m                      conf=0.67  ETA=  5.0m sev=[32mlow   [0m [2m     f=99[0m
  [36mstation2 [0m [32mhealthy[0m                      conf=0.59  ETA=  7.7m sev=[32mlow   [0m [2m     f=99[0m
    clean telemetry live: 2124 → 1518 rows
[2m[16:34:48] tick 86[0m
  [36mstation1 [0m [32mhealthy[0m                      conf=0.83  ETA=  5.6m sev=[32mlow   [0m [2m     f=99[0m
  [36mstation2 [0m [32mhealthy[0m                      conf=0.62  ETA=  7.6m sev=[32mlow   [0m [2m     f=99[0m
    clean telemetry live: 2124 → 1518 rows
[2m[16:35:03] tick 87[0m
  [36mstation1 [0m [32mhealthy[0m                      conf=0.81  ETA=  5.5m sev=[32mlow   [0m [2m     f=99[0m
  [36mstation2 [0m [32mhealthy[0m                      conf=0.86  ETA=  7.6m sev=[32mlow   [0m [2m     f=99[0m
    clean telemetry live: 2124 → 1518 rows
[2m[16:35:19] tick 88[0m
  [36mstation1 [0m [32mhealthy[0m                      conf=0.81  ETA=  5.2m sev=[32mlow   [0m [2m     f=99[0m
  [36mstation2 [0m [32mhealthy[0m                      conf=0.68  ETA=  7.7m sev=[32mlow   [0m [2m     f=99[0m
    clean telemetry live: 2124 → 1518 rows
[2m[16:35:34] tick 89[0m
  [36mstation1 [0m [32mhealthy[0m                      conf=0.82  ETA=  5.8m sev=[32mlow   [0m [2m     f=99[0m
  [36mstation2 [0m [32mhealthy[0m                      conf=0.61  ETA=  7.6m sev=[32mlow   [0m [2m     f=99[0m
    clean telemetry live: 2124 → 1518 rows
[2m[16:35:49] tick 90[0m
  [36mstation1 [0m [32mhealthy[0m                      conf=0.65  ETA=  5.5m sev=[32mlow   [0m [2m     f=99[0m
  [36mstation2 [0m [32mhealthy[0m                      conf=0.58  ETA=  7.6m sev=[32mlow   [0m [2m     f=99[0m
    clean telemetry live: 2124 → 1518 rows
[2m[16:36:05] tick 91[0m
  [36mstation1 [0m [32mhealthy[0m                      conf=0.65  ETA=  5.6m sev=[32mlow   [0m [2m     f=99[0m
  [36mstation2 [0m [32mhealthy[0m                      conf=0.57  ETA=  7.6m sev=[32mlow   [0m [2m     f=99[0m
    clean telemetry live: 2124 → 1518 rows
[2m[16:36:20] tick 92[0m
  [36mstation1 [0m [32mhealthy[0m                      conf=0.70  ETA=  5.6m sev=[32mlow   [0m [2m     f=99[0m
  [36mstation2 [0m [32mhealthy[0m                      conf=0.61  ETA=  7.7m sev=[32mlow   [0m [2m     f=99[0m
    clean telemetry live: 2124 → 1518 rows
[2m[16:36:36] tick 93[0m
  [36mstation1 [0m [32mhealthy[0m                      conf=0.72  ETA=  5.6m sev=[32mlow   [0m [2m     f=99[0m
  [36mstation2 [0m [32mhealthy[0m                      conf=0.58  ETA=  7.7m sev=[32mlow   [0m [2m     f=99[0m
    clean telemetry live: 2124 → 1518 rows
[2m[16:36:51] tick 94[0m
  [36mstation1 [0m [32mhealthy[0m                      conf=0.68  ETA=  6.1m sev=[32mlow   [0m [2m     f=99[0m
  [36mstation2 [0m [32mhealthy[0m                      conf=0.61  ETA=  7.8m sev=[32mlow   [0m [2m     f=99[0m
    clean telemetry live: 2124 → 1518 rows
[2m[16:37:06] tick 95[0m
  [36mstation1 [0m [32mhealthy[0m                      conf=0.68  ETA=  5.6m sev=[32mlow   [0m [2mcirc f=99[0m
  [36mstation2 [0m [32mhealthy[0m                      conf=0.53  ETA=  7.6m sev=[32mlow   [0m [2m     f=99[0m
    clean telemetry live: 2124 → 1518 rows
[2m[16:37:22] tick 96[0m
  [36mstation1 [0m [32mhealthy[0m                      conf=0.67  ETA=  5.5m sev=[32mlow   [0m [2m     f=99[0m
  [36mstation2 [0m [32mhealthy[0m                      conf=0.81  ETA=  7.5m sev=[32mlow   [0m [2m     f=99[0m
    clean telemetry live: 2124 → 1518 rows
[2m[16:37:37] tick 97[0m
  [36mstation1 [0m [32mhealthy[0m                      conf=0.66  ETA=  4.9m sev=[32mlow   [0m [2m     f=99[0m
  [36mstation2 [0m [32mhealthy[0m                      conf=0.56  ETA=  7.7m sev=[32mlow   [0m [2m     f=99[0m
    clean telemetry live: 2124 → 1518 rows
[2m[16:37:52] tick 98[0m
  [36mstation1 [0m [32mhealthy[0m                      conf=0.60  ETA=  4.8m sev=[32mlow   [0m [2m     f=99[0m
  [36mstation2 [0m [32mhealthy[0m                      conf=0.56  ETA=  7.8m sev=[32mlow   [0m [2m     f=99[0m
    clean telemetry live: 2124 → 1518 rows
[2m[16:38:08] tick 99[0m
  [36mstation1 [0m [32mhealthy[0m                      conf=0.65  ETA=  4.1m sev=[32mlow   [0m [2m     f=99[0m
  [36mstation2 [0m [32mhealthy[0m                      conf=0.55  ETA=  8.1m sev=[32mlow   [0m [2m     f=99[0m
    clean telemetry live: 2124 → 1518 rows
[2m[16:38:23] tick 100[0m
  [36mstation1 [0m [32mhealthy[0m                      conf=0.67  ETA=  4.0m sev=[32mlow   [0m [2m     f=99[0m
  [36mstation2 [0m [32mhealthy[0m                      conf=0.65  ETA=  8.0m sev=[32mlow   [0m [2m     f=99[0m
    clean telemetry live: 2124 → 1518 rows
[2m[16:38:38] tick 101[0m
  [36mstation1 [0m [32mhealthy[0m                      conf=0.64  ETA=  4.6m sev=[32mlow   [0m [2m     f=99[0m
  [36mstation2 [0m [32mhealthy[0m                      conf=0.56  ETA=  7.9m sev=[32mlow   [0m [2m     f=99[0m
    clean telemetry live: 2124 → 1518 rows
[2m[16:38:54] tick 102[0m
  [36mstation1 [0m [32mhealthy[0m                      conf=0.62  ETA=  4.3m sev=[32mlow   [0m [2mcirc f=99[0m
  [36mstation2 [0m [32mhealthy[0m                      conf=0.68  ETA=  8.0m sev=[32mlow   [0m [2m     f=99[0m
    clean telemetry live: 2124 → 1518 rows
[2m[16:39:09] tick 103[0m
  [36mstation1 [0m [32mhealthy[0m                      conf=0.56  ETA=  4.2m sev=[32mlow   [0m [2m     f=99[0m
  [36mstation2 [0m [32mhealthy[0m                      conf=0.69  ETA=  8.2m sev=[32mlow   [0m [2m     f=99[0m
    clean telemetry live: 2124 → 1518 rows
[2m[16:39:24] tick 104[0m
  [36mstation1 [0m [32mhealthy[0m                      conf=0.66  ETA=  4.6m sev=[32mlow   [0m [2m     f=99[0m
  [36mstation2 [0m [32mhealthy[0m                      conf=0.58  ETA=  8.1m sev=[32mlow   [0m [2m     f=99[0m
    clean telemetry live: 2124 → 1518 rows
[2m[16:39:40] tick 105[0m
  [36mstation1 [0m [32mhealthy[0m                      conf=0.68  ETA=  4.0m sev=[32mlow   [0m [2m     f=99[0m
  [36mstation2 [0m [32mhealthy[0m                      conf=0.57  ETA=  8.3m sev=[32mlow   [0m [2m     f=99[0m
    clean telemetry live: 2124 → 1518 rows
[2m[16:39:55] tick 106[0m
  [36mstation1 [0m [32mhealthy[0m                      conf=0.51  ETA=  3.9m sev=[32mlow   [0m [2m     f=99[0m
  [36mstation2 [0m [32mhealthy[0m                      conf=0.54  ETA=  8.2m sev=[32mlow   [0m [2m     f=99[0m
    clean telemetry live: 2124 → 1518 rows
[2m[16:40:10] tick 107[0m
  [36mstation1 [0m [32mhealthy[0m                      conf=0.58  ETA=  3.4m sev=[32mlow   [0m [2mcirc f=99[0m
  [36mstation2 [0m [32mhealthy[0m                      conf=0.51  ETA=  8.5m sev=[32mlow   [0m [2mcirc f=99[0m
    clean telemetry live: 2124 → 1518 rows
[2m[16:40:26] tick 108[0m
  [36mstation1 [0m [33mADVISORY  tunnel_degradation[0m conf=0.88  ETA=  3.5m sev=[32mlow   [0m [2mcirc f=99[0m
  [36mstation2 [0m [33mADVISORY  tunnel_degradation[0m conf=0.79  ETA=  8.2m sev=[32mlow   [0m [2m     f=99[0m
    clean telemetry live: 2124 → 1518 rows
[2m[16:40:41] tick 109[0m
  [36mstation1 [0m [32mhealthy[0m                      conf=0.72  ETA=  3.6m sev=[33mmedium[0m [2mcirc f=99[0m
  [36mstation2 [0m [32mhealthy[0m                      conf=0.78  ETA=  8.2m sev=[32mlow   [0m [2m     f=99[0m
    clean telemetry live: 2124 → 1518 rows
[2m[16:40:56] tick 110[0m
  [36mstation1 [0m [32mhealthy[0m                      conf=0.86  ETA=  3.9m sev=[33mmedium[0m [2m     f=99[0m
  [36mstation2 [0m [32mhealthy[0m                      conf=0.60  ETA=  7.8m sev=[33mmedium[0m [2m     f=99[0m
    clean telemetry live: 2124 → 1518 rows
[2m[16:41:12] tick 111[0m
  [36mstation1 [0m [32mhealthy[0m                      conf=0.70  ETA=  4.5m sev=[33mmedium[0m [2m     f=99[0m
  [36mstation2 [0m [32mhealthy[0m                      conf=0.71  ETA=  7.5m sev=[33mmedium[0m [2m     f=99[0m
    clean telemetry live: 2124 → 1518 rows
[2m[16:41:27] tick 112[0m
  [36mstation1 [0m [32mhealthy[0m                      conf=0.71  ETA=  4.7m sev=[33mmedium[0m [2m     f=99[0m
  [36mstation2 [0m [32mhealthy[0m                      conf=0.95  ETA=  7.3m sev=[33mmedium[0m [2m     f=99[0m
    clean telemetry live: 2124 → 1518 rows
[2m[16:41:42] tick 113[0m
  [36mstation1 [0m [32mhealthy[0m                      conf=0.66  ETA=  5.4m sev=[33mmedium[0m [2mcirc f=99[0m
  [36mstation2 [0m [32mhealthy[0m                      conf=0.72  ETA=  7.3m sev=[33mmedium[0m [2m     f=99[0m
    clean telemetry live: 2124 → 1518 rows
[2m[16:41:58] tick 114[0m
  [36mstation1 [0m [32mhealthy[0m                      conf=0.66  ETA=  5.0m sev=[33mmedium[0m [2mcirc f=99[0m
  [36mstation2 [0m [32mhealthy[0m                      conf=0.61  ETA=  7.0m sev=[33mmedium[0m [2mcirc f=99[0m
    clean telemetry live: 2124 → 1518 rows
[2m[16:42:13] tick 115[0m
  [36mstation1 [0m [32mhealthy[0m                      conf=0.80  ETA=  5.5m sev=[33mmedium[0m [2m     f=99[0m
  [36mstation2 [0m [32mhealthy[0m                      conf=0.61  ETA=  6.5m sev=[33mmedium[0m [2mcirc f=99[0m
    clean telemetry live: 2124 → 1518 rows
[2m[16:42:28] tick 116[0m
  [36mstation1 [0m [32mhealthy[0m                      conf=0.95  ETA=  6.2m sev=[32mlow   [0m [2m     f=99[0m
  [36mstation2 [0m [32mhealthy[0m                      conf=0.91  ETA=  6.5m sev=[32mlow   [0m [2m     f=99[0m
    clean telemetry live: 2124 → 1518 rows
[2m[16:42:44] tick 117[0m
  [36mstation1 [0m [32mhealthy[0m                      conf=0.91  ETA=  6.2m sev=[32mlow   [0m [2m     f=99[0m
  [36mstation2 [0m [32mhealthy[0m                      conf=0.83  ETA=  6.2m sev=[32mlow   [0m [2m     f=99[0m
    clean telemetry live: 2124 → 1518 rows
[2m[16:42:59] tick 118[0m
  [36mstation1 [0m [32mhealthy[0m                      conf=0.95  ETA=  6.3m sev=[32mlow   [0m [2m     f=99[0m
  [36mstation2 [0m [32mhealthy[0m                      conf=0.87  ETA=  6.3m sev=[32mlow   [0m [2m     f=99[0m
    clean telemetry live: 2124 → 1518 rows
[2m[16:43:15] tick 119[0m
  [36mstation1 [0m [32mhealthy[0m                      conf=0.93  ETA=  6.2m sev=[32mlow   [0m [2m     f=99[0m
  [36mstation2 [0m [32mhealthy[0m                      conf=0.92  ETA=  5.6m sev=[32mlow   [0m [2m     f=99[0m
    clean telemetry live: 2121 → 1515 rows
[2m[16:43:30] tick 120[0m
  [36mstation1 [0m [32mhealthy[0m                      conf=0.83  ETA=  6.7m sev=[32mlow   [0m [2m     f=99[0m
  [36mstation2 [0m [32mhealthy[0m                      conf=0.83  ETA=  5.2m sev=[32mlow   [0m [2m     f=99[0m
