[2026-07-22T04:35:56.579527+00:00] Run directory: /home/brain/deca-isro/data/rpi-net/runs/compound_fix_r2_20260722_0435
[2026-07-22T04:35:56.579599+00:00] ============================================================
[2026-07-22T04:35:56.579634+00:00] DECA COMPOUND OVERLAP CAMPAIGN — weighted counts {'tunnel_degradation': 6, 'bgp_route_flap': 6, 'congestion_breach': 0} (retry=2)
[2026-07-22T04:35:56.579660+00:00] ============================================================
[2026-07-22T04:35:59.896918+00:00]    iperf3 server listening on station2 (192.168.50.20)
[2026-07-22T04:36:01.439077+00:00] Baseline traffic: 15 Mbps (station1 -> 192.168.50.20 via eth0)
[2026-07-22T04:36:06.354709+00:00]    iperf3 client running (~15 Mbps)
[2026-07-22T04:36:06.358383+00:00] Normal ops before compound bgp_route_flap+vrf_leakage 4.5 min...
[2026-07-22T04:40:35.831086+00:00] Compound slot bgp_route_flap #1 attempt 1/3
[2026-07-22T04:40:35.831282+00:00] === COMPOUND bgp_route_flap_01: bgp_route_flap (station1) + vrf_leakage (station2) ===
[2026-07-22T04:40:35.831762+00:00]   bgp_route_flap run=bgp_route_flap_01_bgp_route_flap: 3 slow flaps over 8.7min, then 6 rapid flaps
[2026-07-22T04:40:35.832109+00:00]   vrf_leakage run=bgp_route_flap_01_vrf_leakage: wrong RT import + PE2 symptom ramp to 2.1%/15ms over 6.7min, hold 4.2min
[2026-07-22T04:51:36.123951+00:00] Logged bgp_route_flap 2026-07-22T04:40:35.831748+00:00 -> 2026-07-22T04:49:19.049082+00:00
[2026-07-22T04:51:36.124195+00:00] Logged vrf_leakage 2026-07-22T04:40:35.832098+00:00 -> 2026-07-22T04:47:21.918261+00:00
[2026-07-22T04:51:40.606872+00:00]   recovery settle 3.3 min...
[2026-07-22T04:55:03.013146+00:00]    iperf3 server listening on station2 (192.168.50.20)
[2026-07-22T04:55:04.461061+00:00] Baseline traffic: 43 Mbps (station1 -> 192.168.50.20 via eth0)
[2026-07-22T04:55:10.450621+00:00]    iperf3 client running (~43 Mbps)
[2026-07-22T04:55:10.450756+00:00] Normal ops before compound bgp_route_flap+vrf_leakage 5.3 min...
[2026-07-22T05:00:25.751080+00:00] Compound slot bgp_route_flap #2 attempt 1/3
[2026-07-22T05:00:25.751264+00:00] === COMPOUND bgp_route_flap_02: bgp_route_flap (station1) + vrf_leakage (station2) ===
[2026-07-22T05:00:25.751482+00:00]   bgp_route_flap run=bgp_route_flap_02_bgp_route_flap: 4 slow flaps over 7.1min, then 7 rapid flaps
[2026-07-22T05:00:25.751572+00:00]   vrf_leakage run=bgp_route_flap_02_vrf_leakage: wrong RT import + PE2 symptom ramp to 2.8%/15ms over 7.8min, hold 8.4min
[2026-07-22T05:16:42.488283+00:00] Logged bgp_route_flap 2026-07-22T05:00:25.751474+00:00 -> 2026-07-22T05:07:38.603090+00:00
[2026-07-22T05:16:42.488387+00:00] Logged vrf_leakage 2026-07-22T05:00:25.751566+00:00 -> 2026-07-22T05:08:17.048881+00:00
[2026-07-22T05:16:54.687501+00:00]   recovery settle 2.7 min...
[2026-07-22T05:19:41.180572+00:00]    iperf3 server listening on station2 (192.168.50.20)
[2026-07-22T05:19:43.739050+00:00] Baseline traffic: 71 Mbps (station1 -> 192.168.50.20 via eth0)
[2026-07-22T05:19:48.562763+00:00]    iperf3 client running (~71 Mbps)
[2026-07-22T05:19:48.562910+00:00] Normal ops before compound bgp_route_flap+vrf_leakage 3.9 min...
[2026-07-22T05:23:41.479121+00:00] Compound slot bgp_route_flap #3 attempt 1/3
[2026-07-22T05:23:41.479371+00:00] === COMPOUND bgp_route_flap_03: bgp_route_flap (station1) + vrf_leakage (station2) ===
[2026-07-22T05:23:41.479731+00:00]   bgp_route_flap run=bgp_route_flap_03_bgp_route_flap: 3 slow flaps over 6.6min, then 6 rapid flaps
[2026-07-22T05:23:41.479911+00:00]   vrf_leakage run=bgp_route_flap_03_vrf_leakage: wrong RT import + PE2 symptom ramp to 2.7%/15ms over 7.4min, hold 7.2min
[2026-07-22T05:38:23.618736+00:00] Logged bgp_route_flap 2026-07-22T05:23:41.479718+00:00 -> 2026-07-22T05:30:24.425059+00:00
[2026-07-22T05:38:23.618937+00:00] Logged vrf_leakage 2026-07-22T05:23:41.479900+00:00 -> 2026-07-22T05:31:09.128071+00:00
[2026-07-22T05:38:25.180650+00:00]   recovery settle 2.6 min...
[2026-07-22T05:41:01.347546+00:00]    iperf3 server listening on station2 (192.168.50.20)
[2026-07-22T05:41:12.365113+00:00] Baseline traffic: 25 Mbps (station1 -> 192.168.50.20 via eth0)
[2026-07-22T05:41:19.401583+00:00]    iperf3 client running (~25 Mbps)
[2026-07-22T05:41:19.401724+00:00] Normal ops before compound bgp_route_flap+vrf_leakage 4.9 min...
[2026-07-22T05:46:12.457114+00:00] Compound slot bgp_route_flap #4 attempt 1/3
[2026-07-22T05:46:12.457396+00:00] === COMPOUND bgp_route_flap_04: bgp_route_flap (station1) + vrf_leakage (station2) ===
[2026-07-22T05:46:12.457905+00:00]   bgp_route_flap run=bgp_route_flap_04_bgp_route_flap: 3 slow flaps over 9.2min, then 4 rapid flaps
[2026-07-22T05:46:12.458198+00:00]   vrf_leakage run=bgp_route_flap_04_vrf_leakage: wrong RT import + PE2 symptom ramp to 3.6%/19ms over 8.6min, hold 6.7min
[2026-07-22T06:01:38.993645+00:00] Logged bgp_route_flap 2026-07-22T05:46:12.457883+00:00 -> 2026-07-22T05:55:25.086084+00:00
[2026-07-22T06:01:38.993839+00:00] Logged vrf_leakage 2026-07-22T05:46:12.458191+00:00 -> 2026-07-22T05:54:54.129639+00:00
[2026-07-22T06:01:41.821256+00:00]   recovery settle 3.6 min...
[2026-07-22T06:05:18.760374+00:00]    iperf3 server listening on station2 (192.168.50.20)
[2026-07-22T06:05:20.212119+00:00] Baseline traffic: 27 Mbps (station1 -> 192.168.50.20 via eth0)
[2026-07-22T06:05:25.263562+00:00]    iperf3 client running (~27 Mbps)
[2026-07-22T06:05:25.263755+00:00] Normal ops before compound tunnel_degradation+vrf_leakage 4.2 min...
[2026-07-22T06:09:36.423074+00:00] Compound slot tunnel_degradation #1 attempt 1/3
[2026-07-22T06:09:36.423217+00:00] === COMPOUND tunnel_degradation_01: tunnel_degradation (station1) + vrf_leakage (station2) ===
[2026-07-22T06:09:36.423428+00:00]   tunnel_degradation run=tunnel_degradation_01_tunnel_degradation: ramping to 9.1% loss / 36ms delay over 11.6min
[2026-07-22T06:09:36.423542+00:00]   vrf_leakage run=tunnel_degradation_01_vrf_leakage: wrong RT import + PE2 symptom ramp to 1.7%/19ms over 5.4min, hold 7.7min
[2026-07-22T06:22:45.233824+00:00] Logged tunnel_degradation 2026-07-22T06:09:36.423415+00:00 -> 2026-07-22T06:17:23.418035+00:00
[2026-07-22T06:22:45.234116+00:00] Logged vrf_leakage 2026-07-22T06:09:36.423536+00:00 -> 2026-07-22T06:15:02.158816+00:00
[2026-07-22T06:22:47.124083+00:00]   recovery settle 3.9 min...
[2026-07-22T06:26:42.594025+00:00]    iperf3 server listening on station2 (192.168.50.20)
[2026-07-22T06:26:44.052286+00:00] Baseline traffic: 43 Mbps (station1 -> 192.168.50.20 via eth0)
[2026-07-22T06:26:50.003389+00:00]    iperf3 client running (~43 Mbps)
[2026-07-22T06:26:50.003520+00:00] Normal ops before compound bgp_route_flap+vrf_leakage 4.3 min...
[2026-07-22T06:31:10.814087+00:00] Compound slot bgp_route_flap #5 attempt 1/3
[2026-07-22T06:31:10.814279+00:00] === COMPOUND bgp_route_flap_05: bgp_route_flap (station1) + vrf_leakage (station2) ===
[2026-07-22T06:31:10.814556+00:00]   bgp_route_flap run=bgp_route_flap_05_bgp_route_flap: 4 slow flaps over 7.3min, then 5 rapid flaps
[2026-07-22T06:31:10.814713+00:00]   vrf_leakage run=bgp_route_flap_05_vrf_leakage: wrong RT import + PE2 symptom ramp to 2.9%/8ms over 7.0min, hold 7.4min
[2026-07-22T06:35:10.610224+00:00]    SSH timeout on station1@192.168.50.10
[2026-07-22T06:39:47.162486+00:00]    SSH timeout on station1@192.168.50.10
[2026-07-22T06:45:40.519548+00:00] Logged bgp_route_flap 2026-07-22T06:31:10.814544+00:00 -> 2026-07-22T06:38:49.899271+00:00
[2026-07-22T06:45:40.519640+00:00] Logged vrf_leakage 2026-07-22T06:31:10.814702+00:00 -> 2026-07-22T06:38:15.675060+00:00
[2026-07-22T06:45:42.117677+00:00]   recovery settle 2.9 min...
[2026-07-22T06:48:42.163146+00:00]    iperf3 server listening on station2 (192.168.50.20)
[2026-07-22T06:48:45.919084+00:00] Baseline traffic: 56 Mbps (station1 -> 192.168.50.20 via eth0)
[2026-07-22T06:48:50.595919+00:00]    iperf3 client running (~56 Mbps)
[2026-07-22T06:48:50.596073+00:00] Normal ops before compound tunnel_degradation+vrf_leakage 5.0 min...
[2026-07-22T06:53:49.381074+00:00] Compound slot tunnel_degradation #2 attempt 1/3
[2026-07-22T06:53:49.381287+00:00] === COMPOUND tunnel_degradation_02: tunnel_degradation (station1) + vrf_leakage (station2) ===
[2026-07-22T06:53:49.381568+00:00]   tunnel_degradation run=tunnel_degradation_02_tunnel_degradation: ramping to 12.0% loss / 45ms delay over 11.4min
[2026-07-22T06:53:49.381749+00:00]   vrf_leakage run=tunnel_degradation_02_vrf_leakage: wrong RT import + PE2 symptom ramp to 2.9%/8ms over 5.2min, hold 4.0min
[2026-07-22T07:05:35.197448+00:00] Logged tunnel_degradation 2026-07-22T06:53:49.381555+00:00 -> 2026-07-22T07:01:27.197982+00:00
[2026-07-22T07:05:35.197665+00:00] Logged vrf_leakage 2026-07-22T06:53:49.381735+00:00 -> 2026-07-22T06:59:12.631051+00:00
[2026-07-22T07:05:37.640130+00:00]   recovery settle 2.7 min...
[2026-07-22T07:08:24.150153+00:00]    iperf3 server listening on station2 (192.168.50.20)
[2026-07-22T07:08:35.167069+00:00] Baseline traffic: 24 Mbps (station1 -> 192.168.50.20 via eth0)
[2026-07-22T07:08:42.124987+00:00]    iperf3 client running (~24 Mbps)
[2026-07-22T07:08:42.125159+00:00] Normal ops before compound tunnel_degradation+vrf_leakage 4.7 min...
[2026-07-22T07:13:24.361088+00:00] Compound slot tunnel_degradation #3 attempt 1/3
[2026-07-22T07:13:24.361282+00:00] === COMPOUND tunnel_degradation_03: tunnel_degradation (station1) + vrf_leakage (station2) ===
[2026-07-22T07:13:24.361602+00:00]   tunnel_degradation run=tunnel_degradation_03_tunnel_degradation: ramping to 10.6% loss / 42ms delay over 11.4min
[2026-07-22T07:13:24.361875+00:00]   vrf_leakage run=tunnel_degradation_03_vrf_leakage: wrong RT import + PE2 symptom ramp to 1.8%/16ms over 6.7min, hold 8.4min
[2026-07-22T07:28:32.250202+00:00] Logged tunnel_degradation 2026-07-22T07:13:24.361581+00:00 -> 2026-07-22T07:21:01.272049+00:00
[2026-07-22T07:28:32.250280+00:00] Logged vrf_leakage 2026-07-22T07:13:24.361861+00:00 -> 2026-07-22T07:20:09.843046+00:00
[2026-07-22T07:28:34.253302+00:00]   recovery settle 3.4 min...
[2026-07-22T07:31:58.051606+00:00]    iperf3 server listening on station2 (192.168.50.20)
[2026-07-22T07:31:59.568088+00:00] Baseline traffic: 35 Mbps (station1 -> 192.168.50.20 via eth0)
[2026-07-22T07:32:24.058551+00:00]    iperf3 client exited unexpectedly, check /tmp/iperf3-lan.log on station1
[2026-07-22T07:32:24.058725+00:00] Normal ops before compound tunnel_degradation+vrf_leakage 5.5 min...
[2026-07-22T07:37:52.693058+00:00] Compound slot tunnel_degradation #4 attempt 1/3
[2026-07-22T07:37:52.693198+00:00] === COMPOUND tunnel_degradation_04: tunnel_degradation (station1) + vrf_leakage (station2) ===
[2026-07-22T07:37:52.693428+00:00]   tunnel_degradation run=tunnel_degradation_04_tunnel_degradation: ramping to 8.3% loss / 32ms delay over 9.2min
[2026-07-22T07:37:52.693606+00:00]   vrf_leakage run=tunnel_degradation_04_vrf_leakage: wrong RT import + PE2 symptom ramp to 2.6%/12ms over 7.0min, hold 4.1min
[2026-07-22T07:50:28.172429+00:00] Logged tunnel_degradation 2026-07-22T07:37:52.693416+00:00 -> 2026-07-22T07:45:17.077062+00:00
[2026-07-22T07:50:28.172631+00:00] Logged vrf_leakage 2026-07-22T07:37:52.693596+00:00 -> 2026-07-22T07:44:57.377044+00:00
[2026-07-22T07:50:31.806018+00:00]   recovery settle 2.6 min...
[2026-07-22T07:53:10.384330+00:00]    iperf3 server listening on station2 (192.168.50.20)
[2026-07-22T07:53:13.124048+00:00] Baseline traffic: 57 Mbps (station1 -> 192.168.50.20 via eth0)
[2026-07-22T07:53:49.433713+00:00]    iperf3 client exited unexpectedly, check /tmp/iperf3-lan.log on station1
[2026-07-22T07:53:49.433853+00:00] Normal ops before compound tunnel_degradation+vrf_leakage 4.8 min...
[2026-07-22T07:58:39.284409+00:00] Compound slot tunnel_degradation #5 attempt 1/3
[2026-07-22T07:58:39.284661+00:00] === COMPOUND tunnel_degradation_05: tunnel_degradation (station1) + vrf_leakage (station2) ===
[2026-07-22T07:58:39.285027+00:00]   tunnel_degradation run=tunnel_degradation_05_tunnel_degradation: ramping to 10.9% loss / 43ms delay over 10.5min
[2026-07-22T07:58:39.285170+00:00]   vrf_leakage run=tunnel_degradation_05_vrf_leakage: wrong RT import + PE2 symptom ramp to 3.8%/10ms over 8.6min, hold 5.6min
[2026-07-22T08:12:58.986446+00:00] Logged tunnel_degradation 2026-07-22T07:58:39.285010+00:00 -> 2026-07-22T08:06:34.078211+00:00
[2026-07-22T08:12:58.986745+00:00] Logged vrf_leakage 2026-07-22T07:58:39.285164+00:00 -> 2026-07-22T08:07:22.808974+00:00
[2026-07-22T08:13:04.622430+00:00]   recovery settle 3.7 min...
[2026-07-22T08:16:48.719479+00:00]    iperf3 server listening on station2 (192.168.50.20)
[2026-07-22T08:16:51.214075+00:00] Baseline traffic: 57 Mbps (station1 -> 192.168.50.20 via eth0)
[2026-07-22T08:16:56.150952+00:00]    iperf3 client running (~57 Mbps)
[2026-07-22T08:16:56.151108+00:00] Normal ops before compound bgp_route_flap+vrf_leakage 4.2 min...
[2026-07-22T08:21:10.688062+00:00] Compound slot bgp_route_flap #6 attempt 1/3
[2026-07-22T08:21:10.688208+00:00] === COMPOUND bgp_route_flap_06: bgp_route_flap (station1) + vrf_leakage (station2) ===
[2026-07-22T08:21:10.688478+00:00]   bgp_route_flap run=bgp_route_flap_06_bgp_route_flap: 4 slow flaps over 10.4min, then 6 rapid flaps
[2026-07-22T08:21:10.688612+00:00]   vrf_leakage run=bgp_route_flap_06_vrf_leakage: wrong RT import + PE2 symptom ramp to 1.9%/19ms over 7.6min, hold 7.8min
[2026-07-22T08:36:44.435433+00:00] Logged bgp_route_flap 2026-07-22T08:21:10.688461+00:00 -> 2026-07-22T08:31:39.667047+00:00
[2026-07-22T08:36:44.435688+00:00] Logged vrf_leakage 2026-07-22T08:21:10.688605+00:00 -> 2026-07-22T08:28:52.884088+00:00
[2026-07-22T08:36:48.265823+00:00]   recovery settle 3.9 min...
[2026-07-22T08:40:47.123700+00:00]    iperf3 server listening on station2 (192.168.50.20)
[2026-07-22T08:40:55.735080+00:00] Baseline traffic: 70 Mbps (station1 -> 192.168.50.20 via eth0)
[2026-07-22T08:41:02.734073+00:00]    iperf3 client running (~70 Mbps)
[2026-07-22T08:41:02.734208+00:00] Normal ops before compound tunnel_degradation+vrf_leakage 5.4 min...
[2026-07-22T08:46:28.512083+00:00] Compound slot tunnel_degradation #6 attempt 1/3
[2026-07-22T08:46:28.512277+00:00] === COMPOUND tunnel_degradation_06: tunnel_degradation (station1) + vrf_leakage (station2) ===
[2026-07-22T08:46:28.512513+00:00]   tunnel_degradation run=tunnel_degradation_06_tunnel_degradation: ramping to 10.4% loss / 41ms delay over 10.0min
[2026-07-22T08:46:28.512663+00:00]   vrf_leakage run=tunnel_degradation_06_vrf_leakage: wrong RT import + PE2 symptom ramp to 2.9%/14ms over 5.2min, hold 7.7min
[2026-07-22T08:59:29.099307+00:00] Logged tunnel_degradation 2026-07-22T08:46:28.512504+00:00 -> 2026-07-22T08:53:08.996786+00:00
[2026-07-22T08:59:29.099465+00:00] Logged vrf_leakage 2026-07-22T08:46:28.512652+00:00 -> 2026-07-22T08:51:46.313051+00:00
[2026-07-22T08:59:31.714974+00:00]   recovery settle 3.5 min...
[2026-07-22T09:03:03.544312+00:00]    iperf3 server listening on station2 (192.168.50.20)
[2026-07-22T09:03:14.563444+00:00] Baseline traffic: 40 Mbps (station1 -> 192.168.50.20 via eth0)
[2026-07-22T09:03:50.858552+00:00]    iperf3 client running (~40 Mbps)
[2026-07-22T09:03:50.858740+00:00] ============================================================
[2026-07-22T09:03:50.858813+00:00] COMPOUND OVERLAP CAMPAIGN DONE — pe1 counts {'congestion_breach': 0, 'tunnel_degradation': 6, 'bgp_route_flap': 6} attempts=12
[2026-07-22T09:03:50.858871+00:00] ============================================================
[2026-07-22T09:03:55.227961+00:00] Exported /home/brain/deca-isro/data/rpi-net/runs/compound_fix_r2_20260722_0435/network_telemetry.csv (22502 rows)
[2026-07-22T09:03:55.370636+00:00] Exported /home/brain/deca-isro/data/rpi-net/runs/compound_fix_r2_20260722_0435/network_campaign_export.csv (3216 rows)
[2026-07-22T09:03:55.373386+00:00] ============================================================
[2026-07-22T09:03:55.373542+00:00] VALIDATING fault_injection_log.csv
[2026-07-22T09:03:55.373573+00:00] ============================================================
[2026-07-22T09:03:55.373758+00:00] Total runs: 24
[2026-07-22T09:03:55.373799+00:00]   congestion_breach     WARN: zero runs recorded
[2026-07-22T09:03:55.373956+00:00]   tunnel_degradation    n=6  avg=  7.5min  spread= 0.4min  WARN: durations suspiciously uniform
[2026-07-22T09:03:55.374068+00:00]   bgp_route_flap        n=6  avg=  8.3min  spread= 1.4min
[2026-07-22T09:03:55.374194+00:00]   vrf_leakage           n=12  avg=  7.0min  spread= 1.2min
[2026-07-22T09:03:55.374237+00:00] VALIDATION RESULT: WARN -- review flags before training
[2026-07-22T09:03:55.374262+00:00] ============================================================
