[2026-07-21T14:59:47.240590+00:00] ================================================================
[2026-07-21T14:59:47.240877+00:00] DECA BLIND CHAOS armed — run_id=blind_compound_bgp_recheck_20260721_2029_40m seed=921868 (SEALED)
[2026-07-21T14:59:47.241039+00:00] Budget 40 min | target 2-2 events + 1 near-misses | simulate=False
[2026-07-21T14:59:47.241119+00:00] Fault pool: ['congestion_breach', 'tunnel_degradation', 'bgp_route_flap', 'vrf_leakage']
[2026-07-21T14:59:47.241149+00:00] Compound prob=1.0 pe1=bgp_route_flap
[2026-07-21T14:59:47.241208+00:00] Sealed truth: /home/brain/deca-isro/data/rpi-net/live/blind_compound_bgp_recheck_20260721_2029_40m/ground_truth.sealed.jsonl
[2026-07-21T14:59:47.241235+00:00] ================================================================
[2026-07-21T14:59:50.615710+00:00]    iperf3 server listening on station2 (192.168.50.20)
[2026-07-21T14:59:52.066455+00:00] Baseline traffic: 78 Mbps (station1 -> 192.168.50.20 via eth0)
[2026-07-21T14:59:58.124670+00:00]    iperf3 client running (~78 Mbps)
[2026-07-21T14:59:58.124890+00:00] [chaos] normal ops 2.2 min...
[2026-07-21T15:02:10.852099+00:00] [chaos] === COMPOUND blind_compound_bgp_recheck_20260721_2029_40m_cg01: bgp_route_flap (station1) + vrf_leakage (station2) OVERLAPPING, 38 min budget left ===
[2026-07-21T15:02:10.852537+00:00]   bgp_route_flap run=blind_compound_bgp_recheck_20260721_2029_40m_cg01_bgp_route_flap: 4 slow flaps over 9.9min, then 7 rapid flaps
[2026-07-21T15:02:10.852704+00:00]   vrf_leakage run=blind_compound_bgp_recheck_20260721_2029_40m_cg01_vrf_leakage: wrong RT import + PE2 symptom ramp to 2.7%/9ms over 4.0min, hold 4.8min
[2026-07-21T15:14:09.205611+00:00] [chaos] sealed blind_compound_bgp_recheck_20260721_2029_40m_cg01_e01_bgp_route_flap (compound blind_compound_bgp_recheck_20260721_2029_40m_cg01): 2026-07-21T15:02:10.852527+00:00 -> 2026-07-21T15:12:13.794052+00:00
[2026-07-21T15:14:09.205774+00:00] [chaos] sealed blind_compound_bgp_recheck_20260721_2029_40m_cg01_e02_vrf_leakage (compound blind_compound_bgp_recheck_20260721_2029_40m_cg01): 2026-07-21T15:02:10.852698+00:00 -> 2026-07-21T15:06:15.130721+00:00
[2026-07-21T15:14:10.886762+00:00] ================================================================
[2026-07-21T15:14:10.886898+00:00] BLIND CHAOS COMPLETE — 2 circumstances, 0 near-misses in 14.4 min
[2026-07-21T15:14:10.886935+00:00] Run the scorecard AFTER the operator has stopped:
[2026-07-21T15:14:10.886963+00:00]   python scripts/deca_blind_scorecard.py --run-id blind_compound_bgp_recheck_20260721_2029_40m
[2026-07-21T15:14:10.886984+00:00] ================================================================
