[2026-07-19T12:05:23.070181+00:00] Run directory: /home/brain/deca-isro/data/rpi-net/runs/compound_overlap_20260719_1735
[2026-07-19T12:05:23.070268+00:00] ============================================================
[2026-07-19T12:05:23.070293+00:00] DECA COMPOUND OVERLAP CAMPAIGN — 2× each PE1 + vrf_leakage (retry=2)
[2026-07-19T12:05:23.070315+00:00] ============================================================
[2026-07-19T12:05:27.671204+00:00]    iperf3 server listening on station2 (192.168.50.20)
[2026-07-19T12:05:29.132071+00:00] Baseline traffic: 33 Mbps (station1 -> 192.168.50.20 via eth0)
[2026-07-19T12:05:35.031142+00:00]    iperf3 client running (~33 Mbps)
[2026-07-19T12:05:35.031270+00:00] Normal ops before compound congestion_breach+vrf_leakage 5.2 min...
[2026-07-19T12:10:45.578905+00:00] Compound slot congestion_breach #1 attempt 1/3
[2026-07-19T12:10:45.579063+00:00] === COMPOUND congestion_breach_01: congestion_breach (station1) + vrf_leakage (station2) ===
[2026-07-19T12:10:45.579489+00:00]   congestion_breach run=congestion_breach_01_congestion_breach: 95->8mbit over 6.4min, 4 steps
[2026-07-19T12:10:45.580026+00:00]   vrf_leakage run=congestion_breach_01_vrf_leakage: wrong RT import + PE2 symptom ramp to 3.7%/14ms over 7.6min, hold 8.9min
[2026-07-19T12:27:21.564232+00:00] Logged congestion_breach 2026-07-19T12:10:45.579471+00:00 -> 2026-07-19T12:17:21.851526+00:00
[2026-07-19T12:27:21.564297+00:00] Logged vrf_leakage 2026-07-19T12:10:45.579981+00:00 -> 2026-07-19T12:18:26.681045+00:00
[2026-07-19T12:27:26.935355+00:00]   recovery settle 3.8 min...
[2026-07-19T12:31:14.997445+00:00]    iperf3 server listening on station2 (192.168.50.20)
[2026-07-19T12:31:16.453055+00:00] Baseline traffic: 37 Mbps (station1 -> 192.168.50.20 via eth0)
[2026-07-19T12:31:21.323957+00:00]    iperf3 client running (~37 Mbps)
[2026-07-19T12:31:21.324135+00:00] Normal ops before compound congestion_breach+vrf_leakage 5.1 min...
[2026-07-19T12:36:30.280064+00:00] Compound slot congestion_breach #2 attempt 1/3
[2026-07-19T12:36:30.280236+00:00] === COMPOUND congestion_breach_02: congestion_breach (station1) + vrf_leakage (station2) ===
[2026-07-19T12:36:30.280517+00:00]   congestion_breach run=congestion_breach_02_congestion_breach: 95->5mbit over 12.1min, 5 steps
[2026-07-19T12:36:30.280717+00:00]   vrf_leakage run=congestion_breach_02_vrf_leakage: wrong RT import + PE2 symptom ramp to 3.1%/8ms over 6.3min, hold 5.2min
[2026-07-19T12:52:31.648449+00:00] Logged congestion_breach 2026-07-19T12:36:30.280502+00:00 -> 2026-07-19T12:48:48.156079+00:00
[2026-07-19T12:52:31.648603+00:00] Logged vrf_leakage 2026-07-19T12:36:30.280706+00:00 -> 2026-07-19T12:42:52.149052+00:00
[2026-07-19T12:52:37.260396+00:00]   recovery settle 2.8 min...
[2026-07-19T12:55:28.031876+00:00]    iperf3 server listening on station2 (192.168.50.20)
[2026-07-19T12:55:30.530067+00:00] Baseline traffic: 67 Mbps (station1 -> 192.168.50.20 via eth0)
[2026-07-19T12:55:35.376769+00:00]    iperf3 client running (~67 Mbps)
[2026-07-19T12:55:35.376946+00:00] Normal ops before compound tunnel_degradation+vrf_leakage 3.7 min...
[2026-07-19T12:59:16.034049+00:00] Compound slot tunnel_degradation #1 attempt 1/3
[2026-07-19T12:59:16.034338+00:00] === COMPOUND tunnel_degradation_01: tunnel_degradation (station1) + vrf_leakage (station2) ===
[2026-07-19T12:59:16.034880+00:00]   tunnel_degradation run=tunnel_degradation_01_tunnel_degradation: ramping to 11.9% loss / 45ms delay over 8.3min
[2026-07-19T12:59:16.035172+00:00]   vrf_leakage run=tunnel_degradation_01_vrf_leakage: wrong RT import + PE2 symptom ramp to 3.8%/12ms over 7.4min, hold 7.7min
[2026-07-19T13:14:31.572768+00:00] Logged tunnel_degradation 2026-07-19T12:59:16.034857+00:00 -> 2026-07-19T13:05:31.298037+00:00
[2026-07-19T13:14:31.572894+00:00] Logged vrf_leakage 2026-07-19T12:59:16.035154+00:00 -> 2026-07-19T13:06:48.416638+00:00
[2026-07-19T13:14:33.777492+00:00]   recovery settle 2.8 min...
[2026-07-19T13:17:24.914205+00:00]    iperf3 server listening on station2 (192.168.50.20)
[2026-07-19T13:17:27.951632+00:00] Baseline traffic: 79 Mbps (station1 -> 192.168.50.20 via eth0)
[2026-07-19T13:17:32.767184+00:00]    iperf3 client running (~79 Mbps)
[2026-07-19T13:17:32.767335+00:00] Normal ops before compound tunnel_degradation+vrf_leakage 5.3 min...
[2026-07-19T13:22:52.425112+00:00] Compound slot tunnel_degradation #2 attempt 1/3
[2026-07-19T13:22:52.425342+00:00] === COMPOUND tunnel_degradation_02: tunnel_degradation (station1) + vrf_leakage (station2) ===
[2026-07-19T13:22:52.425781+00:00]   tunnel_degradation run=tunnel_degradation_02_tunnel_degradation: ramping to 8.6% loss / 34ms delay over 8.2min
[2026-07-19T13:22:52.426121+00:00]   vrf_leakage run=tunnel_degradation_02_vrf_leakage: wrong RT import + PE2 symptom ramp to 2.5%/20ms over 4.8min, hold 6.2min
[2026-07-19T13:33:56.112364+00:00] Logged tunnel_degradation 2026-07-19T13:22:52.425754+00:00 -> 2026-07-19T13:29:02.619293+00:00
[2026-07-19T13:33:56.112545+00:00] Logged vrf_leakage 2026-07-19T13:22:52.426106+00:00 -> 2026-07-19T13:27:41.826310+00:00
[2026-07-19T13:33:58.342872+00:00]   recovery settle 3.1 min...
[2026-07-19T13:37:05.278811+00:00]    iperf3 server listening on station2 (192.168.50.20)
[2026-07-19T13:37:07.787108+00:00] Baseline traffic: 17 Mbps (station1 -> 192.168.50.20 via eth0)
[2026-07-19T13:37:13.692801+00:00]    iperf3 client running (~17 Mbps)
[2026-07-19T13:37:13.692926+00:00] Normal ops before compound bgp_route_flap+vrf_leakage 4.8 min...
[2026-07-19T13:42:00.440094+00:00] Compound slot bgp_route_flap #1 attempt 1/3
[2026-07-19T13:42:00.440276+00:00] === COMPOUND bgp_route_flap_01: bgp_route_flap (station1) + vrf_leakage (station2) ===
[2026-07-19T13:42:00.440869+00:00]   vrf_leakage run=bgp_route_flap_01_vrf_leakage: wrong RT import + PE2 symptom ramp to 2.9%/12ms over 4.5min, hold 4.8min
[2026-07-19T13:42:00.440664+00:00]   bgp_route_flap run=bgp_route_flap_01_bgp_route_flap: 2 slow flaps over 6.8min, then 4 rapid flaps
[2026-07-19T13:51:27.100571+00:00] Logged bgp_route_flap 2026-07-19T13:42:00.440644+00:00 -> 2026-07-19T13:48:46.948973+00:00
[2026-07-19T13:51:27.100745+00:00] Logged vrf_leakage 2026-07-19T13:42:00.440855+00:00 -> 2026-07-19T13:46:38.243041+00:00
[2026-07-19T13:51:29.628134+00:00]   recovery settle 3.0 min...
[2026-07-19T13:54:29.076581+00:00]    iperf3 server listening on station2 (192.168.50.20)
[2026-07-19T13:54:30.538074+00:00] Baseline traffic: 58 Mbps (station1 -> 192.168.50.20 via eth0)
[2026-07-19T13:54:35.435188+00:00]    iperf3 client running (~58 Mbps)
[2026-07-19T13:54:35.435324+00:00] Normal ops before compound bgp_route_flap+vrf_leakage 4.1 min...
[2026-07-19T13:58:43.616995+00:00] Compound slot bgp_route_flap #2 attempt 1/3
[2026-07-19T13:58:43.617245+00:00] === COMPOUND bgp_route_flap_02: bgp_route_flap (station1) + vrf_leakage (station2) ===
[2026-07-19T13:58:43.617765+00:00]   vrf_leakage run=bgp_route_flap_02_vrf_leakage: wrong RT import + PE2 symptom ramp to 1.6%/12ms over 6.7min, hold 7.7min
[2026-07-19T13:58:43.617603+00:00]   bgp_route_flap run=bgp_route_flap_02_bgp_route_flap: 3 slow flaps over 6.1min, then 6 rapid flaps
[2026-07-19T14:05:31.616294+00:00]    SSH timeout on station1@192.168.50.10
[2026-07-19T14:13:14.023103+00:00] Logged bgp_route_flap 2026-07-19T13:58:43.617584+00:00 -> 2026-07-19T14:04:53.107512+00:00
[2026-07-19T14:13:14.023315+00:00] Logged vrf_leakage 2026-07-19T13:58:43.617751+00:00 -> 2026-07-19T14:05:32.275579+00:00
[2026-07-19T14:13:26.229611+00:00]   recovery settle 2.5 min...
[2026-07-19T14:16:00.027223+00:00]    iperf3 server listening on station2 (192.168.50.20)
[2026-07-19T14:16:02.735097+00:00] Baseline traffic: 55 Mbps (station1 -> 192.168.50.20 via eth0)
[2026-07-19T14:16:08.675547+00:00]    iperf3 client running (~55 Mbps)
[2026-07-19T14:16:08.675646+00:00] ============================================================
[2026-07-19T14:16:08.675685+00:00] COMPOUND OVERLAP CAMPAIGN DONE — pe1 counts {'congestion_breach': 2, 'tunnel_degradation': 2, 'bgp_route_flap': 2} attempts=6
[2026-07-19T14:16:08.675724+00:00] ============================================================
[2026-07-19T14:16:11.156142+00:00] Exported /home/brain/deca-isro/data/rpi-net/runs/compound_overlap_20260719_1735/network_telemetry.csv (9429 rows)
[2026-07-19T14:16:11.253976+00:00] Exported /home/brain/deca-isro/data/rpi-net/runs/compound_overlap_20260719_1735/network_campaign_export.csv (1572 rows)
[2026-07-19T14:16:11.255178+00:00] ============================================================
[2026-07-19T14:16:11.255282+00:00] VALIDATING fault_injection_log.csv
[2026-07-19T14:16:11.255308+00:00] ============================================================
[2026-07-19T14:16:11.255439+00:00] Total runs: 12
[2026-07-19T14:16:11.255581+00:00]   congestion_breach     n=2  avg=  9.5min  spread= 4.0min
[2026-07-19T14:16:11.255666+00:00]   tunnel_degradation    n=2  avg=  6.2min  spread= 0.1min  WARN: durations suspiciously uniform
[2026-07-19T14:16:11.255739+00:00]   bgp_route_flap        n=2  avg=  6.5min  spread= 0.4min  WARN: durations suspiciously uniform
[2026-07-19T14:16:11.255839+00:00]   vrf_leakage           n=6  avg=  6.3min  spread= 1.3min
[2026-07-19T14:16:11.255872+00:00] VALIDATION RESULT: WARN -- review flags before training
[2026-07-19T14:16:11.255895+00:00] ============================================================
