[2026-07-21T17:32:25.631983+00:00] ================================================================
[2026-07-21T17:32:25.632269+00:00] DECA BLIND CHAOS armed — run_id=blind_baseline_feature_tunnel_20260721_2302_40m seed=406749 (SEALED)
[2026-07-21T17:32:25.632342+00:00] Budget 40 min | target 2-2 events + 1 near-misses | simulate=False
[2026-07-21T17:32:25.632403+00:00] Fault pool: ['congestion_breach', 'tunnel_degradation', 'bgp_route_flap', 'vrf_leakage']
[2026-07-21T17:32:25.632461+00:00] Compound prob=1.0 pe1=tunnel_degradation
[2026-07-21T17:32:25.632546+00:00] Sealed truth: /home/brain/deca-isro/data/rpi-net/live/blind_baseline_feature_tunnel_20260721_2302_40m/ground_truth.sealed.jsonl
[2026-07-21T17:32:25.632610+00:00] ================================================================
[2026-07-21T17:32:48.406760+00:00]    iperf3 server listening on station2 (192.168.50.20)
[2026-07-21T17:32:49.883085+00:00] Baseline traffic: 60 Mbps (station1 -> 192.168.50.20 via eth0)
[2026-07-21T17:32:57.821241+00:00]    iperf3 client running (~60 Mbps)
[2026-07-21T17:32:57.821499+00:00] [chaos] normal ops 2.8 min...
[2026-07-21T17:35:45.170042+00:00] [chaos] === COMPOUND blind_baseline_feature_tunnel_20260721_2302_40m_cg01: tunnel_degradation (station1) + vrf_leakage (station2) OVERLAPPING, 37 min budget left ===
[2026-07-21T17:35:45.170730+00:00]   tunnel_degradation run=blind_baseline_feature_tunnel_20260721_2302_40m_cg01_tunnel_degradation: ramping to 10.2% loss / 40ms delay over 7.3min
[2026-07-21T17:35:45.171262+00:00]   vrf_leakage run=blind_baseline_feature_tunnel_20260721_2302_40m_cg01_vrf_leakage: wrong RT import + PE2 symptom ramp to 1.9%/18ms over 8.5min, hold 5.2min
[2026-07-21T17:49:35.321315+00:00] [chaos] sealed blind_baseline_feature_tunnel_20260721_2302_40m_cg01_e01_tunnel_degradation (compound blind_baseline_feature_tunnel_20260721_2302_40m_cg01): 2026-07-21T17:35:45.170706+00:00 -> 2026-07-21T17:40:40.622087+00:00
[2026-07-21T17:49:35.321663+00:00] [chaos] sealed blind_baseline_feature_tunnel_20260721_2302_40m_cg01_e02_vrf_leakage (compound blind_baseline_feature_tunnel_20260721_2302_40m_cg01): 2026-07-21T17:35:45.171249+00:00 -> 2026-07-21T17:44:19.819059+00:00
[2026-07-21T17:49:37.824161+00:00] ================================================================
[2026-07-21T17:49:37.824333+00:00] BLIND CHAOS COMPLETE — 2 circumstances, 0 near-misses in 17.2 min
[2026-07-21T17:49:37.824373+00:00] Run the scorecard AFTER the operator has stopped:
[2026-07-21T17:49:37.824400+00:00]   python scripts/deca_blind_scorecard.py --run-id blind_baseline_feature_tunnel_20260721_2302_40m
[2026-07-21T17:49:37.824426+00:00] ================================================================
