==============================================================
 DECA BLIND TEST  run_id=blind_compound_bgp_recheck_20260719_1516_40m  start_at=now  budget=40m
==============================================================
Pre-flight: run 'bash ~/deca_diagnostic.sh' and confirm all green,
and that Prometheus is healthy: curl -s localhost:9090/-/ready
Operator NOC feed will stream to: data/rpi-net/live/blind_compound_bgp_recheck_20260719_1516_40m/operator_feed.log  (tail -f to watch)

Operator armed (pid 688066). tail -f data/rpi-net/live/blind_compound_bgp_recheck_20260719_1516_40m/operator_feed.log
[2026-07-19T09:46:33.008169+00:00] ================================================================
[2026-07-19T09:46:33.008258+00:00] DECA BLIND CHAOS armed — run_id=blind_compound_bgp_recheck_20260719_1516_40m seed=796662 (SEALED)
[2026-07-19T09:46:33.008296+00:00] Budget 40 min | target 2-2 events + 1 near-misses | simulate=False
[2026-07-19T09:46:33.008325+00:00] Fault pool: ['congestion_breach', 'tunnel_degradation', 'bgp_route_flap', 'vrf_leakage']
[2026-07-19T09:46:33.008352+00:00] Compound prob=1.0 pe1=bgp_route_flap
[2026-07-19T09:46:33.008407+00:00] Sealed truth: /home/brain/deca-isro/data/rpi-net/live/blind_compound_bgp_recheck_20260719_1516_40m/ground_truth.sealed.jsonl
[2026-07-19T09:46:33.008434+00:00] ================================================================
[2026-07-19T09:46:36.052730+00:00]    iperf3 server listening on station2 (192.168.50.20)
[2026-07-19T09:46:37.390053+00:00] Baseline traffic: 40 Mbps (station1 -> 192.168.50.20 via eth0)
[2026-07-19T09:46:42.055042+00:00]    iperf3 client running (~40 Mbps)
[2026-07-19T09:46:42.055220+00:00] [chaos] near-miss blind_compound_bgp_recheck_20260719_1516_40m_nm01 (bait — should stay healthy)
[2026-07-19T09:46:42.055270+00:00] NEAR-MISS aborted onset for 53s (not a real fault)...
[2026-07-19T09:47:37.493526+00:00] [chaos] normal ops 2.6 min...
[2026-07-19T09:50:15.588797+00:00] [chaos] === COMPOUND blind_compound_bgp_recheck_20260719_1516_40m_cg01: bgp_route_flap (station1) + vrf_leakage (station2) OVERLAPPING, 36 min budget left ===
[2026-07-19T09:50:15.589392+00:00]   bgp_route_flap run=blind_compound_bgp_recheck_20260719_1516_40m_cg01_bgp_route_flap: 2 slow flaps over 10.3min, then 4 rapid flaps
[2026-07-19T09:50:15.589632+00:00]   vrf_leakage run=blind_compound_bgp_recheck_20260719_1516_40m_cg01_vrf_leakage: wrong RT import + PE2 symptom ramp to 1.9%/12ms over 6.5min, hold 8.9min
[2026-07-19T10:05:52.401191+00:00] [chaos] sealed blind_compound_bgp_recheck_20260719_1516_40m_cg01_e01_bgp_route_flap (compound blind_compound_bgp_recheck_20260719_1516_40m_cg01): 2026-07-19T09:50:15.589379+00:00 -> 2026-07-19T10:00:37.823675+00:00
[2026-07-19T10:05:52.401316+00:00] [chaos] sealed blind_compound_bgp_recheck_20260719_1516_40m_cg01_e02_vrf_leakage (compound blind_compound_bgp_recheck_20260719_1516_40m_cg01): 2026-07-19T09:50:15.589624+00:00 -> 2026-07-19T09:56:54.355243+00:00
[2026-07-19T10:05:53.921353+00:00] ================================================================
[2026-07-19T10:05:53.921466+00:00] BLIND CHAOS COMPLETE — 2 circumstances, 1 near-misses in 19.3 min
[2026-07-19T10:05:53.921496+00:00] Run the scorecard AFTER the operator has stopped:
[2026-07-19T10:05:53.921521+00:00]   python scripts/deca_blind_scorecard.py --run-id blind_compound_bgp_recheck_20260719_1516_40m
[2026-07-19T10:05:53.921548+00:00] ================================================================
Chaos finished; letting the operator settle for 30s before stopping...
Operator ignored SIGINT — sending TERM...

Grading...
====================================================================
  DECA BLIND TEST SCORECARD — blind_compound_bgp_recheck_20260719_1516_40m
====================================================================
  Circumstances the network created : 2
  Detected by the models            : 2  (rate 1.0)
  Correct fault class (first decl)  : 1  (accuracy 0.5)
  Correct class (ever, in-window)   : 1  (accuracy 0.5)
  Missed                            : 0
  Mean confirmed lead before breach : 1.2 min
  Mean advisory lead before breach  : 6.0 min  (class-agnostic; 'something forming')
  LSTM ETA mean abs error           : 7.8 min
  Severity bucket agreement         : 0.5  (2 scored)
  Severity continuous Pearson r     : 1.0  (2 pairs)
  Near-miss false alarms            : 0 / 1
  Spurious false alarms             : 1
====================================================================
  Per-circumstance:
   [HIT ] bgp_route_flap     station1  lead(conf/adv)=6.0/8.4min ETA=1.0/6.0 sev=high~medium ->tunnel_degradation [cascade cg01]
   [HIT ] vrf_leakage        station2  lead(conf/adv)=-3.6/3.6min ETA=6.9/-3.6 sev=low~low ok [cascade cg01]
====================================================================

  scorecard.json -> /home/brain/deca-isro/data/rpi-net/live/blind_compound_bgp_recheck_20260719_1516_40m/scorecard.json
  canvas         -> /home/brain/.cursor/projects/home-brain-deca-isro/canvases/deca-blind-test.canvas.tsx
