[recheck] waiting for blind_compound_bgp_recheck_20260719_1516_40m...
[recheck] gates:
  cross-host echo suppress: origin-lock
  vrf origin-lock: on
====================================================================
  DECA BLIND TEST SCORECARD — blind_compound_bgp_recheck_20260719_1516_40m
====================================================================
  Circumstances the network created : 2
  Detected by the models            : 2  (rate 1.0)
  Correct fault class (first decl)  : 1  (accuracy 0.5)
  Correct class (ever, in-window)   : 1  (accuracy 0.5)
  Missed                            : 0
  Mean confirmed lead before breach : 1.2 min
  Mean advisory lead before breach  : 6.0 min  (class-agnostic; 'something forming')
  LSTM ETA mean abs error           : 7.8 min
  Severity bucket agreement         : None  (0 scored)
  Severity continuous Pearson r     : None  (0 pairs)
  Near-miss false alarms            : 0 / 1
  Spurious false alarms             : 1
====================================================================
  Per-circumstance:
   [HIT ] bgp_route_flap     station1  lead(conf/adv)=6.0/8.4min ETA=1.0/6.0 sev=high~None ->tunnel_degradation [cascade cg01]
   [HIT ] vrf_leakage        station2  lead(conf/adv)=-3.6/3.6min ETA=6.9/-3.6 sev=low~None ok [cascade cg01]
====================================================================

  scorecard.json -> /home/brain/deca-isro/data/rpi-net/live/blind_compound_bgp_recheck_20260719_1516_40m/scorecard.json
  canvas         -> /home/brain/.cursor/projects/home-brain-deca-isro/canvases/deca-blind-test.canvas.tsx

[recheck] SUMMARY detect=2/2 class_acc=0.5 spur=1 s1_vrf_confirms=0 vrf_held=0 echo_held=0
  bgp_route_flap @station1 det=True pred=tunnel_degradation
  vrf_leakage @station2 det=True pred=vrf_leakage
