[post] waiting for compound series (3 runs)...
[post] compound series complete (3 runs)
wrote data/rpi-net/blind-tests/compound_series_20260719_rollup.md
  bgp_route_flap: detect 2/2 spur 0
  congestion_breach: detect 1/2 spur 3
  tunnel_degradation: detect 1/2 spur 0
[post] lab cleared for vrf proof blind
[post] launching isolated VRF proof: blind_vrf_isolated_20260719_1333_45m
  Circumstances the network created : 2
  Detected by the models            : 2  (rate 1.0)
  Correct fault class (first decl)  : 2  (accuracy 1.0)
  Correct class (ever, in-window)   : 2  (accuracy 1.0)
  Missed                            : 0
  Mean confirmed lead before breach : 0.1 min
  Mean advisory lead before breach  : 0.6 min  (class-agnostic; 'something forming')
  LSTM ETA mean abs error           : 4.1 min
  Severity bucket agreement         : None  (0 scored)
  Severity continuous Pearson r     : None  (0 pairs)
  Near-miss false alarms            : 0 / 1
  Spurious false alarms             : 0
====================================================================
  Per-circumstance:
   [HIT ] vrf_leakage        station2  lead(conf/adv)=-3.4/-2.4min ETA=3.8/-3.4 sev=low~None ok
   [HIT ] vrf_leakage        station2  lead(conf/adv)=3.6/3.6min ETA=4.6/3.6 sev=low~None ok
====================================================================

  scorecard.json -> /home/brain/deca-isro/data/rpi-net/live/blind_vrf_isolated_20260719_1333_45m/scorecard.json
  canvas         -> /home/brain/.cursor/projects/home-brain-deca-isro/canvases/deca-blind-test.canvas.tsx
[post] chain complete
