==============================================================
 DECA ULTIMATE 60+60
   blind   : blind_20260718_0848_60m   (60 min, compound_prob=0.0)
   control : control_20260718_0848_60m (60 min, 4 near-miss baits)
   started : 2026-07-18T08:48:29+05:30
   ensemble: 0
==============================================================

Pre-flight Prometheus...
  Prometheus is Ready.

>>> LEG 1/2 — BLIND (blind_20260718_0848_60m)
==============================================================
 DECA BLIND TEST  run_id=blind_20260718_0848_60m  start_at=now  budget=60m
==============================================================
Pre-flight: run 'bash ~/deca_diagnostic.sh' and confirm all green,
and that Prometheus is healthy: curl -s localhost:9090/-/ready
Operator NOC feed will stream to: data/rpi-net/live/blind_20260718_0848_60m/operator_feed.log  (tail -f to watch)

Operator armed (pid 456496). tail -f data/rpi-net/live/blind_20260718_0848_60m/operator_feed.log
[2026-07-18T03:18:29.620634+00:00] ================================================================
[2026-07-18T03:18:29.620718+00:00] DECA BLIND CHAOS armed — run_id=blind_20260718_0848_60m seed=1784344709 (SEALED)
[2026-07-18T03:18:29.620758+00:00] Budget 60 min | target 5-6 events + 2 near-misses | simulate=False
[2026-07-18T03:18:29.620813+00:00] Sealed truth: /home/brain/deca-isro/data/rpi-net/live/blind_20260718_0848_60m/ground_truth.sealed.jsonl
[2026-07-18T03:18:29.620838+00:00] ================================================================
[2026-07-18T03:18:35.121045+00:00]    iperf3 server listening on station2 (192.168.50.20)
[2026-07-18T03:18:36.531065+00:00] Baseline traffic: 83 Mbps (station1 -> 192.168.50.20 via eth0)
[2026-07-18T03:18:41.360816+00:00]    iperf3 client running (~83 Mbps)
[2026-07-18T03:18:41.360976+00:00] [chaos] normal ops 1.8 min...
[2026-07-18T03:20:28.608128+00:00] [chaos] === circumstance 1/6: congestion_breach (event_id=blind_20260718_0848_60m_e01_congestion_breach, 58 min budget left) ===
[2026-07-18T03:20:28.608381+00:00]   congestion_breach run=blind_20260718_0848_60m_e01_congestion_breach: 95->8mbit over 11.5min, 4 steps
[2026-07-18T03:39:00.133582+00:00] [chaos] sealed blind_20260718_0848_60m_e01_congestion_breach: 2026-07-18T03:20:28.608369+00:00 -> 2026-07-18T03:32:07.259787+00:00
[2026-07-18T03:39:05.408050+00:00] [chaos] near-miss blind_20260718_0848_60m_nm01 (bait — should stay healthy)
[2026-07-18T03:39:05.408162+00:00] NEAR-MISS aborted onset for 25s (not a real fault)...
[2026-07-18T03:39:25.412130+00:00]    SSH timeout on station1@192.168.50.10
[2026-07-18T03:39:52.440518+00:00] [chaos] normal ops 2.9 min...
[2026-07-18T03:42:43.683270+00:00] [chaos] === circumstance 2/6: bgp_route_flap (event_id=blind_20260718_0848_60m_e02_bgp_route_flap, 36 min budget left) ===
[2026-07-18T03:42:43.683518+00:00]   bgp_route_flap run=blind_20260718_0848_60m_e02_bgp_route_flap: 4 slow flaps over 7.1min, then 7 rapid flaps
[2026-07-18T03:51:40.020251+00:00]    SSH timeout on station1@192.168.50.10
[2026-07-18T03:52:55.170621+00:00] [chaos] sealed blind_20260718_0848_60m_e02_bgp_route_flap: 2026-07-18T03:42:43.683510+00:00 -> 2026-07-18T03:50:13.233412+00:00
[2026-07-18T03:53:00.846624+00:00] [chaos] near-miss blind_20260718_0848_60m_nm02 (bait — should stay healthy)
[2026-07-18T03:53:00.846720+00:00] NEAR-MISS aborted onset for 45s (not a real fault)...
[2026-07-18T03:53:47.877563+00:00] [chaos] normal ops 1.5 min...
[2026-07-18T03:55:15.650126+00:00] [chaos] === circumstance 3/6: tunnel_degradation (event_id=blind_20260718_0848_60m_e03_tunnel_degradation, 23 min budget left) ===
[2026-07-18T03:55:15.650365+00:00]   tunnel_degradation run=blind_20260718_0848_60m_e03_tunnel_degradation: ramping to 9.0% loss / 35ms delay over 9.2min
[2026-07-18T04:05:33.851328+00:00] [chaos] sealed blind_20260718_0848_60m_e03_tunnel_degradation: 2026-07-18T03:55:15.650357+00:00 -> 2026-07-18T04:02:12.138870+00:00
[2026-07-18T04:05:36.192672+00:00] [chaos] normal ops 2.0 min...
[2026-07-18T04:07:38.003843+00:00] [chaos] === circumstance 4/6: vrf_leakage (event_id=blind_20260718_0848_60m_e04_vrf_leakage, 11 min budget left) ===
[2026-07-18T04:07:38.004171+00:00]   vrf_leakage run=blind_20260718_0848_60m_e04_vrf_leakage: wrong RT import + PE2 symptom ramp to 3.2%/11ms over 5.2min, hold 7.7min
[2026-07-18T04:20:35.496495+00:00] [chaos] sealed blind_20260718_0848_60m_e04_vrf_leakage: 2026-07-18T04:07:38.004166+00:00 -> 2026-07-18T04:12:51.432178+00:00
[2026-07-18T04:20:38.201721+00:00] ================================================================
[2026-07-18T04:20:38.201827+00:00] BLIND CHAOS COMPLETE — 4 circumstances, 2 near-misses in 62.1 min
[2026-07-18T04:20:38.201854+00:00] Run the scorecard AFTER the operator has stopped:
[2026-07-18T04:20:38.201879+00:00]   python scripts/deca_blind_scorecard.py --run-id blind_20260718_0848_60m
[2026-07-18T04:20:38.201901+00:00] ================================================================
Chaos finished; letting the operator settle for 30s before stopping...
Operator ignored SIGINT — sending TERM...

Grading...
====================================================================
  DECA BLIND TEST SCORECARD — blind_20260718_0848_60m
====================================================================
  Circumstances the network created : 4
  Detected by the models            : 3  (rate 0.75)
  Correct fault class (first decl)  : 3  (accuracy 0.75)
  Correct class (ever, in-window)   : 3  (accuracy 0.75)
  Missed                            : 1
  Mean confirmed lead before breach : 4.6 min
  Mean advisory lead before breach  : 5.8 min  (class-agnostic; 'something forming')
  LSTM ETA mean abs error           : 3.9 min
  Severity bucket agreement         : 0.0  (3 scored)
  Severity continuous Pearson r     : -0.854  (3 pairs)
  Near-miss false alarms            : 0 / 2
  Spurious false alarms             : 3
====================================================================
  Per-circumstance:
   [HIT ] congestion_breach  station1  lead(conf/adv)=9.7/10.5min ETA=3.4/9.7 sev=low~medium ok
   [HIT ] bgp_route_flap     station1  lead(conf/adv)=-1.3/0.5min ETA=3.7/-1.3 sev=low~high ok
   [HIT ] tunnel_degradation station1  lead(conf/adv)=5.3/6.3min ETA=5.0/5.3 sev=medium~low ok
   [MISS] vrf_leakage        station2  lead(conf/adv)=None/Nonemin ETA=None/None sev=None~low ->None
====================================================================

  scorecard.json -> /home/brain/deca-isro/data/rpi-net/live/blind_20260718_0848_60m/scorecard.json
  canvas         -> /home/brain/.cursor/projects/home-brain-deca-isro/canvases/deca-blind-test.canvas.tsx

>>> LEG 1/2 complete at 2026-07-18T09:51:20+05:30

Settling lab 45s before control leg...
  lab cleared

>>> LEG 2/2 — CONTROL (control_20260718_0848_60m)
==============================================================
 DECA BLIND TEST  run_id=control_20260718_0848_60m  start_at=now  budget=60m
==============================================================
Pre-flight: run 'bash ~/deca_diagnostic.sh' and confirm all green,
and that Prometheus is healthy: curl -s localhost:9090/-/ready
Operator NOC feed will stream to: data/rpi-net/live/control_20260718_0848_60m/operator_feed.log  (tail -f to watch)

Operator armed (pid 476349). tail -f data/rpi-net/live/control_20260718_0848_60m/operator_feed.log
[2026-07-18T04:22:09.382098+00:00] ================================================================
[2026-07-18T04:22:09.382321+00:00] DECA BLIND CONTROL (all-healthy) armed — run_id=control_20260718_0848_60m seed=1784348536 (SEALED)
[2026-07-18T04:22:09.382447+00:00] Budget 60 min | NO real faults | 4 near-miss bait(s) | simulate=False
[2026-07-18T04:22:09.382591+00:00] Sealed truth: /home/brain/deca-isro/data/rpi-net/live/control_20260718_0848_60m/ground_truth.sealed.jsonl
[2026-07-18T04:22:09.382699+00:00] ================================================================
[2026-07-18T04:22:12.563780+00:00]    iperf3 server listening on station2 (192.168.50.20)
[2026-07-18T04:22:33.587437+00:00] Baseline traffic: 78 Mbps (station1 -> 192.168.50.20 via eth0)
[2026-07-18T04:23:05.312859+00:00]    iperf3 client running (~78 Mbps)
[2026-07-18T04:23:05.312991+00:00] [control] healthy baseline 13.2 min...
[2026-07-18T04:36:20.168430+00:00] [control] near-miss control_20260718_0848_60m_nm01 (bait — MUST stay healthy)
[2026-07-18T04:36:20.168730+00:00] NEAR-MISS aborted onset for 49s (not a real fault)...
[2026-07-18T04:37:11.724978+00:00] [control] sealed control_20260718_0848_60m_nm01: 2026-07-18T04:36:20.168717+00:00 -> 2026-07-18T04:37:11.724671+00:00
[2026-07-18T04:37:32.766010+00:00] [control] healthy baseline 7.3 min...
[2026-07-18T04:44:51.447400+00:00] [control] near-miss control_20260718_0848_60m_nm02 (bait — MUST stay healthy)
[2026-07-18T04:44:51.447686+00:00] NEAR-MISS aborted onset for 43s (not a real fault)...
[2026-07-18T04:45:35.710319+00:00] [control] sealed control_20260718_0848_60m_nm02: 2026-07-18T04:44:51.447674+00:00 -> 2026-07-18T04:45:35.710104+00:00
[2026-07-18T04:45:37.449115+00:00] [control] healthy baseline 15.5 min...
[2026-07-18T05:01:04.705953+00:00] [control] near-miss control_20260718_0848_60m_nm03 (bait — MUST stay healthy)
[2026-07-18T05:01:04.706233+00:00] NEAR-MISS aborted onset for 29s (not a real fault)...
[2026-07-18T05:01:34.814035+00:00] [control] sealed control_20260718_0848_60m_nm03: 2026-07-18T05:01:04.706220+00:00 -> 2026-07-18T05:01:34.813800+00:00
[2026-07-18T05:01:36.342568+00:00] [control] healthy baseline 8.5 min...
[2026-07-18T05:10:04.323226+00:00] [control] near-miss control_20260718_0848_60m_nm04 (bait — MUST stay healthy)
[2026-07-18T05:10:04.323505+00:00] NEAR-MISS aborted onset for 52s (not a real fault)...
[2026-07-18T05:10:58.507763+00:00] [control] sealed control_20260718_0848_60m_nm04: 2026-07-18T05:10:04.323491+00:00 -> 2026-07-18T05:10:58.507539+00:00
[2026-07-18T05:11:19.119731+00:00] [control] healthy baseline 10.8 min to end (no baits left)...
[2026-07-18T05:22:09.482493+00:00] ================================================================
[2026-07-18T05:22:09.482719+00:00] BLIND CONTROL COMPLETE — 0 real faults, 4 near-misses
[2026-07-18T05:22:09.484795+00:00] Any confirmed alarm here is a false positive. Grade with:
[2026-07-18T05:22:09.484977+00:00]   python scripts/deca_blind_scorecard.py --run-id control_20260718_0848_60m
[2026-07-18T05:22:09.485075+00:00] ================================================================
Chaos finished; letting the operator settle for 30s before stopping...
Operator ignored SIGINT — sending TERM...

Grading...
====================================================================
  DECA BLIND TEST SCORECARD — control_20260718_0848_60m
====================================================================
  Circumstances the network created : 0
  Detected by the models            : 0  (rate None)
  Correct fault class (first decl)  : 0  (accuracy None)
  Correct class (ever, in-window)   : 0  (accuracy None)
  Missed                            : 0
  Mean confirmed lead before breach : None min
  Mean advisory lead before breach  : None min  (class-agnostic; 'something forming')
  LSTM ETA mean abs error           : None min
  Severity bucket agreement         : None  (0 scored)
  Severity continuous Pearson r     : None  (0 pairs)
  Near-miss false alarms            : 0 / 4
  Spurious false alarms             : 0
====================================================================
  Per-circumstance:
====================================================================

  scorecard.json -> /home/brain/deca-isro/data/rpi-net/live/control_20260718_0848_60m/scorecard.json
  canvas         -> /home/brain/.cursor/projects/home-brain-deca-isro/canvases/deca-blind-test.canvas.tsx

>>> LEG 2/2 complete at 2026-07-18T10:52:51+05:30

>>> Archiving + aggregating
  archived blind_20260718_0848_60m -> data/rpi-net/blind-tests/blind_20260718_0848_60m
  archived control_20260718_0848_60m -> data/rpi-net/blind-tests/control_20260718_0848_60m

>>> Aggregate (tonight + any prior archived scorecards)
========================================================================
  DECA BLIND TEST — AGGREGATE OVER 8 RUN(S)
  runs: blind_20260716_1537_60m, blind_20260716_1924_60m, blind_20260718_0848_60m, control_20260716_1924_60m, control_20260718_0848_60m, control_fp_check2, specificity_exam_v1_20260717_1022, specificity_exam_v1
========================================================================
  Per-run metric            mean +/- sd        [min .. max]   n
  --------------------------------------------------------------------
  Detection rate             0.917 +/- 0.144    [0.75 .. 1.0]   3
  Class accuracy (first decl) 0.683 +/- 0.161    [0.5 .. 0.8]   3
  Class accuracy (eventual)  0.917 +/- 0.144    [0.75 .. 1.0]   3
  Confirmed lead             3.4 min +/- 1.058    [2.6 .. 4.6]   3
  Advisory lead              4.467 min +/- 1.258    [3.3 .. 5.8]   3
  ETA MAE                    3.433 min +/- 0.643    [2.7 .. 3.9]   3
  Severity bucket agreement  0.35 +/- 0.409    [0.0 .. 0.8]   3
  Severity Pearson r         -0.353 +/- 0.656    [-0.854 .. 0.389]   3
  Spurious false alarms      12.125 +/- 16.873    [0 .. 49]   8
========================================================================
  Pooled over the combined event sample:
    Circumstances                 : 13
    Detection rate                : 0.923 (12/13)
    Class accuracy (first decl)   : 0.692
    Class accuracy (eventual)     : 0.923
    Severity Pearson r            : -0.31 (12 pairs)
    Near-miss false alarms        : 11 / 23
    Spurious false alarms (total) : 97
========================================================================
  aggregate -> data/rpi-net/blind-tests/aggregate_20260718_0848.json

==============================================================
 DECA ULTIMATE 60+60 COMPLETE  2026-07-18T10:52:51+05:30
   blind scorecard   : data/rpi-net/live/blind_20260718_0848_60m/scorecard.json
   control scorecard : data/rpi-net/live/control_20260718_0848_60m/scorecard.json
   aggregate         : data/rpi-net/blind-tests/aggregate_20260718_0848.json
==============================================================
