==============================================================
 DECA ULTIMATE 60+60
   blind   : blind_20260716_1924_60m   (60 min, compound_prob=0.0)
   control : control_20260716_1924_60m (60 min, 4 near-miss baits)
   started : 2026-07-16T19:24:57+05:30
   ensemble: 0
==============================================================

Pre-flight Prometheus...
  Prometheus is Ready.

>>> LEG 1/2 — BLIND (blind_20260716_1924_60m)
==============================================================
 DECA BLIND TEST  run_id=blind_20260716_1924_60m  start_at=now  budget=60m
==============================================================
Pre-flight: run 'bash ~/deca_diagnostic.sh' and confirm all green,
and that Prometheus is healthy: curl -s localhost:9090/-/ready
Operator NOC feed will stream to: data/rpi-net/live/blind_20260716_1924_60m/operator_feed.log  (tail -f to watch)

Operator armed (pid 272159). tail -f data/rpi-net/live/blind_20260716_1924_60m/operator_feed.log
[2026-07-16T13:54:57.535369+00:00] ================================================================
[2026-07-16T13:54:57.535454+00:00] DECA BLIND CHAOS armed — run_id=blind_20260716_1924_60m seed=1784210097 (SEALED)
[2026-07-16T13:54:57.535492+00:00] Budget 60 min | target 5-6 events + 2 near-misses | simulate=False
[2026-07-16T13:54:57.535549+00:00] Sealed truth: /home/brain/deca-isro/data/rpi-net/live/blind_20260716_1924_60m/ground_truth.sealed.jsonl
[2026-07-16T13:54:57.535576+00:00] ================================================================
[2026-07-16T13:55:00.634948+00:00]    iperf3 server listening on station2 (192.168.50.20)
[2026-07-16T13:55:02.033073+00:00] Baseline traffic: 43 Mbps (station1 -> 192.168.50.20 via eth0)
[2026-07-16T13:55:32.064162+00:00]    SSH timeout on station1@192.168.50.10
[2026-07-16T13:55:32.064266+00:00]    Could not launch iperf3 client on station1
[2026-07-16T13:55:32.064346+00:00] [chaos] normal ops 2.1 min...
[2026-07-16T13:57:40.229585+00:00] [chaos] === circumstance 1/6: tunnel_degradation (event_id=blind_20260716_1924_60m_e01_tunnel_degradation, 57 min budget left) ===
[2026-07-16T13:57:40.229839+00:00]   tunnel_degradation run=blind_20260716_1924_60m_e01_tunnel_degradation: ramping to 11.5% loss / 45ms delay over 7.0min
[2026-07-16T14:08:29.094412+00:00] [chaos] sealed blind_20260716_1924_60m_e01_tunnel_degradation: 2026-07-16T13:57:40.229826+00:00 -> 2026-07-16T14:03:17.671093+00:00
[2026-07-16T14:08:31.186639+00:00] [chaos] near-miss blind_20260716_1924_60m_nm01 (bait — should stay healthy)
[2026-07-16T14:08:31.186741+00:00] NEAR-MISS aborted onset for 48s (not a real fault)...
[2026-07-16T14:09:21.437994+00:00] [chaos] normal ops 1.9 min...
[2026-07-16T14:11:15.344150+00:00] [chaos] === circumstance 2/6: vrf_leakage (event_id=blind_20260716_1924_60m_e02_vrf_leakage, 44 min budget left) ===
[2026-07-16T14:11:15.344378+00:00]   vrf_leakage run=blind_20260716_1924_60m_e02_vrf_leakage: wrong RT import + PE2 symptom ramp to 2.4%/11ms over 6.6min, hold 4.8min
[2026-07-16T14:22:41.377479+00:00] [chaos] sealed blind_20260716_1924_60m_e02_vrf_leakage: 2026-07-16T14:11:15.344368+00:00 -> 2026-07-16T14:17:54.993036+00:00
[2026-07-16T14:22:44.065938+00:00] [chaos] near-miss blind_20260716_1924_60m_nm02 (bait — should stay healthy)
[2026-07-16T14:22:44.066052+00:00] NEAR-MISS aborted onset for 26s (not a real fault)...
[2026-07-16T14:23:04.071331+00:00]    SSH timeout on station1@192.168.50.10
[2026-07-16T14:23:49.903087+00:00] [chaos] normal ops 2.9 min...
[2026-07-16T14:26:46.166721+00:00] [chaos] === circumstance 3/6: vrf_leakage (event_id=blind_20260716_1924_60m_e03_vrf_leakage, 28 min budget left) ===
[2026-07-16T14:26:46.166918+00:00]   vrf_leakage run=blind_20260716_1924_60m_e03_vrf_leakage: wrong RT import + PE2 symptom ramp to 2.0%/14ms over 4.0min, hold 6.8min
[2026-07-16T14:37:43.307462+00:00] [chaos] sealed blind_20260716_1924_60m_e03_vrf_leakage: 2026-07-16T14:26:46.166909+00:00 -> 2026-07-16T14:30:53.819265+00:00
[2026-07-16T14:37:46.953144+00:00] [chaos] normal ops 2.2 min...
[2026-07-16T14:40:00.188355+00:00] [chaos] === circumstance 4/6: congestion_breach (event_id=blind_20260716_1924_60m_e04_congestion_breach, 15 min budget left) ===
[2026-07-16T14:40:00.188614+00:00]   congestion_breach run=blind_20260716_1924_60m_e04_congestion_breach: 95->7mbit over 8.0min, 4 steps
[2026-07-16T14:53:11.106511+00:00] [chaos] sealed blind_20260716_1924_60m_e04_congestion_breach: 2026-07-16T14:40:00.188601+00:00 -> 2026-07-16T14:48:08.678078+00:00
[2026-07-16T14:53:12.999263+00:00] [chaos] normal ops 1.5 min...
[2026-07-16T14:54:41.204615+00:00] [chaos] === circumstance 5/6: tunnel_degradation (event_id=blind_20260716_1924_60m_e05_tunnel_degradation, 0 min budget left) ===
[2026-07-16T14:54:41.204885+00:00]   tunnel_degradation run=blind_20260716_1924_60m_e05_tunnel_degradation: ramping to 7.9% loss / 31ms delay over 6.3min
[2026-07-16T15:05:18.597377+00:00] [chaos] sealed blind_20260716_1924_60m_e05_tunnel_degradation: 2026-07-16T14:54:41.204872+00:00 -> 2026-07-16T14:59:29.468031+00:00
[2026-07-16T15:05:20.713881+00:00] ================================================================
[2026-07-16T15:05:20.714043+00:00] BLIND CHAOS COMPLETE — 5 circumstances, 2 near-misses in 70.4 min
[2026-07-16T15:05:20.714103+00:00] Run the scorecard AFTER the operator has stopped:
[2026-07-16T15:05:20.714161+00:00]   python scripts/deca_blind_scorecard.py --run-id blind_20260716_1924_60m
[2026-07-16T15:05:20.714217+00:00] ================================================================
Chaos finished; letting the operator settle for 30s before stopping...

Grading...
====================================================================
  DECA BLIND TEST SCORECARD — blind_20260716_1924_60m
====================================================================
  Circumstances the network created : 5
  Detected by the models            : 5  (rate 1.0)
  Correct fault class (first decl)  : 4  (accuracy 0.8)
  Correct class (ever, in-window)   : 5  (accuracy 1.0)
  Missed                            : 0
  Mean confirmed lead before breach : 3.0 min
  Mean advisory lead before breach  : 3.3 min  (class-agnostic; 'something forming')
  LSTM ETA mean abs error           : 3.7 min
  Severity bucket agreement         : 0.8  (5 scored)
  Severity continuous Pearson r     : -0.595  (5 pairs)
  Near-miss false alarms            : 2 / 2
  Spurious false alarms             : 17
====================================================================
  Per-circumstance:
   [HIT ] tunnel_degradation station1  lead(conf/adv)=4.9/5.2min ETA=4.0/4.9 sev=low~low ok
   [HIT ] vrf_leakage        station2  lead(conf/adv)=-2.0/-1.2min ETA=3.6/-2.0 sev=low~low ok
   [HIT ] vrf_leakage        station2  lead(conf/adv)=2.6/2.8min ETA=8.5/2.6 sev=low~low ok
   [HIT ] congestion_breach  station1  lead(conf/adv)=8.1/7.5min ETA=6.1/8.1 sev=low~low ->vrf_leakage
   [HIT ] tunnel_degradation station1  lead(conf/adv)=1.6/2.4min ETA=5.7/1.6 sev=high~low ok
====================================================================

  scorecard.json -> /home/brain/deca-isro/data/rpi-net/live/blind_20260716_1924_60m/scorecard.json
  canvas         -> /home/brain/.cursor/projects/home-brain-deca-isro/canvases/deca-blind-test.canvas.tsx

>>> LEG 1/2 complete at 2026-07-16T20:40:31+05:30

Settling lab 45s before control leg...
  lab cleared

>>> LEG 2/2 — CONTROL (control_20260716_1924_60m)
==============================================================
 DECA BLIND TEST  run_id=control_20260716_1924_60m  start_at=now  budget=60m
==============================================================
Pre-flight: run 'bash ~/deca_diagnostic.sh' and confirm all green,
and that Prometheus is healthy: curl -s localhost:9090/-/ready
Operator NOC feed will stream to: data/rpi-net/live/control_20260716_1924_60m/operator_feed.log  (tail -f to watch)

Operator armed (pid 299141). tail -f data/rpi-net/live/control_20260716_1924_60m/operator_feed.log
[2026-07-16T15:11:19.138490+00:00] ================================================================
[2026-07-16T15:11:19.138586+00:00] DECA BLIND CONTROL (all-healthy) armed — run_id=control_20260716_1924_60m seed=1784214686 (SEALED)
[2026-07-16T15:11:19.138632+00:00] Budget 60 min | NO real faults | 4 near-miss bait(s) | simulate=False
[2026-07-16T15:11:19.138694+00:00] Sealed truth: /home/brain/deca-isro/data/rpi-net/live/control_20260716_1924_60m/ground_truth.sealed.jsonl
[2026-07-16T15:11:19.138724+00:00] ================================================================
[2026-07-16T15:11:23.858335+00:00]    iperf3 server listening on station2 (192.168.50.20)
[2026-07-16T15:11:25.315743+00:00] Baseline traffic: 55 Mbps (station1 -> 192.168.50.20 via eth0)
[2026-07-16T15:11:31.243092+00:00]    iperf3 client running (~55 Mbps)
[2026-07-16T15:11:31.243231+00:00] [control] healthy baseline 9.9 min...
[2026-07-16T15:21:23.734068+00:00] [control] near-miss control_20260716_1924_60m_nm01 (bait — MUST stay healthy)
[2026-07-16T15:21:23.734229+00:00] NEAR-MISS aborted onset for 26s (not a real fault)...
[2026-07-16T15:21:52.162769+00:00] [control] sealed control_20260716_1924_60m_nm01: 2026-07-16T15:21:23.734221+00:00 -> 2026-07-16T15:21:52.162495+00:00
[2026-07-16T15:22:12.017703+00:00] [control] healthy baseline 15.4 min...
[2026-07-16T15:37:38.940169+00:00] [control] near-miss control_20260716_1924_60m_nm02 (bait — MUST stay healthy)
[2026-07-16T15:37:38.940384+00:00] NEAR-MISS aborted onset for 37s (not a real fault)...
[2026-07-16T15:38:18.838116+00:00] [control] sealed control_20260716_1924_60m_nm02: 2026-07-16T15:37:38.940374+00:00 -> 2026-07-16T15:38:18.837882+00:00
[2026-07-16T15:38:27.577188+00:00] [control] healthy baseline 9.8 min...
[2026-07-16T15:48:16.252109+00:00] [control] near-miss control_20260716_1924_60m_nm03 (bait — MUST stay healthy)
[2026-07-16T15:48:16.252316+00:00] NEAR-MISS aborted onset for 30s (not a real fault)...
[2026-07-16T15:48:50.652190+00:00] [control] sealed control_20260716_1924_60m_nm03: 2026-07-16T15:48:16.252304+00:00 -> 2026-07-16T15:48:50.651820+00:00
[2026-07-16T15:48:52.115818+00:00] [control] healthy baseline 6.6 min...
[2026-07-16T15:55:25.692039+00:00] [control] near-miss control_20260716_1924_60m_nm04 (bait — MUST stay healthy)
[2026-07-16T15:55:25.692181+00:00] NEAR-MISS aborted onset for 29s (not a real fault)...
[2026-07-16T15:55:56.775731+00:00] [control] sealed control_20260716_1924_60m_nm04: 2026-07-16T15:55:25.692175+00:00 -> 2026-07-16T15:55:56.775449+00:00
[2026-07-16T15:55:58.148847+00:00] [control] healthy baseline 15.3 min to end (no baits left)...
[2026-07-16T16:11:19.148053+00:00] ================================================================
[2026-07-16T16:11:19.148304+00:00] BLIND CONTROL COMPLETE — 0 real faults, 4 near-misses
[2026-07-16T16:11:19.148402+00:00] Any confirmed alarm here is a false positive. Grade with:
[2026-07-16T16:11:19.148485+00:00]   python scripts/deca_blind_scorecard.py --run-id control_20260716_1924_60m
[2026-07-16T16:11:19.148560+00:00] ================================================================
Chaos finished; letting the operator settle for 30s before stopping...
Operator ignored SIGINT — sending TERM...

Grading...
====================================================================
  DECA BLIND TEST SCORECARD — control_20260716_1924_60m
====================================================================
  Circumstances the network created : 0
  Detected by the models            : 0  (rate None)
  Correct fault class (first decl)  : 0  (accuracy None)
  Correct class (ever, in-window)   : 0  (accuracy None)
  Missed                            : 0
  Mean confirmed lead before breach : None min
  Mean advisory lead before breach  : None min  (class-agnostic; 'something forming')
  LSTM ETA mean abs error           : None min
  Severity bucket agreement         : None  (0 scored)
  Severity continuous Pearson r     : None  (0 pairs)
  Near-miss false alarms            : 3 / 4
  Spurious false alarms             : 21
====================================================================
  Per-circumstance:
====================================================================

  scorecard.json -> /home/brain/deca-isro/data/rpi-net/live/control_20260716_1924_60m/scorecard.json
  canvas         -> /home/brain/.cursor/projects/home-brain-deca-isro/canvases/deca-blind-test.canvas.tsx

>>> LEG 2/2 complete at 2026-07-16T21:41:58+05:30

>>> Archiving + aggregating
  archived blind_20260716_1924_60m -> data/rpi-net/blind-tests/blind_20260716_1924_60m
  archived control_20260716_1924_60m -> data/rpi-net/blind-tests/control_20260716_1924_60m

>>> Aggregate (tonight + any prior archived scorecards)
========================================================================
  DECA BLIND TEST — AGGREGATE OVER 3 RUN(S)
  runs: blind_20260716_1537_60m, blind_20260716_1924_60m, control_20260716_1924_60m
========================================================================
  Per-run metric            mean +/- sd        [min .. max]   n
  --------------------------------------------------------------------
  Detection rate             1.0 +/- 0.0    [1.0 .. 1.0]   2
  Class accuracy (first decl) 0.65 +/- 0.212    [0.5 .. 0.8]   2
  Class accuracy (eventual)  1.0 +/- 0.0    [1.0 .. 1.0]   2
  Confirmed lead             2.8 min +/- 0.283    [2.6 .. 3.0]   2
  Advisory lead              3.8 min +/- 0.707    [3.3 .. 4.3]   2
  ETA MAE                    3.2 min +/- 0.707    [2.7 .. 3.7]   2
  Severity bucket agreement  0.525 +/- 0.389    [0.25 .. 0.8]   2
  Severity Pearson r         -0.103 +/- 0.696    [-0.595 .. 0.389]   2
  Spurious false alarms      29.0 +/- 17.436    [17 .. 49]   3
========================================================================
  Pooled over the combined event sample:
    Circumstances                 : 9
    Detection rate                : 1.0 (9/9)
    Class accuracy (first decl)   : 0.667
    Class accuracy (eventual)     : 1.0
    Severity Pearson r            : 0.13 (9 pairs)
    Near-miss false alarms        : 6 / 7
    Spurious false alarms (total) : 87
========================================================================
  aggregate -> data/rpi-net/blind-tests/aggregate_20260716_1924.json

==============================================================
 DECA ULTIMATE 60+60 COMPLETE  2026-07-16T21:41:58+05:30
   blind scorecard   : data/rpi-net/live/blind_20260716_1924_60m/scorecard.json
   control scorecard : data/rpi-net/live/control_20260716_1924_60m/scorecard.json
   aggregate         : data/rpi-net/blind-tests/aggregate_20260716_1924.json
==============================================================
