[2026-07-18T03:18:29.620634+00:00] ================================================================
[2026-07-18T03:18:29.620718+00:00] DECA BLIND CHAOS armed — run_id=blind_20260718_0848_60m seed=1784344709 (SEALED)
[2026-07-18T03:18:29.620758+00:00] Budget 60 min | target 5-6 events + 2 near-misses | simulate=False
[2026-07-18T03:18:29.620813+00:00] Sealed truth: /home/brain/deca-isro/data/rpi-net/live/blind_20260718_0848_60m/ground_truth.sealed.jsonl
[2026-07-18T03:18:29.620838+00:00] ================================================================
[2026-07-18T03:18:35.121045+00:00]    iperf3 server listening on station2 (192.168.50.20)
[2026-07-18T03:18:36.531065+00:00] Baseline traffic: 83 Mbps (station1 -> 192.168.50.20 via eth0)
[2026-07-18T03:18:41.360816+00:00]    iperf3 client running (~83 Mbps)
[2026-07-18T03:18:41.360976+00:00] [chaos] normal ops 1.8 min...
[2026-07-18T03:20:28.608128+00:00] [chaos] === circumstance 1/6: congestion_breach (event_id=blind_20260718_0848_60m_e01_congestion_breach, 58 min budget left) ===
[2026-07-18T03:20:28.608381+00:00]   congestion_breach run=blind_20260718_0848_60m_e01_congestion_breach: 95->8mbit over 11.5min, 4 steps
[2026-07-18T03:39:00.133582+00:00] [chaos] sealed blind_20260718_0848_60m_e01_congestion_breach: 2026-07-18T03:20:28.608369+00:00 -> 2026-07-18T03:32:07.259787+00:00
[2026-07-18T03:39:05.408050+00:00] [chaos] near-miss blind_20260718_0848_60m_nm01 (bait — should stay healthy)
[2026-07-18T03:39:05.408162+00:00] NEAR-MISS aborted onset for 25s (not a real fault)...
[2026-07-18T03:39:25.412130+00:00]    SSH timeout on station1@192.168.50.10
[2026-07-18T03:39:52.440518+00:00] [chaos] normal ops 2.9 min...
[2026-07-18T03:42:43.683270+00:00] [chaos] === circumstance 2/6: bgp_route_flap (event_id=blind_20260718_0848_60m_e02_bgp_route_flap, 36 min budget left) ===
[2026-07-18T03:42:43.683518+00:00]   bgp_route_flap run=blind_20260718_0848_60m_e02_bgp_route_flap: 4 slow flaps over 7.1min, then 7 rapid flaps
[2026-07-18T03:51:40.020251+00:00]    SSH timeout on station1@192.168.50.10
[2026-07-18T03:52:55.170621+00:00] [chaos] sealed blind_20260718_0848_60m_e02_bgp_route_flap: 2026-07-18T03:42:43.683510+00:00 -> 2026-07-18T03:50:13.233412+00:00
[2026-07-18T03:53:00.846624+00:00] [chaos] near-miss blind_20260718_0848_60m_nm02 (bait — should stay healthy)
[2026-07-18T03:53:00.846720+00:00] NEAR-MISS aborted onset for 45s (not a real fault)...
[2026-07-18T03:53:47.877563+00:00] [chaos] normal ops 1.5 min...
[2026-07-18T03:55:15.650126+00:00] [chaos] === circumstance 3/6: tunnel_degradation (event_id=blind_20260718_0848_60m_e03_tunnel_degradation, 23 min budget left) ===
[2026-07-18T03:55:15.650365+00:00]   tunnel_degradation run=blind_20260718_0848_60m_e03_tunnel_degradation: ramping to 9.0% loss / 35ms delay over 9.2min
[2026-07-18T04:05:33.851328+00:00] [chaos] sealed blind_20260718_0848_60m_e03_tunnel_degradation: 2026-07-18T03:55:15.650357+00:00 -> 2026-07-18T04:02:12.138870+00:00
[2026-07-18T04:05:36.192672+00:00] [chaos] normal ops 2.0 min...
[2026-07-18T04:07:38.003843+00:00] [chaos] === circumstance 4/6: vrf_leakage (event_id=blind_20260718_0848_60m_e04_vrf_leakage, 11 min budget left) ===
[2026-07-18T04:07:38.004171+00:00]   vrf_leakage run=blind_20260718_0848_60m_e04_vrf_leakage: wrong RT import + PE2 symptom ramp to 3.2%/11ms over 5.2min, hold 7.7min
[2026-07-18T04:20:35.496495+00:00] [chaos] sealed blind_20260718_0848_60m_e04_vrf_leakage: 2026-07-18T04:07:38.004166+00:00 -> 2026-07-18T04:12:51.432178+00:00
[2026-07-18T04:20:38.201721+00:00] ================================================================
[2026-07-18T04:20:38.201827+00:00] BLIND CHAOS COMPLETE — 4 circumstances, 2 near-misses in 62.1 min
[2026-07-18T04:20:38.201854+00:00] Run the scorecard AFTER the operator has stopped:
[2026-07-18T04:20:38.201879+00:00]   python scripts/deca_blind_scorecard.py --run-id blind_20260718_0848_60m
[2026-07-18T04:20:38.201901+00:00] ================================================================
