[1mLoading DECA model stack...[0m
WARNING: All log messages before absl::InitializeLog() is called are written to STDERR
I0000 00:00:1784344710.664794  456496 cudart_stub.cc:31] Could not find cuda drivers on your machine, GPU will not be used.
I0000 00:00:1784344710.714307  456496 cpu_feature_guard.cc:227] This TensorFlow binary is optimized to use available CPU instructions in performance-critical operations.
To enable the following instructions: AVX2 FMA, in other operations, rebuild TensorFlow with the appropriate compiler flags.
WARNING: All log messages before absl::InitializeLog() is called are written to STDERR
I0000 00:00:1784344711.928676  456496 cudart_stub.cc:31] Could not find cuda drivers on your machine, GPU will not be used.
E0000 00:00:1784344712.590428  456496 cuda_platform.cc:52] failed call to cuInit: INTERNAL: CUDA error: Failed call to cuInit: UNKNOWN ERROR (303)
  classes=['healthy', 'congestion_breach', 'tunnel_degradation', 'bgp_route_flap', 'vrf_leakage']
  ensemble (plain+wm agreement): off
  loom: soft_streak=True enter_k=3 advisory_enter_k=2
  LSTM ETA: ready | circumstance head: ready
  scoped hosts: ['station1', 'station2']
  declarations -> /home/brain/deca-isro/data/rpi-net/live/blind_20260718_0848_60m/declarations.jsonl

[1m=== DECA LIVE OPERATOR watching blind_20260718_0848_60m (PROMETHEUS :9090) ===[0m

    clean telemetry live: 2124 → 1518 rows
[2m[03:18:32] tick 1[0m
  [36mstation1 [0m [32mhealthy[0m                      conf=0.83  ETA=  5.7m sev=[32mlow   [0m [2m     f=99[0m
  [36mstation2 [0m [32mhealthy[0m                      conf=0.93  ETA=  6.7m sev=[32mlow   [0m [2m     f=99[0m
    clean telemetry live: 2124 → 1518 rows
[2m[03:18:48] tick 2[0m
  [36mstation1 [0m [32mhealthy[0m                      conf=0.83  ETA=  5.3m sev=[32mlow   [0m [2m     f=99[0m
  [36mstation2 [0m [32mhealthy[0m                      conf=0.98  ETA=  7.0m sev=[32mlow   [0m [2m     f=99[0m
    clean telemetry live: 2124 → 1518 rows
[2m[03:19:03] tick 3[0m
  [36mstation1 [0m [32mhealthy[0m                      conf=0.92  ETA=  4.4m sev=[32mlow   [0m [2m     f=99[0m
  [36mstation2 [0m [32mhealthy[0m                      conf=0.93  ETA=  7.2m sev=[32mlow   [0m [2m     f=99[0m
    clean telemetry live: 2124 → 1518 rows
[2m[03:19:19] tick 4[0m
  [36mstation1 [0m [32mhealthy[0m                      conf=0.87  ETA=  4.4m sev=[32mlow   [0m [2m     f=99[0m
  [36mstation2 [0m [32mhealthy[0m                      conf=0.84  ETA=  7.2m sev=[32mlow   [0m [2m     f=99[0m
    clean telemetry live: 2124 → 1518 rows
[2m[03:19:34] tick 5[0m
  [36mstation1 [0m [32mhealthy[0m                      conf=0.97  ETA=  3.5m sev=[32mlow   [0m [2m     f=99[0m
  [36mstation2 [0m [32mhealthy[0m                      conf=0.96  ETA=  7.6m sev=[32mlow   [0m [2m     f=99[0m
    clean telemetry live: 2124 → 1518 rows
[2m[03:19:49] tick 6[0m
  [36mstation1 [0m [32mhealthy[0m                      conf=0.90  ETA=  3.9m sev=[32mlow   [0m [2m     f=99[0m
  [36mstation2 [0m [32mhealthy[0m                      conf=0.98  ETA=  7.6m sev=[32mlow   [0m [2m     f=99[0m
    clean telemetry live: 2124 → 1518 rows
[2m[03:20:05] tick 7[0m
  [36mstation1 [0m [32mhealthy[0m                      conf=0.95  ETA=  3.8m sev=[32mlow   [0m [2m     f=99[0m
  [36mstation2 [0m [32mhealthy[0m                      conf=0.99  ETA=  7.8m sev=[32mlow   [0m [2m     f=99[0m
    clean telemetry live: 2124 → 1518 rows
[2m[03:20:20] tick 8[0m
  [36mstation1 [0m [32mhealthy[0m                      conf=0.91  ETA=  3.7m sev=[32mlow   [0m [2m     f=99[0m
  [36mstation2 [0m [32mhealthy[0m                      conf=0.96  ETA=  7.7m sev=[32mlow   [0m [2m     f=99[0m
    clean telemetry live: 2124 → 1518 rows
[2m[03:20:35] tick 9[0m
  [36mstation1 [0m [32mhealthy[0m                      conf=0.74  ETA=  3.6m sev=[32mlow   [0m [2m     f=99[0m
  [36mstation2 [0m [32mhealthy[0m                      conf=0.91  ETA=  7.6m sev=[32mlow   [0m [2m     f=99[0m
    clean telemetry live: 2124 → 1518 rows
[2m[03:20:51] tick 10[0m
  [36mstation1 [0m [32mhealthy[0m                      conf=0.96  ETA=  3.8m sev=[32mlow   [0m [2mcirc f=99[0m
  [36mstation2 [0m [32mhealthy[0m                      conf=0.95  ETA=  7.6m sev=[32mlow   [0m [2m     f=99[0m
    clean telemetry live: 2124 → 1518 rows
[2m[03:21:06] tick 11[0m
  [36mstation1 [0m [32mhealthy[0m                      conf=0.94  ETA=  3.4m sev=[32mlow   [0m [2mcirc f=99[0m
  [36mstation2 [0m [32mhealthy[0m                      conf=0.95  ETA=  7.9m sev=[32mlow   [0m [2m     f=99[0m
    clean telemetry live: 2124 → 1518 rows
[2m[03:21:21] tick 12[0m
  [36mstation1 [0m [32mhealthy[0m                      conf=0.71  ETA=  3.3m sev=[32mlow   [0m [2mcirc f=99[0m
  [36mstation2 [0m [32mhealthy[0m                      conf=0.93  ETA=  7.7m sev=[32mlow   [0m [2m     f=99[0m
    clean telemetry live: 2124 → 1518 rows
[2m[03:21:37] tick 13[0m
  [36mstation1 [0m [33mADVISORY  congestion_breach [0m conf=0.74  ETA=  3.3m sev=[32mlow   [0m [2mcirc f=99[0m
  [36mstation2 [0m [32mhealthy[0m                      conf=0.66  ETA=  7.7m sev=[32mlow   [0m [2mcirc f=99[0m
    clean telemetry live: 2124 → 1518 rows
[2m[03:21:52] tick 14[0m
  [36mstation1 [0m [33mADVISORY  congestion_breach [0m conf=0.78  ETA=  3.1m sev=[32mlow   [0m [2mcirc f=99[0m
  [36mstation2 [0m [33mADVISORY  congestion_breach [0m conf=0.56  ETA=  7.7m sev=[32mlow   [0m [2mcirc f=99[0m
    clean telemetry live: 2124 → 1518 rows
[2m[03:22:07] tick 15[0m
  [36mstation1 [0m [33mADVISORY  congestion_breach [0m conf=0.78  ETA=  3.3m sev=[32mlow   [0m [2mcirc f=99[0m
  [36mstation2 [0m [32mhealthy[0m                      conf=0.62  ETA=  7.8m sev=[32mlow   [0m [2mcirc f=99[0m
    clean telemetry live: 2124 → 1518 rows
[2m[03:22:23] tick 16[0m
  [36mstation1 [0m [31m[1mCONFIRMED congestion_breach [0m conf=0.65  ETA=  3.4m sev=[32mlow   [0m [2mcirc f=99[0m
  [36mstation2 [0m [33mADVISORY  congestion_breach [0m conf=0.53  ETA=  8.2m sev=[32mlow   [0m [2mcirc f=99[0m
    clean telemetry live: 2124 → 1518 rows
[2m[03:22:38] tick 17[0m
  [36mstation1 [0m [31m[1mCONFIRMED congestion_breach [0m conf=0.86  ETA=  3.3m sev=[32mlow   [0m [2mcirc f=99[0m
  [36mstation2 [0m [33mADVISORY  congestion_breach [0m conf=0.59  ETA=  7.9m sev=[32mlow   [0m [2mcirc f=99[0m
    clean telemetry live: 2124 → 1518 rows
[2m[03:22:53] tick 18[0m
  [36mstation1 [0m [31m[1mCONFIRMED congestion_breach [0m conf=0.77  ETA=  3.3m sev=[32mlow   [0m [2mcirc f=99[0m
  [36mstation2 [0m [33mADVISORY  congestion_breach [0m conf=0.75  ETA=  7.8m sev=[32mlow   [0m [2mcirc f=99[0m
    clean telemetry live: 2124 → 1518 rows
[2m[03:23:09] tick 19[0m
  [36mstation1 [0m [31m[1mCONFIRMED congestion_breach [0m conf=0.84  ETA=  3.5m sev=[32mlow   [0m [2mcirc f=99[0m
  [36mstation2 [0m [31m[1mCONFIRMED congestion_breach [0m conf=0.68  ETA=  7.7m sev=[32mlow   [0m [2mcirc f=99[0m
    clean telemetry live: 2124 → 1518 rows
[2m[03:23:24] tick 20[0m
  [36mstation1 [0m [31m[1mCONFIRMED congestion_breach [0m conf=0.76  ETA=  3.6m sev=[32mlow   [0m [2mcirc f=99[0m
  [36mstation2 [0m [31m[1mCONFIRMED congestion_breach [0m conf=0.75  ETA=  7.8m sev=[32mlow   [0m [2mcirc f=99[0m
    clean telemetry live: 2124 → 1518 rows
[2m[03:23:39] tick 21[0m
  [36mstation1 [0m [31m[1mCONFIRMED congestion_breach [0m conf=0.65  ETA=  3.5m sev=[32mlow   [0m [2mcirc f=99[0m
  [36mstation2 [0m [31m[1mCONFIRMED congestion_breach [0m conf=0.76  ETA=  7.7m sev=[32mlow   [0m [2mcirc f=99[0m
    clean telemetry live: 2124 → 1518 rows
[2m[03:23:55] tick 22[0m
  [36mstation1 [0m [31m[1mCONFIRMED congestion_breach [0m conf=0.77  ETA=  3.4m sev=[32mlow   [0m [2mcirc f=99[0m
  [36mstation2 [0m [31m[1mCONFIRMED congestion_breach [0m conf=0.73  ETA=  7.6m sev=[32mlow   [0m [2m     f=99[0m
    clean telemetry live: 2124 → 1518 rows
[2m[03:24:10] tick 23[0m
  [36mstation1 [0m [31m[1mCONFIRMED congestion_breach [0m conf=0.88  ETA=  3.5m sev=[32mlow   [0m [2mcirc f=99[0m
  [36mstation2 [0m [31m[1mCONFIRMED congestion_breach [0m conf=0.77  ETA=  7.7m sev=[32mlow   [0m [2mcirc f=99[0m
    clean telemetry live: 2124 → 1518 rows
[2m[03:24:25] tick 24[0m
  [36mstation1 [0m [31m[1mCONFIRMED congestion_breach [0m conf=0.80  ETA=  3.5m sev=[32mlow   [0m [2mcirc f=99[0m
  [36mstation2 [0m [31m[1mCONFIRMED congestion_breach [0m conf=0.72  ETA=  7.9m sev=[32mlow   [0m [2m     f=99[0m
    clean telemetry live: 2124 → 1518 rows
[2m[03:24:41] tick 25[0m
  [36mstation1 [0m [31m[1mCONFIRMED congestion_breach [0m conf=0.79  ETA=  3.2m sev=[32mlow   [0m [2mcirc f=99[0m
  [36mstation2 [0m [31m[1mCONFIRMED congestion_breach [0m conf=0.75  ETA=  7.7m sev=[32mlow   [0m [2mcirc f=99[0m
    clean telemetry live: 2124 → 1518 rows
[2m[03:24:56] tick 26[0m
  [36mstation1 [0m [31m[1mCONFIRMED congestion_breach [0m conf=0.85  ETA=  2.9m sev=[32mlow   [0m [2m     f=99[0m
  [36mstation2 [0m [31m[1mCONFIRMED congestion_breach [0m conf=0.55  ETA=  8.0m sev=[32mlow   [0m [2mcirc f=99[0m
    clean telemetry live: 2124 → 1518 rows
[2m[03:25:11] tick 27[0m
  [36mstation1 [0m [31m[1mCONFIRMED congestion_breach [0m conf=0.80  ETA=  2.8m sev=[32mlow   [0m [2m     f=99[0m
  [36mstation2 [0m [31m[1mCONFIRMED congestion_breach [0m conf=0.71  ETA=  8.0m sev=[32mlow   [0m [2mcirc f=99[0m
    clean telemetry live: 2124 → 1518 rows
[2m[03:25:27] tick 28[0m
  [36mstation1 [0m [31m[1mCONFIRMED congestion_breach [0m conf=0.85  ETA=  2.8m sev=[32mlow   [0m [2mcirc f=99[0m
  [36mstation2 [0m [31m[1mCONFIRMED congestion_breach [0m conf=0.78  ETA=  8.6m sev=[32mlow   [0m [2mcirc f=99[0m
    clean telemetry live: 2124 → 1518 rows
[2m[03:25:42] tick 29[0m
  [36mstation1 [0m [31m[1mCONFIRMED congestion_breach [0m conf=0.80  ETA=  2.8m sev=[32mlow   [0m [2mcirc f=99[0m
  [36mstation2 [0m [31m[1mCONFIRMED congestion_breach [0m conf=0.77  ETA=  8.7m sev=[32mlow   [0m [2mcirc f=99[0m
    clean telemetry live: 2124 → 1518 rows
[2m[03:25:57] tick 30[0m
  [36mstation1 [0m [31m[1mCONFIRMED congestion_breach [0m conf=0.70  ETA=  2.6m sev=[32mlow   [0m [2mcirc f=99[0m
  [36mstation2 [0m [31m[1mCONFIRMED congestion_breach [0m conf=0.71  ETA=  9.0m sev=[32mlow   [0m [2mcirc f=99[0m
    clean telemetry live: 2124 → 1518 rows
[2m[03:26:13] tick 31[0m
  [36mstation1 [0m [31m[1mCONFIRMED congestion_breach [0m conf=0.76  ETA=  2.6m sev=[32mlow   [0m [2mcirc f=99[0m
  [36mstation2 [0m [31m[1mCONFIRMED congestion_breach [0m conf=0.80  ETA=  8.1m sev=[32mlow   [0m [2mcirc f=99[0m
    clean telemetry live: 2124 → 1518 rows
[2m[03:26:28] tick 32[0m
  [36mstation1 [0m [31m[1mCONFIRMED congestion_breach [0m conf=0.84  ETA=  2.7m sev=[32mlow   [0m [2mcirc f=99[0m
  [36mstation2 [0m [31m[1mCONFIRMED congestion_breach [0m conf=0.76  ETA=  8.4m sev=[32mlow   [0m [2mcirc f=99[0m
    clean telemetry live: 2124 → 1518 rows
[2m[03:26:44] tick 33[0m
  [36mstation1 [0m [31m[1mCONFIRMED congestion_breach [0m conf=0.73  ETA=  2.5m sev=[32mlow   [0m [2mcirc f=99[0m
  [36mstation2 [0m [31m[1mCONFIRMED congestion_breach [0m conf=0.78  ETA=  8.7m sev=[32mlow   [0m [2mcirc f=99[0m
    clean telemetry live: 2124 → 1518 rows
[2m[03:26:59] tick 34[0m
  [36mstation1 [0m [31m[1mCONFIRMED congestion_breach [0m conf=0.68  ETA=  2.2m sev=[32mlow   [0m [2mcirc f=99[0m
  [36mstation2 [0m [31m[1mCONFIRMED congestion_breach [0m conf=0.78  ETA=  8.7m sev=[32mlow   [0m [2mcirc f=99[0m
    clean telemetry live: 2124 → 1518 rows
[2m[03:27:14] tick 35[0m
  [36mstation1 [0m [31m[1mCONFIRMED congestion_breach [0m conf=0.73  ETA=  2.2m sev=[33mmedium[0m [2mcirc f=99[0m
  [36mstation2 [0m [31m[1mCONFIRMED congestion_breach [0m conf=0.63  ETA=  9.1m sev=[32mlow   [0m [2mcirc f=99[0m
    clean telemetry live: 2124 → 1518 rows
[2m[03:27:30] tick 36[0m
  [36mstation1 [0m [31m[1mCONFIRMED congestion_breach [0m conf=0.82  ETA=  2.2m sev=[33mmedium[0m [2mcirc f=99[0m
  [36mstation2 [0m [31m[1mCONFIRMED congestion_breach [0m conf=0.79  ETA=  9.2m sev=[33mmedium[0m [2mcirc f=99[0m
    clean telemetry live: 2121 → 1515 rows
[2m[03:27:45] tick 37[0m
  [36mstation1 [0m [31m[1mCONFIRMED congestion_breach [0m conf=0.64  ETA=  2.1m sev=[33mmedium[0m [2mcirc f=99[0m
  [36mstation2 [0m [31m[1mCONFIRMED congestion_breach [0m conf=0.87  ETA=  9.2m sev=[33mmedium[0m [2mcirc f=99[0m
    clean telemetry live: 2121 → 1515 rows
[2m[03:28:00] tick 38[0m
  [36mstation1 [0m [31m[1mCONFIRMED congestion_breach [0m conf=0.68  ETA=  2.0m sev=[33mmedium[0m [2mcirc f=99[0m
  [36mstation2 [0m [31m[1mCONFIRMED congestion_breach [0m conf=0.78  ETA=  9.2m sev=[33mmedium[0m [2mcirc f=99[0m
    clean telemetry live: 2121 → 1515 rows
[2m[03:28:16] tick 39[0m
  [36mstation1 [0m [31m[1mCONFIRMED congestion_breach [0m conf=0.62  ETA=  1.7m sev=[33mmedium[0m [2mcirc f=99[0m
  [36mstation2 [0m [31m[1mCONFIRMED congestion_breach [0m conf=0.85  ETA=  9.4m sev=[33mmedium[0m [2mcirc f=99[0m
    clean telemetry live: 2124 → 1518 rows
[2m[03:28:31] tick 40[0m
  [36mstation1 [0m [31m[1mCONFIRMED congestion_breach [0m conf=0.70  ETA=  1.2m sev=[33mmedium[0m [2mcirc f=99[0m
  [36mstation2 [0m [31m[1mCONFIRMED congestion_breach [0m conf=0.69  ETA=  9.1m sev=[33mmedium[0m [2mcirc f=99[0m
    clean telemetry live: 2124 → 1518 rows
[2m[03:28:46] tick 41[0m
  [36mstation1 [0m [31m[1mCONFIRMED congestion_breach [0m conf=0.81  ETA=  1.2m sev=[33mmedium[0m [2mcirc f=99[0m
  [36mstation2 [0m [31m[1mCONFIRMED congestion_breach [0m conf=0.77  ETA=  9.1m sev=[33mmedium[0m [2mcirc f=99[0m
    clean telemetry live: 2124 → 1518 rows
[2m[03:29:02] tick 42[0m
  [36mstation1 [0m [31m[1mCONFIRMED congestion_breach [0m conf=0.66  ETA=  1.0m sev=[33mmedium[0m [2mcirc f=99[0m
  [36mstation2 [0m [31m[1mCONFIRMED congestion_breach [0m conf=0.74  ETA=  9.2m sev=[33mmedium[0m [2mcirc f=99[0m
    clean telemetry live: 2124 → 1518 rows
[2m[03:29:17] tick 43[0m
  [36mstation1 [0m [31m[1mCONFIRMED congestion_breach [0m conf=0.69  ETA=  0.9m sev=[33mmedium[0m [2mcirc f=99[0m
  [36mstation2 [0m [31m[1mCONFIRMED congestion_breach [0m conf=0.73  ETA=  8.8m sev=[33mmedium[0m [2mcirc f=99[0m
    clean telemetry live: 2124 → 1518 rows
[2m[03:29:32] tick 44[0m
  [36mstation1 [0m [31m[1mCONFIRMED congestion_breach [0m conf=0.77  ETA=  0.9m sev=[33mmedium[0m [2mcirc f=99[0m
  [36mstation2 [0m [31m[1mCONFIRMED congestion_breach [0m conf=0.84  ETA=  8.4m sev=[33mmedium[0m [2mcirc f=99[0m
    clean telemetry live: 2124 → 1518 rows
[2m[03:29:48] tick 45[0m
  [36mstation1 [0m [31m[1mCONFIRMED congestion_breach [0m conf=0.84  ETA=  0.9m sev=[33mmedium[0m [2mcirc f=99[0m
  [36mstation2 [0m [31m[1mCONFIRMED congestion_breach [0m conf=0.75  ETA=  7.2m sev=[33mmedium[0m [2mcirc f=99[0m
    clean telemetry live: 2124 → 1518 rows
[2m[03:30:03] tick 46[0m
  [36mstation1 [0m [31m[1mCONFIRMED congestion_breach [0m conf=0.75  ETA=  0.8m sev=[33mmedium[0m [2mcirc f=99[0m
  [36mstation2 [0m [31m[1mCONFIRMED congestion_breach [0m conf=0.76  ETA=  7.3m sev=[33mmedium[0m [2mcirc f=99[0m
    clean telemetry live: 2124 → 1518 rows
[2m[03:30:18] tick 47[0m
  [36mstation1 [0m [31m[1mCONFIRMED congestion_breach [0m conf=0.71  ETA=  0.8m sev=[31mhigh  [0m [2mcirc f=99[0m
  [36mstation2 [0m [31m[1mCONFIRMED congestion_breach [0m conf=0.72  ETA=  6.4m sev=[33mmedium[0m [2mcirc f=99[0m
    clean telemetry live: 2124 → 1518 rows
[2m[03:30:34] tick 48[0m
  [36mstation1 [0m [31m[1mCONFIRMED congestion_breach [0m conf=0.65  ETA=  0.7m sev=[31mhigh  [0m [2mcirc f=99[0m
  [36mstation2 [0m [31m[1mCONFIRMED congestion_breach [0m conf=0.66  ETA=  5.5m sev=[33mmedium[0m [2mcirc f=99[0m
    clean telemetry live: 2124 → 1518 rows
[2m[03:30:49] tick 49[0m
  [36mstation1 [0m [31m[1mCONFIRMED congestion_breach [0m conf=0.82  ETA=  0.7m sev=[31mhigh  [0m [2mcirc f=99[0m
  [36mstation2 [0m [31m[1mCONFIRMED congestion_breach [0m conf=0.61  ETA=  4.8m sev=[33mmedium[0m [2mcirc f=99[0m
    clean telemetry live: 2124 → 1518 rows
[2m[03:31:04] tick 50[0m
  [36mstation1 [0m [31m[1mCONFIRMED congestion_breach [0m conf=0.70  ETA=  0.5m sev=[31mhigh  [0m [2mcirc f=99[0m
  [36mstation2 [0m [31m[1mCONFIRMED congestion_breach [0m conf=0.53  ETA=  4.5m sev=[33mmedium[0m [2mcirc f=99[0m
    clean telemetry live: 2124 → 1518 rows
[2m[03:31:20] tick 51[0m
  [36mstation1 [0m [31m[1mCONFIRMED congestion_breach [0m conf=0.69  ETA=  0.5m sev=[31mhigh  [0m [2mcirc f=99[0m
  [36mstation2 [0m [31m[1mCONFIRMED congestion_breach [0m conf=0.51  ETA=  4.7m sev=[31mhigh  [0m [2mcirc f=99[0m
    clean telemetry live: 2124 → 1518 rows
[2m[03:31:35] tick 52[0m
  [36mstation1 [0m [31m[1mCONFIRMED congestion_breach [0m conf=0.61  ETA=  0.4m sev=[31mhigh  [0m [2mcirc f=99[0m
  [36mstation2 [0m [32mhealthy[0m                      conf=0.59  ETA=  4.1m sev=[31mhigh  [0m [2mcirc f=99[0m
    clean telemetry live: 2124 → 1518 rows
[2m[03:31:50] tick 53[0m
  [36mstation1 [0m [32mhealthy[0m                      conf=0.52  ETA=  0.4m sev=[31mhigh  [0m [2mcirc f=99[0m
  [36mstation2 [0m [32mhealthy[0m                      conf=0.57  ETA=  3.7m sev=[31mhigh  [0m [2mcirc f=99[0m
    clean telemetry live: 2124 → 1518 rows
[2m[03:32:06] tick 54[0m
  [36mstation1 [0m [31m[1mCONFIRMED congestion_breach [0m conf=0.55  ETA=  0.4m sev=[31mhigh  [0m [2mcirc f=99[0m
  [36mstation2 [0m [32mhealthy[0m                      conf=0.60  ETA=  3.4m sev=[31mhigh  [0m [2mcirc f=99[0m
    clean telemetry live: 2124 → 1518 rows
[2m[03:32:21] tick 55[0m
  [36mstation1 [0m [32mhealthy[0m                      conf=0.68  ETA=  0.4m sev=[31mhigh  [0m [2mcirc f=99[0m
  [36mstation2 [0m [32mhealthy[0m                      conf=0.71  ETA=  3.5m sev=[31mhigh  [0m [2mcirc f=99[0m
    clean telemetry live: 2124 → 1518 rows
[2m[03:32:36] tick 56[0m
  [36mstation1 [0m [32mhealthy[0m                      conf=0.51  ETA=  0.4m sev=[31mhigh  [0m [2mcirc f=99[0m
  [36mstation2 [0m [32mhealthy[0m                      conf=0.70  ETA=  3.2m sev=[31mhigh  [0m [2mcirc f=99[0m
    clean telemetry live: 2124 → 1518 rows
[2m[03:32:52] tick 57[0m
  [36mstation1 [0m [32mhealthy[0m                      conf=0.69  ETA=  0.3m sev=[31mhigh  [0m [2mcirc f=99[0m
  [36mstation2 [0m [32mhealthy[0m                      conf=0.87  ETA=  2.9m sev=[31mhigh  [0m [2mcirc f=99[0m
    clean telemetry live: 2124 → 1518 rows
[2m[03:33:07] tick 58[0m
  [36mstation1 [0m [32mhealthy[0m                      conf=0.79  ETA=  0.3m sev=[31mhigh  [0m [2mcirc f=99[0m
  [36mstation2 [0m [32mhealthy[0m                      conf=0.91  ETA=  2.9m sev=[31mhigh  [0m [2mcirc f=99[0m
    clean telemetry live: 2124 → 1518 rows
[2m[03:33:22] tick 59[0m
  [36mstation1 [0m [32mhealthy[0m                      conf=0.88  ETA=  0.3m sev=[31mhigh  [0m [2mcirc f=99[0m
  [36mstation2 [0m [32mhealthy[0m                      conf=0.90  ETA=  2.6m sev=[31mhigh  [0m [2mcirc f=99[0m
    clean telemetry live: 2124 → 1518 rows
[2m[03:33:38] tick 60[0m
  [36mstation1 [0m [32mhealthy[0m                      conf=0.76  ETA=  0.3m sev=[31mhigh  [0m [2mcirc f=99[0m
  [36mstation2 [0m [32mhealthy[0m                      conf=0.85  ETA=  2.7m sev=[31mhigh  [0m [2mcirc f=99[0m
    clean telemetry live: 2124 → 1518 rows
[2m[03:33:53] tick 61[0m
  [36mstation1 [0m [32mhealthy[0m                      conf=0.86  ETA=  0.3m sev=[31mhigh  [0m [2mcirc f=99[0m
  [36mstation2 [0m [32mhealthy[0m                      conf=0.56  ETA=  2.4m sev=[31mhigh  [0m [2mcirc f=99[0m
    clean telemetry live: 2124 → 1518 rows
[2m[03:34:08] tick 62[0m
  [36mstation1 [0m [32mhealthy[0m                      conf=0.52  ETA=  0.2m sev=[31mhigh  [0m [2mcirc f=99[0m
  [36mstation2 [0m [32mhealthy[0m                      conf=0.63  ETA=  2.3m sev=[31mhigh  [0m [2mcirc f=99[0m
    clean telemetry live: 2124 → 1518 rows
[2m[03:34:24] tick 63[0m
  [36mstation1 [0m [32mhealthy[0m                      conf=0.93  ETA=  0.2m sev=[31mhigh  [0m [2mcirc f=99[0m
  [36mstation2 [0m [32mhealthy[0m                      conf=0.62  ETA=  2.1m sev=[31mhigh  [0m [2mcirc f=99[0m
    clean telemetry live: 2124 → 1518 rows
[2m[03:34:39] tick 64[0m
  [36mstation1 [0m [32mhealthy[0m                      conf=0.84  ETA=  0.2m sev=[31mhigh  [0m [2mcirc f=99[0m
  [36mstation2 [0m [32mhealthy[0m                      conf=0.60  ETA=  2.3m sev=[31mhigh  [0m [2mcirc f=99[0m
    clean telemetry live: 2124 → 1518 rows
[2m[03:34:54] tick 65[0m
  [36mstation1 [0m [32mhealthy[0m                      conf=0.89  ETA=  0.2m sev=[31mhigh  [0m [2mcirc f=99[0m
  [36mstation2 [0m [32mhealthy[0m                      conf=0.68  ETA=  2.0m sev=[31mhigh  [0m [2mcirc f=99[0m
    clean telemetry live: 2124 → 1518 rows
[2m[03:35:10] tick 66[0m
  [36mstation1 [0m [32mhealthy[0m                      conf=0.86  ETA=  0.2m sev=[31mhigh  [0m [2mcirc f=99[0m
  [36mstation2 [0m [32mhealthy[0m                      conf=0.67  ETA=  1.8m sev=[31mhigh  [0m [2mcirc f=99[0m
    clean telemetry live: 2124 → 1518 rows
[2m[03:35:25] tick 67[0m
  [36mstation1 [0m [32mhealthy[0m                      conf=0.61  ETA=  0.2m sev=[31mhigh  [0m [2mcirc f=99[0m
  [36mstation2 [0m [32mhealthy[0m                      conf=0.50  ETA=  1.9m sev=[31mhigh  [0m [2mcirc f=99[0m
    clean telemetry live: 2124 → 1518 rows
[2m[03:35:40] tick 68[0m
  [36mstation1 [0m [32mhealthy[0m                      conf=0.59  ETA=  0.2m sev=[31mhigh  [0m [2mcirc f=99[0m
  [36mstation2 [0m [32mhealthy[0m                      conf=0.54  ETA=  1.5m sev=[31mhigh  [0m [2mcirc f=99[0m
    clean telemetry live: 2124 → 1518 rows
[2m[03:35:56] tick 69[0m
  [36mstation1 [0m [32mhealthy[0m                      conf=0.92  ETA=  0.2m sev=[31mhigh  [0m [2mcirc f=99[0m
  [36mstation2 [0m [32mhealthy[0m                      conf=0.88  ETA=  1.9m sev=[31mhigh  [0m [2mcirc f=99[0m
    clean telemetry live: 2124 → 1518 rows
[2m[03:36:11] tick 70[0m
  [36mstation1 [0m [32mhealthy[0m                      conf=0.84  ETA=  0.2m sev=[31mhigh  [0m [2mcirc f=99[0m
  [36mstation2 [0m [32mhealthy[0m                      conf=0.86  ETA=  1.7m sev=[31mhigh  [0m [2mcirc f=99[0m
    clean telemetry live: 2124 → 1518 rows
[2m[03:36:26] tick 71[0m
  [36mstation1 [0m [32mhealthy[0m                      conf=0.87  ETA=  0.2m sev=[31mhigh  [0m [2mcirc f=99[0m
  [36mstation2 [0m [32mhealthy[0m                      conf=0.82  ETA=  1.4m sev=[31mhigh  [0m [2mcirc f=99[0m
    clean telemetry live: 2124 → 1518 rows
[2m[03:36:42] tick 72[0m
  [36mstation1 [0m [32mhealthy[0m                      conf=0.85  ETA=  0.2m sev=[31mhigh  [0m [2mcirc f=99[0m
  [36mstation2 [0m [32mhealthy[0m                      conf=0.86  ETA=  1.5m sev=[31mhigh  [0m [2mcirc f=99[0m
    clean telemetry live: 2124 → 1518 rows
[2m[03:36:57] tick 73[0m
  [36mstation1 [0m [32mhealthy[0m                      conf=0.77  ETA=  0.2m sev=[31mhigh  [0m [2mcirc f=99[0m
  [36mstation2 [0m [32mhealthy[0m                      conf=0.87  ETA=  1.3m sev=[31mhigh  [0m [2mcirc f=99[0m
    clean telemetry live: 2124 → 1518 rows
[2m[03:37:12] tick 74[0m
  [36mstation1 [0m [32mhealthy[0m                      conf=0.70  ETA=  0.2m sev=[31mhigh  [0m [2mcirc f=99[0m
  [36mstation2 [0m [32mhealthy[0m                      conf=0.86  ETA=  1.4m sev=[31mhigh  [0m [2mcirc f=99[0m
    clean telemetry live: 2124 → 1518 rows
[2m[03:37:28] tick 75[0m
  [36mstation1 [0m [32mhealthy[0m                      conf=0.66  ETA=  0.2m sev=[31mhigh  [0m [2mcirc f=99[0m
  [36mstation2 [0m [32mhealthy[0m                      conf=0.66  ETA=  1.3m sev=[31mhigh  [0m [2mcirc f=99[0m
    clean telemetry live: 2124 → 1518 rows
[2m[03:37:43] tick 76[0m
  [36mstation1 [0m [32mhealthy[0m                      conf=0.82  ETA=  0.2m sev=[31mhigh  [0m [2mcirc f=99[0m
  [36mstation2 [0m [32mhealthy[0m                      conf=0.82  ETA=  1.2m sev=[31mhigh  [0m [2mcirc f=99[0m
    clean telemetry live: 2124 → 1518 rows
[2m[03:37:58] tick 77[0m
  [36mstation1 [0m [32mhealthy[0m                      conf=0.78  ETA=  0.2m sev=[31mhigh  [0m [2mcirc f=99[0m
  [36mstation2 [0m [32mhealthy[0m                      conf=0.89  ETA=  1.0m sev=[31mhigh  [0m [2mcirc f=99[0m
    clean telemetry live: 2124 → 1518 rows
[2m[03:38:14] tick 78[0m
  [36mstation1 [0m [32mhealthy[0m                      conf=0.78  ETA=  0.2m sev=[31mhigh  [0m [2mcirc f=99[0m
  [36mstation2 [0m [32mhealthy[0m                      conf=0.86  ETA=  1.3m sev=[31mhigh  [0m [2mcirc f=99[0m
    clean telemetry live: 2124 → 1518 rows
[2m[03:38:29] tick 79[0m
  [36mstation1 [0m [32mhealthy[0m                      conf=0.66  ETA=  0.2m sev=[31mhigh  [0m [2mcirc f=99[0m
  [36mstation2 [0m [32mhealthy[0m                      conf=0.85  ETA=  1.3m sev=[31mhigh  [0m [2mcirc f=99[0m
    clean telemetry live: 2124 → 1518 rows
[2m[03:38:44] tick 80[0m
  [36mstation1 [0m [32mhealthy[0m                      conf=0.81  ETA=  0.2m sev=[31mhigh  [0m [2mcirc f=99[0m
  [36mstation2 [0m [32mhealthy[0m                      conf=0.81  ETA=  1.1m sev=[31mhigh  [0m [2mcirc f=99[0m
    clean telemetry live: 2121 → 1515 rows
[2m[03:39:00] tick 81[0m
  [36mstation1 [0m [32mhealthy[0m                      conf=0.82  ETA=  0.2m sev=[31mhigh  [0m [2mcirc f=99[0m
  [36mstation2 [0m [32mhealthy[0m                      conf=0.78  ETA=  1.2m sev=[31mhigh  [0m [2mcirc f=99[0m
    clean telemetry live: 2121 → 1515 rows
[2m[03:39:15] tick 82[0m
  [36mstation1 [0m [32mhealthy[0m                      conf=0.84  ETA=  0.2m sev=[31mhigh  [0m [2mcirc f=99[0m
  [36mstation2 [0m [32mhealthy[0m                      conf=0.91  ETA=  1.3m sev=[31mhigh  [0m [2mcirc f=99[0m
    clean telemetry live: 2118 → 1514 rows
[2m[03:39:30] tick 83[0m
  [36mstation1 [0m [32mhealthy[0m                      conf=0.79  ETA=  0.2m sev=[31mhigh  [0m [2m     f=99[0m
  [36mstation2 [0m [32mhealthy[0m                      conf=0.51  ETA=  1.0m sev=[31mhigh  [0m [2m     f=99[0m
    clean telemetry live: 2124 → 1518 rows
[2m[03:39:46] tick 84[0m
  [36mstation1 [0m [32mhealthy[0m                      conf=0.95  ETA=  0.2m sev=[31mhigh  [0m [2m     f=99[0m
  [36mstation2 [0m [32mhealthy[0m                      conf=0.93  ETA=  1.5m sev=[31mhigh  [0m [2m     f=99[0m
    clean telemetry live: 2124 → 1518 rows
[2m[03:40:01] tick 85[0m
  [36mstation1 [0m [32mhealthy[0m                      conf=0.86  ETA=  0.2m sev=[33mmedium[0m [2m     f=99[0m
  [36mstation2 [0m [32mhealthy[0m                      conf=0.90  ETA=  1.7m sev=[33mmedium[0m [2m     f=99[0m
    clean telemetry live: 2124 → 1518 rows
[2m[03:40:17] tick 86[0m
  [36mstation1 [0m [32mhealthy[0m                      conf=0.90  ETA=  0.2m sev=[33mmedium[0m [2m     f=99[0m
  [36mstation2 [0m [32mhealthy[0m                      conf=0.93  ETA=  2.0m sev=[33mmedium[0m [2m     f=99[0m
    clean telemetry live: 2124 → 1518 rows
[2m[03:40:32] tick 87[0m
  [36mstation1 [0m [32mhealthy[0m                      conf=0.92  ETA=  0.2m sev=[33mmedium[0m [2m     f=99[0m
  [36mstation2 [0m [32mhealthy[0m                      conf=0.97  ETA=  2.3m sev=[33mmedium[0m [2m     f=99[0m
    clean telemetry live: 2124 → 1518 rows
[2m[03:40:47] tick 88[0m
  [36mstation1 [0m [32mhealthy[0m                      conf=0.95  ETA=  0.8m sev=[33mmedium[0m [2m     f=99[0m
  [36mstation2 [0m [32mhealthy[0m                      conf=0.95  ETA=  2.6m sev=[33mmedium[0m [2m     f=99[0m
    clean telemetry live: 2124 → 1518 rows
[2m[03:41:03] tick 89[0m
  [36mstation1 [0m [32mhealthy[0m                      conf=0.98  ETA=  1.5m sev=[32mlow   [0m [2m     f=99[0m
  [36mstation2 [0m [32mhealthy[0m                      conf=0.99  ETA=  2.8m sev=[32mlow   [0m [2m     f=99[0m
    clean telemetry live: 2124 → 1518 rows
[2m[03:41:18] tick 90[0m
  [36mstation1 [0m [32mhealthy[0m                      conf=0.98  ETA=  2.4m sev=[32mlow   [0m [2m     f=99[0m
  [36mstation2 [0m [32mhealthy[0m                      conf=0.98  ETA=  3.2m sev=[32mlow   [0m [2m     f=99[0m
    clean telemetry live: 2124 → 1518 rows
[2m[03:41:33] tick 91[0m
  [36mstation1 [0m [32mhealthy[0m                      conf=0.97  ETA=  3.2m sev=[32mlow   [0m [2m     f=99[0m
  [36mstation2 [0m [32mhealthy[0m                      conf=0.98  ETA=  3.1m sev=[32mlow   [0m [2m     f=99[0m
    clean telemetry live: 2124 → 1518 rows
[2m[03:41:48] tick 92[0m
  [36mstation1 [0m [32mhealthy[0m                      conf=0.98  ETA=  4.0m sev=[32mlow   [0m [2m     f=99[0m
  [36mstation2 [0m [32mhealthy[0m                      conf=0.98  ETA=  3.2m sev=[32mlow   [0m [2m     f=99[0m
    clean telemetry live: 2124 → 1518 rows
[2m[03:42:04] tick 93[0m
  [36mstation1 [0m [32mhealthy[0m                      conf=0.98  ETA=  4.7m sev=[32mlow   [0m [2m     f=99[0m
  [36mstation2 [0m [32mhealthy[0m                      conf=0.98  ETA=  3.1m sev=[32mlow   [0m [2m     f=99[0m
    clean telemetry live: 2124 → 1518 rows
[2m[03:42:19] tick 94[0m
  [36mstation1 [0m [32mhealthy[0m                      conf=0.98  ETA=  5.3m sev=[32mlow   [0m [2m     f=99[0m
  [36mstation2 [0m [32mhealthy[0m                      conf=0.98  ETA=  3.2m sev=[32mlow   [0m [2m     f=99[0m
    clean telemetry live: 2124 → 1518 rows
[2m[03:42:34] tick 95[0m
  [36mstation1 [0m [32mhealthy[0m                      conf=0.98  ETA=  5.4m sev=[32mlow   [0m [2m     f=99[0m
  [36mstation2 [0m [32mhealthy[0m                      conf=0.98  ETA=  3.3m sev=[32mlow   [0m [2m     f=99[0m
    clean telemetry live: 2124 → 1518 rows
[2m[03:42:50] tick 96[0m
  [36mstation1 [0m [32mhealthy[0m                      conf=0.99  ETA=  6.0m sev=[32mlow   [0m [2m     f=99[0m
  [36mstation2 [0m [32mhealthy[0m                      conf=0.98  ETA=  3.1m sev=[32mlow   [0m [2m     f=99[0m
    clean telemetry live: 2124 → 1518 rows
[2m[03:43:05] tick 97[0m
  [36mstation1 [0m [32mhealthy[0m                      conf=0.98  ETA=  5.7m sev=[32mlow   [0m [2m     f=99[0m
  [36mstation2 [0m [32mhealthy[0m                      conf=0.98  ETA=  3.1m sev=[32mlow   [0m [2m     f=99[0m
    clean telemetry live: 2124 → 1518 rows
[2m[03:43:20] tick 98[0m
  [36mstation1 [0m [32mhealthy[0m                      conf=0.99  ETA=  6.1m sev=[32mlow   [0m [2m     f=99[0m
  [36mstation2 [0m [32mhealthy[0m                      conf=0.98  ETA=  3.0m sev=[32mlow   [0m [2m     f=99[0m
    clean telemetry live: 2124 → 1518 rows
[2m[03:43:36] tick 99[0m
  [36mstation1 [0m [32mhealthy[0m                      conf=0.99  ETA=  5.9m sev=[32mlow   [0m [2m     f=99[0m
  [36mstation2 [0m [32mhealthy[0m                      conf=0.98  ETA=  3.0m sev=[32mlow   [0m [2m     f=99[0m
    clean telemetry live: 2124 → 1518 rows
[2m[03:43:51] tick 100[0m
  [36mstation1 [0m [32mhealthy[0m                      conf=0.99  ETA=  5.5m sev=[32mlow   [0m [2m     f=99[0m
  [36mstation2 [0m [32mhealthy[0m                      conf=0.98  ETA=  2.9m sev=[32mlow   [0m [2m     f=99[0m
    clean telemetry live: 2124 → 1518 rows
[2m[03:44:06] tick 101[0m
  [36mstation1 [0m [32mhealthy[0m                      conf=0.98  ETA=  5.7m sev=[32mlow   [0m [2m     f=99[0m
  [36mstation2 [0m [32mhealthy[0m                      conf=0.98  ETA=  2.8m sev=[32mlow   [0m [2m     f=99[0m
    clean telemetry live: 2124 → 1518 rows
[2m[03:44:22] tick 102[0m
  [36mstation1 [0m [32mhealthy[0m                      conf=0.98  ETA=  5.0m sev=[32mlow   [0m [2m     f=99[0m
  [36mstation2 [0m [32mhealthy[0m                      conf=0.98  ETA=  2.7m sev=[32mlow   [0m [2m     f=99[0m
    clean telemetry live: 2124 → 1518 rows
[2m[03:44:37] tick 103[0m
  [36mstation1 [0m [32mhealthy[0m                      conf=0.99  ETA=  4.9m sev=[32mlow   [0m [2m     f=99[0m
  [36mstation2 [0m [32mhealthy[0m                      conf=0.99  ETA=  2.7m sev=[32mlow   [0m [2m     f=99[0m
    clean telemetry live: 2124 → 1518 rows
[2m[03:44:52] tick 104[0m
  [36mstation1 [0m [32mhealthy[0m                      conf=0.98  ETA=  4.4m sev=[32mlow   [0m [2m     f=99[0m
  [36mstation2 [0m [32mhealthy[0m                      conf=0.98  ETA=  2.7m sev=[32mlow   [0m [2m     f=99[0m
    clean telemetry live: 2124 → 1518 rows
[2m[03:45:08] tick 105[0m
  [36mstation1 [0m [32mhealthy[0m                      conf=0.98  ETA=  4.2m sev=[32mlow   [0m [2m     f=99[0m
  [36mstation2 [0m [32mhealthy[0m                      conf=0.98  ETA=  2.6m sev=[32mlow   [0m [2m     f=99[0m
    clean telemetry live: 2124 → 1518 rows
[2m[03:45:23] tick 106[0m
  [36mstation1 [0m [32mhealthy[0m                      conf=0.98  ETA=  4.1m sev=[32mlow   [0m [2m     f=99[0m
  [36mstation2 [0m [32mhealthy[0m                      conf=0.98  ETA=  2.6m sev=[32mlow   [0m [2m     f=99[0m
    clean telemetry live: 2124 → 1518 rows
[2m[03:45:39] tick 107[0m
  [36mstation1 [0m [32mhealthy[0m                      conf=0.99  ETA=  4.1m sev=[32mlow   [0m [2m     f=99[0m
  [36mstation2 [0m [32mhealthy[0m                      conf=0.97  ETA=  2.5m sev=[32mlow   [0m [2m     f=99[0m
    clean telemetry live: 2124 → 1518 rows
[2m[03:45:54] tick 108[0m
  [36mstation1 [0m [32mhealthy[0m                      conf=0.99  ETA=  4.2m sev=[32mlow   [0m [2m     f=99[0m
  [36mstation2 [0m [32mhealthy[0m                      conf=0.98  ETA=  2.7m sev=[32mlow   [0m [2m     f=99[0m
    clean telemetry live: 2124 → 1518 rows
[2m[03:46:09] tick 109[0m
  [36mstation1 [0m [32mhealthy[0m                      conf=0.98  ETA=  4.0m sev=[32mlow   [0m [2m     f=99[0m
  [36mstation2 [0m [32mhealthy[0m                      conf=0.97  ETA=  2.7m sev=[32mlow   [0m [2m     f=99[0m
    clean telemetry live: 2124 → 1518 rows
[2m[03:46:25] tick 110[0m
  [36mstation1 [0m [32mhealthy[0m                      conf=0.98  ETA=  3.9m sev=[32mlow   [0m [2m     f=99[0m
  [36mstation2 [0m [32mhealthy[0m                      conf=0.97  ETA=  2.7m sev=[32mlow   [0m [2m     f=99[0m
    clean telemetry live: 2124 → 1518 rows
[2m[03:46:40] tick 111[0m
  [36mstation1 [0m [32mhealthy[0m                      conf=0.99  ETA=  4.5m sev=[32mlow   [0m [2m     f=99[0m
  [36mstation2 [0m [32mhealthy[0m                      conf=0.97  ETA=  2.7m sev=[32mlow   [0m [2m     f=99[0m
    clean telemetry live: 2124 → 1518 rows
[2m[03:46:55] tick 112[0m
  [36mstation1 [0m [32mhealthy[0m                      conf=0.98  ETA=  4.5m sev=[32mlow   [0m [2m     f=99[0m
  [36mstation2 [0m [32mhealthy[0m                      conf=0.97  ETA=  2.8m sev=[32mlow   [0m [2m     f=99[0m
    clean telemetry live: 2124 → 1518 rows
[2m[03:47:11] tick 113[0m
  [36mstation1 [0m [32mhealthy[0m                      conf=0.99  ETA=  4.9m sev=[32mlow   [0m [2m     f=99[0m
  [36mstation2 [0m [32mhealthy[0m                      conf=0.97  ETA=  2.7m sev=[32mlow   [0m [2m     f=99[0m
    clean telemetry live: 2121 → 1517 rows
[2m[03:47:26] tick 114[0m
  [36mstation1 [0m [32mhealthy[0m                      conf=0.97  ETA=  4.1m sev=[32mlow   [0m [2m     f=99[0m
  [36mstation2 [0m [32mhealthy[0m                      conf=0.97  ETA=  2.9m sev=[32mlow   [0m [2m     f=99[0m
    clean telemetry live: 2121 → 1517 rows
[2m[03:47:41] tick 115[0m
  [36mstation1 [0m [32mhealthy[0m                      conf=0.97  ETA=  4.4m sev=[32mlow   [0m [2m     f=99[0m
  [36mstation2 [0m [32mhealthy[0m                      conf=0.97  ETA=  2.8m sev=[32mlow   [0m [2m     f=99[0m
    clean telemetry live: 2121 → 1517 rows
[2m[03:47:57] tick 116[0m
  [36mstation1 [0m [32mhealthy[0m                      conf=0.98  ETA=  4.7m sev=[32mlow   [0m [2m     f=99[0m
  [36mstation2 [0m [32mhealthy[0m                      conf=0.97  ETA=  2.9m sev=[32mlow   [0m [2m     f=99[0m
    clean telemetry live: 2121 → 1517 rows
[2m[03:48:12] tick 117[0m
  [36mstation1 [0m [32mhealthy[0m                      conf=0.97  ETA=  4.9m sev=[32mlow   [0m [2m     f=99[0m
  [36mstation2 [0m [32mhealthy[0m                      conf=0.97  ETA=  2.9m sev=[32mlow   [0m [2m     f=99[0m
    clean telemetry live: 2121 → 1517 rows
[2m[03:48:27] tick 118[0m
  [36mstation1 [0m [32mhealthy[0m                      conf=0.98  ETA=  5.3m sev=[32mlow   [0m [2m     f=99[0m
  [36mstation2 [0m [32mhealthy[0m                      conf=0.97  ETA=  3.0m sev=[32mlow   [0m [2m     f=99[0m
    clean telemetry live: 2121 → 1517 rows
[2m[03:48:43] tick 119[0m
  [36mstation1 [0m [32mhealthy[0m                      conf=0.97  ETA=  5.4m sev=[32mlow   [0m [2m     f=99[0m
  [36mstation2 [0m [32mhealthy[0m                      conf=0.96  ETA=  3.0m sev=[32mlow   [0m [2m     f=99[0m
    clean telemetry live: 2121 → 1517 rows
[2m[03:48:58] tick 120[0m
  [36mstation1 [0m [32mhealthy[0m                      conf=0.92  ETA=  5.9m sev=[32mlow   [0m [2m     f=99[0m
  [36mstation2 [0m [32mhealthy[0m                      conf=0.81  ETA=  3.1m sev=[32mlow   [0m [2m     f=99[0m
    clean telemetry live: 2121 → 1517 rows
[2m[03:49:13] tick 121[0m
  [36mstation1 [0m [32mhealthy[0m                      conf=0.52  ETA=  5.8m sev=[32mlow   [0m [2m     f=99[0m
  [36mstation2 [0m [32mhealthy[0m                      conf=0.52  ETA=  3.4m sev=[32mlow   [0m [2m     f=99[0m
    clean telemetry live: 2121 → 1517 rows
[2m[03:49:29] tick 122[0m
  [36mstation1 [0m [32mhealthy[0m                      conf=0.52  ETA=  6.1m sev=[32mlow   [0m [2m     f=99[0m
  [36mstation2 [0m [32mhealthy[0m                      conf=0.56  ETA=  3.6m sev=[32mlow   [0m [2m     f=99[0m
    clean telemetry live: 2121 → 1517 rows
[2m[03:49:44] tick 123[0m
  [36mstation1 [0m [33mADVISORY  bgp_route_flap    [0m conf=0.48  ETA=  6.2m sev=[32mlow   [0m [2m     f=99[0m
  [36mstation2 [0m [32mhealthy[0m                      conf=0.61  ETA=  4.0m sev=[32mlow   [0m [2m     f=99[0m
    clean telemetry live: 2121 → 1517 rows
[2m[03:49:59] tick 124[0m
  [36mstation1 [0m [33mADVISORY  bgp_route_flap    [0m conf=0.55  ETA=  5.9m sev=[32mlow   [0m [2m     f=99[0m
  [36mstation2 [0m [32mhealthy[0m                      conf=0.55  ETA=  4.4m sev=[32mlow   [0m [2m     f=99[0m
    clean telemetry live: 2118 → 1514 rows
[2m[03:50:15] tick 125[0m
  [36mstation1 [0m [33mADVISORY  bgp_route_flap    [0m conf=0.46  ETA=  6.0m sev=[32mlow   [0m [2m     f=99[0m
  [36mstation2 [0m [32mhealthy[0m                      conf=0.50  ETA=  4.8m sev=[32mlow   [0m [2m     f=99[0m
    clean telemetry live: 2118 → 1514 rows
[2m[03:50:30] tick 126[0m
  [36mstation1 [0m [33mADVISORY  bgp_route_flap    [0m conf=0.55  ETA=  6.2m sev=[32mlow   [0m [2m     f=99[0m
  [36mstation2 [0m [33mADVISORY  bgp_route_flap    [0m conf=0.67  ETA=  5.8m sev=[32mlow   [0m [2m     f=99[0m
    clean telemetry live: 2118 → 1514 rows
[2m[03:50:45] tick 127[0m
  [36mstation1 [0m [33mADVISORY  bgp_route_flap    [0m conf=0.52  ETA=  5.7m sev=[32mlow   [0m [2m     f=99[0m
  [36mstation2 [0m [32mhealthy[0m                      conf=0.48  ETA=  6.6m sev=[32mlow   [0m [2m     f=99[0m
    clean telemetry live: 2124 → 1518 rows
[2m[03:51:01] tick 128[0m
  [36mstation1 [0m [33mADVISORY  bgp_route_flap    [0m conf=0.50  ETA=  5.0m sev=[32mlow   [0m [2m     f=99[0m
  [36mstation2 [0m [33mADVISORY  bgp_route_flap    [0m conf=0.53  ETA=  7.0m sev=[32mlow   [0m [2m     f=99[0m
    clean telemetry live: 2124 → 1518 rows
[2m[03:51:16] tick 129[0m
  [36mstation1 [0m [33mADVISORY  bgp_route_flap    [0m conf=0.54  ETA=  4.6m sev=[32mlow   [0m [2m     f=99[0m
  [36mstation2 [0m [32mhealthy[0m                      conf=0.56  ETA=  7.5m sev=[32mlow   [0m [2m     f=99[0m
    clean telemetry live: 2124 → 1518 rows
[2m[03:51:32] tick 130[0m
  [36mstation1 [0m [31m[1mCONFIRMED bgp_route_flap    [0m conf=0.51  ETA=  3.7m sev=[32mlow   [0m [2m     f=99[0m
  [36mstation2 [0m [32mhealthy[0m                      conf=0.52  ETA=  7.7m sev=[32mlow   [0m [2m     f=99[0m
    clean telemetry live: 2124 → 1518 rows
[2m[03:51:47] tick 131[0m
  [36mstation1 [0m [32mhealthy[0m                      conf=0.60  ETA=  3.5m sev=[32mlow   [0m [2m     f=99[0m
  [36mstation2 [0m [32mhealthy[0m                      conf=0.57  ETA=  8.1m sev=[32mlow   [0m [2m     f=99[0m
    clean telemetry live: 2124 → 1518 rows
[2m[03:52:02] tick 132[0m
  [36mstation1 [0m [32mhealthy[0m                      conf=0.56  ETA=  3.0m sev=[32mlow   [0m [2m     f=99[0m
  [36mstation2 [0m [32mhealthy[0m                      conf=0.69  ETA=  8.3m sev=[32mlow   [0m [2m     f=99[0m
    clean telemetry live: 2124 → 1518 rows
[2m[03:52:18] tick 133[0m
  [36mstation1 [0m [32mhealthy[0m                      conf=0.54  ETA=  2.7m sev=[32mlow   [0m [2m     f=99[0m
  [36mstation2 [0m [32mhealthy[0m                      conf=0.59  ETA=  8.3m sev=[32mlow   [0m [2m     f=99[0m
    clean telemetry live: 2124 → 1518 rows
[2m[03:52:33] tick 134[0m
  [36mstation1 [0m [32mhealthy[0m                      conf=0.61  ETA=  2.1m sev=[32mlow   [0m [2m     f=99[0m
  [36mstation2 [0m [32mhealthy[0m                      conf=0.59  ETA=  8.4m sev=[32mlow   [0m [2m     f=99[0m
    clean telemetry live: 2124 → 1518 rows
[2m[03:52:48] tick 135[0m
  [36mstation1 [0m [32mhealthy[0m                      conf=0.57  ETA=  2.1m sev=[32mlow   [0m [2m     f=99[0m
  [36mstation2 [0m [32mhealthy[0m                      conf=0.57  ETA=  8.4m sev=[32mlow   [0m [2m     f=99[0m
    clean telemetry live: 2124 → 1518 rows
[2m[03:53:04] tick 136[0m
  [36mstation1 [0m [32mhealthy[0m                      conf=0.56  ETA=  1.7m sev=[32mlow   [0m [2m     f=99[0m
  [36mstation2 [0m [32mhealthy[0m                      conf=0.56  ETA=  8.7m sev=[32mlow   [0m [2m     f=99[0m
    clean telemetry live: 2124 → 1518 rows
[2m[03:53:19] tick 137[0m
  [36mstation1 [0m [32mhealthy[0m                      conf=0.68  ETA=  1.8m sev=[32mlow   [0m [2m     f=99[0m
  [36mstation2 [0m [32mhealthy[0m                      conf=0.43  ETA=  8.5m sev=[32mlow   [0m [2m     f=99[0m
    clean telemetry live: 2124 → 1518 rows
[2m[03:53:34] tick 138[0m
  [36mstation1 [0m [32mhealthy[0m                      conf=0.91  ETA=  1.6m sev=[32mlow   [0m [2m     f=99[0m
  [36mstation2 [0m [32mhealthy[0m                      conf=0.89  ETA=  8.9m sev=[32mlow   [0m [2m     f=99[0m
    clean telemetry live: 2124 → 1518 rows
[2m[03:53:50] tick 139[0m
  [36mstation1 [0m [32mhealthy[0m                      conf=0.50  ETA=  1.5m sev=[32mlow   [0m [2m     f=99[0m
  [36mstation2 [0m [32mhealthy[0m                      conf=0.69  ETA=  8.5m sev=[32mlow   [0m [2m     f=99[0m
    clean telemetry live: 2124 → 1518 rows
[2m[03:54:05] tick 140[0m
  [36mstation1 [0m [32mhealthy[0m                      conf=0.69  ETA=  1.7m sev=[32mlow   [0m [2mcirc f=99[0m
  [36mstation2 [0m [32mhealthy[0m                      conf=0.82  ETA=  8.4m sev=[32mlow   [0m [2m     f=99[0m
    clean telemetry live: 2124 → 1518 rows
[2m[03:54:20] tick 141[0m
  [36mstation1 [0m [32mhealthy[0m                      conf=0.97  ETA=  1.9m sev=[33mmedium[0m [2m     f=99[0m
  [36mstation2 [0m [32mhealthy[0m                      conf=0.90  ETA=  8.1m sev=[32mlow   [0m [2m     f=99[0m
    clean telemetry live: 2124 → 1518 rows
[2m[03:54:36] tick 142[0m
  [36mstation1 [0m [32mhealthy[0m                      conf=0.99  ETA=  1.9m sev=[33mmedium[0m [2m     f=99[0m
  [36mstation2 [0m [32mhealthy[0m                      conf=0.64  ETA=  8.0m sev=[32mlow   [0m [2m     f=99[0m
    clean telemetry live: 2124 → 1518 rows
[2m[03:54:51] tick 143[0m
  [36mstation1 [0m [32mhealthy[0m                      conf=0.81  ETA=  1.9m sev=[32mlow   [0m [2m     f=99[0m
  [36mstation2 [0m [32mhealthy[0m                      conf=0.57  ETA=  7.7m sev=[32mlow   [0m [2m     f=99[0m
    clean telemetry live: 2124 → 1518 rows
[2m[03:55:07] tick 144[0m
  [36mstation1 [0m [32mhealthy[0m                      conf=0.95  ETA=  2.1m sev=[32mlow   [0m [2m     f=99[0m
  [36mstation2 [0m [32mhealthy[0m                      conf=0.56  ETA=  7.5m sev=[32mlow   [0m [2m     f=99[0m
    clean telemetry live: 2124 → 1518 rows
[2m[03:55:22] tick 145[0m
  [36mstation1 [0m [32mhealthy[0m                      conf=0.73  ETA=  2.3m sev=[32mlow   [0m [2mcirc f=99[0m
  [36mstation2 [0m [32mhealthy[0m                      conf=0.86  ETA=  7.4m sev=[32mlow   [0m [2m     f=99[0m
    clean telemetry live: 2124 → 1518 rows
[2m[03:55:37] tick 146[0m
  [36mstation1 [0m [32mhealthy[0m                      conf=0.84  ETA=  2.6m sev=[32mlow   [0m [2mcirc f=99[0m
  [36mstation2 [0m [32mhealthy[0m                      conf=0.69  ETA=  7.4m sev=[32mlow   [0m [2mcirc f=99[0m
    clean telemetry live: 2124 → 1518 rows
[2m[03:55:53] tick 147[0m
  [36mstation1 [0m [33mADVISORY  tunnel_degradation[0m conf=0.88  ETA=  3.3m sev=[32mlow   [0m [2mcirc f=99[0m
  [36mstation2 [0m [33mADVISORY  tunnel_degradation[0m conf=0.85  ETA=  7.0m sev=[32mlow   [0m [2mcirc f=99[0m
    clean telemetry live: 2124 → 1518 rows
[2m[03:56:08] tick 148[0m
  [36mstation1 [0m [33mADVISORY  tunnel_degradation[0m conf=0.56  ETA=  3.7m sev=[32mlow   [0m [2mcirc f=99[0m
  [36mstation2 [0m [33mADVISORY  tunnel_degradation[0m conf=0.64  ETA=  6.9m sev=[33mmedium[0m [2m     f=99[0m
    clean telemetry live: 2124 → 1518 rows
[2m[03:56:23] tick 149[0m
  [36mstation1 [0m [33mADVISORY  tunnel_degradation[0m conf=0.67  ETA=  4.4m sev=[32mlow   [0m [2mcirc f=99[0m
  [36mstation2 [0m [33mADVISORY  tunnel_degradation[0m conf=0.93  ETA=  6.5m sev=[33mmedium[0m [2mcirc f=99[0m
    clean telemetry live: 2124 → 1518 rows
[2m[03:56:39] tick 150[0m
  [36mstation1 [0m [33mADVISORY  tunnel_degradation[0m conf=0.57  ETA=  4.9m sev=[33mmedium[0m [2mcirc f=99[0m
  [36mstation2 [0m [33mADVISORY  tunnel_degradation[0m conf=0.92  ETA=  6.2m sev=[33mmedium[0m [2mcirc f=99[0m
    clean telemetry live: 2124 → 1518 rows
[2m[03:56:54] tick 151[0m
  [36mstation1 [0m [31m[1mCONFIRMED tunnel_degradation[0m conf=0.72  ETA=  5.0m sev=[33mmedium[0m [2mcirc f=99[0m
  [36mstation2 [0m [33mADVISORY  tunnel_degradation[0m conf=0.82  ETA=  6.1m sev=[33mmedium[0m [2m     f=99[0m
    clean telemetry live: 2124 → 1518 rows
[2m[03:57:09] tick 152[0m
  [36mstation1 [0m [33mADVISORY  tunnel_degradation[0m conf=0.69  ETA=  5.2m sev=[33mmedium[0m [2mcirc f=99[0m
  [36mstation2 [0m [33mADVISORY  tunnel_degradation[0m conf=0.84  ETA=  5.2m sev=[33mmedium[0m [2mcirc f=99[0m
    clean telemetry live: 2124 → 1518 rows
[2m[03:57:25] tick 153[0m
  [36mstation1 [0m [33mADVISORY  tunnel_degradation[0m conf=0.66  ETA=  5.1m sev=[33mmedium[0m [2mcirc f=99[0m
  [36mstation2 [0m [31m[1mCONFIRMED tunnel_degradation[0m conf=0.94  ETA=  4.7m sev=[33mmedium[0m [2mcirc f=99[0m
    clean telemetry live: 2124 → 1518 rows
[2m[03:57:40] tick 154[0m
  [36mstation1 [0m [31m[1mCONFIRMED tunnel_degradation[0m conf=0.83  ETA=  5.2m sev=[33mmedium[0m [2mcirc f=99[0m
  [36mstation2 [0m [31m[1mCONFIRMED tunnel_degradation[0m conf=0.91  ETA=  4.3m sev=[31mhigh  [0m [2mcirc f=99[0m
    clean telemetry live: 2124 → 1518 rows
[2m[03:57:55] tick 155[0m
  [36mstation1 [0m [31m[1mCONFIRMED tunnel_degradation[0m conf=0.90  ETA=  5.0m sev=[31mhigh  [0m [2mcirc f=99[0m
  [36mstation2 [0m [31m[1mCONFIRMED tunnel_degradation[0m conf=0.96  ETA=  4.2m sev=[31mhigh  [0m [2mcirc f=99[0m
    clean telemetry live: 2124 → 1518 rows
[2m[03:58:11] tick 156[0m
  [36mstation1 [0m [31m[1mCONFIRMED tunnel_degradation[0m conf=0.94  ETA=  4.9m sev=[31mhigh  [0m [2mcirc f=99[0m
  [36mstation2 [0m [31m[1mCONFIRMED tunnel_degradation[0m conf=0.94  ETA=  4.0m sev=[31mhigh  [0m [2mcirc f=99[0m
    clean telemetry live: 2121 → 1517 rows
[2m[03:58:26] tick 157[0m
  [36mstation1 [0m [31m[1mCONFIRMED tunnel_degradation[0m conf=0.92  ETA=  4.8m sev=[31mhigh  [0m [2mcirc f=99[0m
  [36mstation2 [0m [31m[1mCONFIRMED tunnel_degradation[0m conf=0.93  ETA=  3.9m sev=[31mhigh  [0m [2mcirc f=99[0m
    clean telemetry live: 2121 → 1517 rows
[2m[03:58:41] tick 158[0m
  [36mstation1 [0m [31m[1mCONFIRMED tunnel_degradation[0m conf=0.91  ETA=  4.6m sev=[31mhigh  [0m [2mcirc f=99[0m
  [36mstation2 [0m [31m[1mCONFIRMED tunnel_degradation[0m conf=0.92  ETA=  3.6m sev=[31mhigh  [0m [2mcirc f=99[0m
    clean telemetry live: 2121 → 1517 rows
[2m[03:58:57] tick 159[0m
  [36mstation1 [0m [31m[1mCONFIRMED tunnel_degradation[0m conf=0.90  ETA=  4.6m sev=[31mhigh  [0m [2m     f=99[0m
  [36mstation2 [0m [31m[1mCONFIRMED tunnel_degradation[0m conf=0.93  ETA=  3.5m sev=[31mhigh  [0m [2mcirc f=99[0m
    clean telemetry live: 2121 → 1517 rows
[2m[03:59:12] tick 160[0m
  [36mstation1 [0m [31m[1mCONFIRMED tunnel_degradation[0m conf=0.88  ETA=  4.5m sev=[31mhigh  [0m [2mcirc f=99[0m
  [36mstation2 [0m [31m[1mCONFIRMED tunnel_degradation[0m conf=0.81  ETA=  3.3m sev=[31mhigh  [0m [2mcirc f=99[0m
    clean telemetry live: 2121 → 1517 rows
[2m[03:59:27] tick 161[0m
  [36mstation1 [0m [31m[1mCONFIRMED tunnel_degradation[0m conf=0.89  ETA=  4.4m sev=[31mhigh  [0m [2m     f=99[0m
  [36mstation2 [0m [31m[1mCONFIRMED tunnel_degradation[0m conf=0.88  ETA=  3.2m sev=[31mhigh  [0m [2mcirc f=99[0m
    clean telemetry live: 2121 → 1517 rows
[2m[03:59:43] tick 162[0m
  [36mstation1 [0m [31m[1mCONFIRMED tunnel_degradation[0m conf=0.89  ETA=  4.4m sev=[31mhigh  [0m [2mcirc f=99[0m
  [36mstation2 [0m [31m[1mCONFIRMED tunnel_degradation[0m conf=0.88  ETA=  3.1m sev=[31mhigh  [0m [2mcirc f=99[0m
    clean telemetry live: 2121 → 1517 rows
[2m[03:59:58] tick 163[0m
  [36mstation1 [0m [31m[1mCONFIRMED tunnel_degradation[0m conf=0.93  ETA=  4.3m sev=[31mhigh  [0m [2mcirc f=99[0m
  [36mstation2 [0m [31m[1mCONFIRMED tunnel_degradation[0m conf=0.88  ETA=  3.0m sev=[31mhigh  [0m [2mcirc f=99[0m
    clean telemetry live: 2121 → 1517 rows
[2m[04:00:13] tick 164[0m
  [36mstation1 [0m [31m[1mCONFIRMED tunnel_degradation[0m conf=0.83  ETA=  4.3m sev=[31mhigh  [0m [2mcirc f=99[0m
  [36mstation2 [0m [31m[1mCONFIRMED tunnel_degradation[0m conf=0.91  ETA=  2.9m sev=[31mhigh  [0m [2mcirc f=99[0m
    clean telemetry live: 2121 → 1517 rows
[2m[04:00:29] tick 165[0m
  [36mstation1 [0m [31m[1mCONFIRMED tunnel_degradation[0m conf=0.87  ETA=  4.2m sev=[31mhigh  [0m [2mcirc f=99[0m
  [36mstation2 [0m [31m[1mCONFIRMED tunnel_degradation[0m conf=0.88  ETA=  2.9m sev=[31mhigh  [0m [2m     f=99[0m
    clean telemetry live: 2121 → 1517 rows
[2m[04:00:44] tick 166[0m
  [36mstation1 [0m [31m[1mCONFIRMED tunnel_degradation[0m conf=0.85  ETA=  4.0m sev=[31mhigh  [0m [2mcirc f=99[0m
  [36mstation2 [0m [31m[1mCONFIRMED tunnel_degradation[0m conf=0.82  ETA=  2.8m sev=[31mhigh  [0m [2mcirc f=99[0m
    clean telemetry live: 2121 → 1517 rows
[2m[04:00:59] tick 167[0m
  [36mstation1 [0m [31m[1mCONFIRMED tunnel_degradation[0m conf=0.82  ETA=  3.8m sev=[31mhigh  [0m [2m     f=99[0m
  [36mstation2 [0m [31m[1mCONFIRMED tunnel_degradation[0m conf=0.82  ETA=  2.6m sev=[31mhigh  [0m [2mcirc f=99[0m
    clean telemetry live: 2118 → 1514 rows
[2m[04:01:15] tick 168[0m
  [36mstation1 [0m [31m[1mCONFIRMED tunnel_degradation[0m conf=0.72  ETA=  3.8m sev=[31mhigh  [0m [2m     f=99[0m
  [36mstation2 [0m [31m[1mCONFIRMED tunnel_degradation[0m conf=0.84  ETA=  2.5m sev=[31mhigh  [0m [2mcirc f=99[0m
    clean telemetry live: 2118 → 1514 rows
[2m[04:01:30] tick 169[0m
  [36mstation1 [0m [31m[1mCONFIRMED tunnel_degradation[0m conf=0.73  ETA=  3.9m sev=[31mhigh  [0m [2mcirc f=99[0m
  [36mstation2 [0m [31m[1mCONFIRMED tunnel_degradation[0m conf=0.80  ETA=  2.3m sev=[31mhigh  [0m [2m     f=99[0m
    clean telemetry live: 2118 → 1514 rows
[2m[04:01:45] tick 170[0m
  [36mstation1 [0m [31m[1mCONFIRMED tunnel_degradation[0m conf=0.58  ETA=  3.6m sev=[31mhigh  [0m [2m     f=99[0m
  [36mstation2 [0m [31m[1mCONFIRMED tunnel_degradation[0m conf=0.78  ETA=  2.4m sev=[31mhigh  [0m [2mcirc f=99[0m
    clean telemetry live: 2124 → 1518 rows
[2m[04:02:01] tick 171[0m
  [36mstation1 [0m [31m[1mCONFIRMED tunnel_degradation[0m conf=0.54  ETA=  3.4m sev=[31mhigh  [0m [2mcirc f=99[0m
  [36mstation2 [0m [31m[1mCONFIRMED tunnel_degradation[0m conf=0.78  ETA=  2.3m sev=[31mhigh  [0m [2mcirc f=99[0m
    clean telemetry live: 2124 → 1518 rows
[2m[04:02:16] tick 172[0m
  [36mstation1 [0m [31m[1mCONFIRMED tunnel_degradation[0m conf=0.71  ETA=  3.6m sev=[31mhigh  [0m [2mcirc f=99[0m
  [36mstation2 [0m [31m[1mCONFIRMED tunnel_degradation[0m conf=0.84  ETA=  2.1m sev=[31mhigh  [0m [2mcirc f=99[0m
    clean telemetry live: 2124 → 1518 rows
[2m[04:02:31] tick 173[0m
  [36mstation1 [0m [31m[1mCONFIRMED tunnel_degradation[0m conf=0.71  ETA=  3.5m sev=[31mhigh  [0m [2mcirc f=99[0m
  [36mstation2 [0m [31m[1mCONFIRMED tunnel_degradation[0m conf=0.81  ETA=  2.2m sev=[31mhigh  [0m [2mcirc f=99[0m
    clean telemetry live: 2124 → 1518 rows
[2m[04:02:47] tick 174[0m
  [36mstation1 [0m [31m[1mCONFIRMED tunnel_degradation[0m conf=0.78  ETA=  3.6m sev=[31mhigh  [0m [2mcirc f=99[0m
  [36mstation2 [0m [31m[1mCONFIRMED tunnel_degradation[0m conf=0.78  ETA=  2.2m sev=[31mhigh  [0m [2mcirc f=99[0m
    clean telemetry live: 2124 → 1518 rows
[2m[04:03:02] tick 175[0m
  [36mstation1 [0m [31m[1mCONFIRMED tunnel_degradation[0m conf=0.68  ETA=  3.1m sev=[31mhigh  [0m [2mcirc f=99[0m
  [36mstation2 [0m [31m[1mCONFIRMED tunnel_degradation[0m conf=0.52  ETA=  1.9m sev=[31mhigh  [0m [2m     f=99[0m
    clean telemetry live: 2124 → 1518 rows
[2m[04:03:17] tick 176[0m
  [36mstation1 [0m [32mhealthy[0m                      conf=0.51  ETA=  2.8m sev=[31mhigh  [0m [2mcirc f=99[0m
  [36mstation2 [0m [31m[1mCONFIRMED tunnel_degradation[0m conf=0.52  ETA=  1.8m sev=[31mhigh  [0m [2m     f=99[0m
    clean telemetry live: 2124 → 1518 rows
[2m[04:03:33] tick 177[0m
  [36mstation1 [0m [31m[1mCONFIRMED tunnel_degradation[0m conf=0.55  ETA=  2.7m sev=[31mhigh  [0m [2mcirc f=99[0m
  [36mstation2 [0m [31m[1mCONFIRMED tunnel_degradation[0m conf=0.71  ETA=  1.9m sev=[31mhigh  [0m [2mcirc f=99[0m
    clean telemetry live: 2124 → 1518 rows
[2m[04:03:48] tick 178[0m
  [36mstation1 [0m [31m[1mCONFIRMED tunnel_degradation[0m conf=0.58  ETA=  2.4m sev=[31mhigh  [0m [2mcirc f=99[0m
  [36mstation2 [0m [31m[1mCONFIRMED tunnel_degradation[0m conf=0.50  ETA=  1.9m sev=[31mhigh  [0m [2m     f=99[0m
    clean telemetry live: 2124 → 1518 rows
[2m[04:04:03] tick 179[0m
  [36mstation1 [0m [31m[1mCONFIRMED tunnel_degradation[0m conf=0.54  ETA=  2.5m sev=[31mhigh  [0m [2mcirc f=99[0m
  [36mstation2 [0m [31m[1mCONFIRMED tunnel_degradation[0m conf=0.70  ETA=  2.0m sev=[31mhigh  [0m [2mcirc f=99[0m
    clean telemetry live: 2124 → 1518 rows
[2m[04:04:19] tick 180[0m
  [36mstation1 [0m [32mhealthy[0m                      conf=0.60  ETA=  2.2m sev=[31mhigh  [0m [2m     f=99[0m
  [36mstation2 [0m [31m[1mCONFIRMED tunnel_degradation[0m conf=0.67  ETA=  2.1m sev=[31mhigh  [0m [2mcirc f=99[0m
    clean telemetry live: 2124 → 1518 rows
[2m[04:04:34] tick 181[0m
  [36mstation1 [0m [33mADVISORY  tunnel_degradation[0m conf=0.54  ETA=  1.3m sev=[31mhigh  [0m [2mcirc f=99[0m
  [36mstation2 [0m [31m[1mCONFIRMED tunnel_degradation[0m conf=0.71  ETA=  1.9m sev=[31mhigh  [0m [2mcirc f=99[0m
    clean telemetry live: 2124 → 1518 rows
[2m[04:04:49] tick 182[0m
  [36mstation1 [0m [32mhealthy[0m                      conf=0.62  ETA=  1.3m sev=[31mhigh  [0m [2mcirc f=99[0m
  [36mstation2 [0m [33mADVISORY  tunnel_degradation[0m conf=0.53  ETA=  1.8m sev=[31mhigh  [0m [2mcirc f=99[0m
    clean telemetry live: 2124 → 1518 rows
[2m[04:05:05] tick 183[0m
  [36mstation1 [0m [32mhealthy[0m                      conf=0.59  ETA=  1.2m sev=[31mhigh  [0m [2mcirc f=99[0m
  [36mstation2 [0m [31m[1mCONFIRMED tunnel_degradation[0m conf=0.70  ETA=  1.9m sev=[31mhigh  [0m [2mcirc f=99[0m
    clean telemetry live: 2124 → 1518 rows
[2m[04:05:20] tick 184[0m
  [36mstation1 [0m [32mhealthy[0m                      conf=0.50  ETA=  1.1m sev=[31mhigh  [0m [2mcirc f=99[0m
  [36mstation2 [0m [31m[1mCONFIRMED tunnel_degradation[0m conf=0.70  ETA=  1.9m sev=[31mhigh  [0m [2mcirc f=99[0m
    clean telemetry live: 2124 → 1518 rows
[2m[04:05:35] tick 185[0m
  [36mstation1 [0m [31m[1mCONFIRMED tunnel_degradation[0m conf=0.52  ETA=  0.9m sev=[31mhigh  [0m [2mcirc f=99[0m
  [36mstation2 [0m [31m[1mCONFIRMED tunnel_degradation[0m conf=0.69  ETA=  1.7m sev=[31mhigh  [0m [2mcirc f=99[0m
    clean telemetry live: 2124 → 1518 rows
[2m[04:05:51] tick 186[0m
  [36mstation1 [0m [31m[1mCONFIRMED tunnel_degradation[0m conf=0.52  ETA=  0.5m sev=[31mhigh  [0m [2m     f=99[0m
  [36mstation2 [0m [32mhealthy[0m                      conf=0.59  ETA=  1.6m sev=[31mhigh  [0m [2m     f=99[0m
    clean telemetry live: 2124 → 1518 rows
[2m[04:06:06] tick 187[0m
  [36mstation1 [0m [32mhealthy[0m                      conf=0.92  ETA=  0.7m sev=[31mhigh  [0m [2m     f=99[0m
  [36mstation2 [0m [32mhealthy[0m                      conf=0.90  ETA=  1.4m sev=[31mhigh  [0m [2m     f=99[0m
    clean telemetry live: 2124 → 1518 rows
[2m[04:06:21] tick 188[0m
  [36mstation1 [0m [32mhealthy[0m                      conf=0.89  ETA=  0.6m sev=[31mhigh  [0m [2m     f=99[0m
  [36mstation2 [0m [32mhealthy[0m                      conf=0.93  ETA=  1.2m sev=[31mhigh  [0m [2m     f=99[0m
    clean telemetry live: 2124 → 1518 rows
[2m[04:06:37] tick 189[0m
  [36mstation1 [0m [32mhealthy[0m                      conf=0.95  ETA=  0.5m sev=[31mhigh  [0m [2m     f=99[0m
  [36mstation2 [0m [32mhealthy[0m                      conf=0.97  ETA=  1.3m sev=[33mmedium[0m [2m     f=99[0m
    clean telemetry live: 2124 → 1518 rows
[2m[04:06:52] tick 190[0m
  [36mstation1 [0m [32mhealthy[0m                      conf=0.94  ETA=  0.5m sev=[33mmedium[0m [2m     f=99[0m
  [36mstation2 [0m [32mhealthy[0m                      conf=0.96  ETA=  1.4m sev=[33mmedium[0m [2m     f=99[0m
    clean telemetry live: 2124 → 1518 rows
[2m[04:07:07] tick 191[0m
  [36mstation1 [0m [32mhealthy[0m                      conf=0.95  ETA=  1.2m sev=[33mmedium[0m [2m     f=99[0m
  [36mstation2 [0m [32mhealthy[0m                      conf=0.95  ETA=  1.7m sev=[33mmedium[0m [2mcirc f=99[0m
    clean telemetry live: 2124 → 1518 rows
[2m[04:07:23] tick 192[0m
  [36mstation1 [0m [32mhealthy[0m                      conf=0.96  ETA=  1.9m sev=[33mmedium[0m [2m     f=99[0m
  [36mstation2 [0m [32mhealthy[0m                      conf=0.98  ETA=  1.7m sev=[33mmedium[0m [2m     f=99[0m
    clean telemetry live: 2124 → 1518 rows
[2m[04:07:38] tick 193[0m
  [36mstation1 [0m [32mhealthy[0m                      conf=0.97  ETA=  2.9m sev=[33mmedium[0m [2m     f=99[0m
  [36mstation2 [0m [32mhealthy[0m                      conf=0.98  ETA=  2.0m sev=[32mlow   [0m [2m     f=99[0m
    clean telemetry live: 2124 → 1518 rows
[2m[04:07:53] tick 194[0m
  [36mstation1 [0m [32mhealthy[0m                      conf=0.99  ETA=  3.8m sev=[32mlow   [0m [2m     f=99[0m
  [36mstation2 [0m [32mhealthy[0m                      conf=0.99  ETA=  2.1m sev=[32mlow   [0m [2m     f=99[0m
    clean telemetry live: 2124 → 1518 rows
[2m[04:08:09] tick 195[0m
  [36mstation1 [0m [32mhealthy[0m                      conf=0.98  ETA=  4.4m sev=[32mlow   [0m [2m     f=99[0m
  [36mstation2 [0m [32mhealthy[0m                      conf=0.58  ETA=  2.7m sev=[32mlow   [0m [2m     f=99[0m
    clean telemetry live: 2124 → 1518 rows
[2m[04:08:24] tick 196[0m
  [36mstation1 [0m [32mhealthy[0m                      conf=0.95  ETA=  5.5m sev=[32mlow   [0m [2m     f=99[0m
  [36mstation2 [0m [32mhealthy[0m                      conf=0.91  ETA=  2.7m sev=[32mlow   [0m [2m     f=99[0m
    clean telemetry live: 2124 → 1518 rows
[2m[04:08:39] tick 197[0m
  [36mstation1 [0m [32mhealthy[0m                      conf=0.96  ETA=  6.0m sev=[32mlow   [0m [2m     f=99[0m
  [36mstation2 [0m [32mhealthy[0m                      conf=0.66  ETA=  2.9m sev=[32mlow   [0m [2m     f=99[0m
    clean telemetry live: 2124 → 1518 rows
[2m[04:08:55] tick 198[0m
  [36mstation1 [0m [32mhealthy[0m                      conf=0.96  ETA=  5.9m sev=[32mlow   [0m [2m     f=99[0m
  [36mstation2 [0m [32mhealthy[0m                      conf=0.83  ETA=  3.0m sev=[32mlow   [0m [2m     f=99[0m
    clean telemetry live: 2124 → 1518 rows
[2m[04:09:10] tick 199[0m
  [36mstation1 [0m [32mhealthy[0m                      conf=0.96  ETA=  6.8m sev=[32mlow   [0m [2m     f=99[0m
  [36mstation2 [0m [32mhealthy[0m                      conf=0.57  ETA=  3.3m sev=[32mlow   [0m [2m     f=99[0m
    clean telemetry live: 2124 → 1518 rows
[2m[04:09:26] tick 200[0m
  [36mstation1 [0m [32mhealthy[0m                      conf=0.92  ETA=  6.6m sev=[32mlow   [0m [2m     f=99[0m
  [36mstation2 [0m [32mhealthy[0m                      conf=0.61  ETA=  3.1m sev=[32mlow   [0m [2m     f=99[0m
    clean telemetry live: 2124 → 1518 rows
[2m[04:09:41] tick 201[0m
  [36mstation1 [0m [32mhealthy[0m                      conf=0.84  ETA=  5.7m sev=[32mlow   [0m [2m     f=99[0m
  [36mstation2 [0m [32mhealthy[0m                      conf=0.91  ETA=  3.2m sev=[32mlow   [0m [2m     f=99[0m
    clean telemetry live: 2124 → 1518 rows
[2m[04:09:56] tick 202[0m
  [36mstation1 [0m [32mhealthy[0m                      conf=0.84  ETA=  5.9m sev=[32mlow   [0m [2m     f=99[0m
  [36mstation2 [0m [32mhealthy[0m                      conf=0.68  ETA=  3.3m sev=[32mlow   [0m [2m     f=99[0m
    clean telemetry live: 2124 → 1518 rows
[2m[04:10:12] tick 203[0m
  [36mstation1 [0m [32mhealthy[0m                      conf=0.93  ETA=  5.7m sev=[32mlow   [0m [2m     f=99[0m
  [36mstation2 [0m [32mhealthy[0m                      conf=0.52  ETA=  3.3m sev=[32mlow   [0m [2m     f=99[0m
    clean telemetry live: 2124 → 1518 rows
[2m[04:10:27] tick 204[0m
  [36mstation1 [0m [32mhealthy[0m                      conf=0.94  ETA=  5.8m sev=[32mlow   [0m [2m     f=99[0m
  [36mstation2 [0m [32mhealthy[0m                      conf=0.72  ETA=  3.2m sev=[32mlow   [0m [2m     f=99[0m
    clean telemetry live: 2124 → 1518 rows
[2m[04:10:43] tick 205[0m
  [36mstation1 [0m [32mhealthy[0m                      conf=0.96  ETA=  5.7m sev=[32mlow   [0m [2m     f=99[0m
  [36mstation2 [0m [32mhealthy[0m                      conf=0.59  ETA=  3.3m sev=[32mlow   [0m [2m     f=99[0m
    clean telemetry live: 2124 → 1518 rows
[2m[04:10:58] tick 206[0m
  [36mstation1 [0m [32mhealthy[0m                      conf=0.91  ETA=  5.3m sev=[32mlow   [0m [2m     f=99[0m
  [36mstation2 [0m [32mhealthy[0m                      conf=0.64  ETA=  3.2m sev=[32mlow   [0m [2m     f=99[0m
    clean telemetry live: 2124 → 1518 rows
[2m[04:11:13] tick 207[0m
  [36mstation1 [0m [32mhealthy[0m                      conf=0.91  ETA=  4.8m sev=[32mlow   [0m [2m     f=99[0m
  [36mstation2 [0m [32mhealthy[0m                      conf=0.70  ETA=  3.1m sev=[32mlow   [0m [2m     f=99[0m
    clean telemetry live: 2124 → 1518 rows
[2m[04:11:29] tick 208[0m
  [36mstation1 [0m [32mhealthy[0m                      conf=0.84  ETA=  4.6m sev=[32mlow   [0m [2m     f=99[0m
  [36mstation2 [0m [32mhealthy[0m                      conf=0.98  ETA=  3.1m sev=[32mlow   [0m [2m     f=99[0m
    clean telemetry live: 2124 → 1518 rows
[2m[04:11:44] tick 209[0m
  [36mstation1 [0m [32mhealthy[0m                      conf=0.90  ETA=  4.8m sev=[32mlow   [0m [2m     f=99[0m
  [36mstation2 [0m [32mhealthy[0m                      conf=0.75  ETA=  3.2m sev=[32mlow   [0m [2m     f=99[0m
    clean telemetry live: 2124 → 1518 rows
[2m[04:11:59] tick 210[0m
  [36mstation1 [0m [32mhealthy[0m                      conf=0.92  ETA=  4.7m sev=[32mlow   [0m [2m     f=99[0m
  [36mstation2 [0m [32mhealthy[0m                      conf=0.67  ETA=  3.2m sev=[32mlow   [0m [2m     f=99[0m
    clean telemetry live: 2124 → 1518 rows
[2m[04:12:15] tick 211[0m
  [36mstation1 [0m [32mhealthy[0m                      conf=0.84  ETA=  4.7m sev=[32mlow   [0m [2m     f=99[0m
  [36mstation2 [0m [32mhealthy[0m                      conf=0.63  ETA=  3.2m sev=[32mlow   [0m [2m     f=99[0m
    clean telemetry live: 2121 → 1515 rows
[2m[04:12:30] tick 212[0m
  [36mstation1 [0m [32mhealthy[0m                      conf=0.60  ETA=  4.9m sev=[32mlow   [0m [2m     f=99[0m
  [36mstation2 [0m [32mhealthy[0m                      conf=0.73  ETA=  3.2m sev=[32mlow   [0m [2m     f=99[0m
    clean telemetry live: 2121 → 1515 rows
[2m[04:12:45] tick 213[0m
  [36mstation1 [0m [32mhealthy[0m                      conf=0.92  ETA=  4.8m sev=[32mlow   [0m [2m     f=99[0m
  [36mstation2 [0m [32mhealthy[0m                      conf=0.75  ETA=  3.3m sev=[32mlow   [0m [2m     f=99[0m
    clean telemetry live: 2121 → 1515 rows
[2m[04:13:01] tick 214[0m
  [36mstation1 [0m [32mhealthy[0m                      conf=0.53  ETA=  5.0m sev=[32mlow   [0m [2m     f=99[0m
  [36mstation2 [0m [32mhealthy[0m                      conf=0.62  ETA=  3.3m sev=[32mlow   [0m [2m     f=99[0m
    clean telemetry live: 2124 → 1518 rows
[2m[04:13:16] tick 215[0m
  [36mstation1 [0m [32mhealthy[0m                      conf=0.57  ETA=  4.7m sev=[32mlow   [0m [2m     f=99[0m
  [36mstation2 [0m [32mhealthy[0m                      conf=0.92  ETA=  3.3m sev=[32mlow   [0m [2m     f=99[0m
    clean telemetry live: 2124 → 1518 rows
[2m[04:13:31] tick 216[0m
  [36mstation1 [0m [32mhealthy[0m                      conf=0.73  ETA=  4.4m sev=[32mlow   [0m [2m     f=99[0m
  [36mstation2 [0m [32mhealthy[0m                      conf=0.97  ETA=  3.3m sev=[32mlow   [0m [2m     f=99[0m
    clean telemetry live: 2124 → 1518 rows
[2m[04:13:47] tick 217[0m
  [36mstation1 [0m [32mhealthy[0m                      conf=0.74  ETA=  4.5m sev=[32mlow   [0m [2m     f=99[0m
  [36mstation2 [0m [32mhealthy[0m                      conf=0.98  ETA=  3.3m sev=[33mmedium[0m [2m     f=99[0m
    clean telemetry live: 2124 → 1518 rows
[2m[04:14:02] tick 218[0m
  [36mstation1 [0m [32mhealthy[0m                      conf=0.58  ETA=  4.4m sev=[32mlow   [0m [2m     f=99[0m
  [36mstation2 [0m [32mhealthy[0m                      conf=0.97  ETA=  3.3m sev=[33mmedium[0m [2m     f=99[0m
    clean telemetry live: 2124 → 1518 rows
[2m[04:14:17] tick 219[0m
  [36mstation1 [0m [32mhealthy[0m                      conf=0.79  ETA=  4.6m sev=[32mlow   [0m [2m     f=99[0m
  [36mstation2 [0m [32mhealthy[0m                      conf=0.99  ETA=  3.3m sev=[31mhigh  [0m [2m     f=99[0m
    clean telemetry live: 2124 → 1518 rows
[2m[04:14:33] tick 220[0m
  [36mstation1 [0m [32mhealthy[0m                      conf=0.72  ETA=  4.7m sev=[32mlow   [0m [2m     f=99[0m
  [36mstation2 [0m [32mhealthy[0m                      conf=0.98  ETA=  3.3m sev=[31mhigh  [0m [2m     f=99[0m
    clean telemetry live: 2124 → 1518 rows
[2m[04:14:48] tick 221[0m
  [36mstation1 [0m [32mhealthy[0m                      conf=0.93  ETA=  4.7m sev=[32mlow   [0m [2m     f=99[0m
  [36mstation2 [0m [32mhealthy[0m                      conf=0.97  ETA=  3.2m sev=[31mhigh  [0m [2m     f=99[0m
    clean telemetry live: 2124 → 1518 rows
[2m[04:15:03] tick 222[0m
  [36mstation1 [0m [32mhealthy[0m                      conf=0.83  ETA=  4.6m sev=[32mlow   [0m [2mcirc f=99[0m
  [36mstation2 [0m [32mhealthy[0m                      conf=0.98  ETA=  3.3m sev=[31mhigh  [0m [2m     f=99[0m
    clean telemetry live: 2124 → 1518 rows
[2m[04:15:19] tick 223[0m
  [36mstation1 [0m [32mhealthy[0m                      conf=0.96  ETA=  4.2m sev=[32mlow   [0m [2m     f=99[0m
  [36mstation2 [0m [32mhealthy[0m                      conf=0.93  ETA=  3.3m sev=[31mhigh  [0m [2m     f=99[0m
    clean telemetry live: 2124 → 1518 rows
[2m[04:15:34] tick 224[0m
  [36mstation1 [0m [32mhealthy[0m                      conf=0.91  ETA=  4.5m sev=[32mlow   [0m [2m     f=99[0m
  [36mstation2 [0m [32mhealthy[0m                      conf=0.96  ETA=  3.4m sev=[31mhigh  [0m [2m     f=99[0m
    clean telemetry live: 2124 → 1518 rows
[2m[04:15:49] tick 225[0m
  [36mstation1 [0m [32mhealthy[0m                      conf=0.96  ETA=  4.5m sev=[32mlow   [0m [2m     f=99[0m
  [36mstation2 [0m [32mhealthy[0m                      conf=0.87  ETA=  3.3m sev=[31mhigh  [0m [2m     f=99[0m
    clean telemetry live: 2124 → 1518 rows
[2m[04:16:05] tick 226[0m
  [36mstation1 [0m [32mhealthy[0m                      conf=0.88  ETA=  4.7m sev=[32mlow   [0m [2mcirc f=99[0m
  [36mstation2 [0m [32mhealthy[0m                      conf=0.84  ETA=  3.5m sev=[33mmedium[0m [2mcirc f=99[0m
    clean telemetry live: 2124 → 1518 rows
[2m[04:16:20] tick 227[0m
  [36mstation1 [0m [32mhealthy[0m                      conf=0.61  ETA=  5.0m sev=[32mlow   [0m [2mcirc f=99[0m
  [36mstation2 [0m [32mhealthy[0m                      conf=0.80  ETA=  3.3m sev=[33mmedium[0m [2m     f=99[0m
    clean telemetry live: 2124 → 1518 rows
[2m[04:16:36] tick 228[0m
  [36mstation1 [0m [32mhealthy[0m                      conf=0.88  ETA=  5.2m sev=[32mlow   [0m [2mcirc f=99[0m
  [36mstation2 [0m [32mhealthy[0m                      conf=0.91  ETA=  3.4m sev=[32mlow   [0m [2m     f=99[0m
    clean telemetry live: 2124 → 1518 rows
[2m[04:16:51] tick 229[0m
  [36mstation1 [0m [32mhealthy[0m                      conf=0.79  ETA=  6.4m sev=[32mlow   [0m [2mcirc f=99[0m
  [36mstation2 [0m [32mhealthy[0m                      conf=0.87  ETA=  3.4m sev=[33mmedium[0m [2m     f=99[0m
    clean telemetry live: 2124 → 1518 rows
[2m[04:17:06] tick 230[0m
  [36mstation1 [0m [32mhealthy[0m                      conf=0.93  ETA=  5.5m sev=[32mlow   [0m [2mcirc f=99[0m
  [36mstation2 [0m [32mhealthy[0m                      conf=0.91  ETA=  3.6m sev=[33mmedium[0m [2m     f=99[0m
    clean telemetry live: 2124 → 1518 rows
[2m[04:17:22] tick 231[0m
  [36mstation1 [0m [32mhealthy[0m                      conf=0.90  ETA=  6.6m sev=[32mlow   [0m [2mcirc f=99[0m
  [36mstation2 [0m [32mhealthy[0m                      conf=0.85  ETA=  3.2m sev=[33mmedium[0m [2mcirc f=99[0m
    clean telemetry live: 2124 → 1518 rows
[2m[04:17:37] tick 232[0m
  [36mstation1 [0m [32mhealthy[0m                      conf=0.76  ETA=  6.7m sev=[32mlow   [0m [2mcirc f=99[0m
  [36mstation2 [0m [32mhealthy[0m                      conf=0.66  ETA=  4.0m sev=[33mmedium[0m [2mcirc f=99[0m
    clean telemetry live: 2124 → 1518 rows
[2m[04:17:52] tick 233[0m
  [36mstation1 [0m [32mhealthy[0m                      conf=0.93  ETA=  6.7m sev=[32mlow   [0m [2mcirc f=99[0m
  [36mstation2 [0m [32mhealthy[0m                      conf=0.90  ETA=  3.6m sev=[33mmedium[0m [2m     f=99[0m
    clean telemetry live: 2124 → 1518 rows
[2m[04:18:08] tick 234[0m
  [36mstation1 [0m [32mhealthy[0m                      conf=0.57  ETA=  6.2m sev=[32mlow   [0m [2mcirc f=99[0m
  [36mstation2 [0m [32mhealthy[0m                      conf=0.94  ETA=  4.3m sev=[33mmedium[0m [2m     f=99[0m
    clean telemetry live: 2124 → 1518 rows
[2m[04:18:23] tick 235[0m
  [36mstation1 [0m [32mhealthy[0m                      conf=0.95  ETA=  6.2m sev=[32mlow   [0m [2mcirc f=99[0m
  [36mstation2 [0m [32mhealthy[0m                      conf=0.93  ETA=  6.7m sev=[32mlow   [0m [2m     f=99[0m
    clean telemetry live: 2124 → 1518 rows
[2m[04:18:38] tick 236[0m
  [36mstation1 [0m [32mhealthy[0m                      conf=0.96  ETA=  6.9m sev=[32mlow   [0m [2mcirc f=99[0m
  [36mstation2 [0m [32mhealthy[0m                      conf=0.83  ETA=  7.0m sev=[32mlow   [0m [2mcirc f=99[0m
    clean telemetry live: 2124 → 1518 rows
[2m[04:18:54] tick 237[0m
  [36mstation1 [0m [32mhealthy[0m                      conf=0.89  ETA=  6.1m sev=[32mlow   [0m [2mcirc f=99[0m
  [36mstation2 [0m [32mhealthy[0m                      conf=0.84  ETA=  7.2m sev=[32mlow   [0m [2mcirc f=99[0m
    clean telemetry live: 2124 → 1518 rows
[2m[04:19:09] tick 238[0m
  [36mstation1 [0m [32mhealthy[0m                      conf=0.95  ETA=  5.6m sev=[32mlow   [0m [2m     f=99[0m
  [36mstation2 [0m [32mhealthy[0m                      conf=0.85  ETA=  7.4m sev=[32mlow   [0m [2mcirc f=99[0m
    clean telemetry live: 2124 → 1518 rows
[2m[04:19:24] tick 239[0m
  [36mstation1 [0m [32mhealthy[0m                      conf=0.87  ETA=  7.0m sev=[32mlow   [0m [2mcirc f=99[0m
  [36mstation2 [0m [32mhealthy[0m                      conf=0.89  ETA=  7.5m sev=[32mlow   [0m [2mcirc f=99[0m
    clean telemetry live: 2124 → 1518 rows
[2m[04:19:40] tick 240[0m
  [36mstation1 [0m [32mhealthy[0m                      conf=0.94  ETA=  5.4m sev=[32mlow   [0m [2m     f=99[0m
  [36mstation2 [0m [32mhealthy[0m                      conf=0.77  ETA=  7.5m sev=[32mlow   [0m [2mcirc f=99[0m
    clean telemetry live: 2124 → 1518 rows
[2m[04:19:55] tick 241[0m
  [36mstation1 [0m [32mhealthy[0m                      conf=0.90  ETA=  6.9m sev=[32mlow   [0m [2mcirc f=99[0m
  [36mstation2 [0m [32mhealthy[0m                      conf=0.75  ETA=  7.4m sev=[32mlow   [0m [2mcirc f=99[0m
    clean telemetry live: 2124 → 1518 rows
[2m[04:20:10] tick 242[0m
  [36mstation1 [0m [32mhealthy[0m                      conf=0.91  ETA=  7.5m sev=[32mlow   [0m [2mcirc f=99[0m
  [36mstation2 [0m [32mhealthy[0m                      conf=0.78  ETA=  7.5m sev=[32mlow   [0m [2mcirc f=99[0m
    clean telemetry live: 2124 → 1518 rows
[2m[04:20:26] tick 243[0m
  [36mstation1 [0m [32mhealthy[0m                      conf=0.91  ETA=  6.9m sev=[33mmedium[0m [2mcirc f=99[0m
  [36mstation2 [0m [32mhealthy[0m                      conf=0.83  ETA=  7.7m sev=[32mlow   [0m [2mcirc f=99[0m
    clean telemetry live: 2124 → 1518 rows
[2m[04:20:41] tick 244[0m
  [36mstation1 [0m [32mhealthy[0m                      conf=0.88  ETA=  6.5m sev=[33mmedium[0m [2mcirc f=99[0m
  [36mstation2 [0m [32mhealthy[0m                      conf=0.78  ETA=  7.7m sev=[32mlow   [0m [2mcirc f=99[0m
    clean telemetry live: 2124 → 1518 rows
[2m[04:20:56] tick 245[0m
  [36mstation1 [0m [32mhealthy[0m                      conf=0.89  ETA=  6.3m sev=[33mmedium[0m [2mcirc f=99[0m
  [36mstation2 [0m [32mhealthy[0m                      conf=0.81  ETA=  7.9m sev=[32mlow   [0m [2mcirc f=99[0m
    clean telemetry live: 2124 → 1518 rows
[2m[04:21:12] tick 246[0m
  [36mstation1 [0m [32mhealthy[0m                      conf=0.80  ETA=  5.7m sev=[33mmedium[0m [2mcirc f=99[0m
  [36mstation2 [0m [32mhealthy[0m                      conf=0.78  ETA=  7.8m sev=[32mlow   [0m [2mcirc f=99[0m
