[2026-07-20T02:52:32.447394+00:00] Run directory: /home/brain/deca-isro/data/rpi-net/runs/tier5_vrf_overlap_20260720_0252
[2026-07-20T02:52:32.447474+00:00] ============================================================
[2026-07-20T02:52:32.447500+00:00] DECA COMPOUND OVERLAP CAMPAIGN — 2× each PE1 + vrf_leakage (retry=2)
[2026-07-20T02:52:32.447525+00:00] ============================================================
[2026-07-20T02:52:35.891928+00:00]    iperf3 server listening on station2 (192.168.50.20)
[2026-07-20T02:52:46.384078+00:00] Baseline traffic: 82 Mbps (station1 -> 192.168.50.20 via eth0)
[2026-07-20T02:52:51.285766+00:00]    iperf3 client running (~82 Mbps)
[2026-07-20T02:52:51.285890+00:00] Normal ops before compound bgp_route_flap+vrf_leakage 4.8 min...
[2026-07-20T02:57:38.360805+00:00] Compound slot bgp_route_flap #1 attempt 1/3
[2026-07-20T02:57:38.361067+00:00] === COMPOUND bgp_route_flap_01: bgp_route_flap (station1) + vrf_leakage (station2) ===
[2026-07-20T02:57:38.361597+00:00]   bgp_route_flap run=bgp_route_flap_01_bgp_route_flap: 3 slow flaps over 8.6min, then 4 rapid flaps
[2026-07-20T02:57:38.362075+00:00]   vrf_leakage run=bgp_route_flap_01_vrf_leakage: wrong RT import + PE2 symptom ramp to 2.5%/20ms over 6.6min, hold 6.7min
[2026-07-20T03:11:05.831242+00:00] Logged bgp_route_flap 2026-07-20T02:57:38.361582+00:00 -> 2026-07-20T03:06:17.067138+00:00
[2026-07-20T03:11:05.831326+00:00] Logged vrf_leakage 2026-07-20T02:57:38.362049+00:00 -> 2026-07-20T03:04:22.795073+00:00
[2026-07-20T03:11:13.160790+00:00]   recovery settle 2.7 min...
[2026-07-20T03:13:57.214610+00:00]    iperf3 server listening on station2 (192.168.50.20)
[2026-07-20T03:13:59.740071+00:00] Baseline traffic: 25 Mbps (station1 -> 192.168.50.20 via eth0)
[2026-07-20T03:14:04.604275+00:00]    iperf3 client running (~25 Mbps)
[2026-07-20T03:14:04.604381+00:00] Normal ops before compound bgp_route_flap+vrf_leakage 5.4 min...
[2026-07-20T03:19:28.719812+00:00] Compound slot bgp_route_flap #2 attempt 1/3
[2026-07-20T03:19:28.719981+00:00] === COMPOUND bgp_route_flap_02: bgp_route_flap (station1) + vrf_leakage (station2) ===
[2026-07-20T03:19:28.720259+00:00]   bgp_route_flap run=bgp_route_flap_02_bgp_route_flap: 2 slow flaps over 10.9min, then 6 rapid flaps
[2026-07-20T03:19:28.720603+00:00]   vrf_leakage run=bgp_route_flap_02_vrf_leakage: wrong RT import + PE2 symptom ramp to 3.2%/16ms over 4.1min, hold 8.9min
[2026-07-20T03:32:35.019319+00:00] Logged bgp_route_flap 2026-07-20T03:19:28.720251+00:00 -> 2026-07-20T03:30:24.106856+00:00
[2026-07-20T03:32:35.019384+00:00] Logged vrf_leakage 2026-07-20T03:19:28.720583+00:00 -> 2026-07-20T03:23:39.793438+00:00
[2026-07-20T03:32:42.226896+00:00]   recovery settle 3.8 min...
[2026-07-20T03:36:36.034637+00:00]    iperf3 server listening on station2 (192.168.50.20)
[2026-07-20T03:36:38.734231+00:00] Baseline traffic: 66 Mbps (station1 -> 192.168.50.20 via eth0)
[2026-07-20T03:36:44.631982+00:00]    iperf3 client running (~66 Mbps)
[2026-07-20T03:36:44.632172+00:00] Normal ops before compound congestion_breach+vrf_leakage 4.5 min...
[2026-07-20T03:41:16.344868+00:00] Compound slot congestion_breach #1 attempt 1/3
[2026-07-20T03:41:16.345135+00:00] === COMPOUND congestion_breach_01: congestion_breach (station1) + vrf_leakage (station2) ===
[2026-07-20T03:41:16.345582+00:00]   congestion_breach run=congestion_breach_01_congestion_breach: 95->7mbit over 11.5min, 5 steps
[2026-07-20T03:41:16.345797+00:00]   vrf_leakage run=congestion_breach_01_vrf_leakage: wrong RT import + PE2 symptom ramp to 3.9%/9ms over 8.8min, hold 8.3min
[2026-07-20T03:58:35.315048+00:00] Logged congestion_breach 2026-07-20T03:41:16.345556+00:00 -> 2026-07-20T03:53:04.308538+00:00
[2026-07-20T03:58:35.315203+00:00] Logged vrf_leakage 2026-07-20T03:41:16.345785+00:00 -> 2026-07-20T03:50:08.452282+00:00
[2026-07-20T03:58:40.829743+00:00]   recovery settle 2.5 min...
[2026-07-20T04:01:14.953435+00:00]    iperf3 server listening on station2 (192.168.50.20)
[2026-07-20T04:01:16.430078+00:00] Baseline traffic: 66 Mbps (station1 -> 192.168.50.20 via eth0)
[2026-07-20T04:01:22.338114+00:00]    iperf3 client running (~66 Mbps)
[2026-07-20T04:01:22.338245+00:00] Normal ops before compound congestion_breach+vrf_leakage 5.2 min...
[2026-07-20T04:06:35.611077+00:00] Compound slot congestion_breach #2 attempt 1/3
[2026-07-20T04:06:35.611258+00:00] === COMPOUND congestion_breach_02: congestion_breach (station1) + vrf_leakage (station2) ===
[2026-07-20T04:06:35.611551+00:00]   congestion_breach run=congestion_breach_02_congestion_breach: 95->5mbit over 9.7min, 4 steps
[2026-07-20T04:06:35.611755+00:00]   vrf_leakage run=congestion_breach_02_vrf_leakage: wrong RT import + PE2 symptom ramp to 3.9%/10ms over 8.9min, hold 5.0min
[2026-07-20T04:20:51.030455+00:00] Logged congestion_breach 2026-07-20T04:06:35.611542+00:00 -> 2026-07-20T04:16:29.976461+00:00
[2026-07-20T04:20:51.030629+00:00] Logged vrf_leakage 2026-07-20T04:06:35.611749+00:00 -> 2026-07-20T04:15:33.825300+00:00
[2026-07-20T04:20:56.749165+00:00]   recovery settle 3.7 min...
[2026-07-20T04:24:42.344927+00:00]    iperf3 server listening on station2 (192.168.50.20)
[2026-07-20T04:24:43.858058+00:00] Baseline traffic: 31 Mbps (station1 -> 192.168.50.20 via eth0)
[2026-07-20T04:25:10.465720+00:00]    iperf3 client running (~31 Mbps)
[2026-07-20T04:25:10.465844+00:00] Normal ops before compound tunnel_degradation+vrf_leakage 3.6 min...
[2026-07-20T04:28:44.138077+00:00] Compound slot tunnel_degradation #1 attempt 1/3
[2026-07-20T04:28:44.138256+00:00] === COMPOUND tunnel_degradation_01: tunnel_degradation (station1) + vrf_leakage (station2) ===
[2026-07-20T04:28:44.138859+00:00]   vrf_leakage run=tunnel_degradation_01_vrf_leakage: wrong RT import + PE2 symptom ramp to 3.0%/15ms over 4.1min, hold 5.3min
[2026-07-20T04:28:44.138659+00:00]   tunnel_degradation run=tunnel_degradation_01_tunnel_degradation: ramping to 9.6% loss / 38ms delay over 6.3min
[2026-07-20T04:38:41.928273+00:00] Logged tunnel_degradation 2026-07-20T04:28:44.138638+00:00 -> 2026-07-20T04:33:31.230034+00:00
[2026-07-20T04:38:41.928400+00:00] Logged vrf_leakage 2026-07-20T04:28:44.138849+00:00 -> 2026-07-20T04:33:00.891386+00:00
[2026-07-20T04:38:44.170556+00:00]   recovery settle 3.5 min...
[2026-07-20T04:42:16.958603+00:00]    iperf3 server listening on station2 (192.168.50.20)
[2026-07-20T04:42:18.440122+00:00] Baseline traffic: 83 Mbps (station1 -> 192.168.50.20 via eth0)
[2026-07-20T04:42:23.295737+00:00]    iperf3 client running (~83 Mbps)
[2026-07-20T04:42:23.295866+00:00] Normal ops before compound tunnel_degradation+vrf_leakage 3.6 min...
[2026-07-20T04:46:00.378882+00:00] Compound slot tunnel_degradation #2 attempt 1/3
[2026-07-20T04:46:00.379054+00:00] === COMPOUND tunnel_degradation_02: tunnel_degradation (station1) + vrf_leakage (station2) ===
[2026-07-20T04:46:00.379319+00:00]   tunnel_degradation run=tunnel_degradation_02_tunnel_degradation: ramping to 7.9% loss / 31ms delay over 9.5min
[2026-07-20T04:46:00.379576+00:00]   vrf_leakage run=tunnel_degradation_02_vrf_leakage: wrong RT import + PE2 symptom ramp to 2.0%/8ms over 8.7min, hold 4.4min
[2026-07-20T04:59:09.120822+00:00] Logged tunnel_degradation 2026-07-20T04:46:00.379298+00:00 -> 2026-07-20T04:52:24.995595+00:00
[2026-07-20T04:59:09.121052+00:00] Logged vrf_leakage 2026-07-20T04:46:00.379560+00:00 -> 2026-07-20T04:54:46.098393+00:00
[2026-07-20T04:59:11.115421+00:00]   recovery settle 2.6 min...
[2026-07-20T05:01:51.896557+00:00]    iperf3 server listening on station2 (192.168.50.20)
[2026-07-20T05:02:12.900647+00:00] Baseline traffic: 32 Mbps (station1 -> 192.168.50.20 via eth0)
[2026-07-20T05:02:24.768429+00:00]    iperf3 client running (~32 Mbps)
[2026-07-20T05:02:24.768546+00:00] ============================================================
[2026-07-20T05:02:24.768586+00:00] COMPOUND OVERLAP CAMPAIGN DONE — pe1 counts {'congestion_breach': 2, 'tunnel_degradation': 2, 'bgp_route_flap': 2} attempts=6
[2026-07-20T05:02:24.768619+00:00] ============================================================
[2026-07-20T05:02:27.339405+00:00] Exported /home/brain/deca-isro/data/rpi-net/runs/tier5_vrf_overlap_20260720_0252/network_telemetry.csv (10396 rows)
[2026-07-20T05:02:27.394605+00:00] Exported /home/brain/deca-isro/data/rpi-net/runs/tier5_vrf_overlap_20260720_0252/network_campaign_export.csv (1560 rows)
[2026-07-20T05:02:27.395869+00:00] ============================================================
[2026-07-20T05:02:27.395982+00:00] VALIDATING fault_injection_log.csv
[2026-07-20T05:02:27.396030+00:00] ============================================================
[2026-07-20T05:02:27.396174+00:00] Total runs: 12
[2026-07-20T05:02:27.396324+00:00]   congestion_breach     n=2  avg= 10.9min  spread= 1.3min
[2026-07-20T05:02:27.396409+00:00]   tunnel_degradation    n=2  avg=  5.6min  spread= 1.1min
[2026-07-20T05:02:27.396493+00:00]   bgp_route_flap        n=2  avg=  9.8min  spread= 1.6min
[2026-07-20T05:02:27.396595+00:00]   vrf_leakage           n=6  avg=  7.0min  spread= 2.3min
[2026-07-20T05:02:27.396640+00:00] VALIDATION RESULT: PASS
[2026-07-20T05:02:27.396669+00:00] ============================================================
