[1mLoading DECA model stack...[0m
WARNING: All log messages before absl::InitializeLog() is called are written to STDERR
I0000 00:00:1784210098.690089  272159 cudart_stub.cc:31] Could not find cuda drivers on your machine, GPU will not be used.
I0000 00:00:1784210098.743685  272159 cpu_feature_guard.cc:227] This TensorFlow binary is optimized to use available CPU instructions in performance-critical operations.
To enable the following instructions: AVX2 FMA, in other operations, rebuild TensorFlow with the appropriate compiler flags.
WARNING: All log messages before absl::InitializeLog() is called are written to STDERR
I0000 00:00:1784210100.062237  272159 cudart_stub.cc:31] Could not find cuda drivers on your machine, GPU will not be used.
E0000 00:00:1784210100.808357  272159 cuda_platform.cc:52] failed call to cuInit: INTERNAL: CUDA error: Failed call to cuInit: UNKNOWN ERROR (303)
  classes=['healthy', 'congestion_breach', 'tunnel_degradation', 'bgp_route_flap', 'vrf_leakage']
  ensemble (plain+wm agreement): off
  loom: soft_streak=True enter_k=2 advisory_enter_k=2
  LSTM ETA: ready | circumstance head: ready
  scoped hosts: ['station1', 'station2']
  declarations -> /home/brain/deca-isro/data/rpi-net/live/blind_20260716_1924_60m/declarations.jsonl

[1m=== DECA LIVE OPERATOR watching blind_20260716_1924_60m (PROMETHEUS :9090) ===[0m

    clean telemetry live: 1818 → 1212 rows
[2m[13:55:01] tick 1[0m
  [36mstation1 [0m [32mhealthy[0m                      conf=0.92  ETA=  3.9m sev=[32mlow   [0m [2m     f=99[0m
  [36mstation2 [0m [32mhealthy[0m                      conf=0.94  ETA=  6.3m sev=[32mlow   [0m [2m     f=99[0m
    clean telemetry live: 1818 → 1212 rows
[2m[13:55:16] tick 2[0m
  [36mstation1 [0m [32mhealthy[0m                      conf=0.93  ETA=  4.3m sev=[32mlow   [0m [2m     f=99[0m
  [36mstation2 [0m [32mhealthy[0m                      conf=0.93  ETA=  5.9m sev=[32mlow   [0m [2m     f=99[0m
    clean telemetry live: 1818 → 1212 rows
[2m[13:55:32] tick 3[0m
  [36mstation1 [0m [32mhealthy[0m                      conf=0.85  ETA=  4.2m sev=[32mlow   [0m [2m     f=99[0m
  [36mstation2 [0m [32mhealthy[0m                      conf=0.97  ETA=  4.2m sev=[32mlow   [0m [2m     f=99[0m
    clean telemetry live: 1818 → 1212 rows
[2m[13:55:47] tick 4[0m
  [36mstation1 [0m [32mhealthy[0m                      conf=0.88  ETA=  4.0m sev=[32mlow   [0m [2m     f=99[0m
  [36mstation2 [0m [32mhealthy[0m                      conf=0.93  ETA=  3.7m sev=[32mlow   [0m [2m     f=99[0m
    clean telemetry live: 1818 → 1212 rows
[2m[13:56:02] tick 5[0m
  [36mstation1 [0m [32mhealthy[0m                      conf=0.86  ETA=  4.3m sev=[32mlow   [0m [2m     f=99[0m
  [36mstation2 [0m [32mhealthy[0m                      conf=0.84  ETA=  3.9m sev=[32mlow   [0m [2m     f=99[0m
    clean telemetry live: 1818 → 1212 rows
[2m[13:56:18] tick 6[0m
  [36mstation1 [0m [32mhealthy[0m                      conf=0.85  ETA=  3.7m sev=[32mlow   [0m [2m     f=99[0m
  [36mstation2 [0m [32mhealthy[0m                      conf=0.82  ETA=  4.1m sev=[32mlow   [0m [2m     f=99[0m
    clean telemetry live: 1818 → 1212 rows
[2m[13:56:33] tick 7[0m
  [36mstation1 [0m [32mhealthy[0m                      conf=0.79  ETA=  3.7m sev=[32mlow   [0m [2m     f=99[0m
  [36mstation2 [0m [32mhealthy[0m                      conf=0.76  ETA=  5.3m sev=[32mlow   [0m [2m     f=99[0m
    clean telemetry live: 1818 → 1212 rows
[2m[13:56:48] tick 8[0m
  [36mstation1 [0m [32mhealthy[0m                      conf=0.66  ETA=  3.7m sev=[32mlow   [0m [2m     f=99[0m
  [36mstation2 [0m [32mhealthy[0m                      conf=0.60  ETA=  4.1m sev=[32mlow   [0m [2m     f=99[0m
    clean telemetry live: 1818 → 1212 rows
[2m[13:57:04] tick 9[0m
  [36mstation1 [0m [32mhealthy[0m                      conf=0.70  ETA=  3.7m sev=[32mlow   [0m [2m     f=99[0m
  [36mstation2 [0m [32mhealthy[0m                      conf=0.69  ETA=  4.1m sev=[32mlow   [0m [2m     f=99[0m
    clean telemetry live: 1818 → 1212 rows
[2m[13:57:19] tick 10[0m
  [36mstation1 [0m [32mhealthy[0m                      conf=0.67  ETA=  3.9m sev=[32mlow   [0m [2m     f=99[0m
  [36mstation2 [0m [32mhealthy[0m                      conf=0.79  ETA=  6.1m sev=[32mlow   [0m [2m     f=99[0m
    clean telemetry live: 1818 → 1212 rows
[2m[13:57:35] tick 11[0m
  [36mstation1 [0m [32mhealthy[0m                      conf=0.57  ETA=  4.2m sev=[32mlow   [0m [2m     f=99[0m
  [36mstation2 [0m [32mhealthy[0m                      conf=0.53  ETA=  4.4m sev=[32mlow   [0m [2m     f=99[0m
    clean telemetry live: 1818 → 1212 rows
[2m[13:57:50] tick 12[0m
  [36mstation1 [0m [32mhealthy[0m                      conf=0.52  ETA=  5.1m sev=[32mlow   [0m [2mcirc f=99[0m
  [36mstation2 [0m [32mhealthy[0m                      conf=0.59  ETA=  6.2m sev=[32mlow   [0m [2mcirc f=99[0m
    clean telemetry live: 1818 → 1212 rows
[2m[13:58:05] tick 13[0m
  [36mstation1 [0m [33mADVISORY  tunnel_degradation[0m conf=0.90  ETA=  5.2m sev=[32mlow   [0m [2m     f=99[0m
  [36mstation2 [0m [32mhealthy[0m                      conf=0.72  ETA=  6.5m sev=[32mlow   [0m [2mcirc f=99[0m
    clean telemetry live: 1818 → 1212 rows
[2m[13:58:21] tick 14[0m
  [36mstation1 [0m [31m[1mCONFIRMED tunnel_degradation[0m conf=0.95  ETA=  4.0m sev=[32mlow   [0m [2mcirc f=99[0m
  [36mstation2 [0m [33mADVISORY  tunnel_degradation[0m conf=0.96  ETA=  6.9m sev=[32mlow   [0m [2mcirc f=99[0m
    clean telemetry live: 1818 → 1212 rows
[2m[13:58:36] tick 15[0m
  [36mstation1 [0m [33mADVISORY  tunnel_degradation[0m conf=1.00  ETA=  3.2m sev=[32mlow   [0m [2mcirc f=99[0m
  [36mstation2 [0m [31m[1mCONFIRMED tunnel_degradation[0m conf=0.99  ETA=  6.7m sev=[32mlow   [0m [2mcirc f=99[0m
    clean telemetry live: 1818 → 1212 rows
[2m[13:58:52] tick 16[0m
  [36mstation1 [0m [31m[1mCONFIRMED tunnel_degradation[0m conf=0.99  ETA=  3.1m sev=[32mlow   [0m [2mcirc f=99[0m
  [36mstation2 [0m [31m[1mCONFIRMED tunnel_degradation[0m conf=0.99  ETA=  6.8m sev=[32mlow   [0m [2mcirc f=99[0m
    clean telemetry live: 1818 → 1212 rows
[2m[13:59:07] tick 17[0m
  [36mstation1 [0m [31m[1mCONFIRMED tunnel_degradation[0m conf=0.99  ETA=  3.3m sev=[33mmedium[0m [2mcirc f=99[0m
  [36mstation2 [0m [31m[1mCONFIRMED tunnel_degradation[0m conf=0.99  ETA=  6.0m sev=[33mmedium[0m [2mcirc f=99[0m
    clean telemetry live: 1818 → 1212 rows
[2m[13:59:22] tick 18[0m
  [36mstation1 [0m [31m[1mCONFIRMED tunnel_degradation[0m conf=1.00  ETA=  3.2m sev=[33mmedium[0m [2mcirc f=99[0m
  [36mstation2 [0m [31m[1mCONFIRMED tunnel_degradation[0m conf=1.00  ETA=  6.2m sev=[33mmedium[0m [2mcirc f=99[0m
    clean telemetry live: 1818 → 1212 rows
[2m[13:59:38] tick 19[0m
  [36mstation1 [0m [31m[1mCONFIRMED tunnel_degradation[0m conf=1.00  ETA=  2.8m sev=[33mmedium[0m [2mcirc f=99[0m
  [36mstation2 [0m [31m[1mCONFIRMED tunnel_degradation[0m conf=0.99  ETA=  6.4m sev=[31mhigh  [0m [2mcirc f=99[0m
    clean telemetry live: 1818 → 1212 rows
[2m[13:59:53] tick 20[0m
  [36mstation1 [0m [31m[1mCONFIRMED tunnel_degradation[0m conf=0.99  ETA=  2.8m sev=[33mmedium[0m [2mcirc f=99[0m
  [36mstation2 [0m [31m[1mCONFIRMED tunnel_degradation[0m conf=0.98  ETA=  5.9m sev=[31mhigh  [0m [2m     f=99[0m
    clean telemetry live: 1818 → 1212 rows
[2m[14:00:08] tick 21[0m
  [36mstation1 [0m [31m[1mCONFIRMED tunnel_degradation[0m conf=0.99  ETA=  2.3m sev=[31mhigh  [0m [2mcirc f=99[0m
  [36mstation2 [0m [31m[1mCONFIRMED tunnel_degradation[0m conf=0.99  ETA=  5.9m sev=[31mhigh  [0m [2m     f=99[0m
    clean telemetry live: 1818 → 1212 rows
[2m[14:00:24] tick 22[0m
  [36mstation1 [0m [31m[1mCONFIRMED tunnel_degradation[0m conf=0.99  ETA=  2.1m sev=[31mhigh  [0m [2mcirc f=99[0m
  [36mstation2 [0m [31m[1mCONFIRMED tunnel_degradation[0m conf=0.99  ETA=  4.7m sev=[31mhigh  [0m [2mcirc f=99[0m
    clean telemetry live: 1818 → 1212 rows
[2m[14:00:39] tick 23[0m
  [36mstation1 [0m [31m[1mCONFIRMED tunnel_degradation[0m conf=0.99  ETA=  1.8m sev=[31mhigh  [0m [2mcirc f=99[0m
  [36mstation2 [0m [31m[1mCONFIRMED tunnel_degradation[0m conf=0.95  ETA=  4.7m sev=[31mhigh  [0m [2m     f=99[0m
    clean telemetry live: 1818 → 1212 rows
[2m[14:00:54] tick 24[0m
  [36mstation1 [0m [31m[1mCONFIRMED tunnel_degradation[0m conf=0.99  ETA=  1.7m sev=[31mhigh  [0m [2mcirc f=99[0m
  [36mstation2 [0m [31m[1mCONFIRMED tunnel_degradation[0m conf=0.91  ETA=  3.9m sev=[31mhigh  [0m [2m     f=99[0m
    clean telemetry live: 1818 → 1212 rows
[2m[14:01:10] tick 25[0m
  [36mstation1 [0m [31m[1mCONFIRMED tunnel_degradation[0m conf=0.99  ETA=  1.6m sev=[31mhigh  [0m [2mcirc f=99[0m
  [36mstation2 [0m [31m[1mCONFIRMED tunnel_degradation[0m conf=0.94  ETA=  3.7m sev=[31mhigh  [0m [2m     f=99[0m
    clean telemetry live: 1818 → 1212 rows
[2m[14:01:25] tick 26[0m
  [36mstation1 [0m [31m[1mCONFIRMED tunnel_degradation[0m conf=0.99  ETA=  1.7m sev=[31mhigh  [0m [2mcirc f=99[0m
  [36mstation2 [0m [31m[1mCONFIRMED tunnel_degradation[0m conf=0.74  ETA=  3.3m sev=[31mhigh  [0m [2m     f=99[0m
    clean telemetry live: 1818 → 1212 rows
[2m[14:01:40] tick 27[0m
  [36mstation1 [0m [31m[1mCONFIRMED tunnel_degradation[0m conf=0.99  ETA=  1.7m sev=[31mhigh  [0m [2mcirc f=99[0m
  [36mstation2 [0m [31m[1mCONFIRMED tunnel_degradation[0m conf=0.98  ETA=  3.1m sev=[31mhigh  [0m [2m     f=99[0m
    clean telemetry live: 1818 → 1212 rows
[2m[14:01:56] tick 28[0m
  [36mstation1 [0m [31m[1mCONFIRMED tunnel_degradation[0m conf=0.99  ETA=  2.2m sev=[31mhigh  [0m [2mcirc f=99[0m
  [36mstation2 [0m [31m[1mCONFIRMED tunnel_degradation[0m conf=0.99  ETA=  3.1m sev=[31mhigh  [0m [2m     f=99[0m
    clean telemetry live: 1818 → 1212 rows
[2m[14:02:11] tick 29[0m
  [36mstation1 [0m [31m[1mCONFIRMED tunnel_degradation[0m conf=0.99  ETA=  2.0m sev=[31mhigh  [0m [2mcirc f=99[0m
  [36mstation2 [0m [31m[1mCONFIRMED tunnel_degradation[0m conf=1.00  ETA=  3.1m sev=[31mhigh  [0m [2mcirc f=99[0m
    clean telemetry live: 1818 → 1212 rows
[2m[14:02:26] tick 30[0m
  [36mstation1 [0m [31m[1mCONFIRMED tunnel_degradation[0m conf=0.99  ETA=  1.7m sev=[31mhigh  [0m [2mcirc f=99[0m
  [36mstation2 [0m [31m[1mCONFIRMED tunnel_degradation[0m conf=0.97  ETA=  2.7m sev=[31mhigh  [0m [2m     f=99[0m
    clean telemetry live: 1818 → 1212 rows
[2m[14:02:42] tick 31[0m
  [36mstation1 [0m [31m[1mCONFIRMED tunnel_degradation[0m conf=0.99  ETA=  1.6m sev=[31mhigh  [0m [2mcirc f=99[0m
  [36mstation2 [0m [31m[1mCONFIRMED tunnel_degradation[0m conf=0.99  ETA=  2.8m sev=[31mhigh  [0m [2mcirc f=99[0m
    clean telemetry live: 1818 → 1212 rows
[2m[14:02:57] tick 32[0m
  [36mstation1 [0m [31m[1mCONFIRMED tunnel_degradation[0m conf=0.99  ETA=  1.3m sev=[31mhigh  [0m [2mcirc f=99[0m
  [36mstation2 [0m [31m[1mCONFIRMED tunnel_degradation[0m conf=0.96  ETA=  2.2m sev=[31mhigh  [0m [2m     f=99[0m
    clean telemetry live: 1818 → 1212 rows
[2m[14:03:12] tick 33[0m
  [36mstation1 [0m [31m[1mCONFIRMED tunnel_degradation[0m conf=0.99  ETA=  1.2m sev=[31mhigh  [0m [2mcirc f=99[0m
  [36mstation2 [0m [31m[1mCONFIRMED tunnel_degradation[0m conf=0.99  ETA=  2.6m sev=[31mhigh  [0m [2mcirc f=99[0m
    clean telemetry live: 1818 → 1212 rows
[2m[14:03:28] tick 34[0m
  [36mstation1 [0m [31m[1mCONFIRMED tunnel_degradation[0m conf=0.99  ETA=  1.2m sev=[31mhigh  [0m [2mcirc f=99[0m
  [36mstation2 [0m [31m[1mCONFIRMED tunnel_degradation[0m conf=0.99  ETA=  2.2m sev=[31mhigh  [0m [2mcirc f=99[0m
    clean telemetry live: 1818 → 1212 rows
[2m[14:03:43] tick 35[0m
  [36mstation1 [0m [31m[1mCONFIRMED tunnel_degradation[0m conf=0.99  ETA=  1.1m sev=[31mhigh  [0m [2mcirc f=99[0m
  [36mstation2 [0m [31m[1mCONFIRMED tunnel_degradation[0m conf=0.99  ETA=  2.4m sev=[31mhigh  [0m [2mcirc f=99[0m
    clean telemetry live: 1818 → 1212 rows
[2m[14:03:58] tick 36[0m
  [36mstation1 [0m [31m[1mCONFIRMED tunnel_degradation[0m conf=0.97  ETA=  0.9m sev=[31mhigh  [0m [2mcirc f=99[0m
  [36mstation2 [0m [31m[1mCONFIRMED tunnel_degradation[0m conf=0.81  ETA=  1.9m sev=[31mhigh  [0m [2mcirc f=99[0m
    clean telemetry live: 1818 → 1212 rows
[2m[14:04:14] tick 37[0m
  [36mstation1 [0m [31m[1mCONFIRMED tunnel_degradation[0m conf=0.96  ETA=  0.9m sev=[31mhigh  [0m [2mcirc f=99[0m
  [36mstation2 [0m [31m[1mCONFIRMED tunnel_degradation[0m conf=0.88  ETA=  2.1m sev=[31mhigh  [0m [2mcirc f=99[0m
    clean telemetry live: 1818 → 1212 rows
[2m[14:04:29] tick 38[0m
  [36mstation1 [0m [31m[1mCONFIRMED tunnel_degradation[0m conf=0.96  ETA=  0.9m sev=[31mhigh  [0m [2mcirc f=99[0m
  [36mstation2 [0m [31m[1mCONFIRMED tunnel_degradation[0m conf=0.68  ETA=  2.0m sev=[31mhigh  [0m [2mcirc f=99[0m
    clean telemetry live: 1818 → 1212 rows
[2m[14:04:44] tick 39[0m
  [36mstation1 [0m [31m[1mCONFIRMED tunnel_degradation[0m conf=0.97  ETA=  1.1m sev=[31mhigh  [0m [2mcirc f=99[0m
  [36mstation2 [0m [31m[1mCONFIRMED tunnel_degradation[0m conf=0.62  ETA=  2.0m sev=[31mhigh  [0m [2m     f=99[0m
    clean telemetry live: 1818 → 1212 rows
[2m[14:05:00] tick 40[0m
  [36mstation1 [0m [31m[1mCONFIRMED tunnel_degradation[0m conf=0.90  ETA=  0.8m sev=[31mhigh  [0m [2mcirc f=99[0m
  [36mstation2 [0m [31m[1mCONFIRMED tunnel_degradation[0m conf=0.73  ETA=  2.1m sev=[31mhigh  [0m [2mcirc f=99[0m
    clean telemetry live: 1818 → 1212 rows
[2m[14:05:15] tick 41[0m
  [36mstation1 [0m [31m[1mCONFIRMED tunnel_degradation[0m conf=0.97  ETA=  0.9m sev=[31mhigh  [0m [2mcirc f=99[0m
  [36mstation2 [0m [32mhealthy[0m                      conf=0.66  ETA=  1.9m sev=[31mhigh  [0m [2mcirc f=99[0m
    clean telemetry live: 1818 → 1212 rows
[2m[14:05:31] tick 42[0m
  [36mstation1 [0m [31m[1mCONFIRMED tunnel_degradation[0m conf=0.92  ETA=  0.8m sev=[31mhigh  [0m [2mcirc f=99[0m
  [36mstation2 [0m [32mhealthy[0m                      conf=0.53  ETA=  2.0m sev=[31mhigh  [0m [2mcirc f=99[0m
    clean telemetry live: 1818 → 1212 rows
[2m[14:05:46] tick 43[0m
  [36mstation1 [0m [31m[1mCONFIRMED tunnel_degradation[0m conf=0.91  ETA=  1.0m sev=[31mhigh  [0m [2mcirc f=99[0m
  [36mstation2 [0m [32mhealthy[0m                      conf=0.65  ETA=  2.0m sev=[31mhigh  [0m [2mcirc f=99[0m
    clean telemetry live: 1818 → 1212 rows
[2m[14:06:01] tick 44[0m
  [36mstation1 [0m [31m[1mCONFIRMED tunnel_degradation[0m conf=0.93  ETA=  0.8m sev=[31mhigh  [0m [2mcirc f=99[0m
  [36mstation2 [0m [31m[1mCONFIRMED tunnel_degradation[0m conf=0.50  ETA=  2.1m sev=[31mhigh  [0m [2mcirc f=99[0m
    clean telemetry live: 1818 → 1212 rows
[2m[14:06:17] tick 45[0m
  [36mstation1 [0m [31m[1mCONFIRMED tunnel_degradation[0m conf=0.94  ETA=  1.0m sev=[31mhigh  [0m [2mcirc f=99[0m
  [36mstation2 [0m [32mhealthy[0m                      conf=0.84  ETA=  2.1m sev=[31mhigh  [0m [2mcirc f=99[0m
    clean telemetry live: 1818 → 1212 rows
[2m[14:06:32] tick 46[0m
  [36mstation1 [0m [31m[1mCONFIRMED tunnel_degradation[0m conf=0.93  ETA=  1.0m sev=[31mhigh  [0m [2mcirc f=99[0m
  [36mstation2 [0m [32mhealthy[0m                      conf=0.84  ETA=  2.0m sev=[31mhigh  [0m [2mcirc f=99[0m
    clean telemetry live: 1818 → 1212 rows
[2m[14:06:48] tick 47[0m
  [36mstation1 [0m [31m[1mCONFIRMED tunnel_degradation[0m conf=0.96  ETA=  0.9m sev=[31mhigh  [0m [2mcirc f=99[0m
  [36mstation2 [0m [31m[1mCONFIRMED tunnel_degradation[0m conf=0.63  ETA=  2.1m sev=[31mhigh  [0m [2m     f=99[0m
    clean telemetry live: 1818 → 1212 rows
[2m[14:07:03] tick 48[0m
  [36mstation1 [0m [32mhealthy[0m                      conf=0.56  ETA=  1.0m sev=[31mhigh  [0m [2mcirc f=99[0m
  [36mstation2 [0m [31m[1mCONFIRMED tunnel_degradation[0m conf=0.76  ETA=  2.2m sev=[31mhigh  [0m [2mcirc f=99[0m
    clean telemetry live: 1818 → 1212 rows
[2m[14:07:18] tick 49[0m
  [36mstation1 [0m [32mhealthy[0m                      conf=0.66  ETA=  0.8m sev=[31mhigh  [0m [2mcirc f=99[0m
  [36mstation2 [0m [32mhealthy[0m                      conf=0.62  ETA=  2.1m sev=[31mhigh  [0m [2mcirc f=99[0m
    clean telemetry live: 1818 → 1212 rows
[2m[14:07:34] tick 50[0m
  [36mstation1 [0m [32mhealthy[0m                      conf=0.66  ETA=  0.6m sev=[31mhigh  [0m [2m     f=99[0m
  [36mstation2 [0m [31m[1mCONFIRMED tunnel_degradation[0m conf=0.59  ETA=  1.9m sev=[31mhigh  [0m [2mcirc f=99[0m
    clean telemetry live: 1818 → 1212 rows
[2m[14:07:49] tick 51[0m
  [36mstation1 [0m [31m[1mCONFIRMED tunnel_degradation[0m conf=0.71  ETA=  0.7m sev=[31mhigh  [0m [2m     f=99[0m
  [36mstation2 [0m [31m[1mCONFIRMED tunnel_degradation[0m conf=0.81  ETA=  2.1m sev=[31mhigh  [0m [2mcirc f=99[0m
    clean telemetry live: 1818 → 1212 rows
[2m[14:08:04] tick 52[0m
  [36mstation1 [0m [32mhealthy[0m                      conf=0.77  ETA=  0.7m sev=[31mhigh  [0m [2m     f=99[0m
  [36mstation2 [0m [32mhealthy[0m                      conf=0.58  ETA=  1.8m sev=[31mhigh  [0m [2mcirc f=99[0m
    clean telemetry live: 1818 → 1212 rows
[2m[14:08:20] tick 53[0m
  [36mstation1 [0m [32mhealthy[0m                      conf=0.79  ETA=  0.6m sev=[31mhigh  [0m [2m     f=99[0m
  [36mstation2 [0m [32mhealthy[0m                      conf=0.57  ETA=  1.7m sev=[31mhigh  [0m [2m     f=99[0m
    clean telemetry live: 1818 → 1212 rows
[2m[14:08:35] tick 54[0m
  [36mstation1 [0m [32mhealthy[0m                      conf=0.79  ETA=  0.5m sev=[31mhigh  [0m [2m     f=99[0m
  [36mstation2 [0m [32mhealthy[0m                      conf=0.63  ETA=  1.7m sev=[31mhigh  [0m [2m     f=99[0m
    clean telemetry live: 1818 → 1212 rows
[2m[14:08:51] tick 55[0m
  [36mstation1 [0m [31m[1mCONFIRMED tunnel_degradation[0m conf=0.53  ETA=  0.4m sev=[31mhigh  [0m [2m     f=99[0m
  [36mstation2 [0m [32mhealthy[0m                      conf=0.96  ETA=  1.6m sev=[31mhigh  [0m [2m     f=99[0m
    clean telemetry live: 1818 → 1212 rows
[2m[14:09:06] tick 56[0m
  [36mstation1 [0m [32mhealthy[0m                      conf=0.91  ETA=  0.5m sev=[31mhigh  [0m [2m     f=99[0m
  [36mstation2 [0m [32mhealthy[0m                      conf=0.82  ETA=  1.5m sev=[31mhigh  [0m [2m     f=99[0m
    clean telemetry live: 1818 → 1212 rows
[2m[14:09:21] tick 57[0m
  [36mstation1 [0m [32mhealthy[0m                      conf=0.78  ETA=  0.5m sev=[31mhigh  [0m [2m     f=99[0m
  [36mstation2 [0m [32mhealthy[0m                      conf=0.95  ETA=  1.4m sev=[31mhigh  [0m [2m     f=99[0m
    clean telemetry live: 1818 → 1212 rows
[2m[14:09:37] tick 58[0m
  [36mstation1 [0m [32mhealthy[0m                      conf=0.82  ETA=  0.5m sev=[31mhigh  [0m [2m     f=99[0m
  [36mstation2 [0m [32mhealthy[0m                      conf=0.81  ETA=  1.4m sev=[31mhigh  [0m [2m     f=99[0m
    clean telemetry live: 1818 → 1212 rows
[2m[14:09:52] tick 59[0m
  [36mstation1 [0m [32mhealthy[0m                      conf=0.92  ETA=  0.5m sev=[31mhigh  [0m [2m     f=99[0m
  [36mstation2 [0m [32mhealthy[0m                      conf=0.98  ETA=  1.4m sev=[31mhigh  [0m [2m     f=99[0m
    clean telemetry live: 1818 → 1212 rows
[2m[14:10:08] tick 60[0m
  [36mstation1 [0m [32mhealthy[0m                      conf=0.93  ETA=  0.7m sev=[31mhigh  [0m [2m     f=99[0m
  [36mstation2 [0m [32mhealthy[0m                      conf=0.96  ETA=  0.9m sev=[31mhigh  [0m [2m     f=99[0m
    clean telemetry live: 1818 → 1212 rows
[2m[14:10:23] tick 61[0m
  [36mstation1 [0m [32mhealthy[0m                      conf=0.93  ETA=  0.5m sev=[33mmedium[0m [2m     f=99[0m
  [36mstation2 [0m [32mhealthy[0m                      conf=0.99  ETA=  1.3m sev=[31mhigh  [0m [2m     f=99[0m
    clean telemetry live: 1818 → 1212 rows
[2m[14:10:38] tick 62[0m
  [36mstation1 [0m [32mhealthy[0m                      conf=0.94  ETA=  0.7m sev=[33mmedium[0m [2m     f=99[0m
  [36mstation2 [0m [32mhealthy[0m                      conf=0.98  ETA=  1.1m sev=[31mhigh  [0m [2m     f=99[0m
    clean telemetry live: 1818 → 1212 rows
[2m[14:10:54] tick 63[0m
  [36mstation1 [0m [32mhealthy[0m                      conf=0.92  ETA=  1.2m sev=[33mmedium[0m [2m     f=99[0m
  [36mstation2 [0m [32mhealthy[0m                      conf=0.98  ETA=  1.0m sev=[33mmedium[0m [2m     f=99[0m
    clean telemetry live: 1818 → 1212 rows
[2m[14:11:09] tick 64[0m
  [36mstation1 [0m [32mhealthy[0m                      conf=0.96  ETA=  1.8m sev=[33mmedium[0m [2m     f=99[0m
  [36mstation2 [0m [32mhealthy[0m                      conf=0.99  ETA=  1.3m sev=[33mmedium[0m [2m     f=99[0m
    clean telemetry live: 1818 → 1212 rows
[2m[14:11:24] tick 65[0m
  [36mstation1 [0m [32mhealthy[0m                      conf=0.99  ETA=  2.3m sev=[32mlow   [0m [2m     f=99[0m
  [36mstation2 [0m [32mhealthy[0m                      conf=0.99  ETA=  1.5m sev=[33mmedium[0m [2m     f=99[0m
    clean telemetry live: 1818 → 1212 rows
[2m[14:11:40] tick 66[0m
  [36mstation1 [0m [32mhealthy[0m                      conf=0.98  ETA=  3.8m sev=[32mlow   [0m [2m     f=99[0m
  [36mstation2 [0m [32mhealthy[0m                      conf=0.95  ETA=  2.1m sev=[32mlow   [0m [2m     f=99[0m
    clean telemetry live: 1818 → 1212 rows
[2m[14:11:55] tick 67[0m
  [36mstation1 [0m [32mhealthy[0m                      conf=0.91  ETA=  5.4m sev=[32mlow   [0m [2m     f=99[0m
  [36mstation2 [0m [32mhealthy[0m                      conf=0.96  ETA=  1.7m sev=[32mlow   [0m [2m     f=99[0m
    clean telemetry live: 1818 → 1212 rows
[2m[14:12:11] tick 68[0m
  [36mstation1 [0m [32mhealthy[0m                      conf=0.91  ETA=  6.0m sev=[32mlow   [0m [2m     f=99[0m
  [36mstation2 [0m [32mhealthy[0m                      conf=0.97  ETA=  2.5m sev=[32mlow   [0m [2m     f=99[0m
    clean telemetry live: 1815 → 1211 rows
[2m[14:12:26] tick 69[0m
  [36mstation1 [0m [32mhealthy[0m                      conf=0.78  ETA=  6.7m sev=[32mlow   [0m [2m     f=99[0m
  [36mstation2 [0m [32mhealthy[0m                      conf=0.87  ETA=  2.7m sev=[32mlow   [0m [2m     f=99[0m
    clean telemetry live: 1815 → 1211 rows
[2m[14:12:41] tick 70[0m
  [36mstation1 [0m [32mhealthy[0m                      conf=0.80  ETA=  6.3m sev=[32mlow   [0m [2m     f=99[0m
  [36mstation2 [0m [32mhealthy[0m                      conf=0.99  ETA=  2.3m sev=[32mlow   [0m [2m     f=99[0m
    clean telemetry live: 1815 → 1211 rows
[2m[14:12:57] tick 71[0m
  [36mstation1 [0m [32mhealthy[0m                      conf=0.74  ETA=  7.1m sev=[32mlow   [0m [2m     f=99[0m
  [36mstation2 [0m [32mhealthy[0m                      conf=0.96  ETA=  2.8m sev=[32mlow   [0m [2m     f=99[0m
    clean telemetry live: 1815 → 1211 rows
[2m[14:13:12] tick 72[0m
  [36mstation1 [0m [32mhealthy[0m                      conf=0.81  ETA=  7.0m sev=[32mlow   [0m [2m     f=99[0m
  [36mstation2 [0m [32mhealthy[0m                      conf=0.94  ETA=  2.2m sev=[32mlow   [0m [2m     f=99[0m
    clean telemetry live: 1815 → 1211 rows
[2m[14:13:27] tick 73[0m
  [36mstation1 [0m [32mhealthy[0m                      conf=0.99  ETA=  6.7m sev=[32mlow   [0m [2m     f=99[0m
  [36mstation2 [0m [32mhealthy[0m                      conf=0.99  ETA=  2.6m sev=[32mlow   [0m [2m     f=99[0m
    clean telemetry live: 1917 → 1313 rows
[2m[14:13:43] tick 74[0m
  [36mstation1 [0m [32mhealthy[0m                      conf=0.79  ETA=  6.3m sev=[32mlow   [0m [2m     f=99[0m
  [36mstation2 [0m [32mhealthy[0m                      conf=0.61  ETA=  3.0m sev=[33mmedium[0m [2m     f=99[0m
    clean telemetry live: 1917 → 1313 rows
[2m[14:13:58] tick 75[0m
  [36mstation1 [0m [32mhealthy[0m                      conf=0.94  ETA=  6.2m sev=[32mlow   [0m [2m     f=99[0m
  [36mstation2 [0m [32mhealthy[0m                      conf=0.83  ETA=  2.7m sev=[33mmedium[0m [2m     f=99[0m
    clean telemetry live: 1917 → 1313 rows
[2m[14:14:14] tick 76[0m
  [36mstation1 [0m [32mhealthy[0m                      conf=0.90  ETA=  5.6m sev=[32mlow   [0m [2m     f=99[0m
  [36mstation2 [0m [32mhealthy[0m                      conf=0.77  ETA=  3.1m sev=[33mmedium[0m [2m     f=99[0m
    clean telemetry live: 1917 → 1313 rows
[2m[14:14:29] tick 77[0m
  [36mstation1 [0m [32mhealthy[0m                      conf=0.75  ETA=  5.6m sev=[32mlow   [0m [2m     f=99[0m
  [36mstation2 [0m [32mhealthy[0m                      conf=0.73  ETA=  3.2m sev=[31mhigh  [0m [2m     f=99[0m
    clean telemetry live: 1917 → 1313 rows
[2m[14:14:44] tick 78[0m
  [36mstation1 [0m [32mhealthy[0m                      conf=0.89  ETA=  5.4m sev=[32mlow   [0m [2m     f=99[0m
  [36mstation2 [0m [32mhealthy[0m                      conf=0.83  ETA=  2.8m sev=[31mhigh  [0m [2m     f=99[0m
    clean telemetry live: 1916 → 1312 rows
[2m[14:15:00] tick 79[0m
  [36mstation1 [0m [32mhealthy[0m                      conf=0.92  ETA=  5.4m sev=[32mlow   [0m [2m     f=99[0m
  [36mstation2 [0m [32mhealthy[0m                      conf=0.96  ETA=  3.1m sev=[31mhigh  [0m [2m     f=99[0m
    clean telemetry live: 1916 → 1312 rows
[2m[14:15:15] tick 80[0m
  [36mstation1 [0m [32mhealthy[0m                      conf=0.88  ETA=  5.0m sev=[32mlow   [0m [2m     f=99[0m
  [36mstation2 [0m [32mhealthy[0m                      conf=0.98  ETA=  3.0m sev=[31mhigh  [0m [2m     f=99[0m
    clean telemetry live: 1916 → 1312 rows
[2m[14:15:30] tick 81[0m
  [36mstation1 [0m [32mhealthy[0m                      conf=0.82  ETA=  4.7m sev=[32mlow   [0m [2m     f=99[0m
  [36mstation2 [0m [32mhealthy[0m                      conf=0.90  ETA=  2.7m sev=[31mhigh  [0m [2m     f=99[0m
    clean telemetry live: 1920 → 1314 rows
[2m[14:15:46] tick 82[0m
  [36mstation1 [0m [32mhealthy[0m                      conf=0.79  ETA=  4.8m sev=[32mlow   [0m [2m     f=99[0m
  [36mstation2 [0m [32mhealthy[0m                      conf=0.94  ETA=  3.1m sev=[31mhigh  [0m [2m     f=99[0m
    clean telemetry live: 1920 → 1314 rows
[2m[14:16:01] tick 83[0m
  [36mstation1 [0m [32mhealthy[0m                      conf=0.52  ETA=  4.9m sev=[32mlow   [0m [2m     f=99[0m
  [36mstation2 [0m [32mhealthy[0m                      conf=0.79  ETA=  3.1m sev=[33mmedium[0m [2m     f=99[0m
    clean telemetry live: 1920 → 1314 rows
[2m[14:16:17] tick 84[0m
  [36mstation1 [0m [32mhealthy[0m                      conf=0.85  ETA=  5.2m sev=[32mlow   [0m [2m     f=99[0m
  [36mstation2 [0m [32mhealthy[0m                      conf=0.67  ETA=  3.1m sev=[33mmedium[0m [2m     f=99[0m
    clean telemetry live: 1920 → 1314 rows
[2m[14:16:32] tick 85[0m
  [36mstation1 [0m [32mhealthy[0m                      conf=0.85  ETA=  4.8m sev=[32mlow   [0m [2m     f=99[0m
  [36mstation2 [0m [32mhealthy[0m                      conf=0.92  ETA=  3.0m sev=[33mmedium[0m [2m     f=99[0m
    clean telemetry live: 1920 → 1314 rows
[2m[14:16:47] tick 86[0m
  [36mstation1 [0m [32mhealthy[0m                      conf=0.89  ETA=  4.7m sev=[32mlow   [0m [2m     f=99[0m
  [36mstation2 [0m [32mhealthy[0m                      conf=0.80  ETA=  2.7m sev=[32mlow   [0m [2m     f=99[0m
    clean telemetry live: 1920 → 1314 rows
[2m[14:17:03] tick 87[0m
  [36mstation1 [0m [32mhealthy[0m                      conf=0.75  ETA=  4.8m sev=[32mlow   [0m [2m     f=99[0m
  [36mstation2 [0m [32mhealthy[0m                      conf=0.82  ETA=  3.3m sev=[32mlow   [0m [2m     f=99[0m
    clean telemetry live: 1920 → 1314 rows
[2m[14:17:18] tick 88[0m
  [36mstation1 [0m [32mhealthy[0m                      conf=0.55  ETA=  4.6m sev=[32mlow   [0m [2m     f=99[0m
  [36mstation2 [0m [32mhealthy[0m                      conf=0.87  ETA=  3.1m sev=[32mlow   [0m [2m     f=99[0m
    clean telemetry live: 1920 → 1314 rows
[2m[14:17:34] tick 89[0m
  [36mstation1 [0m [32mhealthy[0m                      conf=0.65  ETA=  4.7m sev=[32mlow   [0m [2m     f=99[0m
  [36mstation2 [0m [32mhealthy[0m                      conf=0.92  ETA=  2.6m sev=[32mlow   [0m [2m     f=99[0m
    clean telemetry live: 1920 → 1314 rows
[2m[14:17:49] tick 90[0m
  [36mstation1 [0m [32mhealthy[0m                      conf=0.67  ETA=  4.3m sev=[32mlow   [0m [2m     f=99[0m
  [36mstation2 [0m [32mhealthy[0m                      conf=0.65  ETA=  3.0m sev=[32mlow   [0m [2m     f=99[0m
    clean telemetry live: 1920 → 1314 rows
[2m[14:18:04] tick 91[0m
  [36mstation1 [0m [32mhealthy[0m                      conf=0.65  ETA=  4.0m sev=[32mlow   [0m [2m     f=99[0m
  [36mstation2 [0m [32mhealthy[0m                      conf=0.50  ETA=  3.2m sev=[32mlow   [0m [2mcirc f=99[0m
    clean telemetry live: 1920 → 1314 rows
[2m[14:18:20] tick 92[0m
  [36mstation1 [0m [32mhealthy[0m                      conf=0.56  ETA=  4.2m sev=[32mlow   [0m [2m     f=99[0m
  [36mstation2 [0m [32mhealthy[0m                      conf=0.65  ETA=  2.9m sev=[32mlow   [0m [2m     f=99[0m
    clean telemetry live: 1920 → 1314 rows
[2m[14:18:35] tick 93[0m
  [36mstation1 [0m [33mADVISORY  tunnel_degradation[0m conf=0.45  ETA=  3.7m sev=[32mlow   [0m [2m     f=99[0m
  [36mstation2 [0m [32mhealthy[0m                      conf=0.43  ETA=  3.0m sev=[32mlow   [0m [2mcirc f=99[0m
    clean telemetry live: 1920 → 1314 rows
[2m[14:18:50] tick 94[0m
  [36mstation1 [0m [33mADVISORY  tunnel_degradation[0m conf=0.43  ETA=  4.5m sev=[32mlow   [0m [2m     f=99[0m
  [36mstation2 [0m [32mhealthy[0m                      conf=0.42  ETA=  3.2m sev=[32mlow   [0m [2mcirc f=99[0m
    clean telemetry live: 1920 → 1314 rows
[2m[14:19:06] tick 95[0m
  [36mstation1 [0m [33mADVISORY  congestion_breach [0m conf=0.53  ETA=  4.2m sev=[32mlow   [0m [2m     f=99[0m
  [36mstation2 [0m [33mADVISORY  vrf_leakage       [0m conf=0.35  ETA=  3.1m sev=[32mlow   [0m [2m     f=99[0m
    clean telemetry live: 1920 → 1314 rows
[2m[14:19:21] tick 96[0m
  [36mstation1 [0m [33mADVISORY  congestion_breach [0m conf=0.46  ETA=  3.7m sev=[32mlow   [0m [2m     f=99[0m
  [36mstation2 [0m [32mhealthy[0m                      conf=0.48  ETA=  3.3m sev=[32mlow   [0m [2mcirc f=99[0m
    clean telemetry live: 1920 → 1314 rows
[2m[14:19:37] tick 97[0m
  [36mstation1 [0m [31m[1mCONFIRMED tunnel_degradation[0m conf=0.40  ETA=  3.5m sev=[32mlow   [0m [2mcirc f=99[0m
  [36mstation2 [0m [33mADVISORY  vrf_leakage       [0m conf=0.80  ETA=  3.3m sev=[32mlow   [0m [2mcirc f=99[0m
    clean telemetry live: 1920 → 1314 rows
[2m[14:19:52] tick 98[0m
  [36mstation1 [0m [33mADVISORY  congestion_breach [0m conf=0.87  ETA=  3.0m sev=[32mlow   [0m [2mcirc f=99[0m
  [36mstation2 [0m [31m[1mCONFIRMED vrf_leakage       [0m conf=0.87  ETA=  3.6m sev=[32mlow   [0m [2mcirc f=99[0m
    clean telemetry live: 1920 → 1314 rows
[2m[14:20:07] tick 99[0m
  [36mstation1 [0m [31m[1mCONFIRMED congestion_breach [0m conf=0.86  ETA=  3.6m sev=[32mlow   [0m [2mcirc f=99[0m
  [36mstation2 [0m [31m[1mCONFIRMED vrf_leakage       [0m conf=0.95  ETA=  3.7m sev=[32mlow   [0m [2mcirc f=99[0m
    clean telemetry live: 1920 → 1314 rows
[2m[14:20:23] tick 100[0m
  [36mstation1 [0m [31m[1mCONFIRMED vrf_leakage       [0m conf=0.88  ETA=  3.5m sev=[32mlow   [0m [2mcirc f=99[0m
  [36mstation2 [0m [31m[1mCONFIRMED vrf_leakage       [0m conf=0.91  ETA=  3.9m sev=[32mlow   [0m [2mcirc f=99[0m
    clean telemetry live: 1920 → 1314 rows
[2m[14:20:38] tick 101[0m
  [36mstation1 [0m [31m[1mCONFIRMED vrf_leakage       [0m conf=0.87  ETA=  3.3m sev=[32mlow   [0m [2mcirc f=99[0m
  [36mstation2 [0m [31m[1mCONFIRMED vrf_leakage       [0m conf=0.90  ETA=  5.1m sev=[32mlow   [0m [2mcirc f=99[0m
    clean telemetry live: 1920 → 1314 rows
[2m[14:20:53] tick 102[0m
  [36mstation1 [0m [31m[1mCONFIRMED vrf_leakage       [0m conf=0.86  ETA=  3.2m sev=[32mlow   [0m [2mcirc f=99[0m
  [36mstation2 [0m [31m[1mCONFIRMED vrf_leakage       [0m conf=0.92  ETA=  5.8m sev=[32mlow   [0m [2mcirc f=99[0m
    clean telemetry live: 1920 → 1314 rows
[2m[14:21:09] tick 103[0m
  [36mstation1 [0m [31m[1mCONFIRMED vrf_leakage       [0m conf=0.84  ETA=  3.3m sev=[32mlow   [0m [2mcirc f=99[0m
  [36mstation2 [0m [31m[1mCONFIRMED vrf_leakage       [0m conf=0.90  ETA=  5.9m sev=[32mlow   [0m [2mcirc f=99[0m
    clean telemetry live: 1920 → 1314 rows
[2m[14:21:24] tick 104[0m
  [36mstation1 [0m [31m[1mCONFIRMED vrf_leakage       [0m conf=0.83  ETA=  3.4m sev=[32mlow   [0m [2mcirc f=99[0m
  [36mstation2 [0m [31m[1mCONFIRMED vrf_leakage       [0m conf=0.92  ETA=  6.4m sev=[32mlow   [0m [2mcirc f=99[0m
    clean telemetry live: 1920 → 1314 rows
[2m[14:21:40] tick 105[0m
  [36mstation1 [0m [31m[1mCONFIRMED vrf_leakage       [0m conf=0.82  ETA=  3.6m sev=[33mmedium[0m [2mcirc f=99[0m
  [36mstation2 [0m [31m[1mCONFIRMED vrf_leakage       [0m conf=0.94  ETA=  6.0m sev=[33mmedium[0m [2mcirc f=99[0m
    clean telemetry live: 1920 → 1314 rows
[2m[14:21:55] tick 106[0m
  [36mstation1 [0m [31m[1mCONFIRMED vrf_leakage       [0m conf=0.81  ETA=  4.1m sev=[33mmedium[0m [2mcirc f=99[0m
  [36mstation2 [0m [31m[1mCONFIRMED vrf_leakage       [0m conf=0.92  ETA=  5.9m sev=[33mmedium[0m [2mcirc f=99[0m
    clean telemetry live: 1920 → 1314 rows
[2m[14:22:10] tick 107[0m
  [36mstation1 [0m [31m[1mCONFIRMED vrf_leakage       [0m conf=0.88  ETA=  3.7m sev=[33mmedium[0m [2mcirc f=99[0m
  [36mstation2 [0m [31m[1mCONFIRMED vrf_leakage       [0m conf=0.95  ETA=  6.6m sev=[33mmedium[0m [2mcirc f=99[0m
    clean telemetry live: 1917 → 1313 rows
[2m[14:22:26] tick 108[0m
  [36mstation1 [0m [31m[1mCONFIRMED vrf_leakage       [0m conf=0.86  ETA=  4.3m sev=[33mmedium[0m [2mcirc f=99[0m
  [36mstation2 [0m [31m[1mCONFIRMED vrf_leakage       [0m conf=0.94  ETA=  7.0m sev=[33mmedium[0m [2mcirc f=99[0m
    clean telemetry live: 1917 → 1313 rows
[2m[14:22:41] tick 109[0m
  [36mstation1 [0m [31m[1mCONFIRMED vrf_leakage       [0m conf=0.84  ETA=  4.5m sev=[33mmedium[0m [2mcirc f=99[0m
  [36mstation2 [0m [31m[1mCONFIRMED vrf_leakage       [0m conf=0.91  ETA=  7.4m sev=[33mmedium[0m [2mcirc f=99[0m
    clean telemetry live: 1917 → 1313 rows
[2m[14:22:57] tick 110[0m
  [36mstation1 [0m [31m[1mCONFIRMED vrf_leakage       [0m conf=0.85  ETA=  4.4m sev=[33mmedium[0m [2mcirc f=99[0m
  [36mstation2 [0m [31m[1mCONFIRMED vrf_leakage       [0m conf=0.78  ETA=  7.5m sev=[33mmedium[0m [2m     f=99[0m
    clean telemetry live: 1917 → 1313 rows
[2m[14:23:12] tick 111[0m
  [36mstation1 [0m [31m[1mCONFIRMED vrf_leakage       [0m conf=0.81  ETA=  5.1m sev=[33mmedium[0m [2mcirc f=99[0m
  [36mstation2 [0m [31m[1mCONFIRMED vrf_leakage       [0m conf=0.88  ETA=  8.7m sev=[33mmedium[0m [2mcirc f=99[0m
    clean telemetry live: 1917 → 1313 rows
[2m[14:23:27] tick 112[0m
  [36mstation1 [0m [31m[1mCONFIRMED vrf_leakage       [0m conf=0.65  ETA=  4.8m sev=[33mmedium[0m [2mcirc f=99[0m
  [36mstation2 [0m [31m[1mCONFIRMED vrf_leakage       [0m conf=0.85  ETA=  7.3m sev=[33mmedium[0m [2mcirc f=99[0m
    clean telemetry live: 1917 → 1313 rows
[2m[14:23:43] tick 113[0m
  [36mstation1 [0m [31m[1mCONFIRMED vrf_leakage       [0m conf=0.79  ETA=  6.0m sev=[33mmedium[0m [2mcirc f=99[0m
  [36mstation2 [0m [31m[1mCONFIRMED vrf_leakage       [0m conf=0.90  ETA=  5.2m sev=[33mmedium[0m [2mcirc f=99[0m
    clean telemetry live: 1917 → 1313 rows
[2m[14:23:58] tick 114[0m
  [36mstation1 [0m [31m[1mCONFIRMED vrf_leakage       [0m conf=0.82  ETA=  5.9m sev=[32mlow   [0m [2mcirc f=99[0m
  [36mstation2 [0m [31m[1mCONFIRMED vrf_leakage       [0m conf=0.64  ETA=  7.2m sev=[32mlow   [0m [2m     f=99[0m
    clean telemetry live: 1917 → 1313 rows
[2m[14:24:14] tick 115[0m
  [36mstation1 [0m [31m[1mCONFIRMED vrf_leakage       [0m conf=0.71  ETA=  6.4m sev=[32mlow   [0m [2m     f=99[0m
  [36mstation2 [0m [31m[1mCONFIRMED vrf_leakage       [0m conf=0.52  ETA=  6.3m sev=[32mlow   [0m [2m     f=99[0m
    clean telemetry live: 1917 → 1313 rows
[2m[14:24:29] tick 116[0m
  [36mstation1 [0m [31m[1mCONFIRMED vrf_leakage       [0m conf=0.52  ETA=  4.9m sev=[32mlow   [0m [2mcirc f=99[0m
  [36mstation2 [0m [31m[1mCONFIRMED vrf_leakage       [0m conf=0.81  ETA=  6.1m sev=[32mlow   [0m [2mcirc f=99[0m
    clean telemetry live: 1917 → 1313 rows
[2m[14:24:44] tick 117[0m
  [36mstation1 [0m [32mhealthy[0m                      conf=0.83  ETA=  7.2m sev=[32mlow   [0m [2m     f=99[0m
  [36mstation2 [0m [31m[1mCONFIRMED vrf_leakage       [0m conf=0.89  ETA=  3.9m sev=[32mlow   [0m [2m     f=99[0m
    clean telemetry live: 1916 → 1312 rows
[2m[14:25:00] tick 118[0m
  [36mstation1 [0m [32mhealthy[0m                      conf=0.78  ETA=  6.1m sev=[32mlow   [0m [2m     f=99[0m
  [36mstation2 [0m [31m[1mCONFIRMED vrf_leakage       [0m conf=0.85  ETA=  3.6m sev=[32mlow   [0m [2m     f=99[0m
    clean telemetry live: 1916 → 1312 rows
[2m[14:25:15] tick 119[0m
  [36mstation1 [0m [32mhealthy[0m                      conf=0.86  ETA=  5.9m sev=[32mlow   [0m [2m     f=99[0m
  [36mstation2 [0m [32mhealthy[0m                      conf=0.89  ETA=  6.9m sev=[32mlow   [0m [2m     f=99[0m
    clean telemetry live: 1916 → 1312 rows
[2m[14:25:30] tick 120[0m
  [36mstation1 [0m [32mhealthy[0m                      conf=0.86  ETA=  5.7m sev=[32mlow   [0m [2m     f=99[0m
  [36mstation2 [0m [32mhealthy[0m                      conf=0.88  ETA=  6.3m sev=[32mlow   [0m [2m     f=99[0m
    clean telemetry live: 1920 → 1314 rows
[2m[14:25:46] tick 121[0m
  [36mstation1 [0m [32mhealthy[0m                      conf=0.89  ETA=  5.1m sev=[32mlow   [0m [2m     f=99[0m
  [36mstation2 [0m [32mhealthy[0m                      conf=0.88  ETA=  4.9m sev=[32mlow   [0m [2m     f=99[0m
    clean telemetry live: 1920 → 1314 rows
[2m[14:26:01] tick 122[0m
  [36mstation1 [0m [32mhealthy[0m                      conf=0.80  ETA=  5.5m sev=[32mlow   [0m [2m     f=99[0m
  [36mstation2 [0m [32mhealthy[0m                      conf=0.88  ETA=  7.1m sev=[32mlow   [0m [2m     f=99[0m
    clean telemetry live: 1920 → 1314 rows
[2m[14:26:16] tick 123[0m
  [36mstation1 [0m [32mhealthy[0m                      conf=0.78  ETA=  6.2m sev=[32mlow   [0m [2m     f=99[0m
  [36mstation2 [0m [32mhealthy[0m                      conf=0.89  ETA=  6.7m sev=[32mlow   [0m [2m     f=99[0m
    clean telemetry live: 1920 → 1314 rows
[2m[14:26:32] tick 124[0m
  [36mstation1 [0m [32mhealthy[0m                      conf=0.85  ETA=  6.1m sev=[32mlow   [0m [2m     f=99[0m
  [36mstation2 [0m [32mhealthy[0m                      conf=0.91  ETA=  7.2m sev=[32mlow   [0m [2m     f=99[0m
    clean telemetry live: 1920 → 1314 rows
[2m[14:26:47] tick 125[0m
  [36mstation1 [0m [32mhealthy[0m                      conf=0.90  ETA=  6.1m sev=[32mlow   [0m [2m     f=99[0m
  [36mstation2 [0m [32mhealthy[0m                      conf=0.89  ETA=  7.4m sev=[32mlow   [0m [2m     f=99[0m
    clean telemetry live: 1920 → 1314 rows
[2m[14:27:03] tick 126[0m
  [36mstation1 [0m [32mhealthy[0m                      conf=0.83  ETA=  6.3m sev=[32mlow   [0m [2m     f=99[0m
  [36mstation2 [0m [32mhealthy[0m                      conf=0.92  ETA=  7.2m sev=[32mlow   [0m [2m     f=99[0m
    clean telemetry live: 1920 → 1314 rows
[2m[14:27:18] tick 127[0m
  [36mstation1 [0m [32mhealthy[0m                      conf=0.80  ETA=  5.5m sev=[32mlow   [0m [2m     f=99[0m
  [36mstation2 [0m [32mhealthy[0m                      conf=0.90  ETA=  7.3m sev=[32mlow   [0m [2m     f=99[0m
    clean telemetry live: 1920 → 1314 rows
[2m[14:27:33] tick 128[0m
  [36mstation1 [0m [32mhealthy[0m                      conf=0.78  ETA=  5.3m sev=[32mlow   [0m [2m     f=99[0m
  [36mstation2 [0m [32mhealthy[0m                      conf=0.90  ETA=  7.4m sev=[32mlow   [0m [2m     f=99[0m
    clean telemetry live: 1920 → 1314 rows
[2m[14:27:49] tick 129[0m
  [36mstation1 [0m [33mADVISORY  vrf_leakage       [0m conf=0.50  ETA=  4.9m sev=[32mlow   [0m [2mcirc f=99[0m
  [36mstation2 [0m [32mhealthy[0m                      conf=0.79  ETA=  8.6m sev=[32mlow   [0m [2m     f=99[0m
    clean telemetry live: 1920 → 1314 rows
[2m[14:28:04] tick 130[0m
  [36mstation1 [0m [31m[1mCONFIRMED vrf_leakage       [0m conf=0.66  ETA=  4.9m sev=[32mlow   [0m [2mcirc f=99[0m
  [36mstation2 [0m [33mADVISORY  vrf_leakage       [0m conf=0.64  ETA=  8.2m sev=[32mlow   [0m [2mcirc f=99[0m
    clean telemetry live: 1920 → 1314 rows
[2m[14:28:20] tick 131[0m
  [36mstation1 [0m [31m[1mCONFIRMED vrf_leakage       [0m conf=0.79  ETA=  4.6m sev=[32mlow   [0m [2mcirc f=99[0m
  [36mstation2 [0m [31m[1mCONFIRMED vrf_leakage       [0m conf=0.81  ETA=  8.5m sev=[32mlow   [0m [2mcirc f=99[0m
    clean telemetry live: 1920 → 1314 rows
[2m[14:28:35] tick 132[0m
  [36mstation1 [0m [31m[1mCONFIRMED vrf_leakage       [0m conf=0.74  ETA=  4.4m sev=[32mlow   [0m [2mcirc f=99[0m
  [36mstation2 [0m [31m[1mCONFIRMED vrf_leakage       [0m conf=0.84  ETA=  8.0m sev=[32mlow   [0m [2mcirc f=99[0m
    clean telemetry live: 1920 → 1314 rows
[2m[14:28:50] tick 133[0m
  [36mstation1 [0m [31m[1mCONFIRMED vrf_leakage       [0m conf=0.75  ETA=  4.9m sev=[32mlow   [0m [2mcirc f=99[0m
  [36mstation2 [0m [31m[1mCONFIRMED vrf_leakage       [0m conf=0.83  ETA=  7.4m sev=[32mlow   [0m [2mcirc f=99[0m
    clean telemetry live: 1920 → 1314 rows
[2m[14:29:06] tick 134[0m
  [36mstation1 [0m [31m[1mCONFIRMED vrf_leakage       [0m conf=0.61  ETA=  4.5m sev=[32mlow   [0m [2mcirc f=99[0m
  [36mstation2 [0m [31m[1mCONFIRMED vrf_leakage       [0m conf=0.46  ETA=  5.7m sev=[32mlow   [0m [2m     f=99[0m
    clean telemetry live: 1920 → 1314 rows
[2m[14:29:21] tick 135[0m
  [36mstation1 [0m [31m[1mCONFIRMED vrf_leakage       [0m conf=0.55  ETA=  3.6m sev=[32mlow   [0m [2mcirc f=99[0m
  [36mstation2 [0m [31m[1mCONFIRMED vrf_leakage       [0m conf=0.83  ETA=  5.5m sev=[32mlow   [0m [2mcirc f=99[0m
    clean telemetry live: 1920 → 1314 rows
[2m[14:29:37] tick 136[0m
  [36mstation1 [0m [31m[1mCONFIRMED vrf_leakage       [0m conf=0.86  ETA=  4.8m sev=[32mlow   [0m [2mcirc f=99[0m
  [36mstation2 [0m [31m[1mCONFIRMED vrf_leakage       [0m conf=0.75  ETA=  5.9m sev=[32mlow   [0m [2mcirc f=99[0m
    clean telemetry live: 1920 → 1314 rows
[2m[14:29:52] tick 137[0m
  [36mstation1 [0m [31m[1mCONFIRMED vrf_leakage       [0m conf=0.73  ETA=  5.0m sev=[32mlow   [0m [2mcirc f=99[0m
  [36mstation2 [0m [31m[1mCONFIRMED vrf_leakage       [0m conf=0.78  ETA=  5.9m sev=[32mlow   [0m [2mcirc f=99[0m
    clean telemetry live: 1920 → 1314 rows
[2m[14:30:07] tick 138[0m
  [36mstation1 [0m [31m[1mCONFIRMED vrf_leakage       [0m conf=0.85  ETA=  5.6m sev=[32mlow   [0m [2mcirc f=99[0m
  [36mstation2 [0m [31m[1mCONFIRMED vrf_leakage       [0m conf=0.82  ETA=  4.4m sev=[32mlow   [0m [2mcirc f=99[0m
    clean telemetry live: 1920 → 1314 rows
[2m[14:30:23] tick 139[0m
  [36mstation1 [0m [31m[1mCONFIRMED vrf_leakage       [0m conf=0.62  ETA=  4.6m sev=[32mlow   [0m [2mcirc f=99[0m
  [36mstation2 [0m [31m[1mCONFIRMED vrf_leakage       [0m conf=0.69  ETA=  4.9m sev=[33mmedium[0m [2mcirc f=99[0m
    clean telemetry live: 1920 → 1314 rows
[2m[14:30:38] tick 140[0m
  [36mstation1 [0m [31m[1mCONFIRMED vrf_leakage       [0m conf=0.78  ETA=  4.9m sev=[32mlow   [0m [2m     f=99[0m
  [36mstation2 [0m [31m[1mCONFIRMED vrf_leakage       [0m conf=0.85  ETA=  4.1m sev=[33mmedium[0m [2mcirc f=99[0m
    clean telemetry live: 1920 → 1314 rows
[2m[14:30:54] tick 141[0m
  [36mstation1 [0m [31m[1mCONFIRMED vrf_leakage       [0m conf=0.80  ETA=  5.4m sev=[32mlow   [0m [2mcirc f=99[0m
  [36mstation2 [0m [31m[1mCONFIRMED vrf_leakage       [0m conf=0.88  ETA=  4.0m sev=[32mlow   [0m [2mcirc f=99[0m
    clean telemetry live: 1920 → 1314 rows
[2m[14:31:09] tick 142[0m
  [36mstation1 [0m [31m[1mCONFIRMED vrf_leakage       [0m conf=0.86  ETA=  5.9m sev=[32mlow   [0m [2mcirc f=99[0m
  [36mstation2 [0m [31m[1mCONFIRMED vrf_leakage       [0m conf=0.87  ETA=  3.9m sev=[32mlow   [0m [2mcirc f=99[0m
    clean telemetry live: 1920 → 1314 rows
[2m[14:31:25] tick 143[0m
  [36mstation1 [0m [31m[1mCONFIRMED vrf_leakage       [0m conf=0.86  ETA=  5.9m sev=[32mlow   [0m [2mcirc f=99[0m
  [36mstation2 [0m [31m[1mCONFIRMED vrf_leakage       [0m conf=0.90  ETA=  4.0m sev=[32mlow   [0m [2mcirc f=99[0m
    clean telemetry live: 1920 → 1314 rows
[2m[14:31:40] tick 144[0m
  [36mstation1 [0m [31m[1mCONFIRMED vrf_leakage       [0m conf=0.89  ETA=  5.4m sev=[32mlow   [0m [2mcirc f=99[0m
  [36mstation2 [0m [31m[1mCONFIRMED vrf_leakage       [0m conf=0.94  ETA=  4.2m sev=[32mlow   [0m [2mcirc f=99[0m
    clean telemetry live: 1920 → 1314 rows
[2m[14:31:55] tick 145[0m
  [36mstation1 [0m [31m[1mCONFIRMED vrf_leakage       [0m conf=0.89  ETA=  5.7m sev=[32mlow   [0m [2mcirc f=99[0m
  [36mstation2 [0m [31m[1mCONFIRMED vrf_leakage       [0m conf=0.91  ETA=  4.2m sev=[32mlow   [0m [2mcirc f=99[0m
    clean telemetry live: 1917 → 1313 rows
[2m[14:32:11] tick 146[0m
  [36mstation1 [0m [31m[1mCONFIRMED vrf_leakage       [0m conf=0.93  ETA=  4.1m sev=[32mlow   [0m [2mcirc f=99[0m
  [36mstation2 [0m [31m[1mCONFIRMED vrf_leakage       [0m conf=0.94  ETA=  4.5m sev=[32mlow   [0m [2mcirc f=99[0m
    clean telemetry live: 1917 → 1313 rows
[2m[14:32:26] tick 147[0m
  [36mstation1 [0m [31m[1mCONFIRMED vrf_leakage       [0m conf=0.93  ETA=  6.1m sev=[32mlow   [0m [2mcirc f=99[0m
  [36mstation2 [0m [31m[1mCONFIRMED vrf_leakage       [0m conf=0.88  ETA=  4.8m sev=[32mlow   [0m [2mcirc f=99[0m
    clean telemetry live: 1917 → 1313 rows
[2m[14:32:41] tick 148[0m
  [36mstation1 [0m [31m[1mCONFIRMED vrf_leakage       [0m conf=0.95  ETA=  6.0m sev=[32mlow   [0m [2mcirc f=99[0m
  [36mstation2 [0m [31m[1mCONFIRMED vrf_leakage       [0m conf=0.92  ETA=  5.1m sev=[32mlow   [0m [2mcirc f=99[0m
    clean telemetry live: 1917 → 1313 rows
[2m[14:32:57] tick 149[0m
  [36mstation1 [0m [31m[1mCONFIRMED vrf_leakage       [0m conf=0.94  ETA=  4.8m sev=[32mlow   [0m [2mcirc f=99[0m
  [36mstation2 [0m [31m[1mCONFIRMED vrf_leakage       [0m conf=0.92  ETA=  6.6m sev=[32mlow   [0m [2mcirc f=99[0m
    clean telemetry live: 1917 → 1313 rows
[2m[14:33:12] tick 150[0m
  [36mstation1 [0m [31m[1mCONFIRMED vrf_leakage       [0m conf=0.95  ETA=  5.2m sev=[32mlow   [0m [2mcirc f=99[0m
  [36mstation2 [0m [31m[1mCONFIRMED vrf_leakage       [0m conf=0.98  ETA=  6.0m sev=[32mlow   [0m [2mcirc f=99[0m
    clean telemetry live: 1917 → 1313 rows
[2m[14:33:28] tick 151[0m
  [36mstation1 [0m [31m[1mCONFIRMED vrf_leakage       [0m conf=0.93  ETA=  4.5m sev=[32mlow   [0m [2mcirc f=99[0m
  [36mstation2 [0m [31m[1mCONFIRMED vrf_leakage       [0m conf=0.96  ETA=  6.7m sev=[32mlow   [0m [2mcirc f=99[0m
    clean telemetry live: 1917 → 1313 rows
[2m[14:33:43] tick 152[0m
  [36mstation1 [0m [31m[1mCONFIRMED vrf_leakage       [0m conf=0.96  ETA=  4.6m sev=[32mlow   [0m [2mcirc f=99[0m
  [36mstation2 [0m [31m[1mCONFIRMED vrf_leakage       [0m conf=0.97  ETA=  5.7m sev=[33mmedium[0m [2mcirc f=99[0m
    clean telemetry live: 1917 → 1313 rows
[2m[14:33:58] tick 153[0m
  [36mstation1 [0m [31m[1mCONFIRMED vrf_leakage       [0m conf=0.95  ETA=  5.3m sev=[32mlow   [0m [2mcirc f=99[0m
  [36mstation2 [0m [31m[1mCONFIRMED vrf_leakage       [0m conf=0.98  ETA=  6.4m sev=[33mmedium[0m [2mcirc f=99[0m
    clean telemetry live: 1917 → 1313 rows
[2m[14:34:14] tick 154[0m
  [36mstation1 [0m [31m[1mCONFIRMED vrf_leakage       [0m conf=0.98  ETA=  5.4m sev=[32mlow   [0m [2mcirc f=99[0m
  [36mstation2 [0m [31m[1mCONFIRMED vrf_leakage       [0m conf=0.99  ETA=  6.0m sev=[33mmedium[0m [2mcirc f=99[0m
    clean telemetry live: 1917 → 1313 rows
[2m[14:34:29] tick 155[0m
  [36mstation1 [0m [31m[1mCONFIRMED vrf_leakage       [0m conf=0.98  ETA=  4.5m sev=[32mlow   [0m [2mcirc f=99[0m
  [36mstation2 [0m [31m[1mCONFIRMED vrf_leakage       [0m conf=0.98  ETA=  6.6m sev=[33mmedium[0m [2mcirc f=99[0m
    clean telemetry live: 1917 → 1313 rows
[2m[14:34:45] tick 156[0m
  [36mstation1 [0m [31m[1mCONFIRMED vrf_leakage       [0m conf=0.99  ETA=  4.4m sev=[33mmedium[0m [2mcirc f=99[0m
  [36mstation2 [0m [31m[1mCONFIRMED vrf_leakage       [0m conf=0.98  ETA=  6.5m sev=[31mhigh  [0m [2mcirc f=99[0m
    clean telemetry live: 1916 → 1312 rows
[2m[14:35:00] tick 157[0m
  [36mstation1 [0m [31m[1mCONFIRMED vrf_leakage       [0m conf=0.96  ETA=  4.3m sev=[33mmedium[0m [2mcirc f=99[0m
  [36mstation2 [0m [31m[1mCONFIRMED vrf_leakage       [0m conf=0.99  ETA=  6.5m sev=[31mhigh  [0m [2mcirc f=99[0m
    clean telemetry live: 1916 → 1312 rows
[2m[14:35:15] tick 158[0m
  [36mstation1 [0m [31m[1mCONFIRMED vrf_leakage       [0m conf=0.96  ETA=  4.2m sev=[33mmedium[0m [2mcirc f=99[0m
  [36mstation2 [0m [31m[1mCONFIRMED vrf_leakage       [0m conf=0.98  ETA=  6.5m sev=[31mhigh  [0m [2mcirc f=99[0m
    clean telemetry live: 1920 → 1314 rows
[2m[14:35:31] tick 159[0m
  [36mstation1 [0m [31m[1mCONFIRMED vrf_leakage       [0m conf=0.98  ETA=  4.7m sev=[32mlow   [0m [2mcirc f=99[0m
  [36mstation2 [0m [31m[1mCONFIRMED vrf_leakage       [0m conf=0.98  ETA=  7.8m sev=[31mhigh  [0m [2mcirc f=99[0m
    clean telemetry live: 1920 → 1314 rows
[2m[14:35:46] tick 160[0m
  [36mstation1 [0m [31m[1mCONFIRMED vrf_leakage       [0m conf=0.97  ETA=  4.5m sev=[32mlow   [0m [2mcirc f=99[0m
  [36mstation2 [0m [31m[1mCONFIRMED vrf_leakage       [0m conf=0.99  ETA=  7.4m sev=[31mhigh  [0m [2mcirc f=99[0m
    clean telemetry live: 1920 → 1314 rows
[2m[14:36:02] tick 161[0m
  [36mstation1 [0m [31m[1mCONFIRMED vrf_leakage       [0m conf=0.96  ETA=  4.5m sev=[32mlow   [0m [2mcirc f=99[0m
  [36mstation2 [0m [31m[1mCONFIRMED vrf_leakage       [0m conf=0.99  ETA=  7.2m sev=[31mhigh  [0m [2mcirc f=99[0m
    clean telemetry live: 1920 → 1314 rows
[2m[14:36:17] tick 162[0m
  [36mstation1 [0m [31m[1mCONFIRMED vrf_leakage       [0m conf=0.97  ETA=  4.9m sev=[32mlow   [0m [2mcirc f=99[0m
  [36mstation2 [0m [31m[1mCONFIRMED vrf_leakage       [0m conf=0.98  ETA=  7.2m sev=[31mhigh  [0m [2mcirc f=99[0m
    clean telemetry live: 1920 → 1314 rows
[2m[14:36:32] tick 163[0m
  [36mstation1 [0m [31m[1mCONFIRMED vrf_leakage       [0m conf=0.98  ETA=  5.0m sev=[32mlow   [0m [2mcirc f=99[0m
  [36mstation2 [0m [31m[1mCONFIRMED vrf_leakage       [0m conf=0.98  ETA=  6.7m sev=[31mhigh  [0m [2mcirc f=99[0m
    clean telemetry live: 1920 → 1314 rows
[2m[14:36:48] tick 164[0m
  [36mstation1 [0m [31m[1mCONFIRMED vrf_leakage       [0m conf=0.97  ETA=  4.5m sev=[32mlow   [0m [2mcirc f=99[0m
  [36mstation2 [0m [31m[1mCONFIRMED vrf_leakage       [0m conf=0.97  ETA=  9.2m sev=[33mmedium[0m [2mcirc f=99[0m
    clean telemetry live: 1920 → 1314 rows
[2m[14:37:03] tick 165[0m
  [36mstation1 [0m [31m[1mCONFIRMED vrf_leakage       [0m conf=0.97  ETA=  4.4m sev=[32mlow   [0m [2mcirc f=99[0m
  [36mstation2 [0m [31m[1mCONFIRMED vrf_leakage       [0m conf=0.98  ETA=  7.6m sev=[33mmedium[0m [2mcirc f=99[0m
    clean telemetry live: 1920 → 1314 rows
[2m[14:37:19] tick 166[0m
  [36mstation1 [0m [31m[1mCONFIRMED vrf_leakage       [0m conf=0.98  ETA=  4.8m sev=[32mlow   [0m [2mcirc f=99[0m
  [36mstation2 [0m [31m[1mCONFIRMED vrf_leakage       [0m conf=0.98  ETA=  6.6m sev=[33mmedium[0m [2mcirc f=99[0m
    clean telemetry live: 1920 → 1314 rows
[2m[14:37:34] tick 167[0m
  [36mstation1 [0m [31m[1mCONFIRMED vrf_leakage       [0m conf=0.99  ETA=  4.8m sev=[32mlow   [0m [2mcirc f=99[0m
  [36mstation2 [0m [31m[1mCONFIRMED vrf_leakage       [0m conf=0.98  ETA=  6.7m sev=[33mmedium[0m [2mcirc f=99[0m
    clean telemetry live: 1920 → 1314 rows
[2m[14:37:49] tick 168[0m
  [36mstation1 [0m [31m[1mCONFIRMED vrf_leakage       [0m conf=0.98  ETA=  4.6m sev=[32mlow   [0m [2mcirc f=99[0m
  [36mstation2 [0m [31m[1mCONFIRMED vrf_leakage       [0m conf=0.98  ETA=  8.1m sev=[33mmedium[0m [2mcirc f=99[0m
    clean telemetry live: 1920 → 1314 rows
[2m[14:38:05] tick 169[0m
  [36mstation1 [0m [31m[1mCONFIRMED vrf_leakage       [0m conf=0.99  ETA=  4.9m sev=[32mlow   [0m [2mcirc f=99[0m
  [36mstation2 [0m [31m[1mCONFIRMED vrf_leakage       [0m conf=0.98  ETA=  7.7m sev=[33mmedium[0m [2mcirc f=99[0m
    clean telemetry live: 1920 → 1314 rows
[2m[14:38:20] tick 170[0m
  [36mstation1 [0m [31m[1mCONFIRMED vrf_leakage       [0m conf=0.97  ETA=  4.3m sev=[32mlow   [0m [2mcirc f=99[0m
  [36mstation2 [0m [31m[1mCONFIRMED vrf_leakage       [0m conf=0.98  ETA=  8.0m sev=[33mmedium[0m [2mcirc f=99[0m
    clean telemetry live: 1920 → 1314 rows
[2m[14:38:35] tick 171[0m
  [36mstation1 [0m [31m[1mCONFIRMED vrf_leakage       [0m conf=0.98  ETA=  4.3m sev=[32mlow   [0m [2mcirc f=99[0m
  [36mstation2 [0m [31m[1mCONFIRMED vrf_leakage       [0m conf=0.92  ETA=  8.0m sev=[33mmedium[0m [2mcirc f=99[0m
    clean telemetry live: 1920 → 1314 rows
[2m[14:38:51] tick 172[0m
  [36mstation1 [0m [31m[1mCONFIRMED vrf_leakage       [0m conf=0.96  ETA=  6.5m sev=[32mlow   [0m [2mcirc f=99[0m
  [36mstation2 [0m [31m[1mCONFIRMED vrf_leakage       [0m conf=0.92  ETA=  9.3m sev=[32mlow   [0m [2mcirc f=99[0m
    clean telemetry live: 1920 → 1314 rows
[2m[14:39:06] tick 173[0m
  [36mstation1 [0m [31m[1mCONFIRMED vrf_leakage       [0m conf=0.52  ETA=  5.7m sev=[32mlow   [0m [2mcirc f=99[0m
  [36mstation2 [0m [31m[1mCONFIRMED vrf_leakage       [0m conf=0.80  ETA=  8.6m sev=[32mlow   [0m [2mcirc f=99[0m
    clean telemetry live: 1920 → 1314 rows
[2m[14:39:22] tick 174[0m
  [36mstation1 [0m [31m[1mCONFIRMED vrf_leakage       [0m conf=0.92  ETA=  5.7m sev=[32mlow   [0m [2mcirc f=99[0m
  [36mstation2 [0m [31m[1mCONFIRMED vrf_leakage       [0m conf=0.64  ETA=  7.0m sev=[32mlow   [0m [2mcirc f=99[0m
    clean telemetry live: 1920 → 1314 rows
[2m[14:39:37] tick 175[0m
  [36mstation1 [0m [31m[1mCONFIRMED vrf_leakage       [0m conf=0.96  ETA=  6.1m sev=[32mlow   [0m [2m     f=99[0m
  [36mstation2 [0m [31m[1mCONFIRMED vrf_leakage       [0m conf=0.82  ETA=  6.9m sev=[32mlow   [0m [2mcirc f=99[0m
    clean telemetry live: 1920 → 1314 rows
[2m[14:39:52] tick 176[0m
  [36mstation1 [0m [31m[1mCONFIRMED vrf_leakage       [0m conf=0.93  ETA=  5.9m sev=[32mlow   [0m [2m     f=99[0m
  [36mstation2 [0m [31m[1mCONFIRMED vrf_leakage       [0m conf=0.93  ETA=  8.6m sev=[32mlow   [0m [2m     f=99[0m
    clean telemetry live: 1920 → 1314 rows
[2m[14:40:08] tick 177[0m
  [36mstation1 [0m [32mhealthy[0m                      conf=0.78  ETA=  4.3m sev=[32mlow   [0m [2mcirc f=99[0m
  [36mstation2 [0m [32mhealthy[0m                      conf=0.94  ETA=  8.6m sev=[32mlow   [0m [2m     f=99[0m
    clean telemetry live: 1920 → 1314 rows
[2m[14:40:23] tick 178[0m
  [36mstation1 [0m [31m[1mCONFIRMED vrf_leakage       [0m conf=0.99  ETA=  4.6m sev=[32mlow   [0m [2mcirc f=99[0m
  [36mstation2 [0m [32mhealthy[0m                      conf=0.95  ETA=  9.4m sev=[32mlow   [0m [2mcirc f=99[0m
    clean telemetry live: 1920 → 1314 rows
[2m[14:40:39] tick 179[0m
  [36mstation1 [0m [33mADVISORY  vrf_leakage       [0m conf=0.98  ETA=  4.2m sev=[32mlow   [0m [2mcirc f=99[0m
  [36mstation2 [0m [33mADVISORY  vrf_leakage       [0m conf=0.94  ETA=  9.0m sev=[32mlow   [0m [2mcirc f=99[0m
    clean telemetry live: 1920 → 1314 rows
[2m[14:40:54] tick 180[0m
  [36mstation1 [0m [31m[1mCONFIRMED vrf_leakage       [0m conf=0.98  ETA=  5.5m sev=[32mlow   [0m [2mcirc f=99[0m
  [36mstation2 [0m [31m[1mCONFIRMED vrf_leakage       [0m conf=0.97  ETA=  8.9m sev=[32mlow   [0m [2mcirc f=99[0m
    clean telemetry live: 1920 → 1314 rows
[2m[14:41:09] tick 181[0m
  [36mstation1 [0m [31m[1mCONFIRMED congestion_breach [0m conf=0.88  ETA=  5.5m sev=[32mlow   [0m [2m     f=99[0m
  [36mstation2 [0m [31m[1mCONFIRMED congestion_breach [0m conf=0.83  ETA=  8.0m sev=[32mlow   [0m [2mcirc f=99[0m
    clean telemetry live: 1920 → 1314 rows
[2m[14:41:25] tick 182[0m
  [36mstation1 [0m [31m[1mCONFIRMED congestion_breach [0m conf=0.98  ETA=  6.0m sev=[33mmedium[0m [2m     f=99[0m
  [36mstation2 [0m [31m[1mCONFIRMED congestion_breach [0m conf=0.97  ETA=  9.0m sev=[33mmedium[0m [2m     f=99[0m
    clean telemetry live: 1920 → 1314 rows
[2m[14:41:40] tick 183[0m
  [36mstation1 [0m [31m[1mCONFIRMED congestion_breach [0m conf=0.99  ETA=  4.5m sev=[33mmedium[0m [2m     f=99[0m
  [36mstation2 [0m [31m[1mCONFIRMED congestion_breach [0m conf=0.98  ETA=  9.5m sev=[33mmedium[0m [2m     f=99[0m
    clean telemetry live: 1920 → 1314 rows
[2m[14:41:56] tick 184[0m
  [36mstation1 [0m [31m[1mCONFIRMED congestion_breach [0m conf=0.95  ETA=  4.3m sev=[32mlow   [0m [2m     f=99[0m
  [36mstation2 [0m [31m[1mCONFIRMED congestion_breach [0m conf=0.97  ETA=  9.7m sev=[33mmedium[0m [2m     f=99[0m
    clean telemetry live: 1920 → 1314 rows
[2m[14:42:11] tick 185[0m
  [36mstation1 [0m [31m[1mCONFIRMED congestion_breach [0m conf=0.92  ETA=  6.0m sev=[32mlow   [0m [2m     f=99[0m
  [36mstation2 [0m [31m[1mCONFIRMED congestion_breach [0m conf=0.98  ETA=  9.6m sev=[33mmedium[0m [2m     f=99[0m
    clean telemetry live: 1920 → 1314 rows
[2m[14:42:26] tick 186[0m
  [36mstation1 [0m [31m[1mCONFIRMED congestion_breach [0m conf=0.99  ETA=  4.2m sev=[32mlow   [0m [2m     f=99[0m
  [36mstation2 [0m [31m[1mCONFIRMED congestion_breach [0m conf=0.99  ETA=  9.7m sev=[33mmedium[0m [2m     f=99[0m
    clean telemetry live: 1920 → 1314 rows
[2m[14:42:42] tick 187[0m
  [36mstation1 [0m [31m[1mCONFIRMED congestion_breach [0m conf=0.98  ETA=  5.7m sev=[32mlow   [0m [2m     f=99[0m
  [36mstation2 [0m [31m[1mCONFIRMED congestion_breach [0m conf=0.98  ETA=  9.4m sev=[33mmedium[0m [2m     f=99[0m
    clean telemetry live: 1920 → 1314 rows
[2m[14:42:57] tick 188[0m
  [36mstation1 [0m [31m[1mCONFIRMED congestion_breach [0m conf=0.99  ETA=  4.7m sev=[32mlow   [0m [2mcirc f=99[0m
  [36mstation2 [0m [31m[1mCONFIRMED congestion_breach [0m conf=0.98  ETA=  8.9m sev=[33mmedium[0m [2mcirc f=99[0m
    clean telemetry live: 1920 → 1314 rows
[2m[14:43:13] tick 189[0m
  [36mstation1 [0m [31m[1mCONFIRMED congestion_breach [0m conf=0.98  ETA=  4.6m sev=[32mlow   [0m [2m     f=99[0m
  [36mstation2 [0m [31m[1mCONFIRMED congestion_breach [0m conf=0.97  ETA=  8.7m sev=[33mmedium[0m [2mcirc f=99[0m
    clean telemetry live: 1920 → 1314 rows
[2m[14:43:28] tick 190[0m
  [36mstation1 [0m [31m[1mCONFIRMED congestion_breach [0m conf=0.98  ETA=  3.4m sev=[32mlow   [0m [2m     f=99[0m
  [36mstation2 [0m [31m[1mCONFIRMED congestion_breach [0m conf=0.99  ETA=  9.2m sev=[32mlow   [0m [2m     f=99[0m
    clean telemetry live: 1920 → 1314 rows
[2m[14:43:43] tick 191[0m
  [36mstation1 [0m [31m[1mCONFIRMED congestion_breach [0m conf=0.99  ETA=  3.4m sev=[32mlow   [0m [2m     f=99[0m
  [36mstation2 [0m [31m[1mCONFIRMED congestion_breach [0m conf=0.98  ETA=  7.7m sev=[32mlow   [0m [2mcirc f=99[0m
    clean telemetry live: 1920 → 1314 rows
[2m[14:43:59] tick 192[0m
  [36mstation1 [0m [31m[1mCONFIRMED congestion_breach [0m conf=0.99  ETA=  3.2m sev=[32mlow   [0m [2mcirc f=99[0m
  [36mstation2 [0m [31m[1mCONFIRMED congestion_breach [0m conf=0.99  ETA=  9.5m sev=[32mlow   [0m [2mcirc f=99[0m
    clean telemetry live: 1920 → 1314 rows
[2m[14:44:14] tick 193[0m
  [36mstation1 [0m [31m[1mCONFIRMED congestion_breach [0m conf=0.99  ETA=  3.2m sev=[32mlow   [0m [2mcirc f=99[0m
  [36mstation2 [0m [31m[1mCONFIRMED congestion_breach [0m conf=0.99  ETA=  7.6m sev=[32mlow   [0m [2mcirc f=99[0m
    clean telemetry live: 1920 → 1314 rows
[2m[14:44:29] tick 194[0m
  [36mstation1 [0m [31m[1mCONFIRMED congestion_breach [0m conf=1.00  ETA=  3.2m sev=[32mlow   [0m [2mcirc f=99[0m
  [36mstation2 [0m [31m[1mCONFIRMED congestion_breach [0m conf=0.99  ETA=  5.5m sev=[32mlow   [0m [2mcirc f=99[0m
    clean telemetry live: 1919 → 1313 rows
[2m[14:44:45] tick 195[0m
  [36mstation1 [0m [31m[1mCONFIRMED congestion_breach [0m conf=1.00  ETA=  2.9m sev=[32mlow   [0m [2mcirc f=99[0m
  [36mstation2 [0m [31m[1mCONFIRMED congestion_breach [0m conf=0.99  ETA=  6.5m sev=[32mlow   [0m [2mcirc f=99[0m
    clean telemetry live: 1919 → 1313 rows
[2m[14:45:00] tick 196[0m
  [36mstation1 [0m [31m[1mCONFIRMED congestion_breach [0m conf=1.00  ETA=  3.5m sev=[32mlow   [0m [2mcirc f=99[0m
  [36mstation2 [0m [31m[1mCONFIRMED congestion_breach [0m conf=0.99  ETA=  8.9m sev=[32mlow   [0m [2mcirc f=99[0m
    clean telemetry live: 1919 → 1313 rows
[2m[14:45:16] tick 197[0m
  [36mstation1 [0m [31m[1mCONFIRMED congestion_breach [0m conf=1.00  ETA=  2.5m sev=[32mlow   [0m [2mcirc f=99[0m
  [36mstation2 [0m [31m[1mCONFIRMED congestion_breach [0m conf=0.99  ETA=  6.3m sev=[33mmedium[0m [2mcirc f=99[0m
    clean telemetry live: 1920 → 1314 rows
[2m[14:45:31] tick 198[0m
  [36mstation1 [0m [31m[1mCONFIRMED congestion_breach [0m conf=0.99  ETA=  2.0m sev=[33mmedium[0m [2mcirc f=99[0m
  [36mstation2 [0m [31m[1mCONFIRMED congestion_breach [0m conf=0.99  ETA=  6.5m sev=[33mmedium[0m [2m     f=99[0m
    clean telemetry live: 1920 → 1314 rows
[2m[14:45:46] tick 199[0m
  [36mstation1 [0m [31m[1mCONFIRMED congestion_breach [0m conf=0.99  ETA=  1.9m sev=[33mmedium[0m [2mcirc f=99[0m
  [36mstation2 [0m [31m[1mCONFIRMED congestion_breach [0m conf=0.99  ETA=  5.9m sev=[33mmedium[0m [2mcirc f=99[0m
    clean telemetry live: 1920 → 1314 rows
[2m[14:46:02] tick 200[0m
  [36mstation1 [0m [31m[1mCONFIRMED congestion_breach [0m conf=0.99  ETA=  1.7m sev=[33mmedium[0m [2mcirc f=99[0m
  [36mstation2 [0m [31m[1mCONFIRMED congestion_breach [0m conf=0.99  ETA=  6.7m sev=[33mmedium[0m [2mcirc f=99[0m
    clean telemetry live: 1920 → 1314 rows
[2m[14:46:17] tick 201[0m
  [36mstation1 [0m [31m[1mCONFIRMED congestion_breach [0m conf=1.00  ETA=  1.5m sev=[33mmedium[0m [2mcirc f=99[0m
  [36mstation2 [0m [31m[1mCONFIRMED congestion_breach [0m conf=0.99  ETA=  5.6m sev=[33mmedium[0m [2mcirc f=99[0m
    clean telemetry live: 1920 → 1314 rows
[2m[14:46:33] tick 202[0m
  [36mstation1 [0m [31m[1mCONFIRMED congestion_breach [0m conf=1.00  ETA=  1.5m sev=[33mmedium[0m [2mcirc f=99[0m
  [36mstation2 [0m [31m[1mCONFIRMED congestion_breach [0m conf=1.00  ETA=  7.9m sev=[33mmedium[0m [2mcirc f=99[0m
    clean telemetry live: 1920 → 1314 rows
[2m[14:46:48] tick 203[0m
  [36mstation1 [0m [31m[1mCONFIRMED congestion_breach [0m conf=0.99  ETA=  1.4m sev=[33mmedium[0m [2mcirc f=99[0m
  [36mstation2 [0m [31m[1mCONFIRMED congestion_breach [0m conf=0.99  ETA=  5.8m sev=[33mmedium[0m [2mcirc f=99[0m
    clean telemetry live: 1920 → 1314 rows
[2m[14:47:04] tick 204[0m
  [36mstation1 [0m [31m[1mCONFIRMED congestion_breach [0m conf=1.00  ETA=  1.2m sev=[33mmedium[0m [2mcirc f=99[0m
  [36mstation2 [0m [31m[1mCONFIRMED congestion_breach [0m conf=0.99  ETA=  7.1m sev=[33mmedium[0m [2mcirc f=99[0m
    clean telemetry live: 1920 → 1314 rows
[2m[14:47:19] tick 205[0m
  [36mstation1 [0m [31m[1mCONFIRMED congestion_breach [0m conf=0.98  ETA=  1.0m sev=[33mmedium[0m [2mcirc f=99[0m
  [36mstation2 [0m [31m[1mCONFIRMED congestion_breach [0m conf=0.97  ETA=  7.5m sev=[33mmedium[0m [2mcirc f=99[0m
    clean telemetry live: 1920 → 1314 rows
[2m[14:47:35] tick 206[0m
  [36mstation1 [0m [31m[1mCONFIRMED congestion_breach [0m conf=0.96  ETA=  1.0m sev=[33mmedium[0m [2mcirc f=99[0m
  [36mstation2 [0m [31m[1mCONFIRMED congestion_breach [0m conf=0.95  ETA=  4.6m sev=[33mmedium[0m [2mcirc f=99[0m
    clean telemetry live: 1920 → 1314 rows
[2m[14:47:50] tick 207[0m
  [36mstation1 [0m [31m[1mCONFIRMED congestion_breach [0m conf=0.97  ETA=  1.0m sev=[31mhigh  [0m [2mcirc f=99[0m
  [36mstation2 [0m [31m[1mCONFIRMED congestion_breach [0m conf=0.94  ETA=  5.5m sev=[31mhigh  [0m [2mcirc f=99[0m
    clean telemetry live: 1920 → 1314 rows
[2m[14:48:05] tick 208[0m
  [36mstation1 [0m [31m[1mCONFIRMED congestion_breach [0m conf=0.81  ETA=  0.8m sev=[31mhigh  [0m [2mcirc f=99[0m
  [36mstation2 [0m [31m[1mCONFIRMED congestion_breach [0m conf=0.96  ETA=  4.2m sev=[31mhigh  [0m [2mcirc f=99[0m
    clean telemetry live: 1920 → 1314 rows
[2m[14:48:21] tick 209[0m
  [36mstation1 [0m [31m[1mCONFIRMED congestion_breach [0m conf=0.93  ETA=  0.5m sev=[33mmedium[0m [2mcirc f=99[0m
  [36mstation2 [0m [31m[1mCONFIRMED congestion_breach [0m conf=0.93  ETA=  4.3m sev=[31mhigh  [0m [2mcirc f=99[0m
    clean telemetry live: 1920 → 1314 rows
[2m[14:48:36] tick 210[0m
  [36mstation1 [0m [31m[1mCONFIRMED congestion_breach [0m conf=0.92  ETA=  0.5m sev=[33mmedium[0m [2mcirc f=99[0m
  [36mstation2 [0m [31m[1mCONFIRMED congestion_breach [0m conf=0.93  ETA=  3.6m sev=[33mmedium[0m [2mcirc f=99[0m
    clean telemetry live: 1920 → 1314 rows
[2m[14:48:52] tick 211[0m
  [36mstation1 [0m [31m[1mCONFIRMED congestion_breach [0m conf=0.90  ETA=  0.5m sev=[31mhigh  [0m [2mcirc f=99[0m
  [36mstation2 [0m [31m[1mCONFIRMED congestion_breach [0m conf=0.75  ETA=  3.2m sev=[33mmedium[0m [2mcirc f=99[0m
    clean telemetry live: 1920 → 1314 rows
[2m[14:49:07] tick 212[0m
  [36mstation1 [0m [31m[1mCONFIRMED congestion_breach [0m conf=0.74  ETA=  0.5m sev=[31mhigh  [0m [2mcirc f=99[0m
  [36mstation2 [0m [31m[1mCONFIRMED congestion_breach [0m conf=0.94  ETA=  2.8m sev=[31mhigh  [0m [2mcirc f=99[0m
    clean telemetry live: 1920 → 1314 rows
[2m[14:49:22] tick 213[0m
  [36mstation1 [0m [31m[1mCONFIRMED congestion_breach [0m conf=0.54  ETA=  0.5m sev=[31mhigh  [0m [2mcirc f=99[0m
  [36mstation2 [0m [31m[1mCONFIRMED congestion_breach [0m conf=0.92  ETA=  2.5m sev=[31mhigh  [0m [2mcirc f=99[0m
    clean telemetry live: 1920 → 1314 rows
[2m[14:49:38] tick 214[0m
  [36mstation1 [0m [31m[1mCONFIRMED congestion_breach [0m conf=0.57  ETA=  0.4m sev=[31mhigh  [0m [2mcirc f=99[0m
  [36mstation2 [0m [31m[1mCONFIRMED congestion_breach [0m conf=0.56  ETA=  2.7m sev=[31mhigh  [0m [2m     f=99[0m
    clean telemetry live: 1920 → 1314 rows
[2m[14:49:53] tick 215[0m
  [36mstation1 [0m [31m[1mCONFIRMED congestion_breach [0m conf=0.58  ETA=  0.5m sev=[31mhigh  [0m [2m     f=99[0m
  [36mstation2 [0m [31m[1mCONFIRMED congestion_breach [0m conf=0.64  ETA=  2.3m sev=[31mhigh  [0m [2m     f=99[0m
    clean telemetry live: 1920 → 1314 rows
[2m[14:50:08] tick 216[0m
  [36mstation1 [0m [32mhealthy[0m                      conf=0.51  ETA=  0.5m sev=[31mhigh  [0m [2mcirc f=99[0m
  [36mstation2 [0m [31m[1mCONFIRMED congestion_breach [0m conf=0.82  ETA=  2.3m sev=[31mhigh  [0m [2m     f=99[0m
    clean telemetry live: 1920 → 1314 rows
[2m[14:50:24] tick 217[0m
  [36mstation1 [0m [31m[1mCONFIRMED congestion_breach [0m conf=0.60  ETA=  0.5m sev=[31mhigh  [0m [2mcirc f=99[0m
  [36mstation2 [0m [31m[1mCONFIRMED congestion_breach [0m conf=0.80  ETA=  2.0m sev=[31mhigh  [0m [2m     f=99[0m
    clean telemetry live: 1920 → 1314 rows
[2m[14:50:39] tick 218[0m
  [36mstation1 [0m [33mADVISORY  congestion_breach [0m conf=0.58  ETA=  0.4m sev=[31mhigh  [0m [2mcirc f=99[0m
  [36mstation2 [0m [31m[1mCONFIRMED congestion_breach [0m conf=0.66  ETA=  2.1m sev=[31mhigh  [0m [2m     f=99[0m
    clean telemetry live: 1920 → 1314 rows
[2m[14:50:55] tick 219[0m
  [36mstation1 [0m [31m[1mCONFIRMED congestion_breach [0m conf=0.69  ETA=  0.4m sev=[31mhigh  [0m [2mcirc f=99[0m
  [36mstation2 [0m [32mhealthy[0m                      conf=0.79  ETA=  2.0m sev=[31mhigh  [0m [2m     f=99[0m
    clean telemetry live: 1920 → 1314 rows
[2m[14:51:10] tick 220[0m
  [36mstation1 [0m [31m[1mCONFIRMED congestion_breach [0m conf=0.61  ETA=  0.4m sev=[31mhigh  [0m [2mcirc f=99[0m
  [36mstation2 [0m [32mhealthy[0m                      conf=0.51  ETA=  1.9m sev=[31mhigh  [0m [2m     f=99[0m
    clean telemetry live: 1920 → 1314 rows
[2m[14:51:25] tick 221[0m
  [36mstation1 [0m [31m[1mCONFIRMED congestion_breach [0m conf=0.70  ETA=  0.4m sev=[31mhigh  [0m [2mcirc f=99[0m
  [36mstation2 [0m [33mADVISORY  congestion_breach [0m conf=0.82  ETA=  2.0m sev=[31mhigh  [0m [2mcirc f=99[0m
    clean telemetry live: 1920 → 1314 rows
[2m[14:51:41] tick 222[0m
  [36mstation1 [0m [31m[1mCONFIRMED congestion_breach [0m conf=0.65  ETA=  0.4m sev=[31mhigh  [0m [2mcirc f=99[0m
  [36mstation2 [0m [31m[1mCONFIRMED congestion_breach [0m conf=0.75  ETA=  1.7m sev=[31mhigh  [0m [2mcirc f=99[0m
    clean telemetry live: 1920 → 1314 rows
[2m[14:51:56] tick 223[0m
  [36mstation1 [0m [31m[1mCONFIRMED congestion_breach [0m conf=0.84  ETA=  0.3m sev=[31mhigh  [0m [2mcirc f=99[0m
  [36mstation2 [0m [32mhealthy[0m                      conf=0.66  ETA=  1.6m sev=[31mhigh  [0m [2mcirc f=99[0m
    clean telemetry live: 1920 → 1314 rows
[2m[14:52:12] tick 224[0m
  [36mstation1 [0m [31m[1mCONFIRMED congestion_breach [0m conf=0.89  ETA=  0.3m sev=[31mhigh  [0m [2mcirc f=99[0m
  [36mstation2 [0m [31m[1mCONFIRMED congestion_breach [0m conf=0.79  ETA=  1.8m sev=[31mhigh  [0m [2mcirc f=99[0m
    clean telemetry live: 1920 → 1314 rows
[2m[14:52:27] tick 225[0m
  [36mstation1 [0m [31m[1mCONFIRMED congestion_breach [0m conf=0.80  ETA=  0.3m sev=[31mhigh  [0m [2mcirc f=99[0m
  [36mstation2 [0m [32mhealthy[0m                      conf=0.62  ETA=  1.3m sev=[31mhigh  [0m [2mcirc f=99[0m
    clean telemetry live: 1920 → 1314 rows
[2m[14:52:42] tick 226[0m
  [36mstation1 [0m [31m[1mCONFIRMED congestion_breach [0m conf=0.88  ETA=  0.3m sev=[31mhigh  [0m [2mcirc f=99[0m
  [36mstation2 [0m [31m[1mCONFIRMED congestion_breach [0m conf=0.81  ETA=  1.5m sev=[31mhigh  [0m [2mcirc f=99[0m
    clean telemetry live: 1920 → 1314 rows
[2m[14:52:58] tick 227[0m
  [36mstation1 [0m [31m[1mCONFIRMED congestion_breach [0m conf=0.81  ETA=  0.3m sev=[31mhigh  [0m [2mcirc f=99[0m
  [36mstation2 [0m [33mADVISORY  congestion_breach [0m conf=0.75  ETA=  1.4m sev=[31mhigh  [0m [2mcirc f=99[0m
    clean telemetry live: 1920 → 1314 rows
[2m[14:53:13] tick 228[0m
  [36mstation1 [0m [31m[1mCONFIRMED congestion_breach [0m conf=0.92  ETA=  0.2m sev=[31mhigh  [0m [2mcirc f=99[0m
  [36mstation2 [0m [31m[1mCONFIRMED congestion_breach [0m conf=0.76  ETA=  1.4m sev=[31mhigh  [0m [2mcirc f=99[0m
    clean telemetry live: 1920 → 1314 rows
[2m[14:53:28] tick 229[0m
  [36mstation1 [0m [31m[1mCONFIRMED congestion_breach [0m conf=0.50  ETA=  0.3m sev=[31mhigh  [0m [2mcirc f=99[0m
  [36mstation2 [0m [31m[1mCONFIRMED congestion_breach [0m conf=0.57  ETA=  1.2m sev=[31mhigh  [0m [2mcirc f=99[0m
    clean telemetry live: 1920 → 1314 rows
[2m[14:53:44] tick 230[0m
  [36mstation1 [0m [31m[1mCONFIRMED congestion_breach [0m conf=0.73  ETA=  0.3m sev=[31mhigh  [0m [2m     f=99[0m
  [36mstation2 [0m [31m[1mCONFIRMED congestion_breach [0m conf=0.50  ETA=  1.2m sev=[31mhigh  [0m [2m     f=99[0m
    clean telemetry live: 1920 → 1314 rows
[2m[14:53:59] tick 231[0m
  [36mstation1 [0m [31m[1mCONFIRMED congestion_breach [0m conf=0.94  ETA=  0.2m sev=[31mhigh  [0m [2m     f=99[0m
  [36mstation2 [0m [32mhealthy[0m                      conf=0.88  ETA=  1.1m sev=[31mhigh  [0m [2m     f=99[0m
    clean telemetry live: 1919 → 1313 rows
[2m[14:54:15] tick 232[0m
  [36mstation1 [0m [32mhealthy[0m                      conf=0.93  ETA=  0.2m sev=[31mhigh  [0m [2m     f=99[0m
  [36mstation2 [0m [32mhealthy[0m                      conf=0.93  ETA=  1.4m sev=[31mhigh  [0m [2m     f=99[0m
    clean telemetry live: 1818 → 1212 rows
[2m[14:54:30] tick 233[0m
  [36mstation1 [0m [32mhealthy[0m                      conf=0.90  ETA=  0.2m sev=[33mmedium[0m [2m     f=99[0m
  [36mstation2 [0m [32mhealthy[0m                      conf=0.90  ETA=  1.4m sev=[33mmedium[0m [2m     f=99[0m
    clean telemetry live: 1818 → 1212 rows
[2m[14:54:45] tick 234[0m
  [36mstation1 [0m [32mhealthy[0m                      conf=0.89  ETA=  0.2m sev=[33mmedium[0m [2m     f=99[0m
  [36mstation2 [0m [32mhealthy[0m                      conf=0.89  ETA=  1.7m sev=[33mmedium[0m [2m     f=99[0m
    clean telemetry live: 1818 → 1212 rows
[2m[14:55:01] tick 235[0m
  [36mstation1 [0m [32mhealthy[0m                      conf=0.74  ETA=  2.0m sev=[33mmedium[0m [2m     f=99[0m
  [36mstation2 [0m [32mhealthy[0m                      conf=0.87  ETA=  1.9m sev=[33mmedium[0m [2m     f=99[0m
    clean telemetry live: 1818 → 1212 rows
[2m[14:55:16] tick 236[0m
  [36mstation1 [0m [32mhealthy[0m                      conf=0.92  ETA=  3.0m sev=[33mmedium[0m [2m     f=99[0m
  [36mstation2 [0m [32mhealthy[0m                      conf=0.65  ETA=  2.3m sev=[33mmedium[0m [2m     f=99[0m
    clean telemetry live: 1818 → 1212 rows
[2m[14:55:32] tick 237[0m
  [36mstation1 [0m [32mhealthy[0m                      conf=0.67  ETA=  3.8m sev=[33mmedium[0m [2m     f=99[0m
  [36mstation2 [0m [32mhealthy[0m                      conf=0.90  ETA=  2.4m sev=[33mmedium[0m [2m     f=99[0m
    clean telemetry live: 1818 → 1212 rows
[2m[14:55:47] tick 238[0m
  [36mstation1 [0m [32mhealthy[0m                      conf=0.67  ETA=  4.7m sev=[33mmedium[0m [2m     f=99[0m
  [36mstation2 [0m [32mhealthy[0m                      conf=0.91  ETA=  2.6m sev=[33mmedium[0m [2m     f=99[0m
    clean telemetry live: 1818 → 1212 rows
[2m[14:56:02] tick 239[0m
  [36mstation1 [0m [32mhealthy[0m                      conf=0.65  ETA=  5.7m sev=[33mmedium[0m [2m     f=99[0m
  [36mstation2 [0m [32mhealthy[0m                      conf=0.85  ETA=  2.8m sev=[33mmedium[0m [2m     f=99[0m
    clean telemetry live: 1818 → 1212 rows
[2m[14:56:18] tick 240[0m
  [36mstation1 [0m [32mhealthy[0m                      conf=0.78  ETA=  6.2m sev=[33mmedium[0m [2m     f=99[0m
  [36mstation2 [0m [32mhealthy[0m                      conf=0.86  ETA=  2.9m sev=[33mmedium[0m [2m     f=99[0m
    clean telemetry live: 1818 → 1212 rows
[2m[14:56:33] tick 241[0m
  [36mstation1 [0m [32mhealthy[0m                      conf=0.69  ETA=  6.6m sev=[33mmedium[0m [2m     f=99[0m
  [36mstation2 [0m [32mhealthy[0m                      conf=0.63  ETA=  3.0m sev=[33mmedium[0m [2m     f=99[0m
    clean telemetry live: 1818 → 1212 rows
[2m[14:56:48] tick 242[0m
  [36mstation1 [0m [32mhealthy[0m                      conf=0.60  ETA=  6.8m sev=[33mmedium[0m [2m     f=99[0m
  [36mstation2 [0m [32mhealthy[0m                      conf=0.59  ETA=  3.1m sev=[33mmedium[0m [2m     f=99[0m
    clean telemetry live: 1818 → 1212 rows
[2m[14:57:04] tick 243[0m
  [36mstation1 [0m [33mADVISORY  tunnel_degradation[0m conf=0.50  ETA=  6.9m sev=[33mmedium[0m [2m     f=99[0m
  [36mstation2 [0m [32mhealthy[0m                      conf=0.56  ETA=  3.1m sev=[31mhigh  [0m [2m     f=99[0m
    clean telemetry live: 1818 → 1212 rows
[2m[14:57:19] tick 244[0m
  [36mstation1 [0m [33mADVISORY  tunnel_degradation[0m conf=0.73  ETA=  6.8m sev=[31mhigh  [0m [2m     f=99[0m
  [36mstation2 [0m [31m[1mCONFIRMED tunnel_degradation[0m conf=0.68  ETA=  3.1m sev=[31mhigh  [0m [2m     f=99[0m
    clean telemetry live: 1818 → 1212 rows
[2m[14:57:35] tick 245[0m
  [36mstation1 [0m [33mADVISORY  tunnel_degradation[0m conf=0.80  ETA=  6.3m sev=[31mhigh  [0m [2m     f=99[0m
  [36mstation2 [0m [31m[1mCONFIRMED tunnel_degradation[0m conf=0.66  ETA=  3.0m sev=[31mhigh  [0m [2m     f=99[0m
    clean telemetry live: 1818 → 1212 rows
[2m[14:57:50] tick 246[0m
  [36mstation1 [0m [31m[1mCONFIRMED tunnel_degradation[0m conf=0.79  ETA=  5.7m sev=[31mhigh  [0m [2m     f=99[0m
  [36mstation2 [0m [31m[1mCONFIRMED tunnel_degradation[0m conf=0.61  ETA=  2.9m sev=[31mhigh  [0m [2m     f=99[0m
    clean telemetry live: 1818 → 1212 rows
[2m[14:58:05] tick 247[0m
  [36mstation1 [0m [31m[1mCONFIRMED tunnel_degradation[0m conf=0.83  ETA=  5.2m sev=[31mhigh  [0m [2m     f=99[0m
  [36mstation2 [0m [31m[1mCONFIRMED tunnel_degradation[0m conf=0.50  ETA=  2.8m sev=[31mhigh  [0m [2m     f=99[0m
    clean telemetry live: 1815 → 1211 rows
[2m[14:58:21] tick 248[0m
  [36mstation1 [0m [31m[1mCONFIRMED tunnel_degradation[0m conf=0.76  ETA=  3.3m sev=[31mhigh  [0m [2m     f=99[0m
  [36mstation2 [0m [31m[1mCONFIRMED tunnel_degradation[0m conf=0.82  ETA=  2.6m sev=[31mhigh  [0m [2m     f=99[0m
    clean telemetry live: 1815 → 1211 rows
[2m[14:58:36] tick 249[0m
  [36mstation1 [0m [31m[1mCONFIRMED tunnel_degradation[0m conf=0.92  ETA=  2.7m sev=[31mhigh  [0m [2m     f=99[0m
  [36mstation2 [0m [31m[1mCONFIRMED tunnel_degradation[0m conf=0.80  ETA=  2.6m sev=[31mhigh  [0m [2m     f=99[0m
    clean telemetry live: 1815 → 1211 rows
[2m[14:58:51] tick 250[0m
  [36mstation1 [0m [31m[1mCONFIRMED tunnel_degradation[0m conf=0.92  ETA=  2.2m sev=[31mhigh  [0m [2m     f=99[0m
  [36mstation2 [0m [31m[1mCONFIRMED tunnel_degradation[0m conf=0.91  ETA=  2.4m sev=[31mhigh  [0m [2m     f=99[0m
    clean telemetry live: 1815 → 1211 rows
[2m[14:59:07] tick 251[0m
  [36mstation1 [0m [31m[1mCONFIRMED tunnel_degradation[0m conf=0.85  ETA=  1.9m sev=[31mhigh  [0m [2m     f=99[0m
  [36mstation2 [0m [31m[1mCONFIRMED tunnel_degradation[0m conf=0.91  ETA=  2.6m sev=[31mhigh  [0m [2m     f=99[0m
    clean telemetry live: 1815 → 1211 rows
[2m[14:59:22] tick 252[0m
  [36mstation1 [0m [31m[1mCONFIRMED tunnel_degradation[0m conf=0.96  ETA=  1.6m sev=[31mhigh  [0m [2m     f=99[0m
  [36mstation2 [0m [31m[1mCONFIRMED tunnel_degradation[0m conf=0.96  ETA=  2.4m sev=[31mhigh  [0m [2m     f=99[0m
    clean telemetry live: 1815 → 1211 rows
[2m[14:59:38] tick 253[0m
  [36mstation1 [0m [31m[1mCONFIRMED tunnel_degradation[0m conf=0.92  ETA=  1.4m sev=[31mhigh  [0m [2m     f=99[0m
  [36mstation2 [0m [31m[1mCONFIRMED tunnel_degradation[0m conf=0.96  ETA=  2.5m sev=[31mhigh  [0m [2mcirc f=99[0m
    clean telemetry live: 1815 → 1211 rows
[2m[14:59:53] tick 254[0m
  [36mstation1 [0m [31m[1mCONFIRMED tunnel_degradation[0m conf=0.89  ETA=  1.1m sev=[31mhigh  [0m [2m     f=99[0m
  [36mstation2 [0m [31m[1mCONFIRMED tunnel_degradation[0m conf=0.74  ETA=  1.9m sev=[31mhigh  [0m [2m     f=99[0m
    clean telemetry live: 1815 → 1211 rows
[2m[15:00:08] tick 255[0m
  [36mstation1 [0m [31m[1mCONFIRMED tunnel_degradation[0m conf=0.91  ETA=  0.8m sev=[31mhigh  [0m [2m     f=99[0m
  [36mstation2 [0m [31m[1mCONFIRMED tunnel_degradation[0m conf=0.92  ETA=  2.2m sev=[31mhigh  [0m [2m     f=99[0m
    clean telemetry live: 1815 → 1211 rows
[2m[15:00:24] tick 256[0m
  [36mstation1 [0m [31m[1mCONFIRMED tunnel_degradation[0m conf=0.91  ETA=  0.7m sev=[31mhigh  [0m [2m     f=99[0m
  [36mstation2 [0m [31m[1mCONFIRMED tunnel_degradation[0m conf=0.82  ETA=  1.7m sev=[31mhigh  [0m [2m     f=99[0m
    clean telemetry live: 1815 → 1211 rows
[2m[15:00:39] tick 257[0m
  [36mstation1 [0m [31m[1mCONFIRMED tunnel_degradation[0m conf=0.92  ETA=  0.6m sev=[31mhigh  [0m [2m     f=99[0m
  [36mstation2 [0m [31m[1mCONFIRMED tunnel_degradation[0m conf=0.53  ETA=  1.9m sev=[31mhigh  [0m [2m     f=99[0m
    clean telemetry live: 1815 → 1211 rows
[2m[15:00:54] tick 258[0m
  [36mstation1 [0m [31m[1mCONFIRMED tunnel_degradation[0m conf=0.90  ETA=  0.5m sev=[31mhigh  [0m [2m     f=99[0m
  [36mstation2 [0m [32mhealthy[0m                      conf=0.90  ETA=  1.6m sev=[31mhigh  [0m [2m     f=99[0m
    clean telemetry live: 1815 → 1211 rows
[2m[15:01:10] tick 259[0m
  [36mstation1 [0m [31m[1mCONFIRMED tunnel_degradation[0m conf=0.95  ETA=  0.5m sev=[31mhigh  [0m [2mcirc f=99[0m
  [36mstation2 [0m [31m[1mCONFIRMED tunnel_degradation[0m conf=0.86  ETA=  1.5m sev=[31mhigh  [0m [2m     f=99[0m
    clean telemetry live: 1815 → 1211 rows
[2m[15:01:25] tick 260[0m
  [36mstation1 [0m [31m[1mCONFIRMED tunnel_degradation[0m conf=0.90  ETA=  0.5m sev=[31mhigh  [0m [2mcirc f=99[0m
  [36mstation2 [0m [31m[1mCONFIRMED tunnel_degradation[0m conf=0.67  ETA=  1.5m sev=[31mhigh  [0m [2m     f=99[0m
    clean telemetry live: 1815 → 1211 rows
[2m[15:01:41] tick 261[0m
  [36mstation1 [0m [31m[1mCONFIRMED tunnel_degradation[0m conf=0.72  ETA=  0.6m sev=[31mhigh  [0m [2mcirc f=99[0m
  [36mstation2 [0m [31m[1mCONFIRMED tunnel_degradation[0m conf=0.78  ETA=  1.9m sev=[31mhigh  [0m [2m     f=99[0m
    clean telemetry live: 1818 → 1212 rows
[2m[15:01:56] tick 262[0m
  [36mstation1 [0m [31m[1mCONFIRMED tunnel_degradation[0m conf=0.93  ETA=  0.5m sev=[31mhigh  [0m [2m     f=99[0m
  [36mstation2 [0m [32mhealthy[0m                      conf=0.86  ETA=  1.5m sev=[31mhigh  [0m [2m     f=99[0m
    clean telemetry live: 1818 → 1212 rows
[2m[15:02:11] tick 263[0m
  [36mstation1 [0m [31m[1mCONFIRMED tunnel_degradation[0m conf=0.87  ETA=  0.6m sev=[31mhigh  [0m [2m     f=99[0m
  [36mstation2 [0m [32mhealthy[0m                      conf=0.89  ETA=  1.4m sev=[31mhigh  [0m [2m     f=99[0m
    clean telemetry live: 1818 → 1212 rows
[2m[15:02:27] tick 264[0m
  [36mstation1 [0m [31m[1mCONFIRMED tunnel_degradation[0m conf=0.86  ETA=  0.6m sev=[31mhigh  [0m [2mcirc f=99[0m
  [36mstation2 [0m [32mhealthy[0m                      conf=0.78  ETA=  1.4m sev=[31mhigh  [0m [2mcirc f=99[0m
    clean telemetry live: 1818 → 1212 rows
[2m[15:02:42] tick 265[0m
  [36mstation1 [0m [31m[1mCONFIRMED tunnel_degradation[0m conf=0.96  ETA=  0.6m sev=[31mhigh  [0m [2mcirc f=99[0m
  [36mstation2 [0m [32mhealthy[0m                      conf=0.83  ETA=  1.6m sev=[31mhigh  [0m [2mcirc f=99[0m
    clean telemetry live: 1818 → 1212 rows
[2m[15:02:57] tick 266[0m
  [36mstation1 [0m [31m[1mCONFIRMED tunnel_degradation[0m conf=0.52  ETA=  1.1m sev=[31mhigh  [0m [2m     f=99[0m
  [36mstation2 [0m [31m[1mCONFIRMED tunnel_degradation[0m conf=0.62  ETA=  1.6m sev=[31mhigh  [0m [2mcirc f=99[0m
    clean telemetry live: 1818 → 1212 rows
[2m[15:03:13] tick 267[0m
  [36mstation1 [0m [31m[1mCONFIRMED tunnel_degradation[0m conf=0.71  ETA=  1.0m sev=[31mhigh  [0m [2m     f=99[0m
  [36mstation2 [0m [31m[1mCONFIRMED tunnel_degradation[0m conf=0.85  ETA=  1.6m sev=[31mhigh  [0m [2mcirc f=99[0m
    clean telemetry live: 1818 → 1212 rows
[2m[15:03:28] tick 268[0m
  [36mstation1 [0m [31m[1mCONFIRMED tunnel_degradation[0m conf=0.89  ETA=  0.7m sev=[31mhigh  [0m [2mcirc f=99[0m
  [36mstation2 [0m [31m[1mCONFIRMED tunnel_degradation[0m conf=0.88  ETA=  1.5m sev=[31mhigh  [0m [2mcirc f=99[0m
    clean telemetry live: 1818 → 1212 rows
[2m[15:03:44] tick 269[0m
  [36mstation1 [0m [31m[1mCONFIRMED tunnel_degradation[0m conf=0.76  ETA=  0.8m sev=[31mhigh  [0m [2mcirc f=99[0m
  [36mstation2 [0m [31m[1mCONFIRMED tunnel_degradation[0m conf=0.60  ETA=  1.7m sev=[31mhigh  [0m [2mcirc f=99[0m
    clean telemetry live: 1818 → 1212 rows
[2m[15:03:59] tick 270[0m
  [36mstation1 [0m [31m[1mCONFIRMED tunnel_degradation[0m conf=0.98  ETA=  0.5m sev=[31mhigh  [0m [2mcirc f=99[0m
  [36mstation2 [0m [32mhealthy[0m                      conf=0.86  ETA=  1.7m sev=[31mhigh  [0m [2mcirc f=99[0m
    clean telemetry live: 1818 → 1212 rows
[2m[15:04:14] tick 271[0m
  [36mstation1 [0m [31m[1mCONFIRMED tunnel_degradation[0m conf=0.97  ETA=  0.5m sev=[31mhigh  [0m [2mcirc f=99[0m
  [36mstation2 [0m [31m[1mCONFIRMED tunnel_degradation[0m conf=0.61  ETA=  1.8m sev=[31mhigh  [0m [2mcirc f=99[0m
    clean telemetry live: 1818 → 1212 rows
[2m[15:04:30] tick 272[0m
  [36mstation1 [0m [31m[1mCONFIRMED tunnel_degradation[0m conf=0.92  ETA=  0.5m sev=[31mhigh  [0m [2mcirc f=99[0m
  [36mstation2 [0m [31m[1mCONFIRMED tunnel_degradation[0m conf=0.97  ETA=  1.6m sev=[31mhigh  [0m [2mcirc f=99[0m
    clean telemetry live: 1818 → 1212 rows
[2m[15:04:45] tick 273[0m
  [36mstation1 [0m [31m[1mCONFIRMED tunnel_degradation[0m conf=0.96  ETA=  0.5m sev=[31mhigh  [0m [2mcirc f=99[0m
  [36mstation2 [0m [31m[1mCONFIRMED tunnel_degradation[0m conf=0.57  ETA=  1.7m sev=[31mhigh  [0m [2mcirc f=99[0m
    clean telemetry live: 1818 → 1212 rows
[2m[15:05:00] tick 274[0m
  [36mstation1 [0m [32mhealthy[0m                      conf=0.55  ETA=  0.6m sev=[31mhigh  [0m [2mcirc f=99[0m
  [36mstation2 [0m [32mhealthy[0m                      conf=0.77  ETA=  1.6m sev=[31mhigh  [0m [2m     f=99[0m
    clean telemetry live: 1818 → 1212 rows
[2m[15:05:16] tick 275[0m
  [36mstation1 [0m [31m[1mCONFIRMED tunnel_degradation[0m conf=0.92  ETA=  0.5m sev=[31mhigh  [0m [2mcirc f=99[0m
  [36mstation2 [0m [31m[1mCONFIRMED tunnel_degradation[0m conf=0.87  ETA=  1.5m sev=[31mhigh  [0m [2mcirc f=99[0m
    clean telemetry live: 1818 → 1212 rows
[2m[15:05:31] tick 276[0m
  [36mstation1 [0m [31m[1mCONFIRMED tunnel_degradation[0m conf=0.80  ETA=  0.5m sev=[31mhigh  [0m [2mcirc f=99[0m
  [36mstation2 [0m [31m[1mCONFIRMED tunnel_degradation[0m conf=0.67  ETA=  1.6m sev=[31mhigh  [0m [2m     f=99[0m
    clean telemetry live: 1818 → 1212 rows
[2m[15:05:47] tick 277[0m
  [36mstation1 [0m [31m[1mCONFIRMED tunnel_degradation[0m conf=0.92  ETA=  0.4m sev=[31mhigh  [0m [2m     f=99[0m
  [36mstation2 [0m [32mhealthy[0m                      conf=0.96  ETA=  1.6m sev=[31mhigh  [0m [2m     f=99[0m
    clean telemetry live: 1818 → 1212 rows
[2m[15:06:02] tick 278[0m
  [36mstation1 [0m [32mhealthy[0m                      conf=0.91  ETA=  0.4m sev=[31mhigh  [0m [2m     f=99[0m
  [36mstation2 [0m [32mhealthy[0m                      conf=0.99  ETA=  1.4m sev=[31mhigh  [0m [2m     f=99[0m
    clean telemetry live: 1818 → 1212 rows
[2m[15:06:17] tick 279[0m
  [36mstation1 [0m [32mhealthy[0m                      conf=0.95  ETA=  0.5m sev=[33mmedium[0m [2m     f=99[0m
  [36mstation2 [0m [32mhealthy[0m                      conf=0.99  ETA=  1.5m sev=[33mmedium[0m [2m     f=99[0m
    clean telemetry live: 1818 → 1212 rows
[2m[15:06:33] tick 280[0m
  [36mstation1 [0m [32mhealthy[0m                      conf=0.89  ETA=  0.8m sev=[33mmedium[0m [2m     f=99[0m
  [36mstation2 [0m [32mhealthy[0m                      conf=0.98  ETA=  1.3m sev=[33mmedium[0m [2m     f=99[0m
    clean telemetry live: 1818 → 1212 rows
[2m[15:06:48] tick 281[0m
  [36mstation1 [0m [32mhealthy[0m                      conf=0.91  ETA=  1.3m sev=[33mmedium[0m [2m     f=99[0m
  [36mstation2 [0m [32mhealthy[0m                      conf=0.97  ETA=  1.2m sev=[33mmedium[0m [2m     f=99[0m
    clean telemetry live: 1818 → 1212 rows
[2m[15:07:03] tick 282[0m
  [36mstation1 [0m [32mhealthy[0m                      conf=0.93  ETA=  1.6m sev=[32mlow   [0m [2m     f=99[0m
  [36mstation2 [0m [32mhealthy[0m                      conf=0.97  ETA=  1.4m sev=[33mmedium[0m [2m     f=99[0m
    clean telemetry live: 1818 → 1212 rows
[2m[15:07:19] tick 283[0m
  [36mstation1 [0m [32mhealthy[0m                      conf=1.00  ETA=  2.9m sev=[32mlow   [0m [2m     f=99[0m
  [36mstation2 [0m [32mhealthy[0m                      conf=0.98  ETA=  1.6m sev=[32mlow   [0m [2m     f=99[0m
    clean telemetry live: 1818 → 1212 rows
[2m[15:07:34] tick 284[0m
  [36mstation1 [0m [32mhealthy[0m                      conf=0.99  ETA=  4.2m sev=[32mlow   [0m [2m     f=99[0m
  [36mstation2 [0m [32mhealthy[0m                      conf=1.00  ETA=  1.8m sev=[32mlow   [0m [2m     f=99[0m
    clean telemetry live: 1818 → 1212 rows
[2m[15:07:50] tick 285[0m
  [36mstation1 [0m [32mhealthy[0m                      conf=0.99  ETA=  4.8m sev=[32mlow   [0m [2m     f=99[0m
  [36mstation2 [0m [32mhealthy[0m                      conf=0.99  ETA=  1.9m sev=[32mlow   [0m [2m     f=99[0m
    clean telemetry live: 1818 → 1212 rows
[2m[15:08:05] tick 286[0m
  [36mstation1 [0m [32mhealthy[0m                      conf=0.99  ETA=  5.1m sev=[32mlow   [0m [2m     f=99[0m
  [36mstation2 [0m [32mhealthy[0m                      conf=0.99  ETA=  2.2m sev=[32mlow   [0m [2m     f=99[0m
    clean telemetry live: 1818 → 1212 rows
[2m[15:08:20] tick 287[0m
  [36mstation1 [0m [32mhealthy[0m                      conf=0.99  ETA=  5.9m sev=[32mlow   [0m [2m     f=99[0m
  [36mstation2 [0m [32mhealthy[0m                      conf=1.00  ETA=  2.0m sev=[32mlow   [0m [2m     f=99[0m
    clean telemetry live: 1815 → 1211 rows
[2m[15:08:36] tick 288[0m
  [36mstation1 [0m [32mhealthy[0m                      conf=1.00  ETA=  5.5m sev=[32mlow   [0m [2m     f=99[0m
  [36mstation2 [0m [32mhealthy[0m                      conf=0.99  ETA=  2.8m sev=[32mlow   [0m [2m     f=99[0m
    clean telemetry live: 1815 → 1211 rows
[2m[15:08:51] tick 289[0m
  [36mstation1 [0m [32mhealthy[0m                      conf=0.99  ETA=  6.4m sev=[32mlow   [0m [2m     f=99[0m
  [36mstation2 [0m [32mhealthy[0m                      conf=0.99  ETA=  2.2m sev=[32mlow   [0m [2m     f=99[0m
    clean telemetry live: 1815 → 1211 rows
[2m[15:09:06] tick 290[0m
  [36mstation1 [0m [32mhealthy[0m                      conf=0.99  ETA=  6.2m sev=[32mlow   [0m [2m     f=99[0m
  [36mstation2 [0m [32mhealthy[0m                      conf=0.99  ETA=  3.0m sev=[32mlow   [0m [2m     f=99[0m
    clean telemetry live: 1815 → 1211 rows
[2m[15:09:22] tick 291[0m
  [36mstation1 [0m [32mhealthy[0m                      conf=0.98  ETA=  5.9m sev=[32mlow   [0m [2m     f=99[0m
  [36mstation2 [0m [32mhealthy[0m                      conf=0.95  ETA=  3.1m sev=[32mlow   [0m [2m     f=99[0m
    clean telemetry live: 1815 → 1211 rows
[2m[15:09:37] tick 292[0m
  [36mstation1 [0m [32mhealthy[0m                      conf=0.99  ETA=  6.2m sev=[32mlow   [0m [2m     f=99[0m
  [36mstation2 [0m [32mhealthy[0m                      conf=0.97  ETA=  2.7m sev=[32mlow   [0m [2m     f=99[0m
    clean telemetry live: 1815 → 1211 rows
[2m[15:09:53] tick 293[0m
  [36mstation1 [0m [32mhealthy[0m                      conf=0.99  ETA=  5.6m sev=[32mlow   [0m [2m     f=99[0m
  [36mstation2 [0m [32mhealthy[0m                      conf=0.98  ETA=  3.0m sev=[32mlow   [0m [2m     f=99[0m
    clean telemetry live: 1815 → 1211 rows
[2m[15:10:08] tick 294[0m
  [36mstation1 [0m [32mhealthy[0m                      conf=1.00  ETA=  6.1m sev=[32mlow   [0m [2m     f=99[0m
  [36mstation2 [0m [32mhealthy[0m                      conf=0.99  ETA=  3.0m sev=[32mlow   [0m [2m     f=99[0m
    clean telemetry live: 1815 → 1211 rows
[2m[15:10:23] tick 295[0m
  [36mstation1 [0m [32mhealthy[0m                      conf=0.99  ETA=  6.0m sev=[32mlow   [0m [2m     f=99[0m
  [36mstation2 [0m [32mhealthy[0m                      conf=0.98  ETA=  3.0m sev=[32mlow   [0m [2m     f=99[0m
