[2026-07-20T18:37:37.821422+00:00] ================================================================
[2026-07-20T18:37:37.821663+00:00] DECA BLIND CHAOS armed — run_id=blind_compound_tunnel_recheck_20260721_0007_40m seed=946733 (SEALED)
[2026-07-20T18:37:37.821814+00:00] Budget 40 min | target 2-2 events + 1 near-misses | simulate=False
[2026-07-20T18:37:37.821944+00:00] Fault pool: ['congestion_breach', 'tunnel_degradation', 'bgp_route_flap', 'vrf_leakage']
[2026-07-20T18:37:37.822080+00:00] Compound prob=1.0 pe1=tunnel_degradation
[2026-07-20T18:37:37.822239+00:00] Sealed truth: /home/brain/deca-isro/data/rpi-net/live/blind_compound_tunnel_recheck_20260721_0007_40m/ground_truth.sealed.jsonl
[2026-07-20T18:37:37.822349+00:00] ================================================================
[2026-07-20T18:37:43.180166+00:00]    iperf3 server listening on station2 (192.168.50.20)
[2026-07-20T18:37:44.601123+00:00] Baseline traffic: 26 Mbps (station1 -> 192.168.50.20 via eth0)
[2026-07-20T18:37:49.464222+00:00]    iperf3 client running (~26 Mbps)
[2026-07-20T18:37:49.464386+00:00] [chaos] near-miss blind_compound_tunnel_recheck_20260721_0007_40m_nm01 (bait — should stay healthy)
[2026-07-20T18:37:49.464445+00:00] NEAR-MISS aborted onset for 33s (not a real fault)...
[2026-07-20T18:38:23.826850+00:00] [chaos] normal ops 2.0 min...
[2026-07-20T18:40:21.457306+00:00] [chaos] === COMPOUND blind_compound_tunnel_recheck_20260721_0007_40m_cg01: tunnel_degradation (station1) + vrf_leakage (station2) OVERLAPPING, 37 min budget left ===
[2026-07-20T18:40:21.457881+00:00]   tunnel_degradation run=blind_compound_tunnel_recheck_20260721_0007_40m_cg01_tunnel_degradation: ramping to 11.9% loss / 45ms delay over 9.0min
[2026-07-20T18:40:21.458120+00:00]   vrf_leakage run=blind_compound_tunnel_recheck_20260721_0007_40m_cg01_vrf_leakage: wrong RT import + PE2 symptom ramp to 2.6%/13ms over 4.2min, hold 7.1min
[2026-07-20T18:52:24.210739+00:00] [chaos] sealed blind_compound_tunnel_recheck_20260721_0007_40m_cg01_e01_tunnel_degradation (compound blind_compound_tunnel_recheck_20260721_0007_40m_cg01): 2026-07-20T18:40:21.457860+00:00 -> 2026-07-20T18:47:37.892073+00:00
[2026-07-20T18:52:24.211247+00:00] [chaos] sealed blind_compound_tunnel_recheck_20260721_0007_40m_cg01_e02_vrf_leakage (compound blind_compound_tunnel_recheck_20260721_0007_40m_cg01): 2026-07-20T18:40:21.458108+00:00 -> 2026-07-20T18:44:41.295516+00:00
[2026-07-20T18:52:27.443963+00:00] ================================================================
[2026-07-20T18:52:27.444201+00:00] BLIND CHAOS COMPLETE — 2 circumstances, 1 near-misses in 14.8 min
[2026-07-20T18:52:27.444313+00:00] Run the scorecard AFTER the operator has stopped:
[2026-07-20T18:52:27.444352+00:00]   python scripts/deca_blind_scorecard.py --run-id blind_compound_tunnel_recheck_20260721_0007_40m
[2026-07-20T18:52:27.444383+00:00] ================================================================
