[2026-07-17T03:55:14.729062+00:00] ================================================================
[2026-07-17T03:55:14.729252+00:00] DECA BLIND CONTROL (all-healthy) armed — run_id=control_fp_check2 seed=417589 (SEALED)
[2026-07-17T03:55:14.729332+00:00] Budget 30 min | NO real faults | 4 near-miss bait(s) | simulate=False
[2026-07-17T03:55:14.729433+00:00] Sealed truth: /home/brain/deca-isro/data/rpi-net/live/control_fp_check2/ground_truth.sealed.jsonl
[2026-07-17T03:55:14.729504+00:00] ================================================================
[2026-07-17T03:55:18.154418+00:00] Signal 2 received, finishing current step then shutting down cleanly...
[2026-07-17T03:55:18.356163+00:00] Signal 2 received, finishing current step then shutting down cleanly...
[2026-07-17T03:55:18.535715+00:00] Signal 2 received, finishing current step then shutting down cleanly...
[2026-07-17T03:55:18.762351+00:00] Signal 2 received, finishing current step then shutting down cleanly...
[2026-07-17T03:55:19.031840+00:00] Signal 2 received, finishing current step then shutting down cleanly...
[2026-07-17T03:55:19.279278+00:00] Signal 2 received, finishing current step then shutting down cleanly...
[2026-07-17T03:55:19.527266+00:00] Signal 2 received, finishing current step then shutting down cleanly...
[2026-07-17T03:55:20.524657+00:00]    iperf3 server listening on station2 (192.168.50.20)
[2026-07-17T04:00:21.718561+00:00] ================================================================
[2026-07-17T04:00:21.718644+00:00] DECA BLIND CONTROL (all-healthy) armed — run_id=control_fp_check2 seed=379956 (SEALED)
[2026-07-17T04:00:21.718683+00:00] Budget 30 min | NO real faults | 4 near-miss bait(s) | simulate=False
[2026-07-17T04:00:21.718749+00:00] Sealed truth: /home/brain/deca-isro/data/rpi-net/live/control_fp_check2/ground_truth.sealed.jsonl
[2026-07-17T04:00:21.718779+00:00] ================================================================
[2026-07-17T04:00:25.877676+00:00]    iperf3 server listening on station2 (192.168.50.20)
[2026-07-17T04:00:27.216411+00:00] Baseline traffic: 40 Mbps (station1 -> 192.168.50.20 via eth0)
[2026-07-17T04:00:31.945610+00:00]    iperf3 client running (~40 Mbps)
[2026-07-17T04:00:31.945769+00:00] [control] healthy baseline 5.9 min...
[2026-07-17T04:06:27.882154+00:00] [control] near-miss control_fp_check2_nm01 (bait — MUST stay healthy)
[2026-07-17T04:06:27.882435+00:00] NEAR-MISS aborted onset for 25s (not a real fault)...
[2026-07-17T04:06:55.506107+00:00] [control] sealed control_fp_check2_nm01: 2026-07-17T04:06:27.882423+00:00 -> 2026-07-17T04:06:55.505779+00:00
[2026-07-17T04:07:03.349226+00:00] [control] healthy baseline 7.9 min...
[2026-07-17T04:14:58.535597+00:00] [control] near-miss control_fp_check2_nm02 (bait — MUST stay healthy)
[2026-07-17T04:14:58.535882+00:00] NEAR-MISS aborted onset for 49s (not a real fault)...
[2026-07-17T04:15:49.783672+00:00] [control] sealed control_fp_check2_nm02: 2026-07-17T04:14:58.535870+00:00 -> 2026-07-17T04:15:49.783445+00:00
[2026-07-17T04:15:52.174026+00:00] [control] healthy baseline 6.6 min...
[2026-07-17T04:22:27.491793+00:00] [control] near-miss control_fp_check2_nm03 (bait — MUST stay healthy)
[2026-07-17T04:22:27.492117+00:00] NEAR-MISS aborted onset for 52s (not a real fault)...
[2026-07-17T04:23:24.404044+00:00] [control] sealed control_fp_check2_nm03: 2026-07-17T04:22:27.492101+00:00 -> 2026-07-17T04:23:24.403805+00:00
[2026-07-17T04:23:27.540736+00:00] [control] healthy baseline 2.8 min...
[2026-07-17T04:26:14.765071+00:00] [control] near-miss control_fp_check2_nm04 (bait — MUST stay healthy)
[2026-07-17T04:26:14.765238+00:00] NEAR-MISS aborted onset for 31s (not a real fault)...
[2026-07-17T04:26:57.066459+00:00] [control] sealed control_fp_check2_nm04: 2026-07-17T04:26:14.765231+00:00 -> 2026-07-17T04:26:57.066217+00:00
[2026-07-17T04:26:58.485606+00:00] [control] healthy baseline 3.4 min to end (no baits left)...
[2026-07-17T04:30:21.816492+00:00] ================================================================
[2026-07-17T04:30:21.816768+00:00] BLIND CONTROL COMPLETE — 0 real faults, 4 near-misses
[2026-07-17T04:30:21.816892+00:00] Any confirmed alarm here is a false positive. Grade with:
[2026-07-17T04:30:21.816983+00:00]   python scripts/deca_blind_scorecard.py --run-id control_fp_check2
[2026-07-17T04:30:21.817096+00:00] ================================================================
