[1mLoading DECA model stack...[0m
WARNING: All log messages before absl::InitializeLog() is called are written to STDERR
I0000 00:00:1784625366.941514  899625 cudart_stub.cc:31] Could not find cuda drivers on your machine, GPU will not be used.
I0000 00:00:1784625366.994494  899625 cpu_feature_guard.cc:227] This TensorFlow binary is optimized to use available CPU instructions in performance-critical operations.
To enable the following instructions: AVX2 FMA, in other operations, rebuild TensorFlow with the appropriate compiler flags.
WARNING: All log messages before absl::InitializeLog() is called are written to STDERR
I0000 00:00:1784625368.353490  899625 cudart_stub.cc:31] Could not find cuda drivers on your machine, GPU will not be used.
E0000 00:00:1784625369.047110  899625 cuda_platform.cc:52] failed call to cuInit: INTERNAL: CUDA error: Failed call to cuInit: UNKNOWN ERROR (303)
  classes=['healthy', 'congestion_breach', 'tunnel_degradation', 'bgp_route_flap', 'vrf_leakage']
  ensemble (plain+wm agreement): off
  loom: soft_streak=True enter_k=3 advisory_enter_k=2
  LSTM ETA: ready | circumstance head: ready
  scoped hosts: ['station1', 'station2']
  cross-host echo suppress: origin-lock
  vrf origin-lock: on
  declarations -> /home/brain/deca-isro/data/rpi-net/live/blind_compound_bgp_recheck_20260721_1446_40m/declarations.jsonl

[1m=== DECA LIVE OPERATOR watching blind_compound_bgp_recheck_20260721_1446_40m (PROMETHEUS :9090) ===[0m

    clean telemetry live: 2427 → 1821 rows
[2m[09:16:09] tick 1[0m
  [36mstation1 [0m [32mhealthy[0m                      conf=0.98  ETA=  0.6m sev=[31mhigh  [0m [2m     f=99[0m
  [36mstation2 [0m [32mhealthy[0m                      conf=0.99  ETA=  1.5m sev=[31mhigh  [0m [2m     f=99[0m
    clean telemetry live: 2427 → 1821 rows
[2m[09:16:25] tick 2[0m
  [36mstation1 [0m [32mhealthy[0m                      conf=0.94  ETA=  0.7m sev=[31mhigh  [0m [2m     f=99[0m
  [36mstation2 [0m [32mhealthy[0m                      conf=0.98  ETA=  1.3m sev=[31mhigh  [0m [2m     f=99[0m
    clean telemetry live: 2427 → 1821 rows
[2m[09:16:40] tick 3[0m
  [36mstation1 [0m [32mhealthy[0m                      conf=0.95  ETA=  0.7m sev=[33mmedium[0m [2m     f=99[0m
  [36mstation2 [0m [32mhealthy[0m                      conf=0.99  ETA=  1.1m sev=[31mhigh  [0m [2m     f=99[0m
    clean telemetry live: 2427 → 1821 rows
[2m[09:16:56] tick 4[0m
  [36mstation1 [0m [32mhealthy[0m                      conf=0.95  ETA=  2.7m sev=[33mmedium[0m [2m     f=99[0m
  [36mstation2 [0m [32mhealthy[0m                      conf=0.98  ETA=  1.3m sev=[31mhigh  [0m [2m     f=99[0m
    clean telemetry live: 2427 → 1821 rows
[2m[09:17:11] tick 5[0m
  [36mstation1 [0m [32mhealthy[0m                      conf=0.98  ETA=  1.5m sev=[33mmedium[0m [2m     f=99[0m
  [36mstation2 [0m [32mhealthy[0m                      conf=0.99  ETA=  1.5m sev=[33mmedium[0m [2m     f=99[0m
    clean telemetry live: 2427 → 1821 rows
[2m[09:17:26] tick 6[0m
  [36mstation1 [0m [32mhealthy[0m                      conf=0.99  ETA=  1.8m sev=[33mmedium[0m [2m     f=99[0m
  [36mstation2 [0m [32mhealthy[0m                      conf=0.99  ETA=  1.6m sev=[32mlow   [0m [2m     f=99[0m
    clean telemetry live: 2427 → 1821 rows
[2m[09:17:42] tick 7[0m
  [36mstation1 [0m [32mhealthy[0m                      conf=0.99  ETA=  2.7m sev=[32mlow   [0m [2m     f=99[0m
  [36mstation2 [0m [32mhealthy[0m                      conf=1.00  ETA=  1.9m sev=[32mlow   [0m [2m     f=99[0m
    clean telemetry live: 2427 → 1821 rows
[2m[09:17:57] tick 8[0m
  [36mstation1 [0m [32mhealthy[0m                      conf=1.00  ETA=  4.6m sev=[32mlow   [0m [2m     f=99[0m
  [36mstation2 [0m [32mhealthy[0m                      conf=1.00  ETA=  2.3m sev=[32mlow   [0m [2m     f=99[0m
    clean telemetry live: 2427 → 1821 rows
[2m[09:18:13] tick 9[0m
  [36mstation1 [0m [32mhealthy[0m                      conf=0.98  ETA=  4.8m sev=[31mhigh  [0m [2m     f=99[0m
  [36mstation2 [0m [32mhealthy[0m                      conf=0.99  ETA=  2.8m sev=[31mhigh  [0m [2m     f=99[0m
    clean telemetry live: 2427 → 1821 rows
[2m[09:18:28] tick 10[0m
  [36mstation1 [0m [32mhealthy[0m                      conf=0.98  ETA=  5.1m sev=[31mhigh  [0m [2m     f=99[0m
  [36mstation2 [0m [32mhealthy[0m                      conf=1.00  ETA=  3.0m sev=[31mhigh  [0m [2m     f=99[0m
    clean telemetry live: 2427 → 1821 rows
[2m[09:18:44] tick 11[0m
  [36mstation1 [0m [32mhealthy[0m                      conf=0.99  ETA=  5.0m sev=[31mhigh  [0m [2m     f=99[0m
  [36mstation2 [0m [32mhealthy[0m                      conf=1.00  ETA=  2.6m sev=[31mhigh  [0m [2m     f=99[0m
    clean telemetry live: 2427 → 1821 rows
[2m[09:18:59] tick 12[0m
  [36mstation1 [0m [32mhealthy[0m                      conf=1.00  ETA=  4.7m sev=[31mhigh  [0m [2m     f=99[0m
  [36mstation2 [0m [32mhealthy[0m                      conf=1.00  ETA=  3.1m sev=[31mhigh  [0m [2m     f=99[0m
    clean telemetry live: 2427 → 1821 rows
[2m[09:19:15] tick 13[0m
  [36mstation1 [0m [32mhealthy[0m                      conf=0.99  ETA=  5.3m sev=[31mhigh  [0m [2m     f=99[0m
  [36mstation2 [0m [32mhealthy[0m                      conf=0.98  ETA=  2.7m sev=[31mhigh  [0m [2m     f=99[0m
    clean telemetry live: 2424 → 1818 rows
[2m[09:19:30] tick 14[0m
  [36mstation1 [0m [32mhealthy[0m                      conf=0.96  ETA=  4.8m sev=[31mhigh  [0m [2m     f=99[0m
  [36mstation2 [0m [32mhealthy[0m                      conf=0.98  ETA=  3.2m sev=[31mhigh  [0m [2m     f=99[0m
    clean telemetry live: 2424 → 1818 rows
[2m[09:19:45] tick 15[0m
  [36mstation1 [0m [32mhealthy[0m                      conf=0.97  ETA=  5.8m sev=[31mhigh  [0m [2m     f=99[0m
  [36mstation2 [0m [32mhealthy[0m                      conf=0.95  ETA=  2.4m sev=[31mhigh  [0m [2m     f=99[0m
    clean telemetry live: 2427 → 1821 rows
[2m[09:20:01] tick 16[0m
  [36mstation1 [0m [32mhealthy[0m                      conf=0.94  ETA=  5.5m sev=[31mhigh  [0m [2m     f=99[0m
  [36mstation2 [0m [32mhealthy[0m                      conf=0.96  ETA=  2.9m sev=[31mhigh  [0m [2m     f=99[0m
    clean telemetry live: 2427 → 1821 rows
[2m[09:20:16] tick 17[0m
  [36mstation1 [0m [32mhealthy[0m                      conf=0.80  ETA=  5.7m sev=[31mhigh  [0m [2m     f=99[0m
  [36mstation2 [0m [32mhealthy[0m                      conf=0.97  ETA=  3.3m sev=[31mhigh  [0m [2m     f=99[0m
    clean telemetry live: 2427 → 1821 rows
[2m[09:20:32] tick 18[0m
  [36mstation1 [0m [32mhealthy[0m                      conf=0.56  ETA=  4.9m sev=[31mhigh  [0m [2m     f=99[0m
  [36mstation2 [0m [32mhealthy[0m                      conf=0.98  ETA=  2.5m sev=[31mhigh  [0m [2m     f=99[0m
    clean telemetry live: 2427 → 1821 rows
[2m[09:20:47] tick 19[0m
  [36mstation1 [0m [32mhealthy[0m                      conf=0.68  ETA=  5.0m sev=[31mhigh  [0m [2m     f=99[0m
  [36mstation2 [0m [32mhealthy[0m                      conf=0.92  ETA=  2.3m sev=[31mhigh  [0m [2m     f=99[0m
    clean telemetry live: 2427 → 1821 rows
[2m[09:21:03] tick 20[0m
  [36mstation1 [0m [32mhealthy[0m                      conf=0.94  ETA=  4.0m sev=[31mhigh  [0m [2m     f=99[0m
  [36mstation2 [0m [32mhealthy[0m                      conf=0.96  ETA=  2.0m sev=[31mhigh  [0m [2m     f=99[0m
    clean telemetry live: 2427 → 1821 rows
[2m[09:21:18] tick 21[0m
  [36mstation1 [0m [32mhealthy[0m                      conf=0.93  ETA=  3.8m sev=[31mhigh  [0m [2m     f=99[0m
  [36mstation2 [0m [32mhealthy[0m                      conf=0.95  ETA=  0.8m sev=[31mhigh  [0m [2m     f=99[0m
    clean telemetry live: 2427 → 1821 rows
[2m[09:21:33] tick 22[0m
  [36mstation1 [0m [32mhealthy[0m                      conf=0.96  ETA=  4.4m sev=[31mhigh  [0m [2m     f=99[0m
  [36mstation2 [0m [32mhealthy[0m                      conf=0.95  ETA=  1.4m sev=[31mhigh  [0m [2m     f=99[0m
    clean telemetry live: 2427 → 1821 rows
[2m[09:21:49] tick 23[0m
  [36mstation1 [0m [32mhealthy[0m                      conf=0.89  ETA=  5.0m sev=[31mhigh  [0m [2m     f=99[0m
  [36mstation2 [0m [32mhealthy[0m                      conf=0.89  ETA=  0.8m sev=[31mhigh  [0m [2m     f=99[0m
    clean telemetry live: 2427 → 1821 rows
[2m[09:22:04] tick 24[0m
  [36mstation1 [0m [32mhealthy[0m                      conf=0.86  ETA=  5.5m sev=[31mhigh  [0m [2m     f=99[0m
  [36mstation2 [0m [32mhealthy[0m                      conf=0.93  ETA=  1.6m sev=[31mhigh  [0m [2m     f=99[0m
    clean telemetry live: 2427 → 1821 rows
[2m[09:22:20] tick 25[0m
  [36mstation1 [0m [32mhealthy[0m                      conf=0.87  ETA=  5.1m sev=[31mhigh  [0m [2m     f=99[0m
  [36mstation2 [0m [32mhealthy[0m                      conf=0.84  ETA=  0.7m sev=[31mhigh  [0m [2m     f=99[0m
    clean telemetry live: 2427 → 1821 rows
[2m[09:22:35] tick 26[0m
  [36mstation1 [0m [32mhealthy[0m                      conf=0.91  ETA=  6.8m sev=[31mhigh  [0m [2m     f=99[0m
  [36mstation2 [0m [32mhealthy[0m                      conf=0.91  ETA=  1.6m sev=[31mhigh  [0m [2m     f=99[0m
    clean telemetry live: 2427 → 1821 rows
[2m[09:22:51] tick 27[0m
  [36mstation1 [0m [32mhealthy[0m                      conf=0.90  ETA=  5.5m sev=[31mhigh  [0m [2m     f=99[0m
  [36mstation2 [0m [32mhealthy[0m                      conf=0.81  ETA=  1.3m sev=[31mhigh  [0m [2m     f=99[0m
    clean telemetry live: 2427 → 1821 rows
[2m[09:23:06] tick 28[0m
  [36mstation1 [0m [32mhealthy[0m                      conf=0.86  ETA=  4.8m sev=[31mhigh  [0m [2m     f=99[0m
  [36mstation2 [0m [32mhealthy[0m                      conf=0.70  ETA=  1.5m sev=[31mhigh  [0m [2m     f=99[0m
    clean telemetry live: 2427 → 1821 rows
[2m[09:23:21] tick 29[0m
  [36mstation1 [0m [32mhealthy[0m                      conf=0.57  ETA=  6.5m sev=[31mhigh  [0m [2m     f=99[0m
  [36mstation2 [0m [32mhealthy[0m                      conf=0.69  ETA=  1.3m sev=[31mhigh  [0m [2m     f=99[0m
    clean telemetry live: 2427 → 1821 rows
[2m[09:23:37] tick 30[0m
  [36mstation1 [0m [32mhealthy[0m                      conf=0.58  ETA=  6.2m sev=[33mmedium[0m [2m     f=99[0m
  [36mstation2 [0m [32mhealthy[0m                      conf=0.59  ETA=  1.8m sev=[32mlow   [0m [2m     f=99[0m
    clean telemetry live: 2427 → 1821 rows
[2m[09:23:52] tick 31[0m
  [36mstation1 [0m [32mhealthy[0m                      conf=0.63  ETA=  6.5m sev=[32mlow   [0m [2m     f=99[0m
  [36mstation2 [0m [32mhealthy[0m                      conf=0.75  ETA=  1.4m sev=[32mlow   [0m [2m     f=99[0m
    clean telemetry live: 2427 → 1821 rows
[2m[09:24:08] tick 32[0m
  [36mstation1 [0m [32mhealthy[0m                      conf=0.60  ETA=  6.0m sev=[32mlow   [0m [2m     f=99[0m
  [36mstation2 [0m [32mhealthy[0m                      conf=0.75  ETA=  1.8m sev=[32mlow   [0m [2m     f=99[0m
    clean telemetry live: 2427 → 1821 rows
[2m[09:24:23] tick 33[0m
  [36mstation1 [0m [32mhealthy[0m                      conf=0.58  ETA=  6.2m sev=[32mlow   [0m [2m     f=99[0m
  [36mstation2 [0m [32mhealthy[0m                      conf=0.78  ETA=  2.3m sev=[32mlow   [0m [2m     f=99[0m
    clean telemetry live: 2427 → 1821 rows
[2m[09:24:39] tick 34[0m
  [36mstation1 [0m [32mhealthy[0m                      conf=0.55  ETA=  5.5m sev=[32mlow   [0m [2m     f=99[0m
  [36mstation2 [0m [32mhealthy[0m                      conf=0.72  ETA=  1.5m sev=[32mlow   [0m [2m     f=99[0m
    clean telemetry live: 2427 → 1821 rows
[2m[09:24:54] tick 35[0m
  [36mstation1 [0m [32mhealthy[0m                      conf=0.62  ETA=  6.2m sev=[32mlow   [0m [2m     f=99[0m
  [36mstation2 [0m [32mhealthy[0m                      conf=0.68  ETA=  1.1m sev=[32mlow   [0m [2m     f=99[0m
    clean telemetry live: 2427 → 1821 rows
[2m[09:25:09] tick 36[0m
  [36mstation1 [0m [32mhealthy[0m                      conf=0.61  ETA=  6.0m sev=[32mlow   [0m [2m     f=99[0m
  [36mstation2 [0m [32mhealthy[0m                      conf=0.56  ETA=  1.4m sev=[32mlow   [0m [2m     f=99[0m
    clean telemetry live: 2427 → 1821 rows
[2m[09:25:25] tick 37[0m
  [36mstation1 [0m [32mhealthy[0m                      conf=0.46  ETA=  5.6m sev=[32mlow   [0m [2m     f=99[0m
  [36mstation2 [0m [32mhealthy[0m                      conf=0.38  ETA=  2.3m sev=[32mlow   [0m [2m     f=99[0m
    clean telemetry live: 2427 → 1821 rows
[2m[09:25:40] tick 38[0m
  [36mstation1 [0m [32mhealthy[0m                      conf=0.72  ETA=  5.9m sev=[31mhigh  [0m [2m     f=99[0m
  [36mstation2 [0m [32mhealthy[0m                      conf=0.73  ETA=  3.0m sev=[31mhigh  [0m [2m     f=99[0m
    clean telemetry live: 2427 → 1821 rows
[2m[09:25:56] tick 39[0m
  [36mstation1 [0m [32mhealthy[0m                      conf=0.61  ETA=  4.3m sev=[31mhigh  [0m [2m     f=99[0m
  [36mstation2 [0m [32mhealthy[0m                      conf=0.45  ETA=  1.7m sev=[31mhigh  [0m [2m     f=99[0m
    clean telemetry live: 2427 → 1821 rows
[2m[09:26:11] tick 40[0m
  [36mstation1 [0m [32mhealthy[0m                      conf=0.75  ETA=  5.4m sev=[31mhigh  [0m [2m     f=99[0m
  [36mstation2 [0m [32mhealthy[0m                      conf=0.80  ETA=  3.1m sev=[31mhigh  [0m [2m     f=99[0m
    clean telemetry live: 2427 → 1821 rows
[2m[09:26:27] tick 41[0m
  [36mstation1 [0m [32mhealthy[0m                      conf=0.82  ETA=  3.6m sev=[31mhigh  [0m [2m     f=99[0m
  [36mstation2 [0m [32mhealthy[0m                      conf=0.54  ETA=  2.7m sev=[31mhigh  [0m [2m     f=99[0m
    clean telemetry live: 2427 → 1821 rows
[2m[09:26:42] tick 42[0m
  [36mstation1 [0m [32mhealthy[0m                      conf=0.90  ETA=  3.5m sev=[31mhigh  [0m [2m     f=99[0m
  [36mstation2 [0m [32mhealthy[0m                      conf=0.58  ETA=  3.9m sev=[31mhigh  [0m [2m     f=99[0m
    clean telemetry live: 2427 → 1821 rows
[2m[09:26:58] tick 43[0m
  [36mstation1 [0m [32mhealthy[0m                      conf=0.82  ETA=  3.6m sev=[31mhigh  [0m [2m     f=99[0m
  [36mstation2 [0m [32mhealthy[0m                      conf=0.50  ETA=  3.1m sev=[31mhigh  [0m [2m     f=99[0m
    clean telemetry live: 2427 → 1821 rows
[2m[09:27:13] tick 44[0m
  [36mstation1 [0m [32mhealthy[0m                      conf=0.84  ETA=  4.9m sev=[31mhigh  [0m [2m     f=99[0m
  [36mstation2 [0m [33mADVISORY  bgp_route_flap    [0m conf=0.48  ETA=  3.8m sev=[31mhigh  [0m [2m     f=99[0m
    clean telemetry live: 2427 → 1821 rows
[2m[09:27:28] tick 45[0m
  [36mstation1 [0m [32mhealthy[0m                      conf=0.86  ETA=  2.4m sev=[31mhigh  [0m [2m     f=99[0m
  [36mstation2 [0m [32mhealthy[0m                      conf=0.41  ETA=  2.0m sev=[31mhigh  [0m [2m     f=99[0m
    clean telemetry live: 2427 → 1821 rows
[2m[09:27:44] tick 46[0m
  [36mstation1 [0m [32mhealthy[0m                      conf=0.63  ETA=  3.0m sev=[31mhigh  [0m [2m     f=99[0m
  [36mstation2 [0m [33mADVISORY  bgp_route_flap    [0m conf=0.49  ETA=  3.5m sev=[31mhigh  [0m [2m     f=99[0m
    clean telemetry live: 2427 → 1821 rows
[2m[09:27:59] tick 47[0m
  [36mstation1 [0m [32mhealthy[0m                      conf=0.68  ETA=  2.2m sev=[31mhigh  [0m [2m     f=99[0m
  [36mstation2 [0m [32mhealthy[0m                      conf=0.50  ETA=  2.7m sev=[31mhigh  [0m [2m     f=99[0m
    clean telemetry live: 2424 → 1818 rows
[2m[09:28:15] tick 48[0m
  [36mstation1 [0m [32mhealthy[0m                      conf=0.88  ETA=  2.9m sev=[31mhigh  [0m [2m     f=99[0m
  [36mstation2 [0m [32mhealthy[0m                      conf=0.66  ETA=  1.1m sev=[31mhigh  [0m [2m     f=99[0m
    clean telemetry live: 2424 → 1818 rows
[2m[09:28:30] tick 49[0m
  [36mstation1 [0m [32mhealthy[0m                      conf=0.88  ETA=  4.0m sev=[31mhigh  [0m [2m     f=99[0m
  [36mstation2 [0m [32mhealthy[0m                      conf=0.49  ETA=  2.2m sev=[31mhigh  [0m [2m     f=99[0m
    clean telemetry live: 2424 → 1818 rows
[2m[09:28:46] tick 50[0m
  [36mstation1 [0m [32mhealthy[0m                      conf=0.87  ETA=  3.7m sev=[31mhigh  [0m [2m     f=99[0m
  [36mstation2 [0m [32mhealthy[0m                      conf=0.64  ETA=  1.4m sev=[31mhigh  [0m [2m     f=99[0m
    clean telemetry live: 2422 → 1818 rows
[2m[09:29:01] tick 51[0m
  [36mstation1 [0m [32mhealthy[0m                      conf=0.71  ETA=  1.6m sev=[31mhigh  [0m [2m     f=99[0m
  [36mstation2 [0m [32mhealthy[0m                      conf=0.56  ETA=  1.0m sev=[31mhigh  [0m [2m     f=99[0m
    clean telemetry live: 2422 → 1818 rows
[2m[09:29:17] tick 52[0m
  [36mstation1 [0m [32mhealthy[0m                      conf=0.75  ETA=  2.6m sev=[31mhigh  [0m [2m     f=99[0m
  [36mstation2 [0m [32mhealthy[0m                      conf=0.51  ETA=  0.9m sev=[31mhigh  [0m [2m     f=99[0m
    clean telemetry live: 2422 → 1818 rows
[2m[09:29:32] tick 53[0m
  [36mstation1 [0m [32mhealthy[0m                      conf=0.57  ETA=  4.4m sev=[31mhigh  [0m [2m     f=99[0m
  [36mstation2 [0m [32mhealthy[0m                      conf=0.66  ETA=  0.8m sev=[31mhigh  [0m [2m     f=99[0m
    clean telemetry live: 2422 → 1818 rows
[2m[09:29:47] tick 54[0m
  [36mstation1 [0m [32mhealthy[0m                      conf=0.64  ETA=  4.8m sev=[31mhigh  [0m [2m     f=99[0m
  [36mstation2 [0m [32mhealthy[0m                      conf=0.51  ETA=  0.6m sev=[31mhigh  [0m [2m     f=99[0m
    clean telemetry live: 2422 → 1818 rows
[2m[09:30:03] tick 55[0m
  [36mstation1 [0m [32mhealthy[0m                      conf=0.76  ETA=  3.0m sev=[31mhigh  [0m [2m     f=99[0m
  [36mstation2 [0m [31m[1mCONFIRMED bgp_route_flap    [0m conf=0.69  ETA=  0.7m sev=[31mhigh  [0m [2m     f=99[0m
    clean telemetry live: 2422 → 1818 rows
[2m[09:30:18] tick 56[0m
  [36mstation1 [0m [32mhealthy[0m                      conf=0.67  ETA=  2.5m sev=[31mhigh  [0m [2m     f=99[0m
  [36mstation2 [0m [32mhealthy[0m                      conf=0.42  ETA=  0.6m sev=[31mhigh  [0m [2m     f=99[0m
    clean telemetry live: 2422 → 1818 rows
[2m[09:30:34] tick 57[0m
  [36mstation1 [0m [32mhealthy[0m                      conf=0.75  ETA=  1.7m sev=[31mhigh  [0m [2m     f=99[0m
  [36mstation2 [0m [32mhealthy[0m                      conf=0.47  ETA=  0.6m sev=[31mhigh  [0m [2m     f=99[0m
    clean telemetry live: 2422 → 1818 rows
[2m[09:30:49] tick 58[0m
  [36mstation1 [0m [32mhealthy[0m                      conf=0.67  ETA=  3.8m sev=[31mhigh  [0m [2m     f=99[0m
  [36mstation2 [0m [32mhealthy[0m                      conf=0.51  ETA=  0.6m sev=[31mhigh  [0m [2m     f=99[0m
    clean telemetry live: 2422 → 1818 rows
[2m[09:31:05] tick 59[0m
  [36mstation1 [0m [32mhealthy[0m                      conf=0.58  ETA=  2.7m sev=[31mhigh  [0m [2m     f=99[0m
  [36mstation2 [0m [32mhealthy[0m                      conf=0.56  ETA=  1.7m sev=[31mhigh  [0m [2m     f=99[0m
    clean telemetry live: 2422 → 1818 rows
[2m[09:31:20] tick 60[0m
  [36mstation1 [0m [32mhealthy[0m                      conf=0.72  ETA=  3.2m sev=[31mhigh  [0m [2m     f=99[0m
  [36mstation2 [0m [32mhealthy[0m                      conf=0.52  ETA=  0.8m sev=[31mhigh  [0m [2m     f=99[0m
    clean telemetry live: 2422 → 1818 rows
[2m[09:31:36] tick 61[0m
  [36mstation1 [0m [32mhealthy[0m                      conf=0.79  ETA=  3.4m sev=[31mhigh  [0m [2m     f=99[0m
  [36mstation2 [0m [33mADVISORY  bgp_route_flap    [0m conf=0.43  ETA=  0.7m sev=[31mhigh  [0m [2m     f=99[0m
    clean telemetry live: 2422 → 1818 rows
[2m[09:31:51] tick 62[0m
  [36mstation1 [0m [32mhealthy[0m                      conf=0.80  ETA=  2.8m sev=[31mhigh  [0m [2m     f=99[0m
  [36mstation2 [0m [32mhealthy[0m                      conf=0.65  ETA=  0.9m sev=[31mhigh  [0m [2m     f=99[0m
