[2026-07-22T09:58:19.108098+00:00] Run directory: /home/brain/deca-isro/data/rpi-net/runs/compound_fix_r3_20260722_0958
[2026-07-22T09:58:19.108174+00:00] ============================================================
[2026-07-22T09:58:19.108209+00:00] DECA COMPOUND OVERLAP CAMPAIGN — weighted counts {'tunnel_degradation': 12, 'bgp_route_flap': 12, 'congestion_breach': 0} (retry=2)
[2026-07-22T09:58:19.108234+00:00] ============================================================
[2026-07-22T09:58:23.496914+00:00]    iperf3 server listening on station2 (192.168.50.20)
[2026-07-22T09:58:44.520217+00:00] Baseline traffic: 46 Mbps (station1 -> 192.168.50.20 via eth0)
[2026-07-22T09:58:58.975096+00:00]    iperf3 client exited unexpectedly, check /tmp/iperf3-lan.log on station1
[2026-07-22T09:58:58.975304+00:00] Normal ops before compound tunnel_degradation+vrf_leakage 4.4 min...
[2026-07-22T10:03:25.605064+00:00] Compound slot tunnel_degradation #1 attempt 1/3
[2026-07-22T10:03:25.605265+00:00] === COMPOUND tunnel_degradation_01: tunnel_degradation (station1) + vrf_leakage (station2) ===
[2026-07-22T10:03:25.605618+00:00]   tunnel_degradation run=tunnel_degradation_01_tunnel_degradation: ramping to 10.1% loss / 40ms delay over 8.9min
[2026-07-22T10:03:25.605779+00:00]   vrf_leakage run=tunnel_degradation_01_vrf_leakage: wrong RT import + PE2 symptom ramp to 3.7%/8ms over 4.6min, hold 7.3min
[2026-07-22T10:15:19.585858+00:00] Logged tunnel_degradation 2026-07-22T10:03:25.605606+00:00 -> 2026-07-22T10:09:24.255976+00:00
[2026-07-22T10:15:19.586114+00:00] Logged vrf_leakage 2026-07-22T10:03:25.605775+00:00 -> 2026-07-22T10:08:01.960069+00:00
[2026-07-22T10:15:21.549925+00:00]   recovery settle 3.5 min...
[2026-07-22T10:18:55.289260+00:00]    iperf3 server listening on station2 (192.168.50.20)
[2026-07-22T10:18:57.831074+00:00] Baseline traffic: 33 Mbps (station1 -> 192.168.50.20 via eth0)
[2026-07-22T10:19:03.713091+00:00]    iperf3 client running (~33 Mbps)
[2026-07-22T10:19:03.713217+00:00] Normal ops before compound bgp_route_flap+vrf_leakage 4.7 min...
[2026-07-22T10:23:43.766375+00:00] Compound slot bgp_route_flap #1 attempt 1/3
[2026-07-22T10:23:43.766533+00:00] === COMPOUND bgp_route_flap_01: bgp_route_flap (station1) + vrf_leakage (station2) ===
[2026-07-22T10:23:43.766750+00:00]   bgp_route_flap run=bgp_route_flap_01_bgp_route_flap: 3 slow flaps over 10.6min, then 7 rapid flaps
[2026-07-22T10:23:43.766974+00:00]   vrf_leakage run=bgp_route_flap_01_vrf_leakage: wrong RT import + PE2 symptom ramp to 2.2%/13ms over 8.0min, hold 5.2min
[2026-07-22T10:37:02.171315+00:00] Logged bgp_route_flap 2026-07-22T10:23:43.766737+00:00 -> 2026-07-22T10:34:24.988042+00:00
[2026-07-22T10:37:02.171392+00:00] Logged vrf_leakage 2026-07-22T10:23:43.766960+00:00 -> 2026-07-22T10:31:46.404082+00:00
[2026-07-22T10:37:06.050818+00:00]   recovery settle 3.3 min...
[2026-07-22T10:40:24.492241+00:00]    iperf3 server listening on station2 (192.168.50.20)
[2026-07-22T10:40:25.959052+00:00] Baseline traffic: 48 Mbps (station1 -> 192.168.50.20 via eth0)
[2026-07-22T10:40:30.877435+00:00]    iperf3 client running (~48 Mbps)
[2026-07-22T10:40:30.877611+00:00] Normal ops before compound tunnel_degradation+vrf_leakage 4.5 min...
[2026-07-22T10:45:02.448090+00:00] Compound slot tunnel_degradation #2 attempt 1/3
[2026-07-22T10:45:02.448438+00:00] === COMPOUND tunnel_degradation_02: tunnel_degradation (station1) + vrf_leakage (station2) ===
[2026-07-22T10:45:02.448936+00:00]   tunnel_degradation run=tunnel_degradation_02_tunnel_degradation: ramping to 11.7% loss / 45ms delay over 8.2min
[2026-07-22T10:45:02.449132+00:00]   vrf_leakage run=tunnel_degradation_02_vrf_leakage: wrong RT import + PE2 symptom ramp to 2.3%/19ms over 4.8min, hold 8.0min
[2026-07-22T10:57:55.522247+00:00] Logged tunnel_degradation 2026-07-22T10:45:02.448909+00:00 -> 2026-07-22T10:51:17.922931+00:00
[2026-07-22T10:57:55.522334+00:00] Logged vrf_leakage 2026-07-22T10:45:02.449123+00:00 -> 2026-07-22T10:49:55.618078+00:00
[2026-07-22T10:57:58.630220+00:00]   recovery settle 4.0 min...
[2026-07-22T11:01:58.900877+00:00]    iperf3 server listening on station2 (192.168.50.20)
[2026-07-22T11:02:00.373062+00:00] Baseline traffic: 45 Mbps (station1 -> 192.168.50.20 via eth0)
[2026-07-22T11:02:05.397075+00:00]    iperf3 client running (~45 Mbps)
[2026-07-22T11:02:05.397221+00:00] Normal ops before compound bgp_route_flap+vrf_leakage 5.1 min...
[2026-07-22T11:07:09.572064+00:00] Compound slot bgp_route_flap #2 attempt 1/3
[2026-07-22T11:07:09.572250+00:00] === COMPOUND bgp_route_flap_02: bgp_route_flap (station1) + vrf_leakage (station2) ===
[2026-07-22T11:07:09.572621+00:00]   bgp_route_flap run=bgp_route_flap_02_bgp_route_flap: 3 slow flaps over 8.1min, then 4 rapid flaps
[2026-07-22T11:07:09.573708+00:00]   vrf_leakage run=bgp_route_flap_02_vrf_leakage: wrong RT import + PE2 symptom ramp to 2.0%/12ms over 5.3min, hold 7.4min
[2026-07-22T11:19:57.645474+00:00] Logged bgp_route_flap 2026-07-22T11:07:09.572610+00:00 -> 2026-07-22T11:15:19.162034+00:00
[2026-07-22T11:19:57.645668+00:00] Logged vrf_leakage 2026-07-22T11:07:09.573689+00:00 -> 2026-07-22T11:12:34.159073+00:00
[2026-07-22T11:20:01.368854+00:00]   recovery settle 3.7 min...
[2026-07-22T11:23:45.535488+00:00]    iperf3 server listening on station2 (192.168.50.20)
[2026-07-22T11:23:47.971502+00:00] Baseline traffic: 20 Mbps (station1 -> 192.168.50.20 via eth0)
[2026-07-22T11:23:52.644908+00:00]    iperf3 client running (~20 Mbps)
[2026-07-22T11:23:52.645059+00:00] Normal ops before compound tunnel_degradation+vrf_leakage 4.0 min...
[2026-07-22T11:27:53.060531+00:00] Compound slot tunnel_degradation #3 attempt 1/3
[2026-07-22T11:27:53.060856+00:00] === COMPOUND tunnel_degradation_03: tunnel_degradation (station1) + vrf_leakage (station2) ===
[2026-07-22T11:27:53.061361+00:00]   tunnel_degradation run=tunnel_degradation_03_tunnel_degradation: ramping to 11.8% loss / 45ms delay over 11.1min
[2026-07-22T11:27:53.061611+00:00]   vrf_leakage run=tunnel_degradation_03_vrf_leakage: wrong RT import + PE2 symptom ramp to 2.9%/12ms over 6.4min, hold 6.5min
[2026-07-22T11:40:51.836707+00:00] Logged tunnel_degradation 2026-07-22T11:27:53.061340+00:00 -> 2026-07-22T11:35:20.152076+00:00
[2026-07-22T11:40:51.836951+00:00] Logged vrf_leakage 2026-07-22T11:27:53.061600+00:00 -> 2026-07-22T11:34:21.243039+00:00
[2026-07-22T11:40:57.014473+00:00]   recovery settle 3.2 min...
[2026-07-22T11:44:10.903190+00:00]    iperf3 server listening on station2 (192.168.50.20)
[2026-07-22T11:44:12.419048+00:00] Baseline traffic: 48 Mbps (station1 -> 192.168.50.20 via eth0)
[2026-07-22T11:44:19.396941+00:00]    iperf3 client running (~48 Mbps)
[2026-07-22T11:44:19.397080+00:00] Normal ops before compound bgp_route_flap+vrf_leakage 4.4 min...
[2026-07-22T11:48:46.445130+00:00] Compound slot bgp_route_flap #3 attempt 1/3
[2026-07-22T11:48:46.445339+00:00] === COMPOUND bgp_route_flap_03: bgp_route_flap (station1) + vrf_leakage (station2) ===
[2026-07-22T11:48:46.445593+00:00]   bgp_route_flap run=bgp_route_flap_03_bgp_route_flap: 3 slow flaps over 9.7min, then 6 rapid flaps
[2026-07-22T11:48:46.445845+00:00]   vrf_leakage run=bgp_route_flap_03_vrf_leakage: wrong RT import + PE2 symptom ramp to 2.9%/17ms over 6.2min, hold 9.0min
[2026-07-22T12:04:03.073937+00:00] Logged bgp_route_flap 2026-07-22T11:48:46.445585+00:00 -> 2026-07-22T11:58:50.966566+00:00
[2026-07-22T12:04:03.074074+00:00] Logged vrf_leakage 2026-07-22T11:48:46.445824+00:00 -> 2026-07-22T11:55:04.085427+00:00
[2026-07-22T12:04:05.826674+00:00]   recovery settle 3.1 min...
[2026-07-22T12:07:11.854088+00:00]    iperf3 server listening on station2 (192.168.50.20)
[2026-07-22T12:07:13.305101+00:00] Baseline traffic: 47 Mbps (station1 -> 192.168.50.20 via eth0)
[2026-07-22T12:07:18.161602+00:00]    iperf3 client running (~47 Mbps)
[2026-07-22T12:07:18.161729+00:00] Normal ops before compound bgp_route_flap+vrf_leakage 4.5 min...
[2026-07-22T12:11:47.722635+00:00] Compound slot bgp_route_flap #4 attempt 1/3
[2026-07-22T12:11:47.722861+00:00] === COMPOUND bgp_route_flap_04: bgp_route_flap (station1) + vrf_leakage (station2) ===
[2026-07-22T12:11:47.723162+00:00]   bgp_route_flap run=bgp_route_flap_04_bgp_route_flap: 3 slow flaps over 6.6min, then 6 rapid flaps
[2026-07-22T12:11:47.723333+00:00]   vrf_leakage run=bgp_route_flap_04_vrf_leakage: wrong RT import + PE2 symptom ramp to 3.8%/20ms over 7.7min, hold 7.1min
[2026-07-22T12:26:44.095424+00:00] Logged bgp_route_flap 2026-07-22T12:11:47.723150+00:00 -> 2026-07-22T12:18:26.647055+00:00
[2026-07-22T12:26:44.095679+00:00] Logged vrf_leakage 2026-07-22T12:11:47.723328+00:00 -> 2026-07-22T12:19:36.808092+00:00
[2026-07-22T12:26:47.025777+00:00]   recovery settle 2.8 min...
[2026-07-22T12:29:39.661844+00:00]    iperf3 server listening on station2 (192.168.50.20)
[2026-07-22T12:29:41.165671+00:00] Baseline traffic: 19 Mbps (station1 -> 192.168.50.20 via eth0)
[2026-07-22T12:30:01.976363+00:00]    iperf3 client running (~19 Mbps)
[2026-07-22T12:30:01.976508+00:00] Normal ops before compound bgp_route_flap+vrf_leakage 4.7 min...
[2026-07-22T12:34:45.801104+00:00] Compound slot bgp_route_flap #5 attempt 1/3
[2026-07-22T12:34:45.801386+00:00] === COMPOUND bgp_route_flap_05: bgp_route_flap (station1) + vrf_leakage (station2) ===
[2026-07-22T12:34:45.801795+00:00]   bgp_route_flap run=bgp_route_flap_05_bgp_route_flap: 3 slow flaps over 10.5min, then 5 rapid flaps
[2026-07-22T12:34:45.801975+00:00]   vrf_leakage run=bgp_route_flap_05_vrf_leakage: wrong RT import + PE2 symptom ramp to 3.7%/12ms over 5.7min, hold 6.0min
[2026-07-22T12:47:15.966232+00:00] Logged bgp_route_flap 2026-07-22T12:34:45.801782+00:00 -> 2026-07-22T12:45:16.151049+00:00
[2026-07-22T12:47:15.966317+00:00] Logged vrf_leakage 2026-07-22T12:34:45.801969+00:00 -> 2026-07-22T12:40:33.337062+00:00
[2026-07-22T12:47:34.231904+00:00]   recovery settle 3.6 min...
[2026-07-22T12:51:12.086412+00:00]    iperf3 server listening on station2 (192.168.50.20)
[2026-07-22T12:51:14.569062+00:00] Baseline traffic: 68 Mbps (station1 -> 192.168.50.20 via eth0)
[2026-07-22T12:51:20.532232+00:00]    iperf3 client running (~68 Mbps)
[2026-07-22T12:51:20.532353+00:00] Normal ops before compound bgp_route_flap+vrf_leakage 4.6 min...
[2026-07-22T12:55:55.670917+00:00] Compound slot bgp_route_flap #6 attempt 1/3
[2026-07-22T12:55:55.671197+00:00] === COMPOUND bgp_route_flap_06: bgp_route_flap (station1) + vrf_leakage (station2) ===
[2026-07-22T12:55:55.671419+00:00]   bgp_route_flap run=bgp_route_flap_06_bgp_route_flap: 3 slow flaps over 7.3min, then 6 rapid flaps
[2026-07-22T12:55:55.671680+00:00]   vrf_leakage run=bgp_route_flap_06_vrf_leakage: wrong RT import + PE2 symptom ramp to 3.3%/18ms over 4.6min, hold 4.3min
[2026-07-22T13:04:58.033567+00:00] Logged bgp_route_flap 2026-07-22T12:55:55.671408+00:00 -> 2026-07-22T13:03:18.099828+00:00
[2026-07-22T13:04:58.033758+00:00] Logged vrf_leakage 2026-07-22T12:55:55.671660+00:00 -> 2026-07-22T13:00:37.531093+00:00
[2026-07-22T13:04:59.960866+00:00]   recovery settle 3.2 min...
[2026-07-22T13:08:12.838897+00:00]    iperf3 server listening on station2 (192.168.50.20)
[2026-07-22T13:08:14.294261+00:00] Baseline traffic: 80 Mbps (station1 -> 192.168.50.20 via eth0)
[2026-07-22T13:08:20.242471+00:00]    iperf3 client running (~80 Mbps)
[2026-07-22T13:08:20.242594+00:00] Normal ops before compound bgp_route_flap+vrf_leakage 3.8 min...
[2026-07-22T13:12:05.972750+00:00] Compound slot bgp_route_flap #7 attempt 1/3
[2026-07-22T13:12:05.972993+00:00] === COMPOUND bgp_route_flap_07: bgp_route_flap (station1) + vrf_leakage (station2) ===
[2026-07-22T13:12:05.973390+00:00]   bgp_route_flap run=bgp_route_flap_07_bgp_route_flap: 4 slow flaps over 8.5min, then 5 rapid flaps
[2026-07-22T13:12:05.973608+00:00]   vrf_leakage run=bgp_route_flap_07_vrf_leakage: wrong RT import + PE2 symptom ramp to 1.7%/19ms over 4.5min, hold 8.1min
[2026-07-22T13:24:49.438265+00:00] Logged bgp_route_flap 2026-07-22T13:12:05.973375+00:00 -> 2026-07-22T13:20:44.551378+00:00
[2026-07-22T13:24:49.438341+00:00] Logged vrf_leakage 2026-07-22T13:12:05.973592+00:00 -> 2026-07-22T13:16:40.809060+00:00
[2026-07-22T13:24:56.229487+00:00]   recovery settle 3.8 min...
[2026-07-22T13:28:50.072787+00:00]    iperf3 server listening on station2 (192.168.50.20)
[2026-07-22T13:28:52.535073+00:00] Baseline traffic: 82 Mbps (station1 -> 192.168.50.20 via eth0)
[2026-07-22T13:28:57.269236+00:00]    iperf3 client running (~82 Mbps)
[2026-07-22T13:28:57.269371+00:00] Normal ops before compound tunnel_degradation+vrf_leakage 5.2 min...
[2026-07-22T13:34:12.365078+00:00] Compound slot tunnel_degradation #4 attempt 1/3
[2026-07-22T13:34:12.365217+00:00] === COMPOUND tunnel_degradation_04: tunnel_degradation (station1) + vrf_leakage (station2) ===
[2026-07-22T13:34:12.365399+00:00]   tunnel_degradation run=tunnel_degradation_04_tunnel_degradation: ramping to 8.6% loss / 34ms delay over 11.4min
[2026-07-22T13:34:12.365527+00:00]   vrf_leakage run=tunnel_degradation_04_vrf_leakage: wrong RT import + PE2 symptom ramp to 3.8%/15ms over 7.2min, hold 7.3min
[2026-07-22T13:48:46.536668+00:00] Logged tunnel_degradation 2026-07-22T13:34:12.365390+00:00 -> 2026-07-22T13:42:48.426124+00:00
[2026-07-22T13:48:46.536765+00:00] Logged vrf_leakage 2026-07-22T13:34:12.365522+00:00 -> 2026-07-22T13:41:28.080083+00:00
[2026-07-22T13:48:49.762466+00:00]   recovery settle 3.0 min...
[2026-07-22T13:51:48.730360+00:00]    iperf3 server listening on station2 (192.168.50.20)
[2026-07-22T13:51:50.174109+00:00] Baseline traffic: 21 Mbps (station1 -> 192.168.50.20 via eth0)
[2026-07-22T13:51:55.166517+00:00]    iperf3 client running (~21 Mbps)
[2026-07-22T13:51:55.166697+00:00] Normal ops before compound bgp_route_flap+vrf_leakage 4.8 min...
[2026-07-22T13:56:45.609074+00:00] Compound slot bgp_route_flap #8 attempt 1/3
[2026-07-22T13:56:45.609218+00:00] === COMPOUND bgp_route_flap_08: bgp_route_flap (station1) + vrf_leakage (station2) ===
[2026-07-22T13:56:45.609435+00:00]   bgp_route_flap run=bgp_route_flap_08_bgp_route_flap: 2 slow flaps over 6.6min, then 7 rapid flaps
[2026-07-22T13:56:45.609640+00:00]   vrf_leakage run=bgp_route_flap_08_vrf_leakage: wrong RT import + PE2 symptom ramp to 2.9%/12ms over 4.9min, hold 5.2min
[2026-07-22T14:06:57.233285+00:00] Logged bgp_route_flap 2026-07-22T13:56:45.609421+00:00 -> 2026-07-22T14:03:24.395078+00:00
[2026-07-22T14:06:57.233550+00:00] Logged vrf_leakage 2026-07-22T13:56:45.609628+00:00 -> 2026-07-22T14:01:44.607495+00:00
[2026-07-22T14:07:00.079877+00:00]   recovery settle 3.9 min...
[2026-07-22T14:10:57.271652+00:00]    iperf3 server listening on station2 (192.168.50.20)
[2026-07-22T14:10:59.731064+00:00] Baseline traffic: 27 Mbps (station1 -> 192.168.50.20 via eth0)
[2026-07-22T14:11:05.780647+00:00]    iperf3 client running (~27 Mbps)
[2026-07-22T14:11:05.780788+00:00] Normal ops before compound tunnel_degradation+vrf_leakage 4.6 min...
[2026-07-22T14:15:39.115083+00:00] Compound slot tunnel_degradation #5 attempt 1/3
[2026-07-22T14:15:39.115235+00:00] === COMPOUND tunnel_degradation_05: tunnel_degradation (station1) + vrf_leakage (station2) ===
[2026-07-22T14:15:39.115503+00:00]   tunnel_degradation run=tunnel_degradation_05_tunnel_degradation: ramping to 7.7% loss / 30ms delay over 7.4min
[2026-07-22T14:15:39.115706+00:00]   vrf_leakage run=tunnel_degradation_05_vrf_leakage: wrong RT import + PE2 symptom ramp to 3.7%/14ms over 6.9min, hold 4.0min
[2026-07-22T14:27:25.064313+00:00] Logged tunnel_degradation 2026-07-22T14:15:39.115485+00:00 -> 2026-07-22T14:21:37.764077+00:00
[2026-07-22T14:27:25.064468+00:00] Logged vrf_leakage 2026-07-22T14:15:39.115694+00:00 -> 2026-07-22T14:22:40.403071+00:00
[2026-07-22T14:27:27.249137+00:00]   recovery settle 3.5 min...
[2026-07-22T14:31:00.620468+00:00]    iperf3 server listening on station2 (192.168.50.20)
[2026-07-22T14:31:07.262845+00:00] Baseline traffic: 40 Mbps (station1 -> 192.168.50.20 via eth0)
[2026-07-22T14:31:27.647432+00:00]    iperf3 client running (~40 Mbps)
[2026-07-22T14:31:27.647577+00:00] Normal ops before compound bgp_route_flap+vrf_leakage 4.1 min...
[2026-07-22T14:35:32.601117+00:00] Compound slot bgp_route_flap #9 attempt 1/3
[2026-07-22T14:35:32.601376+00:00] === COMPOUND bgp_route_flap_09: bgp_route_flap (station1) + vrf_leakage (station2) ===
[2026-07-22T14:35:32.602100+00:00]   vrf_leakage run=bgp_route_flap_09_vrf_leakage: wrong RT import + PE2 symptom ramp to 3.8%/14ms over 7.3min, hold 8.4min
[2026-07-22T14:35:32.601810+00:00]   bgp_route_flap run=bgp_route_flap_09_bgp_route_flap: 4 slow flaps over 10.5min, then 5 rapid flaps
[2026-07-22T14:35:52.624953+00:00]    SSH timeout on station1@192.168.50.10
[2026-07-22T14:51:14.573410+00:00] Logged bgp_route_flap 2026-07-22T14:35:32.601792+00:00 -> 2026-07-22T14:46:37.348422+00:00
[2026-07-22T14:51:14.573612+00:00] Logged vrf_leakage 2026-07-22T14:35:32.602084+00:00 -> 2026-07-22T14:42:52.235072+00:00
[2026-07-22T14:51:25.077593+00:00]   recovery settle 2.6 min...
[2026-07-22T14:54:05.517105+00:00]    iperf3 server listening on station2 (192.168.50.20)
[2026-07-22T14:54:08.045079+00:00] Baseline traffic: 20 Mbps (station1 -> 192.168.50.20 via eth0)
[2026-07-22T14:54:13.904625+00:00]    iperf3 client running (~20 Mbps)
[2026-07-22T14:54:13.904759+00:00] Normal ops before compound tunnel_degradation+vrf_leakage 5.4 min...
[2026-07-22T14:59:40.681058+00:00] Compound slot tunnel_degradation #6 attempt 1/3
[2026-07-22T14:59:40.681222+00:00] === COMPOUND tunnel_degradation_06: tunnel_degradation (station1) + vrf_leakage (station2) ===
[2026-07-22T14:59:40.681463+00:00]   tunnel_degradation run=tunnel_degradation_06_tunnel_degradation: ramping to 10.1% loss / 40ms delay over 9.8min
[2026-07-22T14:59:40.681577+00:00]   vrf_leakage run=tunnel_degradation_06_vrf_leakage: wrong RT import + PE2 symptom ramp to 1.5%/19ms over 5.2min, hold 7.7min
[2026-07-22T15:12:43.532354+00:00] Logged tunnel_degradation 2026-07-22T14:59:40.681450+00:00 -> 2026-07-22T15:07:02.640082+00:00
[2026-07-22T15:12:43.532432+00:00] Logged vrf_leakage 2026-07-22T14:59:40.681571+00:00 -> 2026-07-22T15:04:57.660041+00:00
[2026-07-22T15:12:46.042304+00:00]   recovery settle 3.9 min...
[2026-07-22T15:16:39.707837+00:00]    iperf3 server listening on station2 (192.168.50.20)
[2026-07-22T15:16:41.253095+00:00] Baseline traffic: 31 Mbps (station1 -> 192.168.50.20 via eth0)
[2026-07-22T15:16:46.196139+00:00]    iperf3 client running (~31 Mbps)
[2026-07-22T15:16:46.196279+00:00] Normal ops before compound tunnel_degradation+vrf_leakage 4.2 min...
[2026-07-22T15:20:55.552067+00:00] Compound slot tunnel_degradation #7 attempt 1/3
[2026-07-22T15:20:55.552212+00:00] === COMPOUND tunnel_degradation_07: tunnel_degradation (station1) + vrf_leakage (station2) ===
[2026-07-22T15:20:55.552493+00:00]   tunnel_degradation run=tunnel_degradation_07_tunnel_degradation: ramping to 10.0% loss / 40ms delay over 6.2min
[2026-07-22T15:20:55.552637+00:00]   vrf_leakage run=tunnel_degradation_07_vrf_leakage: wrong RT import + PE2 symptom ramp to 4.0%/9ms over 7.7min, hold 5.4min
[2026-07-22T15:34:05.612513+00:00] Logged tunnel_degradation 2026-07-22T15:20:55.552476+00:00 -> 2026-07-22T15:25:55.717092+00:00
[2026-07-22T15:34:05.612717+00:00] Logged vrf_leakage 2026-07-22T15:20:55.552627+00:00 -> 2026-07-22T15:28:41.643036+00:00
[2026-07-22T15:34:08.554858+00:00]   recovery settle 2.9 min...
[2026-07-22T15:37:04.136161+00:00]    iperf3 server listening on station2 (192.168.50.20)
[2026-07-22T15:37:05.590054+00:00] Baseline traffic: 34 Mbps (station1 -> 192.168.50.20 via eth0)
[2026-07-22T15:37:10.499778+00:00]    iperf3 client running (~34 Mbps)
[2026-07-22T15:37:10.499922+00:00] Normal ops before compound tunnel_degradation+vrf_leakage 3.6 min...
[2026-07-22T15:40:48.354069+00:00] Compound slot tunnel_degradation #8 attempt 1/3
[2026-07-22T15:40:48.354304+00:00] === COMPOUND tunnel_degradation_08: tunnel_degradation (station1) + vrf_leakage (station2) ===
[2026-07-22T15:40:48.354738+00:00]   tunnel_degradation run=tunnel_degradation_08_tunnel_degradation: ramping to 8.9% loss / 35ms delay over 7.9min
[2026-07-22T15:40:48.354982+00:00]   vrf_leakage run=tunnel_degradation_08_vrf_leakage: wrong RT import + PE2 symptom ramp to 3.9%/15ms over 5.9min, hold 5.8min
[2026-07-22T15:52:32.522663+00:00] Logged tunnel_degradation 2026-07-22T15:40:48.354722+00:00 -> 2026-07-22T15:46:19.745296+00:00
[2026-07-22T15:52:32.522765+00:00] Logged vrf_leakage 2026-07-22T15:40:48.354967+00:00 -> 2026-07-22T15:46:44.402903+00:00
[2026-07-22T15:52:35.954481+00:00]   recovery settle 3.0 min...
[2026-07-22T15:55:38.834147+00:00]    iperf3 server listening on station2 (192.168.50.20)
[2026-07-22T15:55:41.417078+00:00] Baseline traffic: 75 Mbps (station1 -> 192.168.50.20 via eth0)
[2026-07-22T15:55:46.277267+00:00]    iperf3 client running (~75 Mbps)
[2026-07-22T15:55:46.277401+00:00] Normal ops before compound tunnel_degradation+vrf_leakage 5.0 min...
[2026-07-22T16:00:45.324072+00:00] Compound slot tunnel_degradation #9 attempt 1/3
[2026-07-22T16:00:45.324221+00:00] === COMPOUND tunnel_degradation_09: tunnel_degradation (station1) + vrf_leakage (station2) ===
[2026-07-22T16:00:45.324567+00:00]   tunnel_degradation run=tunnel_degradation_09_tunnel_degradation: ramping to 10.0% loss / 40ms delay over 9.2min
[2026-07-22T16:00:45.324812+00:00]   vrf_leakage run=tunnel_degradation_09_vrf_leakage: wrong RT import + PE2 symptom ramp to 2.6%/15ms over 4.7min, hold 5.5min
[2026-07-22T16:11:40.780568+00:00] Logged tunnel_degradation 2026-07-22T16:00:45.324545+00:00 -> 2026-07-22T16:07:40.693426+00:00
[2026-07-22T16:11:40.780650+00:00] Logged vrf_leakage 2026-07-22T16:00:45.324797+00:00 -> 2026-07-22T16:05:31.475080+00:00
[2026-07-22T16:11:44.292905+00:00]   recovery settle 3.0 min...
[2026-07-22T16:14:45.342410+00:00]    iperf3 server listening on station2 (192.168.50.20)
[2026-07-22T16:14:58.551054+00:00] Baseline traffic: 29 Mbps (station1 -> 192.168.50.20 via eth0)
[2026-07-22T16:15:03.374777+00:00]    iperf3 client running (~29 Mbps)
[2026-07-22T16:15:03.374939+00:00] Normal ops before compound tunnel_degradation+vrf_leakage 4.2 min...
[2026-07-22T16:19:14.807093+00:00] Compound slot tunnel_degradation #10 attempt 1/3
[2026-07-22T16:19:14.807329+00:00] === COMPOUND tunnel_degradation_10: tunnel_degradation (station1) + vrf_leakage (station2) ===
[2026-07-22T16:19:14.807738+00:00]   tunnel_degradation run=tunnel_degradation_10_tunnel_degradation: ramping to 10.8% loss / 43ms delay over 7.4min
[2026-07-22T16:19:14.807947+00:00]   vrf_leakage run=tunnel_degradation_10_vrf_leakage: wrong RT import + PE2 symptom ramp to 2.1%/8ms over 6.8min, hold 6.5min
[2026-07-22T16:32:42.215660+00:00] Logged tunnel_degradation 2026-07-22T16:19:14.807718+00:00 -> 2026-07-22T16:25:17.590081+00:00
[2026-07-22T16:32:42.215903+00:00] Logged vrf_leakage 2026-07-22T16:19:14.807936+00:00 -> 2026-07-22T16:26:10.198038+00:00
[2026-07-22T16:32:44.123751+00:00]   recovery settle 3.5 min...
[2026-07-22T16:36:15.028659+00:00]    iperf3 server listening on station2 (192.168.50.20)
[2026-07-22T16:36:16.485106+00:00] Baseline traffic: 54 Mbps (station1 -> 192.168.50.20 via eth0)
[2026-07-22T16:36:21.382511+00:00]    iperf3 client running (~54 Mbps)
[2026-07-22T16:36:21.382658+00:00] Normal ops before compound bgp_route_flap+vrf_leakage 4.9 min...
[2026-07-22T16:41:13.168114+00:00] Compound slot bgp_route_flap #10 attempt 1/3
[2026-07-22T16:41:13.168394+00:00] === COMPOUND bgp_route_flap_10: bgp_route_flap (station1) + vrf_leakage (station2) ===
[2026-07-22T16:41:13.169127+00:00]   vrf_leakage run=bgp_route_flap_10_vrf_leakage: wrong RT import + PE2 symptom ramp to 3.3%/13ms over 8.3min, hold 8.4min
[2026-07-22T16:41:13.168870+00:00]   bgp_route_flap run=bgp_route_flap_10_bgp_route_flap: 4 slow flaps over 10.0min, then 7 rapid flaps
[2026-07-22T16:58:08.803368+00:00] Logged bgp_route_flap 2026-07-22T16:41:13.168850+00:00 -> 2026-07-22T16:51:36.788810+00:00
[2026-07-22T16:58:08.803521+00:00] Logged vrf_leakage 2026-07-22T16:41:13.169111+00:00 -> 2026-07-22T16:49:41.373370+00:00
[2026-07-22T16:58:31.557861+00:00]   recovery settle 3.5 min...
[2026-07-22T17:02:05.316594+00:00]    iperf3 server listening on station2 (192.168.50.20)
[2026-07-22T17:02:06.842070+00:00] Baseline traffic: 50 Mbps (station1 -> 192.168.50.20 via eth0)
[2026-07-22T17:02:11.766348+00:00]    iperf3 client running (~50 Mbps)
[2026-07-22T17:02:11.766499+00:00] Normal ops before compound tunnel_degradation+vrf_leakage 3.5 min...
[2026-07-22T17:05:43.299286+00:00] Compound slot tunnel_degradation #11 attempt 1/3
[2026-07-22T17:05:43.299647+00:00] === COMPOUND tunnel_degradation_11: tunnel_degradation (station1) + vrf_leakage (station2) ===
[2026-07-22T17:05:43.300347+00:00]   vrf_leakage run=tunnel_degradation_11_vrf_leakage: wrong RT import + PE2 symptom ramp to 2.8%/17ms over 5.7min, hold 8.2min
[2026-07-22T17:05:43.300142+00:00]   tunnel_degradation run=tunnel_degradation_11_tunnel_degradation: ramping to 8.9% loss / 35ms delay over 9.2min
[2026-07-22T17:19:44.438785+00:00] Logged tunnel_degradation 2026-07-22T17:05:43.300124+00:00 -> 2026-07-22T17:13:17.178177+00:00
[2026-07-22T17:19:44.438989+00:00] Logged vrf_leakage 2026-07-22T17:05:43.300342+00:00 -> 2026-07-22T17:11:30.593486+00:00
[2026-07-22T17:19:46.801566+00:00]   recovery settle 3.0 min...
[2026-07-22T17:22:50.745786+00:00]    iperf3 server listening on station2 (192.168.50.20)
[2026-07-22T17:22:52.234955+00:00] Baseline traffic: 42 Mbps (station1 -> 192.168.50.20 via eth0)
[2026-07-22T17:22:57.123656+00:00]    iperf3 client running (~42 Mbps)
[2026-07-22T17:22:57.123786+00:00] Normal ops before compound tunnel_degradation+vrf_leakage 4.8 min...
[2026-07-22T17:27:43.122329+00:00] Compound slot tunnel_degradation #12 attempt 1/3
[2026-07-22T17:27:43.122601+00:00] === COMPOUND tunnel_degradation_12: tunnel_degradation (station1) + vrf_leakage (station2) ===
[2026-07-22T17:27:43.123023+00:00]   tunnel_degradation run=tunnel_degradation_12_tunnel_degradation: ramping to 11.7% loss / 45ms delay over 9.5min
[2026-07-22T17:27:43.123242+00:00]   vrf_leakage run=tunnel_degradation_12_vrf_leakage: wrong RT import + PE2 symptom ramp to 1.8%/12ms over 5.6min, hold 7.0min
[2026-07-22T17:40:23.575593+00:00] Logged tunnel_degradation 2026-07-22T17:27:43.122982+00:00 -> 2026-07-22T17:34:53.036861+00:00
[2026-07-22T17:40:23.575766+00:00] Logged vrf_leakage 2026-07-22T17:27:43.123228+00:00 -> 2026-07-22T17:33:24.791074+00:00
[2026-07-22T17:40:27.976101+00:00]   recovery settle 3.2 min...
[2026-07-22T17:43:40.139561+00:00]    iperf3 server listening on station2 (192.168.50.20)
[2026-07-22T17:43:41.621255+00:00] Baseline traffic: 68 Mbps (station1 -> 192.168.50.20 via eth0)
[2026-07-22T17:43:46.524119+00:00]    iperf3 client running (~68 Mbps)
[2026-07-22T17:43:46.525155+00:00] Normal ops before compound bgp_route_flap+vrf_leakage 4.4 min...
[2026-07-22T17:48:12.891309+00:00] Compound slot bgp_route_flap #11 attempt 1/3
[2026-07-22T17:48:12.891597+00:00] === COMPOUND bgp_route_flap_11: bgp_route_flap (station1) + vrf_leakage (station2) ===
[2026-07-22T17:48:12.891992+00:00]   bgp_route_flap run=bgp_route_flap_11_bgp_route_flap: 3 slow flaps over 10.7min, then 6 rapid flaps
[2026-07-22T17:48:12.892154+00:00]   vrf_leakage run=bgp_route_flap_11_vrf_leakage: wrong RT import + PE2 symptom ramp to 3.1%/20ms over 8.9min, hold 8.1min
[2026-07-22T17:52:06.597788+00:00]    SSH timeout on station1@192.168.50.10
[2026-07-22T18:05:22.546262+00:00] Logged bgp_route_flap 2026-07-22T17:48:12.891976+00:00 -> 2026-07-22T17:59:13.323945+00:00
[2026-07-22T18:05:22.546489+00:00] Logged vrf_leakage 2026-07-22T17:48:12.892146+00:00 -> 2026-07-22T17:57:14.558097+00:00
[2026-07-22T18:05:26.346399+00:00]   recovery settle 3.4 min...
[2026-07-22T18:08:53.279414+00:00]    iperf3 server listening on station2 (192.168.50.20)
[2026-07-22T18:08:55.712648+00:00] Baseline traffic: 41 Mbps (station1 -> 192.168.50.20 via eth0)
[2026-07-22T18:09:00.437916+00:00]    iperf3 client running (~41 Mbps)
[2026-07-22T18:09:00.438058+00:00] Normal ops before compound bgp_route_flap+vrf_leakage 4.5 min...
[2026-07-22T18:13:29.773429+00:00] Compound slot bgp_route_flap #12 attempt 1/3
[2026-07-22T18:13:29.773782+00:00] === COMPOUND bgp_route_flap_12: bgp_route_flap (station1) + vrf_leakage (station2) ===
[2026-07-22T18:13:29.774212+00:00]   bgp_route_flap run=bgp_route_flap_12_bgp_route_flap: 2 slow flaps over 10.8min, then 6 rapid flaps
[2026-07-22T18:13:29.774496+00:00]   vrf_leakage run=bgp_route_flap_12_vrf_leakage: wrong RT import + PE2 symptom ramp to 3.0%/8ms over 8.8min, hold 6.1min
[2026-07-22T18:13:39.792184+00:00]    SSH failed on station1@192.168.50.10: Connection timed out during banner exchange
Connection to 192.168.50.10 port 22 timed out
[2026-07-22T18:28:30.409118+00:00] Logged bgp_route_flap 2026-07-22T18:13:29.774197+00:00 -> 2026-07-22T18:24:30.988426+00:00
[2026-07-22T18:28:30.409337+00:00] Logged vrf_leakage 2026-07-22T18:13:29.774476+00:00 -> 2026-07-22T18:22:22.163313+00:00
[2026-07-22T18:28:42.317765+00:00]   recovery settle 3.2 min...
[2026-07-22T18:31:54.388695+00:00]    iperf3 server listening on station2 (192.168.50.20)
[2026-07-22T18:32:11.410077+00:00] Baseline traffic: 39 Mbps (station1 -> 192.168.50.20 via eth0)
[2026-07-22T18:32:18.928342+00:00]    iperf3 client running (~39 Mbps)
[2026-07-22T18:32:18.928461+00:00] ============================================================
[2026-07-22T18:32:18.928499+00:00] COMPOUND OVERLAP CAMPAIGN DONE — pe1 counts {'congestion_breach': 0, 'tunnel_degradation': 12, 'bgp_route_flap': 12} attempts=24
[2026-07-22T18:32:18.928530+00:00] ============================================================
[2026-07-22T18:32:23.694379+00:00] Exported /home/brain/deca-isro/data/rpi-net/runs/compound_fix_r3_20260722_0958/network_telemetry.csv (43171 rows)
[2026-07-22T18:32:23.888575+00:00] Exported /home/brain/deca-isro/data/rpi-net/runs/compound_fix_r3_20260722_0958/network_campaign_export.csv (6171 rows)
[2026-07-22T18:32:23.893679+00:00] ============================================================
[2026-07-22T18:32:23.893847+00:00] VALIDATING fault_injection_log.csv
[2026-07-22T18:32:23.893880+00:00] ============================================================
[2026-07-22T18:32:23.894154+00:00] Total runs: 48
[2026-07-22T18:32:23.894198+00:00]   congestion_breach     WARN: zero runs recorded
[2026-07-22T18:32:23.894382+00:00]   tunnel_degradation    n=12  avg=  6.7min  spread= 1.0min
[2026-07-22T18:32:23.894506+00:00]   bgp_route_flap        n=12  avg=  9.4min  spread= 1.8min
[2026-07-22T18:32:23.894638+00:00]   vrf_leakage           n=24  avg=  6.4min  spread= 1.4min
[2026-07-22T18:32:23.894693+00:00] VALIDATION RESULT: WARN -- review flags before training
[2026-07-22T18:32:23.894723+00:00] ============================================================
