[1mLoading DECA model stack...[0m
WARNING: All log messages before absl::InitializeLog() is called are written to STDERR
I0000 00:00:1784448186.685777  674569 cudart_stub.cc:31] Could not find cuda drivers on your machine, GPU will not be used.
I0000 00:00:1784448186.739920  674569 cpu_feature_guard.cc:227] This TensorFlow binary is optimized to use available CPU instructions in performance-critical operations.
To enable the following instructions: AVX2 FMA, in other operations, rebuild TensorFlow with the appropriate compiler flags.
WARNING: All log messages before absl::InitializeLog() is called are written to STDERR
I0000 00:00:1784448187.991339  674569 cudart_stub.cc:31] Could not find cuda drivers on your machine, GPU will not be used.
E0000 00:00:1784448188.681703  674569 cuda_platform.cc:52] failed call to cuInit: INTERNAL: CUDA error: Failed call to cuInit: UNKNOWN ERROR (303)
  classes=['healthy', 'congestion_breach', 'tunnel_degradation', 'bgp_route_flap', 'vrf_leakage']
  ensemble (plain+wm agreement): off
  loom: soft_streak=True enter_k=3 advisory_enter_k=2
  LSTM ETA: ready | circumstance head: ready
  scoped hosts: ['station1', 'station2']
  cross-host echo suppress: origin-lock
  vrf origin-lock: on
  declarations -> /home/brain/deca-isro/data/rpi-net/live/blind_vrf_isolated_20260719_1333_45m/declarations.jsonl

[1m=== DECA LIVE OPERATOR watching blind_vrf_isolated_20260719_1333_45m (PROMETHEUS :9090) ===[0m

    clean telemetry live: 2121 → 1517 rows
[2m[08:03:08] tick 1[0m
  [36mstation1 [0m [32mhealthy[0m                      conf=0.97  ETA=  1.1m sev=[33mmedium[0m [2m     f=99[0m
  [36mstation2 [0m [32mhealthy[0m                      conf=0.98  ETA=  1.4m sev=[31mhigh  [0m [2m     f=99[0m
    clean telemetry live: 2121 → 1517 rows
[2m[08:03:24] tick 2[0m
  [36mstation1 [0m [32mhealthy[0m                      conf=0.98  ETA=  1.5m sev=[33mmedium[0m [2m     f=99[0m
  [36mstation2 [0m [32mhealthy[0m                      conf=0.98  ETA=  1.4m sev=[31mhigh  [0m [2m     f=99[0m
    clean telemetry live: 2121 → 1517 rows
[2m[08:03:40] tick 3[0m
  [36mstation1 [0m [32mhealthy[0m                      conf=0.98  ETA=  1.2m sev=[33mmedium[0m [2m     f=99[0m
  [36mstation2 [0m [32mhealthy[0m                      conf=0.96  ETA=  1.3m sev=[33mmedium[0m [2m     f=99[0m
    clean telemetry live: 2121 → 1517 rows
[2m[08:03:55] tick 4[0m
  [36mstation1 [0m [32mhealthy[0m                      conf=0.99  ETA=  1.6m sev=[32mlow   [0m [2m     f=99[0m
  [36mstation2 [0m [32mhealthy[0m                      conf=0.98  ETA=  1.6m sev=[32mlow   [0m [2m     f=99[0m
    clean telemetry live: 2121 → 1517 rows
[2m[08:04:10] tick 5[0m
  [36mstation1 [0m [32mhealthy[0m                      conf=0.99  ETA=  1.6m sev=[32mlow   [0m [2m     f=99[0m
  [36mstation2 [0m [32mhealthy[0m                      conf=0.99  ETA=  1.3m sev=[32mlow   [0m [2m     f=99[0m
    clean telemetry live: 2121 → 1517 rows
[2m[08:04:26] tick 6[0m
  [36mstation1 [0m [32mhealthy[0m                      conf=0.99  ETA=  2.0m sev=[32mlow   [0m [2m     f=99[0m
  [36mstation2 [0m [32mhealthy[0m                      conf=0.99  ETA=  2.2m sev=[32mlow   [0m [2m     f=99[0m
    clean telemetry live: 2124 → 1518 rows
[2m[08:04:41] tick 7[0m
  [36mstation1 [0m [32mhealthy[0m                      conf=0.98  ETA=  4.5m sev=[32mlow   [0m [2m     f=99[0m
  [36mstation2 [0m [32mhealthy[0m                      conf=0.99  ETA=  3.2m sev=[32mlow   [0m [2m     f=99[0m
    clean telemetry live: 2124 → 1518 rows
[2m[08:04:56] tick 8[0m
  [36mstation1 [0m [32mhealthy[0m                      conf=0.98  ETA=  5.7m sev=[32mlow   [0m [2m     f=99[0m
  [36mstation2 [0m [32mhealthy[0m                      conf=0.99  ETA=  1.9m sev=[32mlow   [0m [2m     f=99[0m
    clean telemetry live: 2124 → 1518 rows
[2m[08:05:12] tick 9[0m
  [36mstation1 [0m [32mhealthy[0m                      conf=0.98  ETA=  5.5m sev=[32mlow   [0m [2m     f=99[0m
  [36mstation2 [0m [32mhealthy[0m                      conf=0.99  ETA=  2.1m sev=[32mlow   [0m [2m     f=99[0m
    clean telemetry live: 2124 → 1518 rows
[2m[08:05:27] tick 10[0m
  [36mstation1 [0m [32mhealthy[0m                      conf=0.96  ETA=  5.3m sev=[32mlow   [0m [2m     f=99[0m
  [36mstation2 [0m [32mhealthy[0m                      conf=0.98  ETA=  2.1m sev=[32mlow   [0m [2m     f=99[0m
    clean telemetry live: 2124 → 1518 rows
[2m[08:05:42] tick 11[0m
  [36mstation1 [0m [32mhealthy[0m                      conf=0.97  ETA=  5.1m sev=[32mlow   [0m [2m     f=99[0m
  [36mstation2 [0m [32mhealthy[0m                      conf=0.64  ETA=  3.4m sev=[32mlow   [0m [2m     f=99[0m
    clean telemetry live: 2124 → 1518 rows
[2m[08:05:58] tick 12[0m
  [36mstation1 [0m [32mhealthy[0m                      conf=0.90  ETA=  6.5m sev=[32mlow   [0m [2m     f=99[0m
  [36mstation2 [0m [32mhealthy[0m                      conf=0.91  ETA=  2.5m sev=[32mlow   [0m [2m     f=99[0m
    clean telemetry live: 2124 → 1518 rows
[2m[08:06:13] tick 13[0m
  [36mstation1 [0m [32mhealthy[0m                      conf=0.91  ETA=  6.7m sev=[32mlow   [0m [2m     f=99[0m
  [36mstation2 [0m [32mhealthy[0m                      conf=0.82  ETA=  3.3m sev=[32mlow   [0m [2m     f=99[0m
    clean telemetry live: 2124 → 1518 rows
[2m[08:06:29] tick 14[0m
  [36mstation1 [0m [32mhealthy[0m                      conf=0.97  ETA=  6.3m sev=[32mlow   [0m [2m     f=99[0m
  [36mstation2 [0m [32mhealthy[0m                      conf=0.86  ETA=  3.2m sev=[32mlow   [0m [2m     f=99[0m
    clean telemetry live: 2124 → 1518 rows
[2m[08:06:44] tick 15[0m
  [36mstation1 [0m [32mhealthy[0m                      conf=0.97  ETA=  5.9m sev=[32mlow   [0m [2m     f=99[0m
  [36mstation2 [0m [32mhealthy[0m                      conf=0.74  ETA=  3.2m sev=[32mlow   [0m [2m     f=99[0m
    clean telemetry live: 2124 → 1518 rows
[2m[08:06:59] tick 16[0m
  [36mstation1 [0m [32mhealthy[0m                      conf=0.94  ETA=  6.1m sev=[32mlow   [0m [2m     f=99[0m
  [36mstation2 [0m [32mhealthy[0m                      conf=0.85  ETA=  3.2m sev=[32mlow   [0m [2m     f=99[0m
    clean telemetry live: 2124 → 1518 rows
[2m[08:07:15] tick 17[0m
  [36mstation1 [0m [32mhealthy[0m                      conf=0.96  ETA=  6.1m sev=[32mlow   [0m [2m     f=99[0m
  [36mstation2 [0m [32mhealthy[0m                      conf=0.75  ETA=  3.3m sev=[32mlow   [0m [2m     f=99[0m
    clean telemetry live: 2121 → 1515 rows
[2m[08:07:30] tick 18[0m
  [36mstation1 [0m [32mhealthy[0m                      conf=0.86  ETA=  6.2m sev=[32mlow   [0m [2m     f=99[0m
  [36mstation2 [0m [32mhealthy[0m                      conf=0.73  ETA=  3.3m sev=[32mlow   [0m [2m     f=99[0m
    clean telemetry live: 2121 → 1515 rows
[2m[08:07:45] tick 19[0m
  [36mstation1 [0m [32mhealthy[0m                      conf=0.89  ETA=  5.6m sev=[32mlow   [0m [2m     f=99[0m
  [36mstation2 [0m [32mhealthy[0m                      conf=0.91  ETA=  3.3m sev=[32mlow   [0m [2m     f=99[0m
    clean telemetry live: 2121 → 1517 rows
[2m[08:08:01] tick 20[0m
  [36mstation1 [0m [32mhealthy[0m                      conf=0.82  ETA=  5.6m sev=[32mlow   [0m [2m     f=99[0m
  [36mstation2 [0m [32mhealthy[0m                      conf=0.84  ETA=  3.2m sev=[32mlow   [0m [2m     f=99[0m
    clean telemetry live: 2121 → 1517 rows
[2m[08:08:16] tick 21[0m
  [36mstation1 [0m [32mhealthy[0m                      conf=0.90  ETA=  5.4m sev=[32mlow   [0m [2m     f=99[0m
  [36mstation2 [0m [32mhealthy[0m                      conf=0.68  ETA=  3.2m sev=[32mlow   [0m [2m     f=99[0m
    clean telemetry live: 2121 → 1517 rows
[2m[08:08:31] tick 22[0m
  [36mstation1 [0m [32mhealthy[0m                      conf=0.86  ETA=  5.6m sev=[32mlow   [0m [2m     f=99[0m
  [36mstation2 [0m [32mhealthy[0m                      conf=0.73  ETA=  3.2m sev=[32mlow   [0m [2m     f=99[0m
    clean telemetry live: 2121 → 1517 rows
[2m[08:08:47] tick 23[0m
  [36mstation1 [0m [32mhealthy[0m                      conf=0.67  ETA=  5.2m sev=[32mlow   [0m [2m     f=99[0m
  [36mstation2 [0m [32mhealthy[0m                      conf=0.58  ETA=  3.2m sev=[32mlow   [0m [2m     f=99[0m
    clean telemetry live: 2121 → 1517 rows
[2m[08:09:02] tick 24[0m
  [36mstation1 [0m [32mhealthy[0m                      conf=0.83  ETA=  5.3m sev=[32mlow   [0m [2m     f=99[0m
  [36mstation2 [0m [32mhealthy[0m                      conf=0.87  ETA=  3.3m sev=[32mlow   [0m [2m     f=99[0m
    clean telemetry live: 2121 → 1517 rows
[2m[08:09:17] tick 25[0m
  [36mstation1 [0m [32mhealthy[0m                      conf=0.83  ETA=  5.2m sev=[32mlow   [0m [2m     f=99[0m
  [36mstation2 [0m [32mhealthy[0m                      conf=0.59  ETA=  3.2m sev=[32mlow   [0m [2m     f=99[0m
    clean telemetry live: 2121 → 1517 rows
[2m[08:09:33] tick 26[0m
  [36mstation1 [0m [32mhealthy[0m                      conf=0.50  ETA=  4.7m sev=[32mlow   [0m [2m     f=99[0m
  [36mstation2 [0m [32mhealthy[0m                      conf=0.85  ETA=  3.3m sev=[32mlow   [0m [2m     f=99[0m
    clean telemetry live: 2121 → 1517 rows
[2m[08:09:48] tick 27[0m
  [36mstation1 [0m [32mhealthy[0m                      conf=0.79  ETA=  4.6m sev=[32mlow   [0m [2m     f=99[0m
  [36mstation2 [0m [32mhealthy[0m                      conf=0.80  ETA=  3.2m sev=[32mlow   [0m [2m     f=99[0m
    clean telemetry live: 2121 → 1517 rows
[2m[08:10:04] tick 28[0m
  [36mstation1 [0m [32mhealthy[0m                      conf=0.63  ETA=  4.5m sev=[32mlow   [0m [2m     f=99[0m
  [36mstation2 [0m [32mhealthy[0m                      conf=0.84  ETA=  3.3m sev=[32mlow   [0m [2m     f=99[0m
    clean telemetry live: 2121 → 1517 rows
[2m[08:10:19] tick 29[0m
  [36mstation1 [0m [32mhealthy[0m                      conf=0.80  ETA=  4.2m sev=[32mlow   [0m [2m     f=99[0m
  [36mstation2 [0m [32mhealthy[0m                      conf=0.80  ETA=  3.4m sev=[32mlow   [0m [2m     f=99[0m
    clean telemetry live: 2121 → 1517 rows
[2m[08:10:34] tick 30[0m
  [36mstation1 [0m [32mhealthy[0m                      conf=0.68  ETA=  4.3m sev=[32mlow   [0m [2m     f=99[0m
  [36mstation2 [0m [32mhealthy[0m                      conf=0.81  ETA=  3.3m sev=[32mlow   [0m [2m     f=99[0m
    clean telemetry live: 2121 → 1517 rows
[2m[08:10:50] tick 31[0m
  [36mstation1 [0m [32mhealthy[0m                      conf=0.71  ETA=  4.1m sev=[32mlow   [0m [2m     f=99[0m
  [36mstation2 [0m [32mhealthy[0m                      conf=0.73  ETA=  3.3m sev=[32mlow   [0m [2m     f=99[0m
    clean telemetry live: 2121 → 1517 rows
[2m[08:11:05] tick 32[0m
  [36mstation1 [0m [32mhealthy[0m                      conf=0.68  ETA=  3.7m sev=[32mlow   [0m [2m     f=99[0m
  [36mstation2 [0m [32mhealthy[0m                      conf=0.80  ETA=  3.3m sev=[32mlow   [0m [2m     f=99[0m
    clean telemetry live: 2121 → 1517 rows
[2m[08:11:20] tick 33[0m
  [36mstation1 [0m [32mhealthy[0m                      conf=0.73  ETA=  4.2m sev=[32mlow   [0m [2m     f=99[0m
  [36mstation2 [0m [32mhealthy[0m                      conf=0.81  ETA=  3.4m sev=[32mlow   [0m [2m     f=99[0m
    clean telemetry live: 2121 → 1517 rows
[2m[08:11:36] tick 34[0m
  [36mstation1 [0m [32mhealthy[0m                      conf=0.80  ETA=  3.5m sev=[32mlow   [0m [2m     f=99[0m
  [36mstation2 [0m [32mhealthy[0m                      conf=0.77  ETA=  3.4m sev=[32mlow   [0m [2m     f=99[0m
    clean telemetry live: 2121 → 1517 rows
[2m[08:11:51] tick 35[0m
  [36mstation1 [0m [32mhealthy[0m                      conf=0.46  ETA=  4.2m sev=[32mlow   [0m [2m     f=99[0m
  [36mstation2 [0m [32mhealthy[0m                      conf=0.78  ETA=  3.4m sev=[32mlow   [0m [2m     f=99[0m
    clean telemetry live: 2121 → 1517 rows
[2m[08:12:06] tick 36[0m
  [36mstation1 [0m [33mADVISORY  vrf_leakage       [0m conf=0.34  ETA=  4.1m sev=[32mlow   [0m [2m     f=99[0m
  [36mstation2 [0m [33mADVISORY  vrf_leakage       [0m conf=0.43  ETA=  3.4m sev=[32mlow   [0m [2mcirc f=99[0m
    clean telemetry live: 2121 → 1517 rows
[2m[08:12:22] tick 37[0m
  [36mstation1 [0m [33mADVISORY  congestion_breach [0m conf=0.39  ETA=  3.4m sev=[32mlow   [0m [2mcirc f=99[0m
  [36mstation2 [0m [33mADVISORY  vrf_leakage       [0m conf=0.59  ETA=  3.4m sev=[32mlow   [0m [2mcirc f=99[0m
    clean telemetry live: 2121 → 1517 rows
[2m[08:12:37] tick 38[0m
  [36mstation1 [0m [33mADVISORY  congestion_breach [0m conf=0.64  ETA=  2.9m sev=[32mlow   [0m [2mcirc f=99[0m
  [36mstation2 [0m [33mADVISORY  vrf_leakage       [0m conf=0.67  ETA=  3.5m sev=[32mlow   [0m [2mcirc f=99[0m
    clean telemetry live: 2121 → 1517 rows
[2m[08:12:53] tick 39[0m
  [36mstation1 [0m [33mADVISORY  vrf_leakage       [0m conf=0.81  ETA=  3.9m sev=[32mlow   [0m [2mcirc f=99[0m
  [36mstation2 [0m [33mADVISORY  vrf_leakage       [0m conf=0.88  ETA=  3.7m sev=[32mlow   [0m [2mcirc f=99[0m
    clean telemetry live: 2121 → 1517 rows
[2m[08:13:08] tick 40[0m
  [36mstation1 [0m [33mADVISORY  vrf_leakage       [0m conf=0.84  ETA=  3.6m sev=[32mlow   [0m [2mcirc f=99[0m
  [36mstation2 [0m [31m[1mCONFIRMED vrf_leakage       [0m conf=0.80  ETA=  3.8m sev=[32mlow   [0m [2mcirc f=99[0m
    clean telemetry live: 2121 → 1517 rows
[2m[08:13:23] tick 41[0m
  [36mstation1 [0m [33mADVISORY  vrf_leakage       [0m conf=0.86  ETA=  3.6m sev=[32mlow   [0m [2mcirc f=99[0m [2m[vrf↓:vrf_leakage → held][0m
  [36mstation2 [0m [31m[1mCONFIRMED vrf_leakage       [0m conf=0.90  ETA=  4.0m sev=[32mlow   [0m [2mcirc f=99[0m
    clean telemetry live: 2121 → 1517 rows
[2m[08:13:39] tick 42[0m
  [36mstation1 [0m [33mADVISORY  vrf_leakage       [0m conf=0.83  ETA=  4.0m sev=[32mlow   [0m [2mcirc f=99[0m [2m[vrf↓:vrf_leakage → held][0m
  [36mstation2 [0m [31m[1mCONFIRMED vrf_leakage       [0m conf=0.88  ETA=  4.6m sev=[32mlow   [0m [2mcirc f=99[0m
    clean telemetry live: 2121 → 1517 rows
[2m[08:13:54] tick 43[0m
  [36mstation1 [0m [33mADVISORY  vrf_leakage       [0m conf=0.86  ETA=  3.7m sev=[32mlow   [0m [2mcirc f=99[0m [2m[vrf↓:vrf_leakage → held][0m
  [36mstation2 [0m [31m[1mCONFIRMED vrf_leakage       [0m conf=0.88  ETA=  5.1m sev=[32mlow   [0m [2mcirc f=99[0m
    clean telemetry live: 2121 → 1517 rows
[2m[08:14:09] tick 44[0m
  [36mstation1 [0m [33mADVISORY  vrf_leakage       [0m conf=0.64  ETA=  3.4m sev=[32mlow   [0m [2mcirc f=99[0m [2m[vrf↓:vrf_leakage → held][0m
  [36mstation2 [0m [31m[1mCONFIRMED vrf_leakage       [0m conf=0.50  ETA=  6.2m sev=[32mlow   [0m [2mcirc f=99[0m
    clean telemetry live: 2121 → 1517 rows
[2m[08:14:25] tick 45[0m
  [36mstation1 [0m [33mADVISORY  vrf_leakage       [0m conf=0.93  ETA=  3.2m sev=[32mlow   [0m [2mcirc f=99[0m [2m[vrf↓:vrf_leakage → held][0m
  [36mstation2 [0m [31m[1mCONFIRMED vrf_leakage       [0m conf=0.93  ETA=  6.4m sev=[32mlow   [0m [2mcirc f=99[0m
    clean telemetry live: 2121 → 1517 rows
[2m[08:14:40] tick 46[0m
  [36mstation1 [0m [33mADVISORY  tunnel_degradation[0m conf=0.85  ETA=  3.1m sev=[32mlow   [0m [2mcirc f=99[0m [2m[vrf↓:vrf_leakage → held][0m
  [36mstation2 [0m [31m[1mCONFIRMED vrf_leakage       [0m conf=0.92  ETA=  6.7m sev=[33mmedium[0m [2m     f=99[0m
    clean telemetry live: 2121 → 1517 rows
[2m[08:14:55] tick 47[0m
  [36mstation1 [0m [32mhealthy[0m                      conf=0.73  ETA=  3.5m sev=[33mmedium[0m [2m     f=99[0m [2m[vrf↓:vrf_leakage → held][0m
  [36mstation2 [0m [31m[1mCONFIRMED vrf_leakage       [0m conf=0.68  ETA=  6.8m sev=[33mmedium[0m [2m     f=99[0m
    clean telemetry live: 2124 → 1518 rows
[2m[08:15:11] tick 48[0m
  [36mstation1 [0m [32mhealthy[0m                      conf=0.57  ETA=  4.2m sev=[33mmedium[0m [2m     f=99[0m [2m[vrf↓:vrf_leakage → held][0m
  [36mstation2 [0m [31m[1mCONFIRMED vrf_leakage       [0m conf=0.85  ETA=  6.9m sev=[33mmedium[0m [2m     f=99[0m
    clean telemetry live: 2124 → 1518 rows
[2m[08:15:26] tick 49[0m
  [36mstation1 [0m [32mhealthy[0m                      conf=0.57  ETA=  4.8m sev=[33mmedium[0m [2m     f=99[0m
  [36mstation2 [0m [32mhealthy[0m                      conf=0.57  ETA=  6.8m sev=[33mmedium[0m [2m     f=99[0m
    clean telemetry live: 2124 → 1518 rows
[2m[08:15:41] tick 50[0m
  [36mstation1 [0m [32mhealthy[0m                      conf=0.65  ETA=  4.9m sev=[33mmedium[0m [2m     f=99[0m
  [36mstation2 [0m [31m[1mCONFIRMED vrf_leakage       [0m conf=0.56  ETA=  6.8m sev=[33mmedium[0m [2m     f=99[0m
    clean telemetry live: 2124 → 1518 rows
[2m[08:15:57] tick 51[0m
  [36mstation1 [0m [32mhealthy[0m                      conf=0.70  ETA=  5.2m sev=[33mmedium[0m [2mcirc f=99[0m
  [36mstation2 [0m [31m[1mCONFIRMED vrf_leakage       [0m conf=0.74  ETA=  6.8m sev=[33mmedium[0m [2m     f=99[0m
    clean telemetry live: 2124 → 1518 rows
[2m[08:16:12] tick 52[0m
  [36mstation1 [0m [32mhealthy[0m                      conf=0.80  ETA=  5.5m sev=[33mmedium[0m [2m     f=99[0m
  [36mstation2 [0m [32mhealthy[0m                      conf=0.70  ETA=  6.6m sev=[33mmedium[0m [2m     f=99[0m
    clean telemetry live: 2124 → 1518 rows
[2m[08:16:28] tick 53[0m
  [36mstation1 [0m [32mhealthy[0m                      conf=0.96  ETA=  6.1m sev=[33mmedium[0m [2m     f=99[0m
  [36mstation2 [0m [32mhealthy[0m                      conf=0.90  ETA=  6.5m sev=[33mmedium[0m [2m     f=99[0m
    clean telemetry live: 2124 → 1518 rows
[2m[08:16:43] tick 54[0m
  [36mstation1 [0m [32mhealthy[0m                      conf=0.96  ETA=  6.7m sev=[32mlow   [0m [2m     f=99[0m
  [36mstation2 [0m [32mhealthy[0m                      conf=0.94  ETA=  5.8m sev=[32mlow   [0m [2m     f=99[0m
    clean telemetry live: 2124 → 1518 rows
[2m[08:16:59] tick 55[0m
  [36mstation1 [0m [32mhealthy[0m                      conf=0.97  ETA=  6.6m sev=[32mlow   [0m [2m     f=99[0m
  [36mstation2 [0m [32mhealthy[0m                      conf=0.97  ETA=  5.4m sev=[32mlow   [0m [2m     f=99[0m
    clean telemetry live: 2124 → 1518 rows
[2m[08:17:14] tick 56[0m
  [36mstation1 [0m [32mhealthy[0m                      conf=0.98  ETA=  6.7m sev=[32mlow   [0m [2m     f=99[0m
  [36mstation2 [0m [32mhealthy[0m                      conf=0.97  ETA=  5.1m sev=[32mlow   [0m [2m     f=99[0m
    clean telemetry live: 2124 → 1518 rows
[2m[08:17:29] tick 57[0m
  [36mstation1 [0m [32mhealthy[0m                      conf=0.97  ETA=  6.8m sev=[32mlow   [0m [2m     f=99[0m
  [36mstation2 [0m [32mhealthy[0m                      conf=0.96  ETA=  4.6m sev=[32mlow   [0m [2m     f=99[0m
    clean telemetry live: 2121 → 1515 rows
[2m[08:17:45] tick 58[0m
  [36mstation1 [0m [32mhealthy[0m                      conf=0.97  ETA=  6.6m sev=[32mlow   [0m [2m     f=99[0m
  [36mstation2 [0m [32mhealthy[0m                      conf=0.96  ETA=  4.5m sev=[32mlow   [0m [2m     f=99[0m
    clean telemetry live: 2121 → 1515 rows
[2m[08:18:00] tick 59[0m
  [36mstation1 [0m [32mhealthy[0m                      conf=0.80  ETA=  6.3m sev=[32mlow   [0m [2m     f=99[0m
  [36mstation2 [0m [32mhealthy[0m                      conf=0.96  ETA=  4.6m sev=[32mlow   [0m [2m     f=99[0m
    clean telemetry live: 2121 → 1515 rows
[2m[08:18:15] tick 60[0m
  [36mstation1 [0m [32mhealthy[0m                      conf=0.58  ETA=  6.5m sev=[32mlow   [0m [2m     f=99[0m
  [36mstation2 [0m [32mhealthy[0m                      conf=0.91  ETA=  4.6m sev=[32mlow   [0m [2m     f=99[0m
    clean telemetry live: 2121 → 1517 rows
[2m[08:18:31] tick 61[0m
  [36mstation1 [0m [32mhealthy[0m                      conf=0.63  ETA=  6.8m sev=[32mlow   [0m [2m     f=99[0m
  [36mstation2 [0m [32mhealthy[0m                      conf=0.81  ETA=  4.9m sev=[32mlow   [0m [2m     f=99[0m
    clean telemetry live: 2121 → 1517 rows
[2m[08:18:46] tick 62[0m
  [36mstation1 [0m [32mhealthy[0m                      conf=0.96  ETA=  6.3m sev=[32mlow   [0m [2m     f=99[0m
  [36mstation2 [0m [32mhealthy[0m                      conf=0.94  ETA=  5.1m sev=[32mlow   [0m [2m     f=99[0m
    clean telemetry live: 2121 → 1517 rows
[2m[08:19:02] tick 63[0m
  [36mstation1 [0m [32mhealthy[0m                      conf=0.56  ETA=  6.0m sev=[32mlow   [0m [2m     f=99[0m
  [36mstation2 [0m [32mhealthy[0m                      conf=0.58  ETA=  5.2m sev=[32mlow   [0m [2mcirc f=99[0m
    clean telemetry live: 2121 → 1517 rows
[2m[08:19:17] tick 64[0m
  [36mstation1 [0m [32mhealthy[0m                      conf=0.55  ETA=  5.5m sev=[32mlow   [0m [2m     f=99[0m
  [36mstation2 [0m [32mhealthy[0m                      conf=0.60  ETA=  4.8m sev=[32mlow   [0m [2mcirc f=99[0m
    clean telemetry live: 2121 → 1517 rows
[2m[08:19:32] tick 65[0m
  [36mstation1 [0m [32mhealthy[0m                      conf=0.54  ETA=  5.2m sev=[32mlow   [0m [2m     f=99[0m
  [36mstation2 [0m [32mhealthy[0m                      conf=0.62  ETA=  4.8m sev=[32mlow   [0m [2mcirc f=99[0m
    clean telemetry live: 2121 → 1517 rows
[2m[08:19:48] tick 66[0m
  [36mstation1 [0m [32mhealthy[0m                      conf=0.56  ETA=  5.1m sev=[32mlow   [0m [2m     f=99[0m
  [36mstation2 [0m [32mhealthy[0m                      conf=0.48  ETA=  4.5m sev=[32mlow   [0m [2m     f=99[0m
    clean telemetry live: 2121 → 1517 rows
[2m[08:20:03] tick 67[0m
  [36mstation1 [0m [32mhealthy[0m                      conf=0.59  ETA=  4.1m sev=[32mlow   [0m [2m     f=99[0m
  [36mstation2 [0m [31m[1mCONFIRMED vrf_leakage       [0m conf=0.64  ETA=  4.6m sev=[32mlow   [0m [2mcirc f=99[0m
    clean telemetry live: 2121 → 1517 rows
[2m[08:20:18] tick 68[0m
  [36mstation1 [0m [32mhealthy[0m                      conf=0.48  ETA=  3.5m sev=[32mlow   [0m [2m     f=99[0m
  [36mstation2 [0m [31m[1mCONFIRMED vrf_leakage       [0m conf=0.73  ETA=  4.4m sev=[32mlow   [0m [2mcirc f=99[0m
    clean telemetry live: 2121 → 1517 rows
[2m[08:20:34] tick 69[0m
  [36mstation1 [0m [32mhealthy[0m                      conf=0.59  ETA=  3.5m sev=[32mlow   [0m [2m     f=99[0m
  [36mstation2 [0m [31m[1mCONFIRMED vrf_leakage       [0m conf=0.69  ETA=  4.2m sev=[32mlow   [0m [2mcirc f=99[0m
    clean telemetry live: 2121 → 1517 rows
[2m[08:20:49] tick 70[0m
  [36mstation1 [0m [32mhealthy[0m                      conf=0.58  ETA=  3.2m sev=[32mlow   [0m [2m     f=99[0m
  [36mstation2 [0m [31m[1mCONFIRMED vrf_leakage       [0m conf=0.60  ETA=  4.2m sev=[32mlow   [0m [2mcirc f=99[0m
    clean telemetry live: 2121 → 1517 rows
[2m[08:21:04] tick 71[0m
  [36mstation1 [0m [33mADVISORY  vrf_leakage       [0m conf=0.66  ETA=  3.2m sev=[32mlow   [0m [2m     f=99[0m
  [36mstation2 [0m [31m[1mCONFIRMED vrf_leakage       [0m conf=0.76  ETA=  4.2m sev=[32mlow   [0m [2mcirc f=99[0m
    clean telemetry live: 2121 → 1517 rows
[2m[08:21:20] tick 72[0m
  [36mstation1 [0m [32mhealthy[0m                      conf=0.38  ETA=  3.2m sev=[32mlow   [0m [2m     f=99[0m
  [36mstation2 [0m [31m[1mCONFIRMED vrf_leakage       [0m conf=0.70  ETA=  4.2m sev=[32mlow   [0m [2mcirc f=99[0m
    clean telemetry live: 2121 → 1517 rows
[2m[08:21:35] tick 73[0m
  [36mstation1 [0m [32mhealthy[0m                      conf=0.50  ETA=  3.1m sev=[32mlow   [0m [2m     f=99[0m
  [36mstation2 [0m [31m[1mCONFIRMED vrf_leakage       [0m conf=0.76  ETA=  4.2m sev=[32mlow   [0m [2mcirc f=99[0m
    clean telemetry live: 2121 → 1517 rows
[2m[08:21:51] tick 74[0m
  [36mstation1 [0m [32mhealthy[0m                      conf=0.51  ETA=  3.0m sev=[32mlow   [0m [2m     f=99[0m
  [36mstation2 [0m [31m[1mCONFIRMED vrf_leakage       [0m conf=0.66  ETA=  4.2m sev=[32mlow   [0m [2m     f=99[0m
    clean telemetry live: 2121 → 1517 rows
[2m[08:22:06] tick 75[0m
  [36mstation1 [0m [32mhealthy[0m                      conf=0.45  ETA=  3.2m sev=[32mlow   [0m [2m     f=99[0m
  [36mstation2 [0m [31m[1mCONFIRMED vrf_leakage       [0m conf=0.61  ETA=  4.2m sev=[32mlow   [0m [2m     f=99[0m
    clean telemetry live: 2121 → 1517 rows
[2m[08:22:21] tick 76[0m
  [36mstation1 [0m [32mhealthy[0m                      conf=0.63  ETA=  3.5m sev=[32mlow   [0m [2m     f=99[0m
  [36mstation2 [0m [31m[1mCONFIRMED vrf_leakage       [0m conf=0.68  ETA=  4.1m sev=[32mlow   [0m [2m     f=99[0m
    clean telemetry live: 2121 → 1517 rows
[2m[08:22:37] tick 77[0m
  [36mstation1 [0m [33mADVISORY  vrf_leakage       [0m conf=0.45  ETA=  3.6m sev=[32mlow   [0m [2m     f=99[0m
  [36mstation2 [0m [31m[1mCONFIRMED vrf_leakage       [0m conf=0.54  ETA=  4.1m sev=[32mlow   [0m [2m     f=99[0m
    clean telemetry live: 2121 → 1517 rows
[2m[08:22:52] tick 78[0m
  [36mstation1 [0m [32mhealthy[0m                      conf=0.74  ETA=  4.4m sev=[32mlow   [0m [2m     f=99[0m
  [36mstation2 [0m [31m[1mCONFIRMED vrf_leakage       [0m conf=0.51  ETA=  4.1m sev=[32mlow   [0m [2mcirc f=99[0m
    clean telemetry live: 2121 → 1517 rows
[2m[08:23:07] tick 79[0m
  [36mstation1 [0m [33mADVISORY  vrf_leakage       [0m conf=0.52  ETA=  4.6m sev=[32mlow   [0m [2m     f=99[0m
  [36mstation2 [0m [31m[1mCONFIRMED vrf_leakage       [0m conf=0.65  ETA=  4.1m sev=[32mlow   [0m [2m     f=99[0m
    clean telemetry live: 2121 → 1517 rows
[2m[08:23:23] tick 80[0m
  [36mstation1 [0m [32mhealthy[0m                      conf=0.75  ETA=  4.7m sev=[32mlow   [0m [2m     f=99[0m
  [36mstation2 [0m [31m[1mCONFIRMED vrf_leakage       [0m conf=0.69  ETA=  4.0m sev=[32mlow   [0m [2mcirc f=99[0m
    clean telemetry live: 2121 → 1517 rows
[2m[08:23:38] tick 81[0m
  [36mstation1 [0m [33mADVISORY  vrf_leakage       [0m conf=0.72  ETA=  5.2m sev=[32mlow   [0m [2m     f=99[0m
  [36mstation2 [0m [31m[1mCONFIRMED vrf_leakage       [0m conf=0.72  ETA=  3.9m sev=[32mlow   [0m [2mcirc f=99[0m
    clean telemetry live: 2121 → 1517 rows
[2m[08:23:53] tick 82[0m
  [36mstation1 [0m [33mADVISORY  vrf_leakage       [0m conf=0.62  ETA=  4.6m sev=[32mlow   [0m [2m     f=99[0m [2m[vrf↓:vrf_leakage → held][0m
  [36mstation2 [0m [31m[1mCONFIRMED vrf_leakage       [0m conf=0.76  ETA=  3.9m sev=[32mlow   [0m [2mcirc f=99[0m
    clean telemetry live: 2121 → 1517 rows
[2m[08:24:09] tick 83[0m
  [36mstation1 [0m [33mADVISORY  vrf_leakage       [0m conf=0.71  ETA=  4.6m sev=[32mlow   [0m [2m     f=99[0m [2m[vrf↓:vrf_leakage → held][0m
  [36mstation2 [0m [31m[1mCONFIRMED vrf_leakage       [0m conf=0.84  ETA=  4.0m sev=[32mlow   [0m [2mcirc f=99[0m
    clean telemetry live: 2121 → 1517 rows
[2m[08:24:24] tick 84[0m
  [36mstation1 [0m [33mADVISORY  vrf_leakage       [0m conf=0.69  ETA=  4.3m sev=[32mlow   [0m [2m     f=99[0m [2m[vrf↓:vrf_leakage → held][0m
  [36mstation2 [0m [31m[1mCONFIRMED vrf_leakage       [0m conf=0.76  ETA=  4.1m sev=[32mlow   [0m [2mcirc f=99[0m
    clean telemetry live: 2121 → 1517 rows
[2m[08:24:40] tick 85[0m
  [36mstation1 [0m [33mADVISORY  vrf_leakage       [0m conf=0.69  ETA=  4.6m sev=[32mlow   [0m [2mcirc f=99[0m [2m[vrf↓:vrf_leakage → held][0m
  [36mstation2 [0m [31m[1mCONFIRMED vrf_leakage       [0m conf=0.84  ETA=  4.0m sev=[32mlow   [0m [2mcirc f=99[0m
    clean telemetry live: 2121 → 1517 rows
[2m[08:24:55] tick 86[0m
  [36mstation1 [0m [33mADVISORY  vrf_leakage       [0m conf=0.92  ETA=  3.9m sev=[32mlow   [0m [2mcirc f=99[0m [2m[vrf↓:vrf_leakage → held][0m
  [36mstation2 [0m [31m[1mCONFIRMED vrf_leakage       [0m conf=0.97  ETA=  4.1m sev=[32mlow   [0m [2mcirc f=99[0m
    clean telemetry live: 2121 → 1517 rows
[2m[08:25:10] tick 87[0m
  [36mstation1 [0m [33mADVISORY  vrf_leakage       [0m conf=0.91  ETA=  4.0m sev=[32mlow   [0m [2mcirc f=99[0m [2m[vrf↓:vrf_leakage → held][0m
  [36mstation2 [0m [31m[1mCONFIRMED vrf_leakage       [0m conf=0.93  ETA=  4.3m sev=[32mlow   [0m [2mcirc f=99[0m
    clean telemetry live: 2124 → 1518 rows
[2m[08:25:26] tick 88[0m
  [36mstation1 [0m [33mADVISORY  vrf_leakage       [0m conf=0.93  ETA=  4.2m sev=[32mlow   [0m [2mcirc f=99[0m [2m[vrf↓:vrf_leakage → held][0m
  [36mstation2 [0m [31m[1mCONFIRMED vrf_leakage       [0m conf=0.93  ETA=  4.3m sev=[32mlow   [0m [2mcirc f=99[0m
    clean telemetry live: 2124 → 1518 rows
[2m[08:25:41] tick 89[0m
  [36mstation1 [0m [33mADVISORY  vrf_leakage       [0m conf=0.93  ETA=  4.0m sev=[32mlow   [0m [2mcirc f=99[0m [2m[vrf↓:vrf_leakage → held][0m
  [36mstation2 [0m [31m[1mCONFIRMED vrf_leakage       [0m conf=0.96  ETA=  4.6m sev=[32mlow   [0m [2mcirc f=99[0m
    clean telemetry live: 2124 → 1518 rows
[2m[08:25:56] tick 90[0m
  [36mstation1 [0m [33mADVISORY  vrf_leakage       [0m conf=0.95  ETA=  4.5m sev=[32mlow   [0m [2mcirc f=99[0m [2m[vrf↓:vrf_leakage → held][0m
  [36mstation2 [0m [31m[1mCONFIRMED vrf_leakage       [0m conf=0.96  ETA=  4.7m sev=[32mlow   [0m [2mcirc f=99[0m
    clean telemetry live: 2124 → 1518 rows
[2m[08:26:12] tick 91[0m
  [36mstation1 [0m [33mADVISORY  vrf_leakage       [0m conf=0.95  ETA=  4.1m sev=[32mlow   [0m [2mcirc f=99[0m [2m[vrf↓:vrf_leakage → held][0m
  [36mstation2 [0m [31m[1mCONFIRMED vrf_leakage       [0m conf=0.94  ETA=  5.1m sev=[32mlow   [0m [2mcirc f=99[0m
    clean telemetry live: 2124 → 1518 rows
[2m[08:26:27] tick 92[0m
  [36mstation1 [0m [33mADVISORY  vrf_leakage       [0m conf=0.93  ETA=  4.2m sev=[32mlow   [0m [2mcirc f=99[0m [2m[vrf↓:vrf_leakage → held][0m
  [36mstation2 [0m [31m[1mCONFIRMED vrf_leakage       [0m conf=0.94  ETA=  5.6m sev=[32mlow   [0m [2mcirc f=99[0m
    clean telemetry live: 2124 → 1518 rows
[2m[08:26:42] tick 93[0m
  [36mstation1 [0m [33mADVISORY  vrf_leakage       [0m conf=0.94  ETA=  4.7m sev=[32mlow   [0m [2mcirc f=99[0m [2m[vrf↓:vrf_leakage → held][0m
  [36mstation2 [0m [31m[1mCONFIRMED vrf_leakage       [0m conf=0.96  ETA=  6.5m sev=[32mlow   [0m [2mcirc f=99[0m
    clean telemetry live: 2124 → 1518 rows
[2m[08:26:58] tick 94[0m
  [36mstation1 [0m [33mADVISORY  vrf_leakage       [0m conf=0.93  ETA=  4.8m sev=[32mlow   [0m [2mcirc f=99[0m [2m[vrf↓:vrf_leakage → held][0m
  [36mstation2 [0m [31m[1mCONFIRMED vrf_leakage       [0m conf=0.95  ETA=  6.9m sev=[32mlow   [0m [2mcirc f=99[0m
    clean telemetry live: 2124 → 1518 rows
[2m[08:27:13] tick 95[0m
  [36mstation1 [0m [33mADVISORY  vrf_leakage       [0m conf=0.95  ETA=  5.0m sev=[32mlow   [0m [2mcirc f=99[0m [2m[vrf↓:vrf_leakage → held][0m
  [36mstation2 [0m [31m[1mCONFIRMED vrf_leakage       [0m conf=0.93  ETA=  7.1m sev=[32mlow   [0m [2mcirc f=99[0m
    clean telemetry live: 2124 → 1518 rows
[2m[08:27:28] tick 96[0m
  [36mstation1 [0m [33mADVISORY  vrf_leakage       [0m conf=0.91  ETA=  5.3m sev=[32mlow   [0m [2mcirc f=99[0m [2m[vrf↓:vrf_leakage → held][0m
  [36mstation2 [0m [31m[1mCONFIRMED vrf_leakage       [0m conf=0.93  ETA=  7.4m sev=[32mlow   [0m [2mcirc f=99[0m
    clean telemetry live: 2124 → 1518 rows
[2m[08:27:44] tick 97[0m
  [36mstation1 [0m [33mADVISORY  vrf_leakage       [0m conf=0.85  ETA=  5.9m sev=[32mlow   [0m [2mcirc f=99[0m [2m[vrf↓:vrf_leakage → held][0m
  [36mstation2 [0m [31m[1mCONFIRMED vrf_leakage       [0m conf=0.90  ETA=  7.5m sev=[32mlow   [0m [2mcirc f=99[0m
    clean telemetry live: 2124 → 1518 rows
[2m[08:27:59] tick 98[0m
  [36mstation1 [0m [33mADVISORY  vrf_leakage       [0m conf=0.85  ETA=  6.2m sev=[32mlow   [0m [2mcirc f=99[0m [2m[vrf↓:vrf_leakage → held][0m
  [36mstation2 [0m [31m[1mCONFIRMED vrf_leakage       [0m conf=0.96  ETA=  7.7m sev=[32mlow   [0m [2mcirc f=99[0m
    clean telemetry live: 2124 → 1518 rows
[2m[08:28:15] tick 99[0m
  [36mstation1 [0m [33mADVISORY  vrf_leakage       [0m conf=0.85  ETA=  6.0m sev=[32mlow   [0m [2mcirc f=99[0m [2m[vrf↓:vrf_leakage → held][0m
  [36mstation2 [0m [31m[1mCONFIRMED vrf_leakage       [0m conf=0.94  ETA=  7.8m sev=[32mlow   [0m [2mcirc f=99[0m
    clean telemetry live: 2121 → 1515 rows
[2m[08:28:30] tick 100[0m
  [36mstation1 [0m [33mADVISORY  vrf_leakage       [0m conf=0.86  ETA=  6.8m sev=[32mlow   [0m [2mcirc f=99[0m [2m[vrf↓:vrf_leakage → held][0m
  [36mstation2 [0m [31m[1mCONFIRMED vrf_leakage       [0m conf=0.95  ETA=  7.8m sev=[32mlow   [0m [2mcirc f=99[0m
    clean telemetry live: 2121 → 1515 rows
[2m[08:28:45] tick 101[0m
  [36mstation1 [0m [33mADVISORY  vrf_leakage       [0m conf=0.90  ETA=  5.7m sev=[32mlow   [0m [2mcirc f=99[0m [2m[vrf↓:vrf_leakage → held][0m
  [36mstation2 [0m [31m[1mCONFIRMED vrf_leakage       [0m conf=0.94  ETA=  8.0m sev=[32mlow   [0m [2mcirc f=99[0m
    clean telemetry live: 2121 → 1517 rows
[2m[08:29:01] tick 102[0m
  [36mstation1 [0m [33mADVISORY  vrf_leakage       [0m conf=0.83  ETA=  6.5m sev=[32mlow   [0m [2mcirc f=98[0m [2m[vrf↓:vrf_leakage → held][0m
  [36mstation2 [0m [31m[1mCONFIRMED vrf_leakage       [0m conf=0.93  ETA=  8.0m sev=[32mlow   [0m [2mcirc f=99[0m
    clean telemetry live: 2124 → 1518 rows
[2m[08:29:16] tick 103[0m
  [36mstation1 [0m [33mADVISORY  vrf_leakage       [0m conf=0.86  ETA=  6.3m sev=[32mlow   [0m [2mcirc f=99[0m [2m[vrf↓:vrf_leakage → held][0m
  [36mstation2 [0m [31m[1mCONFIRMED vrf_leakage       [0m conf=0.95  ETA=  8.2m sev=[32mlow   [0m [2mcirc f=99[0m
    clean telemetry live: 2124 → 1518 rows
[2m[08:29:32] tick 104[0m
  [36mstation1 [0m [33mADVISORY  vrf_leakage       [0m conf=0.84  ETA=  6.1m sev=[32mlow   [0m [2mcirc f=99[0m [2m[vrf↓:vrf_leakage → held][0m
  [36mstation2 [0m [31m[1mCONFIRMED vrf_leakage       [0m conf=0.94  ETA=  8.2m sev=[32mlow   [0m [2mcirc f=99[0m
    clean telemetry live: 2124 → 1518 rows
[2m[08:29:47] tick 105[0m
  [36mstation1 [0m [33mADVISORY  vrf_leakage       [0m conf=0.85  ETA=  6.5m sev=[32mlow   [0m [2mcirc f=99[0m [2m[vrf↓:vrf_leakage → held][0m
  [36mstation2 [0m [31m[1mCONFIRMED vrf_leakage       [0m conf=0.94  ETA=  8.3m sev=[32mlow   [0m [2mcirc f=99[0m
    clean telemetry live: 2124 → 1518 rows
[2m[08:30:02] tick 106[0m
  [36mstation1 [0m [33mADVISORY  vrf_leakage       [0m conf=0.83  ETA=  5.3m sev=[32mlow   [0m [2mcirc f=99[0m [2m[vrf↓:vrf_leakage → held][0m
  [36mstation2 [0m [31m[1mCONFIRMED vrf_leakage       [0m conf=0.94  ETA=  8.1m sev=[32mlow   [0m [2mcirc f=99[0m
    clean telemetry live: 2124 → 1518 rows
[2m[08:30:18] tick 107[0m
  [36mstation1 [0m [33mADVISORY  vrf_leakage       [0m conf=0.81  ETA=  5.3m sev=[32mlow   [0m [2mcirc f=99[0m [2m[vrf↓:vrf_leakage → held][0m
  [36mstation2 [0m [31m[1mCONFIRMED vrf_leakage       [0m conf=0.95  ETA=  7.9m sev=[32mlow   [0m [2mcirc f=99[0m
    clean telemetry live: 2124 → 1518 rows
[2m[08:30:33] tick 108[0m
  [36mstation1 [0m [33mADVISORY  vrf_leakage       [0m conf=0.86  ETA=  4.8m sev=[32mlow   [0m [2mcirc f=99[0m [2m[vrf↓:vrf_leakage → held][0m
  [36mstation2 [0m [31m[1mCONFIRMED vrf_leakage       [0m conf=0.96  ETA=  8.2m sev=[32mlow   [0m [2mcirc f=99[0m
    clean telemetry live: 2124 → 1518 rows
[2m[08:30:48] tick 109[0m
  [36mstation1 [0m [33mADVISORY  vrf_leakage       [0m conf=0.84  ETA=  4.9m sev=[32mlow   [0m [2mcirc f=99[0m [2m[vrf↓:vrf_leakage → held][0m
  [36mstation2 [0m [31m[1mCONFIRMED vrf_leakage       [0m conf=0.96  ETA=  8.3m sev=[32mlow   [0m [2mcirc f=99[0m
    clean telemetry live: 2124 → 1518 rows
[2m[08:31:04] tick 110[0m
  [36mstation1 [0m [33mADVISORY  vrf_leakage       [0m conf=0.79  ETA=  4.4m sev=[32mlow   [0m [2mcirc f=99[0m [2m[vrf↓:vrf_leakage → held][0m
  [36mstation2 [0m [31m[1mCONFIRMED vrf_leakage       [0m conf=0.93  ETA=  8.5m sev=[32mlow   [0m [2mcirc f=99[0m
    clean telemetry live: 2124 → 1518 rows
[2m[08:31:19] tick 111[0m
  [36mstation1 [0m [33mADVISORY  vrf_leakage       [0m conf=0.77  ETA=  4.4m sev=[32mlow   [0m [2mcirc f=99[0m [2m[vrf↓:vrf_leakage → held][0m
  [36mstation2 [0m [31m[1mCONFIRMED vrf_leakage       [0m conf=0.94  ETA=  8.4m sev=[32mlow   [0m [2mcirc f=99[0m
    clean telemetry live: 2124 → 1518 rows
[2m[08:31:34] tick 112[0m
  [36mstation1 [0m [33mADVISORY  vrf_leakage       [0m conf=0.84  ETA=  5.0m sev=[32mlow   [0m [2mcirc f=99[0m [2m[vrf↓:vrf_leakage → held][0m
  [36mstation2 [0m [31m[1mCONFIRMED vrf_leakage       [0m conf=0.94  ETA=  8.4m sev=[32mlow   [0m [2mcirc f=99[0m
    clean telemetry live: 2124 → 1518 rows
[2m[08:31:50] tick 113[0m
  [36mstation1 [0m [33mADVISORY  vrf_leakage       [0m conf=0.92  ETA=  4.6m sev=[32mlow   [0m [2mcirc f=99[0m [2m[vrf↓:vrf_leakage → held][0m
  [36mstation2 [0m [31m[1mCONFIRMED vrf_leakage       [0m conf=0.95  ETA=  8.7m sev=[32mlow   [0m [2mcirc f=99[0m
    clean telemetry live: 2124 → 1518 rows
[2m[08:32:05] tick 114[0m
  [36mstation1 [0m [33mADVISORY  vrf_leakage       [0m conf=0.92  ETA=  4.4m sev=[32mlow   [0m [2mcirc f=99[0m [2m[vrf↓:vrf_leakage → held][0m
  [36mstation2 [0m [31m[1mCONFIRMED vrf_leakage       [0m conf=0.95  ETA=  8.9m sev=[32mlow   [0m [2mcirc f=99[0m
    clean telemetry live: 2124 → 1518 rows
[2m[08:32:21] tick 115[0m
  [36mstation1 [0m [33mADVISORY  vrf_leakage       [0m conf=0.86  ETA=  4.5m sev=[32mlow   [0m [2mcirc f=99[0m [2m[vrf↓:vrf_leakage → held][0m
  [36mstation2 [0m [31m[1mCONFIRMED vrf_leakage       [0m conf=0.94  ETA=  8.8m sev=[32mlow   [0m [2mcirc f=99[0m
    clean telemetry live: 2124 → 1518 rows
[2m[08:32:36] tick 116[0m
  [36mstation1 [0m [33mADVISORY  vrf_leakage       [0m conf=0.90  ETA=  4.1m sev=[32mlow   [0m [2mcirc f=99[0m [2m[vrf↓:vrf_leakage → held][0m
  [36mstation2 [0m [31m[1mCONFIRMED vrf_leakage       [0m conf=0.94  ETA=  8.9m sev=[32mlow   [0m [2mcirc f=99[0m
