[2026-07-21T09:16:05.861618+00:00] ================================================================
[2026-07-21T09:16:05.861881+00:00] DECA BLIND CHAOS armed — run_id=blind_compound_bgp_recheck_20260721_1446_40m seed=855903 (SEALED)
[2026-07-21T09:16:05.862021+00:00] Budget 40 min | target 2-2 events + 1 near-misses | simulate=False
[2026-07-21T09:16:05.862148+00:00] Fault pool: ['congestion_breach', 'tunnel_degradation', 'bgp_route_flap', 'vrf_leakage']
[2026-07-21T09:16:05.862226+00:00] Compound prob=1.0 pe1=bgp_route_flap
[2026-07-21T09:16:05.862292+00:00] Sealed truth: /home/brain/deca-isro/data/rpi-net/live/blind_compound_bgp_recheck_20260721_1446_40m/ground_truth.sealed.jsonl
[2026-07-21T09:16:05.862318+00:00] ================================================================
[2026-07-21T09:16:09.074906+00:00]    iperf3 server listening on station2 (192.168.50.20)
[2026-07-21T09:16:10.536078+00:00] Baseline traffic: 83 Mbps (station1 -> 192.168.50.20 via eth0)
[2026-07-21T09:16:15.529985+00:00]    iperf3 client running (~83 Mbps)
[2026-07-21T09:16:15.530152+00:00] [chaos] normal ops 2.2 min...
[2026-07-21T09:18:24.976238+00:00] [chaos] === COMPOUND blind_compound_bgp_recheck_20260721_1446_40m_cg01: bgp_route_flap (station1) + vrf_leakage (station2) OVERLAPPING, 38 min budget left ===
[2026-07-21T09:18:24.976745+00:00]   bgp_route_flap run=blind_compound_bgp_recheck_20260721_1446_40m_cg01_bgp_route_flap: 2 slow flaps over 11.1min, then 7 rapid flaps
[2026-07-21T09:18:24.976958+00:00]   vrf_leakage run=blind_compound_bgp_recheck_20260721_1446_40m_cg01_vrf_leakage: wrong RT import + PE2 symptom ramp to 2.3%/11ms over 6.6min, hold 4.3min
[2026-07-21T09:31:19.224484+00:00] [chaos] sealed blind_compound_bgp_recheck_20260721_1446_40m_cg01_e01_bgp_route_flap (compound blind_compound_bgp_recheck_20260721_1446_40m_cg01): 2026-07-21T09:18:24.976727+00:00 -> 2026-07-21T09:29:40.294975+00:00
[2026-07-21T09:31:19.224630+00:00] [chaos] sealed blind_compound_bgp_recheck_20260721_1446_40m_cg01_e02_vrf_leakage (compound blind_compound_bgp_recheck_20260721_1446_40m_cg01): 2026-07-21T09:18:24.976944+00:00 -> 2026-07-21T09:25:08.093889+00:00
[2026-07-21T09:31:23.337602+00:00] ================================================================
[2026-07-21T09:31:23.337732+00:00] BLIND CHAOS COMPLETE — 2 circumstances, 0 near-misses in 15.3 min
[2026-07-21T09:31:23.337760+00:00] Run the scorecard AFTER the operator has stopped:
[2026-07-21T09:31:23.337782+00:00]   python scripts/deca_blind_scorecard.py --run-id blind_compound_bgp_recheck_20260721_1446_40m
[2026-07-21T09:31:23.337801+00:00] ================================================================
