[2026-07-21T17:51:06.649336+00:00] ================================================================
[2026-07-21T17:51:06.649457+00:00] DECA BLIND CHAOS armed — run_id=blind_baseline_feature_bgp_20260721_2321_40m seed=513731 (SEALED)
[2026-07-21T17:51:06.649504+00:00] Budget 40 min | target 2-2 events + 1 near-misses | simulate=False
[2026-07-21T17:51:06.649535+00:00] Fault pool: ['congestion_breach', 'tunnel_degradation', 'bgp_route_flap', 'vrf_leakage']
[2026-07-21T17:51:06.649575+00:00] Compound prob=1.0 pe1=bgp_route_flap
[2026-07-21T17:51:06.649640+00:00] Sealed truth: /home/brain/deca-isro/data/rpi-net/live/blind_baseline_feature_bgp_20260721_2321_40m/ground_truth.sealed.jsonl
[2026-07-21T17:51:06.649669+00:00] ================================================================
[2026-07-21T17:51:12.100067+00:00]    iperf3 server listening on station2 (192.168.50.20)
[2026-07-21T17:51:31.622109+00:00] Baseline traffic: 35 Mbps (station1 -> 192.168.50.20 via eth0)
[2026-07-21T17:51:36.306271+00:00]    iperf3 client running (~35 Mbps)
[2026-07-21T17:51:36.306491+00:00] [chaos] normal ops 1.8 min...
[2026-07-21T17:53:27.385100+00:00] [chaos] === COMPOUND blind_baseline_feature_bgp_20260721_2321_40m_cg01: bgp_route_flap (station1) + vrf_leakage (station2) OVERLAPPING, 38 min budget left ===
[2026-07-21T17:53:27.385763+00:00]   bgp_route_flap run=blind_baseline_feature_bgp_20260721_2321_40m_cg01_bgp_route_flap: 2 slow flaps over 10.5min, then 5 rapid flaps
[2026-07-21T17:53:27.386090+00:00]   vrf_leakage run=blind_baseline_feature_bgp_20260721_2321_40m_cg01_vrf_leakage: wrong RT import + PE2 symptom ramp to 2.0%/10ms over 8.7min, hold 4.8min
[2026-07-21T18:07:02.891772+00:00] [chaos] sealed blind_baseline_feature_bgp_20260721_2321_40m_cg01_e01_bgp_route_flap (compound blind_baseline_feature_bgp_20260721_2321_40m_cg01): 2026-07-21T17:53:27.385745+00:00 -> 2026-07-21T18:03:56.990071+00:00
[2026-07-21T18:07:02.892249+00:00] [chaos] sealed blind_baseline_feature_bgp_20260721_2321_40m_cg01_e02_vrf_leakage (compound blind_baseline_feature_bgp_20260721_2321_40m_cg01): 2026-07-21T17:53:27.386076+00:00 -> 2026-07-21T18:02:15.133474+00:00
[2026-07-21T18:07:05.578977+00:00] ================================================================
[2026-07-21T18:07:05.579126+00:00] BLIND CHAOS COMPLETE — 2 circumstances, 0 near-misses in 16.0 min
[2026-07-21T18:07:05.579166+00:00] Run the scorecard AFTER the operator has stopped:
[2026-07-21T18:07:05.579195+00:00]   python scripts/deca_blind_scorecard.py --run-id blind_baseline_feature_bgp_20260721_2321_40m
[2026-07-21T18:07:05.579222+00:00] ================================================================
