[1mLoading DECA model stack...[0m
WARNING: All log messages before absl::InitializeLog() is called are written to STDERR
I0000 00:00:1784407263.724554  593975 cudart_stub.cc:31] Could not find cuda drivers on your machine, GPU will not be used.
I0000 00:00:1784407263.776805  593975 cpu_feature_guard.cc:227] This TensorFlow binary is optimized to use available CPU instructions in performance-critical operations.
To enable the following instructions: AVX2 FMA, in other operations, rebuild TensorFlow with the appropriate compiler flags.
WARNING: All log messages before absl::InitializeLog() is called are written to STDERR
I0000 00:00:1784407265.098575  593975 cudart_stub.cc:31] Could not find cuda drivers on your machine, GPU will not be used.
E0000 00:00:1784407265.791508  593975 cuda_platform.cc:52] failed call to cuInit: INTERNAL: CUDA error: Failed call to cuInit: UNKNOWN ERROR (303)
  classes=['healthy', 'congestion_breach', 'tunnel_degradation', 'bgp_route_flap', 'vrf_leakage']
  ensemble (plain+wm agreement): off
  loom: soft_streak=True enter_k=3 advisory_enter_k=2
  LSTM ETA: ready | circumstance head: ready
  scoped hosts: ['station1', 'station2']
  declarations -> /home/brain/deca-isro/data/rpi-net/live/blind_vrfcheck_20260719_0210_45m/declarations.jsonl

[1m=== DECA LIVE OPERATOR watching blind_vrfcheck_20260719_0210_45m (PROMETHEUS :9090) ===[0m

    clean telemetry live: 2124 → 1518 rows
[2m[20:41:06] tick 1[0m
  [36mstation1 [0m [33mADVISORY  vrf_leakage       [0m conf=0.43  ETA=  5.1m sev=[32mlow   [0m [2m     f=99[0m
  [36mstation2 [0m [32mhealthy[0m                      conf=0.53  ETA=  8.3m sev=[32mlow   [0m [2m     f=99[0m
    clean telemetry live: 2124 → 1518 rows
[2m[20:41:21] tick 2[0m
  [36mstation1 [0m [32mhealthy[0m                      conf=0.78  ETA=  4.8m sev=[32mlow   [0m [2m     f=99[0m
  [36mstation2 [0m [32mhealthy[0m                      conf=0.55  ETA=  8.3m sev=[32mlow   [0m [2m     f=99[0m
    clean telemetry live: 2124 → 1518 rows
[2m[20:41:37] tick 3[0m
  [36mstation1 [0m [32mhealthy[0m                      conf=0.48  ETA=  4.6m sev=[32mlow   [0m [2m     f=99[0m
  [36mstation2 [0m [32mhealthy[0m                      conf=0.52  ETA=  8.4m sev=[32mlow   [0m [2m     f=99[0m
    clean telemetry live: 2124 → 1518 rows
[2m[20:41:52] tick 4[0m
  [36mstation1 [0m [32mhealthy[0m                      conf=0.35  ETA=  4.0m sev=[32mlow   [0m [2m     f=99[0m
  [36mstation2 [0m [32mhealthy[0m                      conf=0.47  ETA=  8.8m sev=[32mlow   [0m [2m     f=99[0m
    clean telemetry live: 2124 → 1518 rows
[2m[20:42:08] tick 5[0m
  [36mstation1 [0m [32mhealthy[0m                      conf=0.52  ETA=  3.4m sev=[32mlow   [0m [2m     f=99[0m
  [36mstation2 [0m [32mhealthy[0m                      conf=0.52  ETA=  9.0m sev=[32mlow   [0m [2m     f=99[0m
    clean telemetry live: 2124 → 1518 rows
[2m[20:42:23] tick 6[0m
  [36mstation1 [0m [32mhealthy[0m                      conf=0.72  ETA=  3.1m sev=[32mlow   [0m [2m     f=99[0m
  [36mstation2 [0m [32mhealthy[0m                      conf=0.78  ETA=  8.7m sev=[32mlow   [0m [2m     f=99[0m
    clean telemetry live: 2124 → 1518 rows
[2m[20:42:39] tick 7[0m
  [36mstation1 [0m [32mhealthy[0m                      conf=0.88  ETA=  3.4m sev=[33mmedium[0m [2m     f=99[0m
  [36mstation2 [0m [32mhealthy[0m                      conf=0.88  ETA=  8.5m sev=[32mlow   [0m [2m     f=99[0m
    clean telemetry live: 2124 → 1518 rows
[2m[20:42:54] tick 8[0m
  [36mstation1 [0m [32mhealthy[0m                      conf=0.45  ETA=  3.3m sev=[33mmedium[0m [2m     f=99[0m
  [36mstation2 [0m [32mhealthy[0m                      conf=0.68  ETA=  8.5m sev=[32mlow   [0m [2m     f=99[0m
    clean telemetry live: 2124 → 1518 rows
[2m[20:43:09] tick 9[0m
  [36mstation1 [0m [32mhealthy[0m                      conf=0.76  ETA=  3.3m sev=[33mmedium[0m [2m     f=99[0m
  [36mstation2 [0m [32mhealthy[0m                      conf=0.85  ETA=  8.8m sev=[32mlow   [0m [2m     f=99[0m
    clean telemetry live: 2124 → 1518 rows
[2m[20:43:25] tick 10[0m
  [36mstation1 [0m [32mhealthy[0m                      conf=0.75  ETA=  3.3m sev=[33mmedium[0m [2m     f=99[0m
  [36mstation2 [0m [32mhealthy[0m                      conf=0.81  ETA=  8.6m sev=[32mlow   [0m [2m     f=99[0m
    clean telemetry live: 2124 → 1518 rows
[2m[20:43:40] tick 11[0m
  [36mstation1 [0m [32mhealthy[0m                      conf=0.59  ETA=  3.4m sev=[33mmedium[0m [2m     f=99[0m
  [36mstation2 [0m [32mhealthy[0m                      conf=0.90  ETA=  8.9m sev=[32mlow   [0m [2m     f=99[0m
    clean telemetry live: 2124 → 1518 rows
[2m[20:43:55] tick 12[0m
  [36mstation1 [0m [32mhealthy[0m                      conf=0.66  ETA=  3.5m sev=[33mmedium[0m [2m     f=99[0m
  [36mstation2 [0m [32mhealthy[0m                      conf=0.76  ETA=  8.6m sev=[32mlow   [0m [2m     f=99[0m
    clean telemetry live: 2124 → 1518 rows
[2m[20:44:11] tick 13[0m
  [36mstation1 [0m [32mhealthy[0m                      conf=0.38  ETA=  4.8m sev=[32mlow   [0m [2m     f=99[0m
  [36mstation2 [0m [32mhealthy[0m                      conf=0.61  ETA=  8.5m sev=[32mlow   [0m [2m     f=99[0m
    clean telemetry live: 2124 → 1518 rows
[2m[20:44:26] tick 14[0m
  [36mstation1 [0m [32mhealthy[0m                      conf=0.64  ETA=  4.6m sev=[32mlow   [0m [2mcirc f=99[0m
  [36mstation2 [0m [32mhealthy[0m                      conf=0.58  ETA=  8.3m sev=[32mlow   [0m [2m     f=99[0m
    clean telemetry live: 2124 → 1518 rows
[2m[20:44:42] tick 15[0m
  [36mstation1 [0m [33mADVISORY  vrf_leakage       [0m conf=0.56  ETA=  4.8m sev=[32mlow   [0m [2mcirc f=99[0m
  [36mstation2 [0m [32mhealthy[0m                      conf=0.34  ETA=  8.4m sev=[32mlow   [0m [2m     f=99[0m
    clean telemetry live: 2124 → 1518 rows
[2m[20:44:57] tick 16[0m
  [36mstation1 [0m [33mADVISORY  vrf_leakage       [0m conf=0.85  ETA=  4.3m sev=[32mlow   [0m [2mcirc f=99[0m
  [36mstation2 [0m [33mADVISORY  vrf_leakage       [0m conf=0.39  ETA=  8.1m sev=[32mlow   [0m [2mcirc f=99[0m
    clean telemetry live: 2124 → 1518 rows
[2m[20:45:13] tick 17[0m
  [36mstation1 [0m [33mADVISORY  tunnel_degradation[0m conf=0.86  ETA=  4.4m sev=[32mlow   [0m [2mcirc f=99[0m
  [36mstation2 [0m [33mADVISORY  tunnel_degradation[0m conf=0.98  ETA=  7.8m sev=[32mlow   [0m [2mcirc f=99[0m
    clean telemetry live: 2124 → 1518 rows
[2m[20:45:28] tick 18[0m
  [36mstation1 [0m [33mADVISORY  tunnel_degradation[0m conf=0.97  ETA=  4.1m sev=[32mlow   [0m [2mcirc f=99[0m
  [36mstation2 [0m [33mADVISORY  tunnel_degradation[0m conf=0.99  ETA=  7.5m sev=[32mlow   [0m [2mcirc f=99[0m
    clean telemetry live: 2124 → 1518 rows
[2m[20:45:43] tick 19[0m
  [36mstation1 [0m [33mADVISORY  tunnel_degradation[0m conf=0.98  ETA=  4.3m sev=[33mmedium[0m [2mcirc f=99[0m
  [36mstation2 [0m [33mADVISORY  tunnel_degradation[0m conf=0.99  ETA=  7.2m sev=[33mmedium[0m [2mcirc f=99[0m
    clean telemetry live: 2124 → 1518 rows
[2m[20:45:59] tick 20[0m
  [36mstation1 [0m [31m[1mCONFIRMED tunnel_degradation[0m conf=0.98  ETA=  4.0m sev=[33mmedium[0m [2mcirc f=99[0m
  [36mstation2 [0m [31m[1mCONFIRMED tunnel_degradation[0m conf=0.99  ETA=  7.2m sev=[33mmedium[0m [2mcirc f=99[0m
    clean telemetry live: 2124 → 1518 rows
[2m[20:46:14] tick 21[0m
  [36mstation1 [0m [31m[1mCONFIRMED tunnel_degradation[0m conf=0.98  ETA=  4.0m sev=[33mmedium[0m [2mcirc f=99[0m
  [36mstation2 [0m [31m[1mCONFIRMED tunnel_degradation[0m conf=0.99  ETA=  6.8m sev=[33mmedium[0m [2mcirc f=99[0m
    clean telemetry live: 2124 → 1518 rows
[2m[20:46:29] tick 22[0m
  [36mstation1 [0m [31m[1mCONFIRMED tunnel_degradation[0m conf=0.98  ETA=  3.7m sev=[33mmedium[0m [2mcirc f=99[0m
  [36mstation2 [0m [31m[1mCONFIRMED tunnel_degradation[0m conf=0.98  ETA=  6.7m sev=[33mmedium[0m [2mcirc f=99[0m
    clean telemetry live: 2121 → 1515 rows
[2m[20:46:45] tick 23[0m
  [36mstation1 [0m [31m[1mCONFIRMED tunnel_degradation[0m conf=0.99  ETA=  3.7m sev=[31mhigh  [0m [2mcirc f=99[0m
  [36mstation2 [0m [31m[1mCONFIRMED tunnel_degradation[0m conf=0.98  ETA=  6.1m sev=[31mhigh  [0m [2mcirc f=99[0m
    clean telemetry live: 2121 → 1515 rows
[2m[20:47:00] tick 24[0m
  [36mstation1 [0m [31m[1mCONFIRMED tunnel_degradation[0m conf=0.99  ETA=  3.5m sev=[31mhigh  [0m [2mcirc f=99[0m
  [36mstation2 [0m [31m[1mCONFIRMED tunnel_degradation[0m conf=0.99  ETA=  5.5m sev=[31mhigh  [0m [2mcirc f=99[0m
    clean telemetry live: 2121 → 1515 rows
[2m[20:47:16] tick 25[0m
  [36mstation1 [0m [31m[1mCONFIRMED tunnel_degradation[0m conf=0.98  ETA=  3.3m sev=[31mhigh  [0m [2mcirc f=99[0m
  [36mstation2 [0m [31m[1mCONFIRMED tunnel_degradation[0m conf=0.99  ETA=  4.6m sev=[31mhigh  [0m [2mcirc f=99[0m
    clean telemetry live: 2124 → 1518 rows
[2m[20:47:31] tick 26[0m
  [36mstation1 [0m [31m[1mCONFIRMED tunnel_degradation[0m conf=0.98  ETA=  3.2m sev=[31mhigh  [0m [2mcirc f=99[0m
  [36mstation2 [0m [31m[1mCONFIRMED tunnel_degradation[0m conf=0.99  ETA=  4.2m sev=[31mhigh  [0m [2mcirc f=99[0m
    clean telemetry live: 2124 → 1518 rows
[2m[20:47:46] tick 27[0m
  [36mstation1 [0m [31m[1mCONFIRMED tunnel_degradation[0m conf=0.99  ETA=  2.6m sev=[31mhigh  [0m [2mcirc f=99[0m
  [36mstation2 [0m [31m[1mCONFIRMED tunnel_degradation[0m conf=0.99  ETA=  3.9m sev=[31mhigh  [0m [2mcirc f=99[0m
    clean telemetry live: 2124 → 1518 rows
[2m[20:48:02] tick 28[0m
  [36mstation1 [0m [31m[1mCONFIRMED tunnel_degradation[0m conf=0.97  ETA=  2.5m sev=[31mhigh  [0m [2mcirc f=99[0m
  [36mstation2 [0m [31m[1mCONFIRMED tunnel_degradation[0m conf=0.99  ETA=  3.8m sev=[31mhigh  [0m [2mcirc f=99[0m
    clean telemetry live: 2124 → 1518 rows
[2m[20:48:17] tick 29[0m
  [36mstation1 [0m [31m[1mCONFIRMED tunnel_degradation[0m conf=0.99  ETA=  2.0m sev=[31mhigh  [0m [2mcirc f=99[0m
  [36mstation2 [0m [31m[1mCONFIRMED tunnel_degradation[0m conf=0.98  ETA=  3.6m sev=[31mhigh  [0m [2mcirc f=99[0m
    clean telemetry live: 2124 → 1518 rows
[2m[20:48:32] tick 30[0m
  [36mstation1 [0m [31m[1mCONFIRMED tunnel_degradation[0m conf=0.99  ETA=  2.1m sev=[31mhigh  [0m [2mcirc f=99[0m
  [36mstation2 [0m [31m[1mCONFIRMED tunnel_degradation[0m conf=0.99  ETA=  3.6m sev=[31mhigh  [0m [2mcirc f=99[0m
    clean telemetry live: 2124 → 1518 rows
[2m[20:48:48] tick 31[0m
  [36mstation1 [0m [31m[1mCONFIRMED tunnel_degradation[0m conf=0.99  ETA=  2.1m sev=[31mhigh  [0m [2mcirc f=99[0m
  [36mstation2 [0m [31m[1mCONFIRMED tunnel_degradation[0m conf=0.99  ETA=  3.4m sev=[31mhigh  [0m [2mcirc f=99[0m
    clean telemetry live: 2124 → 1518 rows
[2m[20:49:03] tick 32[0m
  [36mstation1 [0m [31m[1mCONFIRMED tunnel_degradation[0m conf=0.98  ETA=  1.9m sev=[31mhigh  [0m [2mcirc f=99[0m
  [36mstation2 [0m [31m[1mCONFIRMED tunnel_degradation[0m conf=0.98  ETA=  3.4m sev=[31mhigh  [0m [2mcirc f=99[0m
    clean telemetry live: 2124 → 1518 rows
[2m[20:49:18] tick 33[0m
  [36mstation1 [0m [31m[1mCONFIRMED tunnel_degradation[0m conf=0.98  ETA=  1.6m sev=[31mhigh  [0m [2mcirc f=99[0m
  [36mstation2 [0m [31m[1mCONFIRMED tunnel_degradation[0m conf=0.99  ETA=  3.3m sev=[31mhigh  [0m [2mcirc f=99[0m
    clean telemetry live: 2124 → 1518 rows
[2m[20:49:34] tick 34[0m
  [36mstation1 [0m [31m[1mCONFIRMED tunnel_degradation[0m conf=0.97  ETA=  1.5m sev=[31mhigh  [0m [2mcirc f=99[0m
  [36mstation2 [0m [31m[1mCONFIRMED tunnel_degradation[0m conf=0.94  ETA=  3.2m sev=[31mhigh  [0m [2mcirc f=99[0m
    clean telemetry live: 2124 → 1518 rows
[2m[20:49:49] tick 35[0m
  [36mstation1 [0m [31m[1mCONFIRMED tunnel_degradation[0m conf=0.98  ETA=  1.4m sev=[31mhigh  [0m [2mcirc f=99[0m
  [36mstation2 [0m [31m[1mCONFIRMED tunnel_degradation[0m conf=0.97  ETA=  3.1m sev=[31mhigh  [0m [2mcirc f=99[0m
    clean telemetry live: 2124 → 1518 rows
[2m[20:50:04] tick 36[0m
  [36mstation1 [0m [31m[1mCONFIRMED tunnel_degradation[0m conf=0.94  ETA=  1.2m sev=[31mhigh  [0m [2mcirc f=99[0m
  [36mstation2 [0m [31m[1mCONFIRMED tunnel_degradation[0m conf=0.85  ETA=  3.1m sev=[31mhigh  [0m [2mcirc f=99[0m
    clean telemetry live: 2124 → 1518 rows
[2m[20:50:20] tick 37[0m
  [36mstation1 [0m [31m[1mCONFIRMED tunnel_degradation[0m conf=0.92  ETA=  1.1m sev=[31mhigh  [0m [2mcirc f=99[0m
  [36mstation2 [0m [31m[1mCONFIRMED tunnel_degradation[0m conf=0.93  ETA=  2.8m sev=[31mhigh  [0m [2mcirc f=99[0m
    clean telemetry live: 2124 → 1518 rows
[2m[20:50:35] tick 38[0m
  [36mstation1 [0m [31m[1mCONFIRMED tunnel_degradation[0m conf=0.92  ETA=  0.9m sev=[31mhigh  [0m [2mcirc f=99[0m
  [36mstation2 [0m [31m[1mCONFIRMED tunnel_degradation[0m conf=0.92  ETA=  2.9m sev=[31mhigh  [0m [2mcirc f=99[0m
    clean telemetry live: 2124 → 1518 rows
[2m[20:50:51] tick 39[0m
  [36mstation1 [0m [31m[1mCONFIRMED tunnel_degradation[0m conf=0.92  ETA=  1.0m sev=[31mhigh  [0m [2mcirc f=99[0m
  [36mstation2 [0m [31m[1mCONFIRMED tunnel_degradation[0m conf=0.89  ETA=  2.7m sev=[31mhigh  [0m [2mcirc f=99[0m
    clean telemetry live: 2124 → 1518 rows
[2m[20:51:06] tick 40[0m
  [36mstation1 [0m [31m[1mCONFIRMED tunnel_degradation[0m conf=0.95  ETA=  1.0m sev=[31mhigh  [0m [2mcirc f=99[0m
  [36mstation2 [0m [31m[1mCONFIRMED tunnel_degradation[0m conf=0.76  ETA=  2.7m sev=[31mhigh  [0m [2m     f=99[0m
    clean telemetry live: 2124 → 1518 rows
[2m[20:51:21] tick 41[0m
  [36mstation1 [0m [31m[1mCONFIRMED tunnel_degradation[0m conf=0.84  ETA=  1.0m sev=[31mhigh  [0m [2mcirc f=99[0m
  [36mstation2 [0m [31m[1mCONFIRMED tunnel_degradation[0m conf=0.76  ETA=  2.5m sev=[31mhigh  [0m [2mcirc f=99[0m
    clean telemetry live: 2124 → 1518 rows
[2m[20:51:37] tick 42[0m
  [36mstation1 [0m [31m[1mCONFIRMED tunnel_degradation[0m conf=0.87  ETA=  0.9m sev=[31mhigh  [0m [2mcirc f=99[0m
  [36mstation2 [0m [31m[1mCONFIRMED tunnel_degradation[0m conf=0.87  ETA=  2.6m sev=[31mhigh  [0m [2mcirc f=99[0m
    clean telemetry live: 2124 → 1518 rows
[2m[20:51:52] tick 43[0m
  [36mstation1 [0m [31m[1mCONFIRMED tunnel_degradation[0m conf=0.79  ETA=  1.0m sev=[31mhigh  [0m [2mcirc f=99[0m
  [36mstation2 [0m [31m[1mCONFIRMED tunnel_degradation[0m conf=0.69  ETA=  2.2m sev=[31mhigh  [0m [2m     f=99[0m
    clean telemetry live: 2124 → 1518 rows
[2m[20:52:08] tick 44[0m
  [36mstation1 [0m [31m[1mCONFIRMED tunnel_degradation[0m conf=0.81  ETA=  0.9m sev=[31mhigh  [0m [2mcirc f=99[0m
  [36mstation2 [0m [31m[1mCONFIRMED tunnel_degradation[0m conf=0.70  ETA=  2.3m sev=[31mhigh  [0m [2m     f=99[0m
    clean telemetry live: 2124 → 1518 rows
[2m[20:52:23] tick 45[0m
  [36mstation1 [0m [31m[1mCONFIRMED tunnel_degradation[0m conf=0.67  ETA=  0.9m sev=[31mhigh  [0m [2m     f=99[0m
  [36mstation2 [0m [32mhealthy[0m                      conf=0.70  ETA=  2.0m sev=[31mhigh  [0m [2m     f=99[0m
    clean telemetry live: 2124 → 1518 rows
[2m[20:52:38] tick 46[0m
  [36mstation1 [0m [32mhealthy[0m                      conf=0.66  ETA=  1.0m sev=[31mhigh  [0m [2m     f=99[0m
  [36mstation2 [0m [32mhealthy[0m                      conf=0.54  ETA=  2.1m sev=[31mhigh  [0m [2mcirc f=99[0m
    clean telemetry live: 2124 → 1518 rows
[2m[20:52:54] tick 47[0m
  [36mstation1 [0m [33mADVISORY  tunnel_degradation[0m conf=0.67  ETA=  1.1m sev=[31mhigh  [0m [2m     f=99[0m
  [36mstation2 [0m [33mADVISORY  tunnel_degradation[0m conf=0.55  ETA=  2.1m sev=[31mhigh  [0m [2mcirc f=99[0m
    clean telemetry live: 2124 → 1518 rows
[2m[20:53:09] tick 48[0m
  [36mstation1 [0m [33mADVISORY  tunnel_degradation[0m conf=0.73  ETA=  0.9m sev=[31mhigh  [0m [2mcirc f=99[0m
  [36mstation2 [0m [31m[1mCONFIRMED tunnel_degradation[0m conf=0.78  ETA=  2.0m sev=[31mhigh  [0m [2m     f=99[0m
    clean telemetry live: 2124 → 1518 rows
[2m[20:53:24] tick 49[0m
  [36mstation1 [0m [32mhealthy[0m                      conf=0.51  ETA=  0.7m sev=[31mhigh  [0m [2m     f=99[0m
  [36mstation2 [0m [32mhealthy[0m                      conf=0.77  ETA=  2.0m sev=[31mhigh  [0m [2m     f=99[0m
    clean telemetry live: 2124 → 1518 rows
[2m[20:53:40] tick 50[0m
  [36mstation1 [0m [32mhealthy[0m                      conf=0.66  ETA=  0.8m sev=[31mhigh  [0m [2m     f=99[0m
  [36mstation2 [0m [32mhealthy[0m                      conf=0.51  ETA=  2.1m sev=[31mhigh  [0m [2mcirc f=99[0m
    clean telemetry live: 2124 → 1518 rows
[2m[20:53:55] tick 51[0m
  [36mstation1 [0m [33mADVISORY  tunnel_degradation[0m conf=0.50  ETA=  0.8m sev=[31mhigh  [0m [2m     f=99[0m
  [36mstation2 [0m [32mhealthy[0m                      conf=0.76  ETA=  2.1m sev=[31mhigh  [0m [2m     f=99[0m
    clean telemetry live: 2124 → 1518 rows
[2m[20:54:10] tick 52[0m
  [36mstation1 [0m [32mhealthy[0m                      conf=0.59  ETA=  0.8m sev=[31mhigh  [0m [2mcirc f=99[0m
  [36mstation2 [0m [32mhealthy[0m                      conf=0.80  ETA=  2.0m sev=[31mhigh  [0m [2m     f=99[0m
    clean telemetry live: 2124 → 1518 rows
[2m[20:54:26] tick 53[0m
  [36mstation1 [0m [32mhealthy[0m                      conf=0.52  ETA=  0.7m sev=[31mhigh  [0m [2m     f=99[0m
  [36mstation2 [0m [32mhealthy[0m                      conf=0.63  ETA=  1.9m sev=[31mhigh  [0m [2mcirc f=99[0m
    clean telemetry live: 2124 → 1518 rows
[2m[20:54:41] tick 54[0m
  [36mstation1 [0m [32mhealthy[0m                      conf=0.85  ETA=  0.5m sev=[31mhigh  [0m [2m     f=99[0m
  [36mstation2 [0m [32mhealthy[0m                      conf=0.60  ETA=  1.9m sev=[31mhigh  [0m [2m     f=99[0m
    clean telemetry live: 2124 → 1518 rows
[2m[20:54:57] tick 55[0m
  [36mstation1 [0m [32mhealthy[0m                      conf=0.85  ETA=  0.4m sev=[31mhigh  [0m [2m     f=99[0m
  [36mstation2 [0m [32mhealthy[0m                      conf=0.74  ETA=  1.9m sev=[31mhigh  [0m [2m     f=99[0m
    clean telemetry live: 2124 → 1518 rows
[2m[20:55:12] tick 56[0m
  [36mstation1 [0m [32mhealthy[0m                      conf=0.76  ETA=  0.5m sev=[31mhigh  [0m [2m     f=99[0m
  [36mstation2 [0m [32mhealthy[0m                      conf=0.70  ETA=  2.0m sev=[31mhigh  [0m [2m     f=99[0m
    clean telemetry live: 2124 → 1518 rows
[2m[20:55:27] tick 57[0m
  [36mstation1 [0m [32mhealthy[0m                      conf=0.84  ETA=  0.5m sev=[31mhigh  [0m [2m     f=99[0m
  [36mstation2 [0m [32mhealthy[0m                      conf=0.84  ETA=  2.1m sev=[31mhigh  [0m [2m     f=99[0m
    clean telemetry live: 2124 → 1518 rows
[2m[20:55:43] tick 58[0m
  [36mstation1 [0m [32mhealthy[0m                      conf=0.59  ETA=  0.5m sev=[31mhigh  [0m [2m     f=99[0m
  [36mstation2 [0m [32mhealthy[0m                      conf=0.74  ETA=  1.9m sev=[31mhigh  [0m [2m     f=99[0m
    clean telemetry live: 2124 → 1518 rows
[2m[20:55:58] tick 59[0m
  [36mstation1 [0m [32mhealthy[0m                      conf=0.73  ETA=  0.5m sev=[31mhigh  [0m [2m     f=99[0m
  [36mstation2 [0m [32mhealthy[0m                      conf=0.72  ETA=  1.9m sev=[31mhigh  [0m [2m     f=99[0m
    clean telemetry live: 2124 → 1518 rows
[2m[20:56:13] tick 60[0m
  [36mstation1 [0m [32mhealthy[0m                      conf=0.89  ETA=  0.5m sev=[31mhigh  [0m [2m     f=99[0m
  [36mstation2 [0m [32mhealthy[0m                      conf=0.80  ETA=  1.8m sev=[31mhigh  [0m [2m     f=99[0m
    clean telemetry live: 2124 → 1518 rows
[2m[20:56:29] tick 61[0m
  [36mstation1 [0m [32mhealthy[0m                      conf=0.96  ETA=  0.6m sev=[31mhigh  [0m [2m     f=99[0m
  [36mstation2 [0m [32mhealthy[0m                      conf=0.87  ETA=  1.7m sev=[31mhigh  [0m [2m     f=99[0m
    clean telemetry live: 2124 → 1518 rows
[2m[20:56:44] tick 62[0m
  [36mstation1 [0m [32mhealthy[0m                      conf=0.75  ETA=  0.5m sev=[31mhigh  [0m [2m     f=99[0m
  [36mstation2 [0m [32mhealthy[0m                      conf=0.86  ETA=  1.9m sev=[31mhigh  [0m [2m     f=99[0m
    clean telemetry live: 2124 → 1518 rows
[2m[20:56:59] tick 63[0m
  [36mstation1 [0m [32mhealthy[0m                      conf=0.85  ETA=  0.6m sev=[31mhigh  [0m [2m     f=99[0m
  [36mstation2 [0m [32mhealthy[0m                      conf=0.87  ETA=  1.7m sev=[31mhigh  [0m [2m     f=99[0m
    clean telemetry live: 2121 → 1515 rows
[2m[20:57:15] tick 64[0m
  [36mstation1 [0m [32mhealthy[0m                      conf=0.95  ETA=  0.6m sev=[31mhigh  [0m [2m     f=99[0m
  [36mstation2 [0m [32mhealthy[0m                      conf=0.97  ETA=  1.7m sev=[31mhigh  [0m [2m     f=99[0m
    clean telemetry live: 2121 → 1515 rows
[2m[20:57:30] tick 65[0m
  [36mstation1 [0m [32mhealthy[0m                      conf=0.98  ETA=  0.6m sev=[31mhigh  [0m [2m     f=99[0m
  [36mstation2 [0m [32mhealthy[0m                      conf=0.99  ETA=  1.2m sev=[31mhigh  [0m [2m     f=99[0m
    clean telemetry live: 2121 → 1515 rows
[2m[20:57:45] tick 66[0m
  [36mstation1 [0m [32mhealthy[0m                      conf=0.98  ETA=  1.1m sev=[31mhigh  [0m [2m     f=99[0m
  [36mstation2 [0m [32mhealthy[0m                      conf=0.98  ETA=  1.2m sev=[31mhigh  [0m [2m     f=99[0m
    clean telemetry live: 2124 → 1518 rows
[2m[20:58:01] tick 67[0m
  [36mstation1 [0m [32mhealthy[0m                      conf=0.96  ETA=  1.0m sev=[33mmedium[0m [2m     f=99[0m
  [36mstation2 [0m [32mhealthy[0m                      conf=0.98  ETA=  1.0m sev=[31mhigh  [0m [2m     f=99[0m
    clean telemetry live: 2124 → 1518 rows
[2m[20:58:16] tick 68[0m
  [36mstation1 [0m [32mhealthy[0m                      conf=0.99  ETA=  1.4m sev=[33mmedium[0m [2m     f=99[0m
  [36mstation2 [0m [32mhealthy[0m                      conf=1.00  ETA=  0.9m sev=[33mmedium[0m [2m     f=99[0m
    clean telemetry live: 2124 → 1518 rows
[2m[20:58:32] tick 69[0m
  [36mstation1 [0m [32mhealthy[0m                      conf=0.99  ETA=  1.4m sev=[33mmedium[0m [2m     f=99[0m
  [36mstation2 [0m [32mhealthy[0m                      conf=1.00  ETA=  1.3m sev=[33mmedium[0m [2m     f=99[0m
    clean telemetry live: 2124 → 1518 rows
[2m[20:58:47] tick 70[0m
  [36mstation1 [0m [32mhealthy[0m                      conf=1.00  ETA=  2.1m sev=[32mlow   [0m [2m     f=99[0m
  [36mstation2 [0m [32mhealthy[0m                      conf=0.99  ETA=  1.5m sev=[32mlow   [0m [2m     f=99[0m
    clean telemetry live: 2124 → 1518 rows
[2m[20:59:02] tick 71[0m
  [36mstation1 [0m [32mhealthy[0m                      conf=0.99  ETA=  2.7m sev=[32mlow   [0m [2m     f=99[0m
  [36mstation2 [0m [32mhealthy[0m                      conf=0.99  ETA=  1.2m sev=[32mlow   [0m [2m     f=99[0m
    clean telemetry live: 2124 → 1518 rows
[2m[20:59:18] tick 72[0m
  [36mstation1 [0m [32mhealthy[0m                      conf=0.99  ETA=  3.7m sev=[32mlow   [0m [2m     f=99[0m
  [36mstation2 [0m [32mhealthy[0m                      conf=0.99  ETA=  2.4m sev=[32mlow   [0m [2m     f=99[0m
    clean telemetry live: 2124 → 1518 rows
[2m[20:59:33] tick 73[0m
  [36mstation1 [0m [32mhealthy[0m                      conf=0.99  ETA=  4.1m sev=[32mlow   [0m [2m     f=99[0m
  [36mstation2 [0m [32mhealthy[0m                      conf=0.99  ETA=  2.0m sev=[32mlow   [0m [2m     f=99[0m
    clean telemetry live: 2124 → 1518 rows
[2m[20:59:48] tick 74[0m
  [36mstation1 [0m [32mhealthy[0m                      conf=0.99  ETA=  5.0m sev=[32mlow   [0m [2m     f=99[0m
  [36mstation2 [0m [32mhealthy[0m                      conf=0.98  ETA=  2.2m sev=[32mlow   [0m [2m     f=99[0m
    clean telemetry live: 2124 → 1518 rows
[2m[21:00:04] tick 75[0m
  [36mstation1 [0m [32mhealthy[0m                      conf=0.99  ETA=  5.2m sev=[32mlow   [0m [2m     f=99[0m
  [36mstation2 [0m [32mhealthy[0m                      conf=0.99  ETA=  2.3m sev=[32mlow   [0m [2m     f=99[0m
    clean telemetry live: 2124 → 1518 rows
[2m[21:00:19] tick 76[0m
  [36mstation1 [0m [32mhealthy[0m                      conf=0.98  ETA=  5.5m sev=[32mlow   [0m [2m     f=99[0m
  [36mstation2 [0m [32mhealthy[0m                      conf=0.98  ETA=  2.6m sev=[32mlow   [0m [2m     f=99[0m
    clean telemetry live: 2124 → 1518 rows
[2m[21:00:34] tick 77[0m
  [36mstation1 [0m [32mhealthy[0m                      conf=0.98  ETA=  5.3m sev=[32mlow   [0m [2m     f=99[0m
  [36mstation2 [0m [32mhealthy[0m                      conf=0.99  ETA=  2.5m sev=[32mlow   [0m [2m     f=99[0m
    clean telemetry live: 2124 → 1518 rows
[2m[21:00:50] tick 78[0m
  [36mstation1 [0m [32mhealthy[0m                      conf=0.98  ETA=  5.5m sev=[32mlow   [0m [2m     f=99[0m
  [36mstation2 [0m [32mhealthy[0m                      conf=0.99  ETA=  3.0m sev=[32mlow   [0m [2m     f=99[0m
    clean telemetry live: 2124 → 1518 rows
[2m[21:01:05] tick 79[0m
  [36mstation1 [0m [32mhealthy[0m                      conf=0.98  ETA=  5.6m sev=[32mlow   [0m [2m     f=99[0m
  [36mstation2 [0m [32mhealthy[0m                      conf=0.99  ETA=  2.9m sev=[32mlow   [0m [2m     f=99[0m
    clean telemetry live: 2124 → 1518 rows
[2m[21:01:21] tick 80[0m
  [36mstation1 [0m [32mhealthy[0m                      conf=0.98  ETA=  4.6m sev=[32mlow   [0m [2m     f=99[0m
  [36mstation2 [0m [32mhealthy[0m                      conf=0.99  ETA=  3.0m sev=[32mlow   [0m [2m     f=99[0m
    clean telemetry live: 2124 → 1518 rows
[2m[21:01:36] tick 81[0m
  [36mstation1 [0m [32mhealthy[0m                      conf=0.97  ETA=  5.5m sev=[32mlow   [0m [2m     f=99[0m
  [36mstation2 [0m [32mhealthy[0m                      conf=0.99  ETA=  2.9m sev=[32mlow   [0m [2m     f=99[0m
    clean telemetry live: 2124 → 1518 rows
[2m[21:01:51] tick 82[0m
  [36mstation1 [0m [32mhealthy[0m                      conf=0.98  ETA=  5.4m sev=[32mlow   [0m [2m     f=99[0m
  [36mstation2 [0m [32mhealthy[0m                      conf=0.99  ETA=  2.8m sev=[32mlow   [0m [2m     f=99[0m
    clean telemetry live: 2124 → 1518 rows
[2m[21:02:07] tick 83[0m
  [36mstation1 [0m [32mhealthy[0m                      conf=0.99  ETA=  5.5m sev=[32mlow   [0m [2m     f=99[0m
  [36mstation2 [0m [32mhealthy[0m                      conf=0.99  ETA=  2.8m sev=[32mlow   [0m [2m     f=99[0m
    clean telemetry live: 2124 → 1518 rows
[2m[21:02:22] tick 84[0m
  [36mstation1 [0m [32mhealthy[0m                      conf=0.99  ETA=  5.8m sev=[32mlow   [0m [2m     f=99[0m
  [36mstation2 [0m [32mhealthy[0m                      conf=0.99  ETA=  2.8m sev=[32mlow   [0m [2m     f=99[0m
    clean telemetry live: 2124 → 1518 rows
[2m[21:02:37] tick 85[0m
  [36mstation1 [0m [32mhealthy[0m                      conf=0.98  ETA=  5.4m sev=[32mlow   [0m [2m     f=99[0m
  [36mstation2 [0m [32mhealthy[0m                      conf=0.99  ETA=  2.7m sev=[32mlow   [0m [2m     f=99[0m
    clean telemetry live: 2124 → 1518 rows
[2m[21:02:53] tick 86[0m
  [36mstation1 [0m [32mhealthy[0m                      conf=0.97  ETA=  4.9m sev=[32mlow   [0m [2m     f=99[0m
  [36mstation2 [0m [32mhealthy[0m                      conf=0.99  ETA=  2.6m sev=[32mlow   [0m [2m     f=99[0m
    clean telemetry live: 2124 → 1518 rows
[2m[21:03:08] tick 87[0m
  [36mstation1 [0m [32mhealthy[0m                      conf=0.98  ETA=  5.1m sev=[32mlow   [0m [2m     f=99[0m
  [36mstation2 [0m [32mhealthy[0m                      conf=0.99  ETA=  2.5m sev=[32mlow   [0m [2m     f=99[0m
    clean telemetry live: 2124 → 1518 rows
[2m[21:03:24] tick 88[0m
  [36mstation1 [0m [32mhealthy[0m                      conf=0.97  ETA=  4.2m sev=[32mlow   [0m [2m     f=99[0m
  [36mstation2 [0m [32mhealthy[0m                      conf=0.98  ETA=  2.4m sev=[32mlow   [0m [2m     f=99[0m
    clean telemetry live: 2124 → 1518 rows
[2m[21:03:39] tick 89[0m
  [36mstation1 [0m [32mhealthy[0m                      conf=0.98  ETA=  4.5m sev=[32mlow   [0m [2m     f=99[0m
  [36mstation2 [0m [32mhealthy[0m                      conf=0.98  ETA=  2.6m sev=[32mlow   [0m [2m     f=99[0m
    clean telemetry live: 2124 → 1518 rows
[2m[21:03:54] tick 90[0m
  [36mstation1 [0m [32mhealthy[0m                      conf=0.97  ETA=  4.3m sev=[32mlow   [0m [2m     f=99[0m
  [36mstation2 [0m [32mhealthy[0m                      conf=0.97  ETA=  2.5m sev=[32mlow   [0m [2m     f=99[0m
    clean telemetry live: 2124 → 1518 rows
[2m[21:04:10] tick 91[0m
  [36mstation1 [0m [32mhealthy[0m                      conf=0.98  ETA=  4.6m sev=[32mlow   [0m [2m     f=99[0m
  [36mstation2 [0m [32mhealthy[0m                      conf=0.98  ETA=  2.6m sev=[32mlow   [0m [2m     f=99[0m
    clean telemetry live: 2124 → 1518 rows
[2m[21:04:25] tick 92[0m
  [36mstation1 [0m [32mhealthy[0m                      conf=0.98  ETA=  4.1m sev=[32mlow   [0m [2m     f=99[0m
  [36mstation2 [0m [32mhealthy[0m                      conf=0.98  ETA=  2.5m sev=[32mlow   [0m [2m     f=99[0m
    clean telemetry live: 2124 → 1518 rows
[2m[21:04:40] tick 93[0m
  [36mstation1 [0m [32mhealthy[0m                      conf=0.98  ETA=  4.5m sev=[32mlow   [0m [2m     f=99[0m
  [36mstation2 [0m [32mhealthy[0m                      conf=0.99  ETA=  2.6m sev=[32mlow   [0m [2m     f=99[0m
    clean telemetry live: 2124 → 1518 rows
[2m[21:04:56] tick 94[0m
  [36mstation1 [0m [32mhealthy[0m                      conf=0.98  ETA=  4.5m sev=[32mlow   [0m [2m     f=99[0m
  [36mstation2 [0m [32mhealthy[0m                      conf=0.97  ETA=  2.6m sev=[32mlow   [0m [2m     f=99[0m
    clean telemetry live: 2124 → 1518 rows
[2m[21:05:11] tick 95[0m
  [36mstation1 [0m [32mhealthy[0m                      conf=0.98  ETA=  4.4m sev=[32mlow   [0m [2m     f=99[0m
  [36mstation2 [0m [32mhealthy[0m                      conf=0.97  ETA=  2.7m sev=[32mlow   [0m [2m     f=99[0m
    clean telemetry live: 2124 → 1518 rows
[2m[21:05:27] tick 96[0m
  [36mstation1 [0m [32mhealthy[0m                      conf=0.98  ETA=  4.8m sev=[32mlow   [0m [2m     f=99[0m
  [36mstation2 [0m [32mhealthy[0m                      conf=0.97  ETA=  2.6m sev=[32mlow   [0m [2m     f=99[0m
    clean telemetry live: 2124 → 1518 rows
[2m[21:05:42] tick 97[0m
  [36mstation1 [0m [32mhealthy[0m                      conf=0.97  ETA=  4.9m sev=[32mlow   [0m [2m     f=99[0m
  [36mstation2 [0m [32mhealthy[0m                      conf=0.97  ETA=  2.7m sev=[32mlow   [0m [2m     f=99[0m
    clean telemetry live: 2124 → 1518 rows
[2m[21:05:57] tick 98[0m
  [36mstation1 [0m [32mhealthy[0m                      conf=0.97  ETA=  5.3m sev=[32mlow   [0m [2m     f=99[0m
  [36mstation2 [0m [32mhealthy[0m                      conf=0.95  ETA=  2.6m sev=[32mlow   [0m [2m     f=99[0m
    clean telemetry live: 2124 → 1518 rows
[2m[21:06:13] tick 99[0m
  [36mstation1 [0m [32mhealthy[0m                      conf=0.84  ETA=  4.9m sev=[32mlow   [0m [2m     f=99[0m
  [36mstation2 [0m [32mhealthy[0m                      conf=0.94  ETA=  2.8m sev=[32mlow   [0m [2m     f=99[0m
    clean telemetry live: 2124 → 1518 rows
[2m[21:06:28] tick 100[0m
  [36mstation1 [0m [32mhealthy[0m                      conf=0.80  ETA=  5.9m sev=[32mlow   [0m [2m     f=99[0m
  [36mstation2 [0m [32mhealthy[0m                      conf=0.84  ETA=  3.0m sev=[32mlow   [0m [2m     f=99[0m
    clean telemetry live: 2124 → 1518 rows
[2m[21:06:43] tick 101[0m
  [36mstation1 [0m [32mhealthy[0m                      conf=0.73  ETA=  6.1m sev=[32mlow   [0m [2m     f=99[0m
  [36mstation2 [0m [32mhealthy[0m                      conf=0.73  ETA=  2.9m sev=[32mlow   [0m [2m     f=99[0m
    clean telemetry live: 2124 → 1518 rows
[2m[21:06:59] tick 102[0m
  [36mstation1 [0m [32mhealthy[0m                      conf=0.64  ETA=  6.2m sev=[32mlow   [0m [2m     f=99[0m
  [36mstation2 [0m [32mhealthy[0m                      conf=0.42  ETA=  3.1m sev=[32mlow   [0m [2m     f=99[0m
    clean telemetry live: 2124 → 1518 rows
[2m[21:07:14] tick 103[0m
  [36mstation1 [0m [32mhealthy[0m                      conf=0.51  ETA=  6.3m sev=[32mlow   [0m [2m     f=99[0m
  [36mstation2 [0m [32mhealthy[0m                      conf=0.57  ETA=  3.1m sev=[32mlow   [0m [2m     f=99[0m
    clean telemetry live: 2124 → 1518 rows
[2m[21:07:30] tick 104[0m
  [36mstation1 [0m [32mhealthy[0m                      conf=0.52  ETA=  5.6m sev=[32mlow   [0m [2m     f=99[0m
  [36mstation2 [0m [32mhealthy[0m                      conf=0.57  ETA=  3.5m sev=[32mlow   [0m [2m     f=99[0m
    clean telemetry live: 2121 → 1515 rows
[2m[21:07:45] tick 105[0m
  [36mstation1 [0m [32mhealthy[0m                      conf=0.53  ETA=  5.5m sev=[32mlow   [0m [2m     f=99[0m
  [36mstation2 [0m [32mhealthy[0m                      conf=0.56  ETA=  3.6m sev=[32mlow   [0m [2mcirc f=99[0m
    clean telemetry live: 2121 → 1515 rows
[2m[21:08:00] tick 106[0m
  [36mstation1 [0m [32mhealthy[0m                      conf=0.51  ETA=  5.8m sev=[32mlow   [0m [2m     f=99[0m
  [36mstation2 [0m [32mhealthy[0m                      conf=0.54  ETA=  4.0m sev=[32mlow   [0m [2m     f=99[0m
    clean telemetry live: 2124 → 1518 rows
[2m[21:08:16] tick 107[0m
  [36mstation1 [0m [32mhealthy[0m                      conf=0.51  ETA=  6.0m sev=[32mlow   [0m [2m     f=99[0m
  [36mstation2 [0m [32mhealthy[0m                      conf=0.61  ETA=  4.3m sev=[32mlow   [0m [2m     f=99[0m
    clean telemetry live: 2124 → 1518 rows
[2m[21:08:31] tick 108[0m
  [36mstation1 [0m [32mhealthy[0m                      conf=0.73  ETA=  6.2m sev=[32mlow   [0m [2m     f=99[0m
  [36mstation2 [0m [32mhealthy[0m                      conf=0.66  ETA=  5.2m sev=[32mlow   [0m [2m     f=99[0m
    clean telemetry live: 2124 → 1518 rows
[2m[21:08:46] tick 109[0m
  [36mstation1 [0m [32mhealthy[0m                      conf=0.46  ETA=  6.4m sev=[32mlow   [0m [2mcirc f=99[0m
  [36mstation2 [0m [32mhealthy[0m                      conf=0.51  ETA=  6.0m sev=[32mlow   [0m [2m     f=99[0m
    clean telemetry live: 2124 → 1518 rows
[2m[21:09:02] tick 110[0m
  [36mstation1 [0m [33mADVISORY  bgp_route_flap    [0m conf=0.52  ETA=  6.1m sev=[32mlow   [0m [2m     f=99[0m
  [36mstation2 [0m [32mhealthy[0m                      conf=0.57  ETA=  6.9m sev=[32mlow   [0m [2m     f=99[0m
    clean telemetry live: 2124 → 1518 rows
[2m[21:09:17] tick 111[0m
  [36mstation1 [0m [32mhealthy[0m                      conf=0.63  ETA=  6.8m sev=[32mlow   [0m [2m     f=99[0m
  [36mstation2 [0m [32mhealthy[0m                      conf=0.60  ETA=  7.3m sev=[32mlow   [0m [2m     f=99[0m
    clean telemetry live: 2124 → 1518 rows
[2m[21:09:33] tick 112[0m
  [36mstation1 [0m [32mhealthy[0m                      conf=0.57  ETA=  6.7m sev=[32mlow   [0m [2mcirc f=99[0m
  [36mstation2 [0m [32mhealthy[0m                      conf=0.65  ETA=  7.7m sev=[32mlow   [0m [2m     f=99[0m
    clean telemetry live: 2124 → 1518 rows
[2m[21:09:48] tick 113[0m
  [36mstation1 [0m [33mADVISORY  bgp_route_flap    [0m conf=0.65  ETA=  7.0m sev=[32mlow   [0m [2mcirc f=99[0m
  [36mstation2 [0m [33mADVISORY  bgp_route_flap    [0m conf=0.68  ETA=  8.2m sev=[32mlow   [0m [2m     f=99[0m
    clean telemetry live: 2124 → 1518 rows
[2m[21:10:03] tick 114[0m
  [36mstation1 [0m [33mADVISORY  bgp_route_flap    [0m conf=0.35  ETA=  6.9m sev=[32mlow   [0m [2m     f=99[0m
  [36mstation2 [0m [32mhealthy[0m                      conf=0.53  ETA=  8.3m sev=[32mlow   [0m [2m     f=99[0m
    clean telemetry live: 2124 → 1518 rows
[2m[21:10:19] tick 115[0m
  [36mstation1 [0m [33mADVISORY  bgp_route_flap    [0m conf=0.48  ETA=  7.3m sev=[32mlow   [0m [2m     f=99[0m
  [36mstation2 [0m [32mhealthy[0m                      conf=0.61  ETA=  8.3m sev=[32mlow   [0m [2m     f=99[0m
    clean telemetry live: 2124 → 1518 rows
[2m[21:10:34] tick 116[0m
  [36mstation1 [0m [32mhealthy[0m                      conf=0.56  ETA=  6.5m sev=[32mlow   [0m [2mcirc f=99[0m
  [36mstation2 [0m [32mhealthy[0m                      conf=0.61  ETA=  8.6m sev=[32mlow   [0m [2m     f=99[0m
    clean telemetry live: 2124 → 1518 rows
[2m[21:10:49] tick 117[0m
  [36mstation1 [0m [32mhealthy[0m                      conf=0.62  ETA=  6.6m sev=[32mlow   [0m [2mcirc f=99[0m
  [36mstation2 [0m [32mhealthy[0m                      conf=0.60  ETA=  8.8m sev=[32mlow   [0m [2m     f=99[0m
    clean telemetry live: 2124 → 1518 rows
[2m[21:11:05] tick 118[0m
  [36mstation1 [0m [33mADVISORY  bgp_route_flap    [0m conf=0.45  ETA=  5.6m sev=[32mlow   [0m [2m     f=99[0m
  [36mstation2 [0m [32mhealthy[0m                      conf=0.53  ETA=  8.8m sev=[32mlow   [0m [2m     f=99[0m
    clean telemetry live: 2124 → 1518 rows
[2m[21:11:20] tick 119[0m
  [36mstation1 [0m [33mADVISORY  vrf_leakage       [0m conf=0.58  ETA=  5.0m sev=[32mlow   [0m [2m     f=99[0m
  [36mstation2 [0m [32mhealthy[0m                      conf=0.53  ETA=  8.8m sev=[32mlow   [0m [2m     f=99[0m
    clean telemetry live: 2124 → 1518 rows
[2m[21:11:35] tick 120[0m
  [36mstation1 [0m [33mADVISORY  bgp_route_flap    [0m conf=0.56  ETA=  3.9m sev=[32mlow   [0m [2m     f=99[0m
  [36mstation2 [0m [32mhealthy[0m                      conf=0.53  ETA=  8.9m sev=[32mlow   [0m [2m     f=99[0m
    clean telemetry live: 2124 → 1518 rows
[2m[21:11:51] tick 121[0m
  [36mstation1 [0m [32mhealthy[0m                      conf=0.55  ETA=  3.5m sev=[32mlow   [0m [2m     f=99[0m
  [36mstation2 [0m [32mhealthy[0m                      conf=0.56  ETA=  9.2m sev=[32mlow   [0m [2m     f=99[0m
    clean telemetry live: 2124 → 1518 rows
[2m[21:12:06] tick 122[0m
  [36mstation1 [0m [32mhealthy[0m                      conf=0.56  ETA=  3.4m sev=[32mlow   [0m [2m     f=99[0m
  [36mstation2 [0m [32mhealthy[0m                      conf=0.55  ETA=  9.1m sev=[32mlow   [0m [2m     f=99[0m
    clean telemetry live: 2124 → 1518 rows
[2m[21:12:21] tick 123[0m
  [36mstation1 [0m [32mhealthy[0m                      conf=0.52  ETA=  2.7m sev=[32mlow   [0m [2m     f=99[0m
  [36mstation2 [0m [32mhealthy[0m                      conf=0.60  ETA=  9.5m sev=[32mlow   [0m [2m     f=99[0m
    clean telemetry live: 2124 → 1518 rows
[2m[21:12:37] tick 124[0m
  [36mstation1 [0m [33mADVISORY  bgp_route_flap    [0m conf=0.56  ETA=  2.7m sev=[32mlow   [0m [2m     f=99[0m
  [36mstation2 [0m [32mhealthy[0m                      conf=0.58  ETA=  9.2m sev=[32mlow   [0m [2m     f=99[0m
    clean telemetry live: 2124 → 1518 rows
[2m[21:12:52] tick 125[0m
  [36mstation1 [0m [32mhealthy[0m                      conf=0.59  ETA=  2.2m sev=[32mlow   [0m [2m     f=99[0m
  [36mstation2 [0m [32mhealthy[0m                      conf=0.68  ETA=  9.1m sev=[32mlow   [0m [2m     f=99[0m
