=== PIPELINE compound overlap run_id=compound_overlap_20260719_1735 per_pe1=2 ===
[2026-07-19T12:05:23.070181+00:00] Run directory: /home/brain/deca-isro/data/rpi-net/runs/compound_overlap_20260719_1735
[2026-07-19T12:05:23.070268+00:00] ============================================================
[2026-07-19T12:05:23.070293+00:00] DECA COMPOUND OVERLAP CAMPAIGN — 2× each PE1 + vrf_leakage (retry=2)
[2026-07-19T12:05:23.070315+00:00] ============================================================
[2026-07-19T12:05:27.671204+00:00]    iperf3 server listening on station2 (192.168.50.20)
[2026-07-19T12:05:29.132071+00:00] Baseline traffic: 33 Mbps (station1 -> 192.168.50.20 via eth0)
[2026-07-19T12:05:35.031142+00:00]    iperf3 client running (~33 Mbps)
[2026-07-19T12:05:35.031270+00:00] Normal ops before compound congestion_breach+vrf_leakage 5.2 min...
[2026-07-19T12:10:45.578905+00:00] Compound slot congestion_breach #1 attempt 1/3
[2026-07-19T12:10:45.579063+00:00] === COMPOUND congestion_breach_01: congestion_breach (station1) + vrf_leakage (station2) ===
[2026-07-19T12:10:45.579489+00:00]   congestion_breach run=congestion_breach_01_congestion_breach: 95->8mbit over 6.4min, 4 steps
[2026-07-19T12:10:45.580026+00:00]   vrf_leakage run=congestion_breach_01_vrf_leakage: wrong RT import + PE2 symptom ramp to 3.7%/14ms over 7.6min, hold 8.9min
[2026-07-19T12:27:21.564232+00:00] Logged congestion_breach 2026-07-19T12:10:45.579471+00:00 -> 2026-07-19T12:17:21.851526+00:00
[2026-07-19T12:27:21.564297+00:00] Logged vrf_leakage 2026-07-19T12:10:45.579981+00:00 -> 2026-07-19T12:18:26.681045+00:00
[2026-07-19T12:27:26.935355+00:00]   recovery settle 3.8 min...
[2026-07-19T12:31:14.997445+00:00]    iperf3 server listening on station2 (192.168.50.20)
[2026-07-19T12:31:16.453055+00:00] Baseline traffic: 37 Mbps (station1 -> 192.168.50.20 via eth0)
[2026-07-19T12:31:21.323957+00:00]    iperf3 client running (~37 Mbps)
[2026-07-19T12:31:21.324135+00:00] Normal ops before compound congestion_breach+vrf_leakage 5.1 min...
[2026-07-19T12:36:30.280064+00:00] Compound slot congestion_breach #2 attempt 1/3
[2026-07-19T12:36:30.280236+00:00] === COMPOUND congestion_breach_02: congestion_breach (station1) + vrf_leakage (station2) ===
[2026-07-19T12:36:30.280517+00:00]   congestion_breach run=congestion_breach_02_congestion_breach: 95->5mbit over 12.1min, 5 steps
[2026-07-19T12:36:30.280717+00:00]   vrf_leakage run=congestion_breach_02_vrf_leakage: wrong RT import + PE2 symptom ramp to 3.1%/8ms over 6.3min, hold 5.2min
[2026-07-19T12:52:31.648449+00:00] Logged congestion_breach 2026-07-19T12:36:30.280502+00:00 -> 2026-07-19T12:48:48.156079+00:00
[2026-07-19T12:52:31.648603+00:00] Logged vrf_leakage 2026-07-19T12:36:30.280706+00:00 -> 2026-07-19T12:42:52.149052+00:00
[2026-07-19T12:52:37.260396+00:00]   recovery settle 2.8 min...
[2026-07-19T12:55:28.031876+00:00]    iperf3 server listening on station2 (192.168.50.20)
[2026-07-19T12:55:30.530067+00:00] Baseline traffic: 67 Mbps (station1 -> 192.168.50.20 via eth0)
[2026-07-19T12:55:35.376769+00:00]    iperf3 client running (~67 Mbps)
[2026-07-19T12:55:35.376946+00:00] Normal ops before compound tunnel_degradation+vrf_leakage 3.7 min...
[2026-07-19T12:59:16.034049+00:00] Compound slot tunnel_degradation #1 attempt 1/3
[2026-07-19T12:59:16.034338+00:00] === COMPOUND tunnel_degradation_01: tunnel_degradation (station1) + vrf_leakage (station2) ===
[2026-07-19T12:59:16.034880+00:00]   tunnel_degradation run=tunnel_degradation_01_tunnel_degradation: ramping to 11.9% loss / 45ms delay over 8.3min
[2026-07-19T12:59:16.035172+00:00]   vrf_leakage run=tunnel_degradation_01_vrf_leakage: wrong RT import + PE2 symptom ramp to 3.8%/12ms over 7.4min, hold 7.7min
[2026-07-19T13:14:31.572768+00:00] Logged tunnel_degradation 2026-07-19T12:59:16.034857+00:00 -> 2026-07-19T13:05:31.298037+00:00
[2026-07-19T13:14:31.572894+00:00] Logged vrf_leakage 2026-07-19T12:59:16.035154+00:00 -> 2026-07-19T13:06:48.416638+00:00
[2026-07-19T13:14:33.777492+00:00]   recovery settle 2.8 min...
[2026-07-19T13:17:24.914205+00:00]    iperf3 server listening on station2 (192.168.50.20)
[2026-07-19T13:17:27.951632+00:00] Baseline traffic: 79 Mbps (station1 -> 192.168.50.20 via eth0)
[2026-07-19T13:17:32.767184+00:00]    iperf3 client running (~79 Mbps)
[2026-07-19T13:17:32.767335+00:00] Normal ops before compound tunnel_degradation+vrf_leakage 5.3 min...
[2026-07-19T13:22:52.425112+00:00] Compound slot tunnel_degradation #2 attempt 1/3
[2026-07-19T13:22:52.425342+00:00] === COMPOUND tunnel_degradation_02: tunnel_degradation (station1) + vrf_leakage (station2) ===
[2026-07-19T13:22:52.425781+00:00]   tunnel_degradation run=tunnel_degradation_02_tunnel_degradation: ramping to 8.6% loss / 34ms delay over 8.2min
[2026-07-19T13:22:52.426121+00:00]   vrf_leakage run=tunnel_degradation_02_vrf_leakage: wrong RT import + PE2 symptom ramp to 2.5%/20ms over 4.8min, hold 6.2min
[2026-07-19T13:33:56.112364+00:00] Logged tunnel_degradation 2026-07-19T13:22:52.425754+00:00 -> 2026-07-19T13:29:02.619293+00:00
[2026-07-19T13:33:56.112545+00:00] Logged vrf_leakage 2026-07-19T13:22:52.426106+00:00 -> 2026-07-19T13:27:41.826310+00:00
[2026-07-19T13:33:58.342872+00:00]   recovery settle 3.1 min...
[2026-07-19T13:37:05.278811+00:00]    iperf3 server listening on station2 (192.168.50.20)
[2026-07-19T13:37:07.787108+00:00] Baseline traffic: 17 Mbps (station1 -> 192.168.50.20 via eth0)
[2026-07-19T13:37:13.692801+00:00]    iperf3 client running (~17 Mbps)
[2026-07-19T13:37:13.692926+00:00] Normal ops before compound bgp_route_flap+vrf_leakage 4.8 min...
[2026-07-19T13:42:00.440094+00:00] Compound slot bgp_route_flap #1 attempt 1/3
[2026-07-19T13:42:00.440276+00:00] === COMPOUND bgp_route_flap_01: bgp_route_flap (station1) + vrf_leakage (station2) ===
[2026-07-19T13:42:00.440664+00:00]   bgp_route_flap run=bgp_route_flap_01_bgp_route_flap: 2 slow flaps over 6.8min, then 4 rapid flaps
[2026-07-19T13:42:00.440869+00:00]   vrf_leakage run=bgp_route_flap_01_vrf_leakage: wrong RT import + PE2 symptom ramp to 2.9%/12ms over 4.5min, hold 4.8min
[2026-07-19T13:51:27.100571+00:00] Logged bgp_route_flap 2026-07-19T13:42:00.440644+00:00 -> 2026-07-19T13:48:46.948973+00:00
[2026-07-19T13:51:27.100745+00:00] Logged vrf_leakage 2026-07-19T13:42:00.440855+00:00 -> 2026-07-19T13:46:38.243041+00:00
[2026-07-19T13:51:29.628134+00:00]   recovery settle 3.0 min...
[2026-07-19T13:54:29.076581+00:00]    iperf3 server listening on station2 (192.168.50.20)
[2026-07-19T13:54:30.538074+00:00] Baseline traffic: 58 Mbps (station1 -> 192.168.50.20 via eth0)
[2026-07-19T13:54:35.435188+00:00]    iperf3 client running (~58 Mbps)
[2026-07-19T13:54:35.435324+00:00] Normal ops before compound bgp_route_flap+vrf_leakage 4.1 min...
[2026-07-19T13:58:43.616995+00:00] Compound slot bgp_route_flap #2 attempt 1/3
[2026-07-19T13:58:43.617245+00:00] === COMPOUND bgp_route_flap_02: bgp_route_flap (station1) + vrf_leakage (station2) ===
[2026-07-19T13:58:43.617603+00:00]   bgp_route_flap run=bgp_route_flap_02_bgp_route_flap: 3 slow flaps over 6.1min, then 6 rapid flaps
[2026-07-19T13:58:43.617765+00:00]   vrf_leakage run=bgp_route_flap_02_vrf_leakage: wrong RT import + PE2 symptom ramp to 1.6%/12ms over 6.7min, hold 7.7min
[2026-07-19T14:05:31.616294+00:00]    SSH timeout on station1@192.168.50.10
[2026-07-19T14:13:14.023103+00:00] Logged bgp_route_flap 2026-07-19T13:58:43.617584+00:00 -> 2026-07-19T14:04:53.107512+00:00
[2026-07-19T14:13:14.023315+00:00] Logged vrf_leakage 2026-07-19T13:58:43.617751+00:00 -> 2026-07-19T14:05:32.275579+00:00
[2026-07-19T14:13:26.229611+00:00]   recovery settle 2.5 min...
[2026-07-19T14:16:00.027223+00:00]    iperf3 server listening on station2 (192.168.50.20)
[2026-07-19T14:16:02.735097+00:00] Baseline traffic: 55 Mbps (station1 -> 192.168.50.20 via eth0)
[2026-07-19T14:16:08.675547+00:00]    iperf3 client running (~55 Mbps)
[2026-07-19T14:16:08.675646+00:00] ============================================================
[2026-07-19T14:16:08.675685+00:00] COMPOUND OVERLAP CAMPAIGN DONE — pe1 counts {'congestion_breach': 2, 'tunnel_degradation': 2, 'bgp_route_flap': 2} attempts=6
[2026-07-19T14:16:08.675724+00:00] ============================================================
[2026-07-19T14:16:11.156142+00:00] Exported /home/brain/deca-isro/data/rpi-net/runs/compound_overlap_20260719_1735/network_telemetry.csv (9429 rows)
[2026-07-19T14:16:11.253976+00:00] Exported /home/brain/deca-isro/data/rpi-net/runs/compound_overlap_20260719_1735/network_campaign_export.csv (1572 rows)
[2026-07-19T14:16:11.255178+00:00] ============================================================
[2026-07-19T14:16:11.255282+00:00] VALIDATING fault_injection_log.csv
[2026-07-19T14:16:11.255308+00:00] ============================================================
[2026-07-19T14:16:11.255439+00:00] Total runs: 12
[2026-07-19T14:16:11.255581+00:00]   congestion_breach     n=2  avg=  9.5min  spread= 4.0min
[2026-07-19T14:16:11.255666+00:00]   tunnel_degradation    n=2  avg=  6.2min  spread= 0.1min  WARN: durations suspiciously uniform
[2026-07-19T14:16:11.255739+00:00]   bgp_route_flap        n=2  avg=  6.5min  spread= 0.4min  WARN: durations suspiciously uniform
[2026-07-19T14:16:11.255839+00:00]   vrf_leakage           n=6  avg=  6.3min  spread= 1.3min
[2026-07-19T14:16:11.255872+00:00] VALIDATION RESULT: WARN -- review flags before training
[2026-07-19T14:16:11.255895+00:00] ============================================================
=== REBUILD ===
RPI_RUNS=['20260713_155333', '20260714_165648_tier6_x10', '20260715_191519_circ_v2', 'compound_overlap_20260719_1735', 'spec_data_20260717_2352', 'vrf_recall_20260718_1752']
=== Loading RPi campaign(s) ===
  loading campaign 20260713_155333
    clean telemetry 20260713_155333: 52723 → 35152 rows
    clean faults 20260713_155333: 21 → 21 windows
  loading campaign 20260714_165648_tier6_x10
    clean telemetry 20260714_165648_tier6_x10: 93809 → 62547 rows
    clean faults 20260714_165648_tier6_x10: 40 → 40 windows
  loading campaign 20260715_191519_circ_v2
    clean telemetry 20260715_191519_circ_v2: 47253 → 31472 rows
    clean faults 20260715_191519_circ_v2: 27 → 27 windows
  loading campaign compound_overlap_20260719_1735
    clean telemetry compound_overlap_20260719_1735: 9429 → 6287 rows
    clean faults compound_overlap_20260719_1735: 12 → 12 windows
  loading campaign spec_data_20260717_2352
    clean telemetry spec_data_20260717_2352: 35801 → 23843 rows
    clean faults spec_data_20260717_2352: 24 → 24 windows
  loading campaign vrf_recall_20260718_1752
    clean telemetry vrf_recall_20260718_1752: 10851 → 7235 rows
    clean faults vrf_recall_20260718_1752: 7 → 7 windows
  merged network rows=166536  fault windows=131
  network_df=166536  fault_windows=131
=== Loading public lake ===
  mawi_sample: 15 rows
  cisco_sandbox: 232 rows
  bgp_update_rates_full: 320 rows
  ripe_atlas_ping_sampled: 187971 probe rows -> 7200 minute buckets x2 metrics
  ripe_atlas_ping_baseline: 13902 rows
  public fault labels from bgp_routing_labels.csv: 1138 events (span 2026-07-05 02:20:00+00:00 → 2026-07-13 00:00:00+00:00) — provenance only, not applied
  public fault labels from ioda_outage_labels.csv: 1138 events (span 2026-07-05 02:20:00+00:00 → 2026-07-13 00:00:00+00:00) — provenance only, not applied
  public_df=28869
  NOTE: IODA/BGP outage labels are NOT merged into the training labeler — no overlapping public telemetry for those Jul-5-centric windows.
=== Synthetic ===
  synthetic: 0 rows (deliberate — RPi ground truth replaces synthetic noise)
  wrote public_outage_labels_provenance.csv (2276 rows) — inventory only

=== Provenance audit ===
  network   :   166536 rows  ( 85.2%)
  synthetic :        0 rows  (  0.0%)
  public    :    28869 rows  ( 14.8%)
  TOTAL     :   195405 rows (pre-dropna)
  unified_raw after clean: 195405
  training fault windows (RPi only): 131
  backed up deca_unified_raw.parquet -> deca_unified_raw.parquet.bak_pre_rebuild
  backed up deca_unified_dataset.parquet -> deca_unified_dataset.parquet.bak_pre_rebuild

Wrote /home/brain/deca-isro/data/processed/deca_unified_raw.parquet (195405 rows)

=== Feature engineering ===
  features=49749 rows, cols=42
  features by source: {'network': 41590, 'public': 8159}

=== Circumstance existence labels (additive) ===
  circumstance existence labels applied for 20 events
circumstance_label
healthy               46749
congestion_breach       981
vrf_leakage             807
tunnel_degradation      672
bgp_route_flap          540
Wrote /home/brain/deca-isro/data/processed/deca_unified_dataset.parquet (49749 rows)

Fault type distribution:
fault_type
none                  39092
congestion_breach      3109
vrf_leakage            2670
bgp_route_flap         2454
tunnel_degradation     2262
precursor_aborted       162

Unified label distribution:
unified_label
healthy               39254
congestion_breach      3109
vrf_leakage            2670
bgp_route_flap         2454
tunnel_degradation     2262

By source × unified_label:
source   unified_label     
network  bgp_route_flap         2454
         congestion_breach      3109
         healthy               31095
         tunnel_degradation     2262
         vrf_leakage            2670
public   healthy                8159
=== SCHOOL EXAM PROMOTE ===
Exam paper seed=1784470579  policy=random  (new questions each run unless --exam-seed fixed)
Exam label counts: {'healthy': 7851, 'congestion_breach': 622, 'tunnel_degradation': 452, 'bgp_route_flap': 491, 'vrf_leakage': 534}

=== Unit test (active model on new paper) ===
  Macro-F1=0.7323  rare-recall=0.6368
Lake rows=49,749  features=40  exam rows=9,950
Baseline Macro-F1 to beat: 0.7170
Rare boosts β=[1.0, 1.5, 2.0, 3.0]
Heads (families): ['plain', 'wm', 'moe']  [plain=champion, wm=cluster booster, moe=cluster + per-fault experts]
Classes: ['healthy', 'congestion_breach', 'tunnel_degradation', 'bgp_route_flap', 'vrf_leakage']

=== Teaching the anomaly gate (once) ===

=== Study hall  head=plain  β=1.0 ===
  val macro-F1=0.7011  EXAM macro-F1=0.6996  rare-recall=0.5490  gate_thr=0.50
    vrf_leakage: P=0.51 R=0.60 F1=0.55
    bgp_route_flap: P=0.34 R=0.50 F1=0.40

=== Study hall  head=plain  β=1.5 ===
  val macro-F1=0.6968  EXAM macro-F1=0.6948  rare-recall=0.5528  gate_thr=0.50
    vrf_leakage: P=0.50 R=0.61 F1=0.55
    bgp_route_flap: P=0.33 R=0.50 F1=0.40

=== Study hall  head=plain  β=2.0 ===
  val macro-F1=0.6963  EXAM macro-F1=0.6968  rare-recall=0.5594  gate_thr=0.50
    vrf_leakage: P=0.49 R=0.62 F1=0.55
    bgp_route_flap: P=0.33 R=0.50 F1=0.40

=== Study hall  head=plain  β=3.0 ===
  val macro-F1=0.6942  EXAM macro-F1=0.6968  rare-recall=0.5623  gate_thr=0.50
    vrf_leakage: P=0.48 R=0.62 F1=0.54
    bgp_route_flap: P=0.32 R=0.50 F1=0.39

=== Study hall  head=wm  β=1.0 ===
  val macro-F1=0.6993  EXAM macro-F1=0.7032  rare-recall=0.5538  gate_thr=0.50
    vrf_leakage: P=0.52 R=0.61 F1=0.56
    bgp_route_flap: P=0.34 R=0.50 F1=0.41

=== Study hall  head=wm  β=1.5 ===
  val macro-F1=0.6947  EXAM macro-F1=0.6965  rare-recall=0.5547  gate_thr=0.50
    vrf_leakage: P=0.49 R=0.61 F1=0.54
    bgp_route_flap: P=0.33 R=0.50 F1=0.40

=== Study hall  head=wm  β=2.0 ===
  val macro-F1=0.6948  EXAM macro-F1=0.6975  rare-recall=0.5612  gate_thr=0.50
    vrf_leakage: P=0.49 R=0.63 F1=0.55
    bgp_route_flap: P=0.33 R=0.50 F1=0.40

=== Study hall  head=wm  β=3.0 ===
  val macro-F1=0.6939  EXAM macro-F1=0.6947  rare-recall=0.5613  gate_thr=0.50
    vrf_leakage: P=0.47 R=0.62 F1=0.53
    bgp_route_flap: P=0.33 R=0.50 F1=0.40

=== Study hall  head=moe  β=1.0 ===
  val macro-F1=0.6818  EXAM macro-F1=0.6810  rare-recall=0.5473  gate_thr=0.50
    vrf_leakage: P=0.41 R=0.62 F1=0.49
    bgp_route_flap: P=0.36 R=0.48 F1=0.41

=== Study hall  head=moe  β=1.5 ===
  val macro-F1=0.6806  EXAM macro-F1=0.6853  rare-recall=0.5617  gate_thr=0.50
    vrf_leakage: P=0.41 R=0.64 F1=0.50
    bgp_route_flap: P=0.36 R=0.49 F1=0.42

=== Study hall  head=moe  β=2.0 ===
  val macro-F1=0.6828  EXAM macro-F1=0.6858  rare-recall=0.5656  gate_thr=0.50
    vrf_leakage: P=0.41 R=0.64 F1=0.50
    bgp_route_flap: P=0.36 R=0.49 F1=0.42

=== Study hall  head=moe  β=3.0 ===
  val macro-F1=0.6809  EXAM macro-F1=0.6844  rare-recall=0.5636  gate_thr=0.50
    vrf_leakage: P=0.41 R=0.64 F1=0.50
    bgp_route_flap: P=0.35 R=0.49 F1=0.41

Wrote /home/brain/deca-isro/models/school_exam/weight_sweep.csv
Wrote /home/brain/deca-isro/models/school_exam/latest_exam.json

=== Great Exam / promotion gate (repeated-holdout validation) ===
  candidate Macro-F1=0.7032
  bar=0.7170 = max(honest champion same-paper 0.6996, manifest floor 0.7170)   [basis=honest_same_paper_champion_config]
  deployed artifact (same paper, leakage-inflated)=0.7323  [informational only]
  candidate rare-recall=0.5538  floor≈0.5190
  GATE: FAIL
  Auto-promote: gate FAIL — keeping active models/
=== SOFT STREAK ===
Network rows=41,590  temporal test tail=10,398  from 2026-07-16 04:41:45+00:00
  soft_streak ENABLED  enter threshold=3 cumulative confidence  (mean fault conf=0.806 when gate open)

=== Temporal Loom score (chronological network tail) ===
  loom global fallback  enter_k=3  exit_k=2
  soft_streak ON   entry uses cumulative confidence >= enter_k (3); exit stays frame-based
    congestion_breach    enter_k=3  exit_k=2
    tunnel_degradation   enter_k=4  exit_k=2
    bgp_route_flap       enter_k=3  exit_k=3
    vrf_leakage          enter_k=3  exit_k=3
  raw_frame     Macro-F1=0.6486  Acc=0.7730  rareR=0.6071
    vrf_leakage: F1=0.553
    bgp_route_flap: F1=0.475
  persistent    Macro-F1=0.6962  Acc=0.8216  rareR=0.5527
    vrf_leakage: F1=0.543
    bgp_route_flap: F1=0.636
  advisory      Macro-F1=0.6856  Acc=0.8360  rareR=0.4639
    vrf_leakage: F1=0.574
    bgp_route_flap: F1=0.489
  boost ΔMacro-F1=+0.0476  frames_changed=1716  fault frames 3879 → 3044 (suppressed 835)

  advisory tier  enter_k=2  exit_k=1
    events=30  advisory caught=26  confirmed caught=25
    mean lead=12.44 frames  max lead=56 frames  (over 25 events where both caught it)
    advisory-only window: 401 frames — 161 correct early warning, 21 wrong-class, 219 pure noise  (precision=0.401)

Wrote /home/brain/deca-isro/models/temporal_persist_score.json
Patched loom into promoted artifacts (/home/brain/deca-isro/models/fault_classifier/decision_thresholds.json)
=== TRUST: 20m control ===
==============================================================
 DECA BLIND TEST  run_id=control_post_overlap_20260719_1952_20m  start_at=now  budget=20m
==============================================================
Pre-flight: run 'bash ~/deca_diagnostic.sh' and confirm all green,
and that Prometheus is healthy: curl -s localhost:9090/-/ready
Operator NOC feed will stream to: data/rpi-net/live/control_post_overlap_20260719_1952_20m/operator_feed.log  (tail -f to watch)

Operator armed (pid 708133). tail -f data/rpi-net/live/control_post_overlap_20260719_1952_20m/operator_feed.log
[2026-07-19T14:22:10.038941+00:00] ================================================================
[2026-07-19T14:22:10.039229+00:00] DECA BLIND CONTROL (all-healthy) armed — run_id=control_post_overlap_20260719_1952_20m seed=318124 (SEALED)
[2026-07-19T14:22:10.039390+00:00] Budget 20 min | NO real faults | 2 near-miss bait(s) | simulate=False
[2026-07-19T14:22:10.039559+00:00] Sealed truth: /home/brain/deca-isro/data/rpi-net/live/control_post_overlap_20260719_1952_20m/ground_truth.sealed.jsonl
[2026-07-19T14:22:10.039722+00:00] ================================================================
[2026-07-19T14:22:14.313591+00:00]    iperf3 server listening on station2 (192.168.50.20)
[2026-07-19T14:22:15.739100+00:00] Baseline traffic: 35 Mbps (station1 -> 192.168.50.20 via eth0)
[2026-07-19T14:22:20.642211+00:00]    iperf3 client running (~35 Mbps)
[2026-07-19T14:22:20.642414+00:00] [control] healthy baseline 5.7 min...
[2026-07-19T14:28:03.975826+00:00] [control] near-miss control_post_overlap_20260719_1952_20m_nm01 (bait — MUST stay healthy)
[2026-07-19T14:28:03.975972+00:00] NEAR-MISS aborted onset for 52s (not a real fault)...
[2026-07-19T14:28:57.425628+00:00] [control] sealed control_post_overlap_20260719_1952_20m_nm01: 2026-07-19T14:28:03.975965+00:00 -> 2026-07-19T14:28:57.425312+00:00
[2026-07-19T14:28:58.819814+00:00] [control] healthy baseline 7.3 min...
[2026-07-19T14:36:18.091347+00:00] [control] near-miss control_post_overlap_20260719_1952_20m_nm02 (bait — MUST stay healthy)
[2026-07-19T14:36:18.091500+00:00] NEAR-MISS aborted onset for 27s (not a real fault)...
[2026-07-19T14:36:48.156879+00:00] [control] sealed control_post_overlap_20260719_1952_20m_nm02: 2026-07-19T14:36:18.091493+00:00 -> 2026-07-19T14:36:48.156667+00:00
[2026-07-19T14:36:56.524315+00:00] [control] healthy baseline 5.2 min to end (no baits left)...
[2026-07-19T14:42:10.139056+00:00] ================================================================
[2026-07-19T14:42:10.139234+00:00] BLIND CONTROL COMPLETE — 0 real faults, 2 near-misses
[2026-07-19T14:42:10.139295+00:00] Any confirmed alarm here is a false positive. Grade with:
[2026-07-19T14:42:10.139340+00:00]   python scripts/deca_blind_scorecard.py --run-id control_post_overlap_20260719_1952_20m
[2026-07-19T14:42:10.139384+00:00] ================================================================
Chaos finished; letting the operator settle for 30s before stopping...
Operator ignored SIGINT — sending TERM...

Grading...
====================================================================
  DECA BLIND TEST SCORECARD — control_post_overlap_20260719_1952_20m
====================================================================
  Circumstances the network created : 0
  Detected by the models            : 0  (rate None)
  Correct fault class (first decl)  : 0  (accuracy None)
  Correct class (ever, in-window)   : 0  (accuracy None)
  Missed                            : 0
  Mean confirmed lead before breach : None min
  Mean advisory lead before breach  : None min  (class-agnostic; 'something forming')
  LSTM ETA mean abs error           : None min
  Severity bucket agreement         : None  (0 scored)
  Severity continuous Pearson r     : None  (0 pairs)
  Near-miss false alarms            : 0 / 2
  Spurious false alarms             : 0
====================================================================
  Per-circumstance:
====================================================================

  scorecard.json -> /home/brain/deca-isro/data/rpi-net/live/control_post_overlap_20260719_1952_20m/scorecard.json
  canvas         -> /home/brain/.cursor/projects/home-brain-deca-isro/canvases/deca-blind-test.canvas.tsx
=== VERIFY: tunnel+VRF compound blind ===
==============================================================
 DECA BLIND TEST  run_id=blind_compound_tunnel_recheck_20260719_2012_40m  start_at=now  budget=40m
==============================================================
Pre-flight: run 'bash ~/deca_diagnostic.sh' and confirm all green,
and that Prometheus is healthy: curl -s localhost:9090/-/ready
Operator NOC feed will stream to: data/rpi-net/live/blind_compound_tunnel_recheck_20260719_2012_40m/operator_feed.log  (tail -f to watch)

Operator armed (pid 715110). tail -f data/rpi-net/live/blind_compound_tunnel_recheck_20260719_2012_40m/operator_feed.log
[2026-07-19T14:42:49.837777+00:00] ================================================================
[2026-07-19T14:42:49.838059+00:00] DECA BLIND CHAOS armed — run_id=blind_compound_tunnel_recheck_20260719_2012_40m seed=777028 (SEALED)
[2026-07-19T14:42:49.838227+00:00] Budget 40 min | target 2-2 events + 1 near-misses | simulate=False
[2026-07-19T14:42:49.838376+00:00] Fault pool: ['congestion_breach', 'tunnel_degradation', 'bgp_route_flap', 'vrf_leakage']
[2026-07-19T14:42:49.838521+00:00] Compound prob=1.0 pe1=tunnel_degradation
[2026-07-19T14:42:49.838694+00:00] Sealed truth: /home/brain/deca-isro/data/rpi-net/live/blind_compound_tunnel_recheck_20260719_2012_40m/ground_truth.sealed.jsonl
[2026-07-19T14:42:49.838867+00:00] ================================================================
[2026-07-19T14:42:53.307164+00:00]    iperf3 server listening on station2 (192.168.50.20)
[2026-07-19T14:42:54.729867+00:00] Baseline traffic: 22 Mbps (station1 -> 192.168.50.20 via eth0)
[2026-07-19T14:42:59.562339+00:00]    iperf3 client running (~22 Mbps)
[2026-07-19T14:42:59.562515+00:00] [chaos] normal ops 2.0 min...
[2026-07-19T14:44:56.847059+00:00] [chaos] === COMPOUND blind_compound_tunnel_recheck_20260719_2012_40m_cg01: tunnel_degradation (station1) + vrf_leakage (station2) OVERLAPPING, 38 min budget left ===
[2026-07-19T14:44:56.848162+00:00]   tunnel_degradation run=blind_compound_tunnel_recheck_20260719_2012_40m_cg01_tunnel_degradation: ramping to 11.7% loss / 45ms delay over 11.4min
[2026-07-19T14:44:56.851228+00:00]   vrf_leakage run=blind_compound_tunnel_recheck_20260719_2012_40m_cg01_vrf_leakage: wrong RT import + PE2 symptom ramp to 3.3%/9ms over 6.7min, hold 8.5min
[2026-07-19T15:00:14.056536+00:00] [chaos] sealed blind_compound_tunnel_recheck_20260719_2012_40m_cg01_e01_tunnel_degradation (compound blind_compound_tunnel_recheck_20260719_2012_40m_cg01): 2026-07-19T14:44:56.848147+00:00 -> 2026-07-19T14:54:07.748046+00:00
[2026-07-19T15:00:14.056665+00:00] [chaos] sealed blind_compound_tunnel_recheck_20260719_2012_40m_cg01_e02_vrf_leakage (compound blind_compound_tunnel_recheck_20260719_2012_40m_cg01): 2026-07-19T14:44:56.851214+00:00 -> 2026-07-19T14:51:42.648281+00:00
[2026-07-19T15:00:16.581109+00:00] ================================================================
[2026-07-19T15:00:16.581271+00:00] BLIND CHAOS COMPLETE — 2 circumstances, 0 near-misses in 17.4 min
[2026-07-19T15:00:16.581327+00:00] Run the scorecard AFTER the operator has stopped:
[2026-07-19T15:00:16.581374+00:00]   python scripts/deca_blind_scorecard.py --run-id blind_compound_tunnel_recheck_20260719_2012_40m
[2026-07-19T15:00:16.581419+00:00] ================================================================
Chaos finished; letting the operator settle for 30s before stopping...
Operator ignored SIGINT — sending TERM...

Grading...
====================================================================
  DECA BLIND TEST SCORECARD — blind_compound_tunnel_recheck_20260719_2012_40m
====================================================================
  Circumstances the network created : 2
  Detected by the models            : 1  (rate 0.5)
  Correct fault class (first decl)  : 1  (accuracy 0.5)
  Correct class (ever, in-window)   : 1  (accuracy 0.5)
  Missed                            : 1
  Mean confirmed lead before breach : 7.6 min
  Mean advisory lead before breach  : 7.2 min  (class-agnostic; 'something forming')
  LSTM ETA mean abs error           : 3.9 min
  Severity bucket agreement         : 1.0  (1 scored)
  Severity continuous Pearson r     : None  (1 pairs)
  Near-miss false alarms            : 0 / 0
  Spurious false alarms             : 0
====================================================================
  Per-circumstance:
   [HIT ] tunnel_degradation station1  lead(conf/adv)=7.6/8.7min ETA=3.7/7.6 sev=medium~medium ok [cascade cg01]
   [MISS] vrf_leakage        station2  lead(conf/adv)=None/5.7min ETA=None/None sev=None~high ->None [cascade cg01]
====================================================================

  scorecard.json -> /home/brain/deca-isro/data/rpi-net/live/blind_compound_tunnel_recheck_20260719_2012_40m/scorecard.json
  canvas         -> /home/brain/.cursor/projects/home-brain-deca-isro/canvases/deca-blind-test.canvas.tsx
GRADE control_post_overlap_20260719_1952_20m: detect=0/0 class=None spur=0 nm_fa=0
GRADE blind_compound_tunnel_recheck_20260719_2012_40m: detect=1/2 class=0.5 spur=0 nm_fa=0
  tunnel_degradation @station1 det=True pred=tunnel_degradation
  vrf_leakage @station2 det=False pred=None
=== PIPELINE COMPLETE ===
