[2026-07-17T18:22:33.728281+00:00] Run directory: /home/brain/deca-isro/data/rpi-net/runs/spec_data_20260717_2352
[2026-07-17T18:22:33.728374+00:00] ============================================================
[2026-07-17T18:22:33.728401+00:00] DECA SPECIFICITY DATA CAMPAIGN — nm_pe1=8 nm_pe2=4 per_type=3 (×4 types)
[2026-07-17T18:22:33.728424+00:00] ============================================================
[2026-07-17T18:22:39.316978+00:00]    iperf3 server listening on station2 (192.168.50.20)
[2026-07-17T18:22:40.788070+00:00] Baseline traffic: 40 Mbps (station1 -> 192.168.50.20 via eth0)
[2026-07-17T18:22:46.681293+00:00]    iperf3 client running (~40 Mbps)
[2026-07-17T18:22:46.681462+00:00] Normal ops before PE1 near-miss 6.2 min...
[2026-07-17T18:28:59.567907+00:00] === PE1 near-miss nm_pe1_001 hold_s=25 (label=precursor_aborted) ===
[2026-07-17T18:28:59.568216+00:00] NEAR-MISS aborted onset for 25s (not a real fault)...
[2026-07-17T18:29:27.038983+00:00] Normal ops before PE1 near-miss 4.8 min...
[2026-07-17T18:34:14.324781+00:00] === PE1 near-miss nm_pe1_002 hold_s=30 (label=precursor_aborted) ===
[2026-07-17T18:34:14.325068+00:00] NEAR-MISS aborted onset for 30s (not a real fault)...
[2026-07-17T18:34:52.479716+00:00] Normal ops before PE1 near-miss 6.7 min...
[2026-07-17T18:41:33.438115+00:00] === PE1 near-miss nm_pe1_003 hold_s=35 (label=precursor_aborted) ===
[2026-07-17T18:41:33.438383+00:00] NEAR-MISS aborted onset for 35s (not a real fault)...
[2026-07-17T18:42:23.640068+00:00] Normal ops before PE1 near-miss 5.4 min...
[2026-07-17T18:47:49.410162+00:00] === PE1 near-miss nm_pe1_004 hold_s=40 (label=precursor_aborted) ===
[2026-07-17T18:47:49.410632+00:00] NEAR-MISS aborted onset for 40s (not a real fault)...
[2026-07-17T18:48:45.033719+00:00] Normal ops before PE1 near-miss 6.3 min...
[2026-07-17T18:55:00.675082+00:00] === PE1 near-miss nm_pe1_005 hold_s=45 (label=precursor_aborted) ===
[2026-07-17T18:55:00.675301+00:00] NEAR-MISS aborted onset for 45s (not a real fault)...
[2026-07-17T18:55:49.477917+00:00] Normal ops before PE1 near-miss 6.2 min...
[2026-07-17T19:02:01.357408+00:00] === PE1 near-miss nm_pe1_006 hold_s=50 (label=precursor_aborted) ===
[2026-07-17T19:02:01.357685+00:00] NEAR-MISS aborted onset for 50s (not a real fault)...
[2026-07-17T19:03:13.487171+00:00] Normal ops before PE1 near-miss 6.1 min...
[2026-07-17T19:09:18.875125+00:00] === PE1 near-miss nm_pe1_007 hold_s=30 (label=precursor_aborted) ===
[2026-07-17T19:09:18.875468+00:00] NEAR-MISS aborted onset for 30s (not a real fault)...
[2026-07-17T19:09:28.886342+00:00]    SSH failed on station1@192.168.50.10: Connection timed out during banner exchange
Connection to 192.168.50.10 port 22 timed out
[2026-07-17T19:10:02.821519+00:00] Normal ops before PE1 near-miss 5.3 min...
[2026-07-17T19:15:18.893399+00:00] === PE1 near-miss nm_pe1_008 hold_s=40 (label=precursor_aborted) ===
[2026-07-17T19:15:18.893682+00:00] NEAR-MISS aborted onset for 40s (not a real fault)...
[2026-07-17T19:16:09.883756+00:00] Normal ops before PE2 near-miss 4.6 min...
[2026-07-17T19:20:43.737237+00:00] === PE2 near-miss nm_pe2_001 hold_s=30 (label=precursor_aborted) ===
[2026-07-17T19:20:43.737545+00:00] NEAR-MISS PE2 aborted onset for 30s (not a real fault)...
[2026-07-17T19:21:16.419723+00:00] Normal ops before PE2 near-miss 5.1 min...
[2026-07-17T19:26:21.222600+00:00] === PE2 near-miss nm_pe2_002 hold_s=35 (label=precursor_aborted) ===
[2026-07-17T19:26:21.223035+00:00] NEAR-MISS PE2 aborted onset for 35s (not a real fault)...
[2026-07-17T19:27:00.873216+00:00] Normal ops before PE2 near-miss 5.8 min...
[2026-07-17T19:32:50.459350+00:00] === PE2 near-miss nm_pe2_003 hold_s=40 (label=precursor_aborted) ===
[2026-07-17T19:32:50.459703+00:00] NEAR-MISS PE2 aborted onset for 40s (not a real fault)...
[2026-07-17T19:33:35.068779+00:00] Normal ops before PE2 near-miss 6.6 min...
[2026-07-17T19:40:13.002140+00:00] === PE2 near-miss nm_pe2_004 hold_s=45 (label=precursor_aborted) ===
[2026-07-17T19:40:13.002421+00:00] NEAR-MISS PE2 aborted onset for 45s (not a real fault)...
[2026-07-17T19:41:00.501459+00:00] Normal ops before real tunnel_degradation 4.9 min...
[2026-07-17T19:45:55.867117+00:00] === REAL tunnel_degradation 1/3 run_id=spec_tunnel_degradation_001 ===
[2026-07-17T19:45:55.867314+00:00]   tunnel_degradation run=spec_tunnel_degradation_001: ramping to 8.0% loss / 31ms delay over 6.9min
[2026-07-17T19:54:44.306416+00:00] Logged tunnel_degradation 2026-07-17T19:45:55.867306+00:00 -> 2026-07-17T19:51:08.367974+00:00
[2026-07-17T19:54:46.385931+00:00]   recovery settle 3.7 min...
[2026-07-17T19:58:32.692747+00:00]    iperf3 server listening on station2 (192.168.50.20)
[2026-07-17T19:58:35.116060+00:00] Baseline traffic: 71 Mbps (station1 -> 192.168.50.20 via eth0)
[2026-07-17T19:58:39.798403+00:00]    iperf3 client running (~71 Mbps)
[2026-07-17T19:58:39.798531+00:00] Normal ops before real congestion_breach 6.9 min...
[2026-07-17T20:05:34.577183+00:00] === REAL congestion_breach 1/3 run_id=spec_congestion_breach_001 ===
[2026-07-17T20:05:34.577616+00:00]   congestion_breach run=spec_congestion_breach_001: 95->8mbit over 10.9min, 5 steps
[2026-07-17T20:22:09.702762+00:00] Logged congestion_breach 2026-07-17T20:05:34.577598+00:00 -> 2026-07-17T20:16:36.235301+00:00
[2026-07-17T20:22:14.656905+00:00]   recovery settle 4.5 min...
[2026-07-17T20:26:46.642501+00:00]    iperf3 server listening on station2 (192.168.50.20)
[2026-07-17T20:27:07.665773+00:00] Baseline traffic: 53 Mbps (station1 -> 192.168.50.20 via eth0)
[2026-07-17T20:27:13.538140+00:00]    iperf3 client running (~53 Mbps)
[2026-07-17T20:27:13.538272+00:00] Normal ops before real vrf_leakage 4.1 min...
[2026-07-17T20:31:20.461557+00:00] === REAL vrf_leakage 1/3 run_id=spec_vrf_leakage_001 ===
[2026-07-17T20:31:20.461862+00:00]   vrf_leakage run=spec_vrf_leakage_001: wrong RT import + PE2 symptom ramp to 3.8%/16ms over 4.2min, hold 8.2min
[2026-07-17T20:43:52.107954+00:00] Logged vrf_leakage 2026-07-17T20:31:20.461849+00:00 -> 2026-07-17T20:35:39.495882+00:00
[2026-07-17T20:43:53.992528+00:00]   recovery settle 4.7 min...
[2026-07-17T20:48:35.427086+00:00]    iperf3 server listening on station2 (192.168.50.20)
[2026-07-17T20:48:41.000098+00:00] Baseline traffic: 47 Mbps (station1 -> 192.168.50.20 via eth0)
[2026-07-17T20:48:51.014161+00:00]    iperf3 client running (~47 Mbps)
[2026-07-17T20:48:51.014295+00:00] Normal ops before real bgp_route_flap 5.2 min...
[2026-07-17T20:54:01.448148+00:00] === REAL bgp_route_flap 1/3 run_id=spec_bgp_route_flap_001 ===
[2026-07-17T20:54:01.448456+00:00]   bgp_route_flap run=spec_bgp_route_flap_001: 4 slow flaps over 10.1min, then 7 rapid flaps
[2026-07-17T21:06:24.779265+00:00] Logged bgp_route_flap 2026-07-17T20:54:01.448444+00:00 -> 2026-07-17T21:04:10.655986+00:00
[2026-07-17T21:06:27.582371+00:00]   recovery settle 3.2 min...
[2026-07-17T21:09:42.692091+00:00]    iperf3 server listening on station2 (192.168.50.20)
[2026-07-17T21:09:45.142956+00:00] Baseline traffic: 24 Mbps (station1 -> 192.168.50.20 via eth0)
[2026-07-17T21:09:50.004509+00:00]    iperf3 client running (~24 Mbps)
[2026-07-17T21:09:50.004643+00:00] Normal ops before real tunnel_degradation 5.8 min...
[2026-07-17T21:15:35.060330+00:00] === REAL tunnel_degradation 2/3 run_id=spec_tunnel_degradation_002 ===
[2026-07-17T21:15:35.060660+00:00]   tunnel_degradation run=spec_tunnel_degradation_002: ramping to 9.3% loss / 37ms delay over 9.2min
[2026-07-17T21:26:31.160852+00:00] Logged tunnel_degradation 2026-07-17T21:15:35.060653+00:00 -> 2026-07-17T21:22:34.594754+00:00
[2026-07-17T21:26:33.252230+00:00]   recovery settle 5.0 min...
[2026-07-17T21:31:32.570492+00:00]    iperf3 server listening on station2 (192.168.50.20)
[2026-07-17T21:31:34.022537+00:00] Baseline traffic: 76 Mbps (station1 -> 192.168.50.20 via eth0)
[2026-07-17T21:31:38.859504+00:00]    iperf3 client running (~76 Mbps)
[2026-07-17T21:31:38.859634+00:00] Normal ops before real congestion_breach 5.5 min...
[2026-07-17T21:37:09.211289+00:00] === REAL congestion_breach 2/3 run_id=spec_congestion_breach_002 ===
[2026-07-17T21:37:09.211607+00:00]   congestion_breach run=spec_congestion_breach_002: 95->5mbit over 9.7min, 4 steps
[2026-07-17T21:51:34.286509+00:00] Logged congestion_breach 2026-07-17T21:37:09.211592+00:00 -> 2026-07-17T21:47:02.032704+00:00
[2026-07-17T21:51:40.909357+00:00]   recovery settle 3.7 min...
[2026-07-17T21:55:26.595498+00:00]    iperf3 server listening on station2 (192.168.50.20)
[2026-07-17T21:55:29.101356+00:00] Baseline traffic: 17 Mbps (station1 -> 192.168.50.20 via eth0)
[2026-07-17T21:55:33.935818+00:00]    iperf3 client running (~17 Mbps)
[2026-07-17T21:55:33.935946+00:00] Normal ops before real vrf_leakage 6.0 min...
[2026-07-17T22:01:32.466562+00:00] === REAL vrf_leakage 2/3 run_id=spec_vrf_leakage_002 ===
[2026-07-17T22:01:32.466937+00:00]   vrf_leakage run=spec_vrf_leakage_002: wrong RT import + PE2 symptom ramp to 3.8%/15ms over 6.2min, hold 6.9min
[2026-07-17T22:14:49.332644+00:00] Logged vrf_leakage 2026-07-17T22:01:32.466921+00:00 -> 2026-07-17T22:07:51.916328+00:00
[2026-07-17T22:14:50.914132+00:00]   recovery settle 4.4 min...
[2026-07-17T22:19:15.740808+00:00]    iperf3 server listening on station2 (192.168.50.20)
[2026-07-17T22:19:18.257343+00:00] Baseline traffic: 80 Mbps (station1 -> 192.168.50.20 via eth0)
[2026-07-17T22:19:24.161298+00:00]    iperf3 client running (~80 Mbps)
[2026-07-17T22:19:24.161481+00:00] Normal ops before real bgp_route_flap 4.0 min...
[2026-07-17T22:23:26.098104+00:00] === REAL bgp_route_flap 2/3 run_id=spec_bgp_route_flap_002 ===
[2026-07-17T22:23:26.098507+00:00]   bgp_route_flap run=spec_bgp_route_flap_002: 4 slow flaps over 9.2min, then 7 rapid flaps
[2026-07-17T22:35:05.818863+00:00] Logged bgp_route_flap 2026-07-17T22:23:26.098490+00:00 -> 2026-07-17T22:32:46.756561+00:00
[2026-07-17T22:35:07.273856+00:00]   recovery settle 4.4 min...
[2026-07-17T22:39:36.007263+00:00]    iperf3 server listening on station2 (192.168.50.20)
[2026-07-17T22:39:37.451261+00:00] Baseline traffic: 43 Mbps (station1 -> 192.168.50.20 via eth0)
[2026-07-17T22:39:42.354096+00:00]    iperf3 client running (~43 Mbps)
[2026-07-17T22:39:42.354224+00:00] Normal ops before real tunnel_degradation 5.4 min...
[2026-07-17T22:45:06.202741+00:00] === REAL tunnel_degradation 3/3 run_id=spec_tunnel_degradation_003 ===
[2026-07-17T22:45:06.203075+00:00]   tunnel_degradation run=spec_tunnel_degradation_003: ramping to 11.4% loss / 45ms delay over 11.9min
[2026-07-17T22:57:48.937366+00:00] Logged tunnel_degradation 2026-07-17T22:45:06.203062+00:00 -> 2026-07-17T22:54:03.041832+00:00
[2026-07-17T22:57:51.247155+00:00]   recovery settle 4.1 min...
[2026-07-17T23:02:01.439165+00:00]    iperf3 server listening on station2 (192.168.50.20)
[2026-07-17T23:02:03.861241+00:00] Baseline traffic: 85 Mbps (station1 -> 192.168.50.20 via eth0)
[2026-07-17T23:02:08.527531+00:00]    iperf3 client running (~85 Mbps)
[2026-07-17T23:02:08.527661+00:00] Normal ops before real congestion_breach 4.4 min...
[2026-07-17T23:06:30.851738+00:00] === REAL congestion_breach 3/3 run_id=spec_congestion_breach_003 ===
[2026-07-17T23:06:30.852121+00:00]   congestion_breach run=spec_congestion_breach_003: 95->5mbit over 9.5min, 5 steps
[2026-07-17T23:21:54.091720+00:00] Logged congestion_breach 2026-07-17T23:06:30.852105+00:00 -> 2026-07-17T23:16:12.597253+00:00
[2026-07-17T23:21:59.406309+00:00]   recovery settle 4.7 min...
[2026-07-17T23:26:46.131071+00:00]    iperf3 server listening on station2 (192.168.50.20)
[2026-07-17T23:26:48.686827+00:00] Baseline traffic: 58 Mbps (station1 -> 192.168.50.20 via eth0)
[2026-07-17T23:26:55.581621+00:00]    iperf3 client running (~58 Mbps)
[2026-07-17T23:26:55.581752+00:00] Normal ops before real vrf_leakage 5.2 min...
[2026-07-17T23:32:05.860982+00:00] === REAL vrf_leakage 3/3 run_id=spec_vrf_leakage_003 ===
[2026-07-17T23:32:05.861309+00:00]   vrf_leakage run=spec_vrf_leakage_003: wrong RT import + PE2 symptom ramp to 3.9%/11ms over 5.1min, hold 4.1min
[2026-07-17T23:41:33.220485+00:00] Logged vrf_leakage 2026-07-17T23:32:05.861293+00:00 -> 2026-07-17T23:37:22.585046+00:00
[2026-07-17T23:41:34.706272+00:00]   recovery settle 3.5 min...
[2026-07-17T23:45:09.376669+00:00]    iperf3 server listening on station2 (192.168.50.20)
[2026-07-17T23:45:12.040393+00:00] Baseline traffic: 78 Mbps (station1 -> 192.168.50.20 via eth0)
[2026-07-17T23:45:16.927726+00:00]    iperf3 client running (~78 Mbps)
[2026-07-17T23:45:16.927856+00:00] Normal ops before real bgp_route_flap 6.6 min...
[2026-07-17T23:51:50.406664+00:00] === REAL bgp_route_flap 3/3 run_id=spec_bgp_route_flap_003 ===
[2026-07-17T23:51:50.406988+00:00]   bgp_route_flap run=spec_bgp_route_flap_003: 3 slow flaps over 10.4min, then 7 rapid flaps
[2026-07-17T23:59:15.754203+00:00]    SSH timeout on station1@192.168.50.10
[2026-07-18T00:04:44.548038+00:00]    SSH timeout on station1@192.168.50.10
[2026-07-18T00:05:21.914627+00:00] Logged bgp_route_flap 2026-07-17T23:51:50.406972+00:00 -> 2026-07-18T00:02:44.022694+00:00
[2026-07-18T00:05:42.877576+00:00]   recovery settle 3.2 min...
[2026-07-18T00:08:58.816488+00:00]    iperf3 server listening on station2 (192.168.50.20)
[2026-07-18T00:09:02.347547+00:00] Baseline traffic: 84 Mbps (station1 -> 192.168.50.20 via eth0)
[2026-07-18T00:09:11.428919+00:00]    iperf3 client running (~84 Mbps)
[2026-07-18T00:09:11.429108+00:00] ============================================================
[2026-07-18T00:09:11.429150+00:00] SPECIFICITY DATA CAMPAIGN DONE — nm_pe1=8/8 nm_pe2=4/4 real={'tunnel_degradation': 3, 'congestion_breach': 3, 'vrf_leakage': 3, 'bgp_route_flap': 3}
[2026-07-18T00:09:11.429185+00:00] ============================================================
[2026-07-18T00:09:14.521925+00:00] ============================================================
[2026-07-18T00:09:14.522053+00:00] VALIDATING fault_injection_log.csv
[2026-07-18T00:09:14.522090+00:00] ============================================================
[2026-07-18T00:09:14.522359+00:00] Total runs: 24
[2026-07-18T00:09:14.522522+00:00]   congestion_breach     n=3  avg= 10.2min  spread= 0.7min  WARN: durations suspiciously uniform
[2026-07-18T00:09:14.522644+00:00]   tunnel_degradation    n=3  avg=  7.0min  spread= 1.9min
[2026-07-18T00:09:14.522763+00:00]   bgp_route_flap        n=3  avg= 10.1min  spread= 0.8min  WARN: durations suspiciously uniform
[2026-07-18T00:09:14.522867+00:00]   vrf_leakage           n=3  avg=  5.3min  spread= 1.0min
[2026-07-18T00:09:14.522936+00:00] VALIDATION RESULT: WARN -- review flags before training
[2026-07-18T00:09:14.522976+00:00] ============================================================
