[1mLoading DECA model stack...[0m
WARNING: All log messages before absl::InitializeLog() is called are written to STDERR
I0000 00:00:1784624403.879954  894044 cudart_stub.cc:31] Could not find cuda drivers on your machine, GPU will not be used.
I0000 00:00:1784624403.934539  894044 cpu_feature_guard.cc:227] This TensorFlow binary is optimized to use available CPU instructions in performance-critical operations.
To enable the following instructions: AVX2 FMA, in other operations, rebuild TensorFlow with the appropriate compiler flags.
WARNING: All log messages before absl::InitializeLog() is called are written to STDERR
I0000 00:00:1784624405.210243  894044 cudart_stub.cc:31] Could not find cuda drivers on your machine, GPU will not be used.
E0000 00:00:1784624405.890519  894044 cuda_platform.cc:52] failed call to cuInit: INTERNAL: CUDA error: Failed call to cuInit: UNKNOWN ERROR (303)
  classes=['healthy', 'congestion_breach', 'tunnel_degradation', 'bgp_route_flap', 'vrf_leakage']
  ensemble (plain+wm agreement): off
  loom: soft_streak=True enter_k=3 advisory_enter_k=2
  LSTM ETA: ready | circumstance head: ready
  scoped hosts: ['station1', 'station2']
  cross-host echo suppress: origin-lock
  vrf origin-lock: on
  declarations -> /home/brain/deca-isro/data/rpi-net/live/blind_compound_tunnel_recheck_20260721_1430_40m/declarations.jsonl

[1m=== DECA LIVE OPERATOR watching blind_compound_tunnel_recheck_20260721_1430_40m (PROMETHEUS :9090) ===[0m

    clean telemetry live: 2427 → 1821 rows
[2m[09:00:06] tick 1[0m
  [36mstation1 [0m [32mhealthy[0m                      conf=0.75  ETA=  6.1m sev=[31mhigh  [0m [2m     f=99[0m
  [36mstation2 [0m [32mhealthy[0m                      conf=0.93  ETA=  2.6m sev=[31mhigh  [0m [2m     f=99[0m
    clean telemetry live: 2427 → 1821 rows
[2m[09:00:22] tick 2[0m
  [36mstation1 [0m [32mhealthy[0m                      conf=0.67  ETA=  8.0m sev=[31mhigh  [0m [2m     f=99[0m
  [36mstation2 [0m [32mhealthy[0m                      conf=0.95  ETA=  3.3m sev=[31mhigh  [0m [2m     f=99[0m
    clean telemetry live: 2427 → 1821 rows
[2m[09:00:37] tick 3[0m
  [36mstation1 [0m [32mhealthy[0m                      conf=0.88  ETA=  5.7m sev=[31mhigh  [0m [2m     f=99[0m
  [36mstation2 [0m [32mhealthy[0m                      conf=0.71  ETA=  3.8m sev=[31mhigh  [0m [2m     f=99[0m
    clean telemetry live: 2427 → 1821 rows
[2m[09:00:52] tick 4[0m
  [36mstation1 [0m [32mhealthy[0m                      conf=0.76  ETA=  7.3m sev=[31mhigh  [0m [2m     f=99[0m
  [36mstation2 [0m [32mhealthy[0m                      conf=0.73  ETA=  3.8m sev=[31mhigh  [0m [2m     f=99[0m
    clean telemetry live: 2427 → 1821 rows
[2m[09:01:08] tick 5[0m
  [36mstation1 [0m [32mhealthy[0m                      conf=0.74  ETA=  4.8m sev=[31mhigh  [0m [2m     f=99[0m
  [36mstation2 [0m [32mhealthy[0m                      conf=0.61  ETA=  3.3m sev=[31mhigh  [0m [2m     f=99[0m
    clean telemetry live: 2427 → 1821 rows
[2m[09:01:23] tick 6[0m
  [36mstation1 [0m [32mhealthy[0m                      conf=0.84  ETA=  6.2m sev=[31mhigh  [0m [2m     f=99[0m
  [36mstation2 [0m [32mhealthy[0m                      conf=0.71  ETA=  2.7m sev=[31mhigh  [0m [2m     f=99[0m
    clean telemetry live: 2427 → 1821 rows
[2m[09:01:39] tick 7[0m
  [36mstation1 [0m [32mhealthy[0m                      conf=0.82  ETA=  5.5m sev=[31mhigh  [0m [2m     f=99[0m
  [36mstation2 [0m [32mhealthy[0m                      conf=0.64  ETA=  2.3m sev=[31mhigh  [0m [2m     f=99[0m
    clean telemetry live: 2427 → 1821 rows
[2m[09:01:54] tick 8[0m
  [36mstation1 [0m [32mhealthy[0m                      conf=0.80  ETA=  8.1m sev=[31mhigh  [0m [2m     f=99[0m
  [36mstation2 [0m [32mhealthy[0m                      conf=0.79  ETA=  2.9m sev=[31mhigh  [0m [2m     f=99[0m
    clean telemetry live: 2427 → 1821 rows
[2m[09:02:10] tick 9[0m
  [36mstation1 [0m [32mhealthy[0m                      conf=0.93  ETA=  5.6m sev=[31mhigh  [0m [2m     f=99[0m
  [36mstation2 [0m [32mhealthy[0m                      conf=0.96  ETA=  3.1m sev=[31mhigh  [0m [2m     f=99[0m
    clean telemetry live: 2427 → 1821 rows
[2m[09:02:25] tick 10[0m
  [36mstation1 [0m [32mhealthy[0m                      conf=0.93  ETA=  7.9m sev=[31mhigh  [0m [2m     f=99[0m
  [36mstation2 [0m [32mhealthy[0m                      conf=0.94  ETA=  2.5m sev=[31mhigh  [0m [2m     f=99[0m
    clean telemetry live: 2427 → 1821 rows
[2m[09:02:40] tick 11[0m
  [36mstation1 [0m [32mhealthy[0m                      conf=0.84  ETA=  6.2m sev=[31mhigh  [0m [2m     f=99[0m
  [36mstation2 [0m [32mhealthy[0m                      conf=0.83  ETA=  2.2m sev=[31mhigh  [0m [2m     f=99[0m
    clean telemetry live: 2427 → 1821 rows
[2m[09:02:56] tick 12[0m
  [36mstation1 [0m [32mhealthy[0m                      conf=0.49  ETA=  2.7m sev=[32mlow   [0m [2m     f=99[0m
  [36mstation2 [0m [32mhealthy[0m                      conf=0.85  ETA=  2.6m sev=[32mlow   [0m [2m     f=99[0m
    clean telemetry live: 2427 → 1821 rows
[2m[09:03:11] tick 13[0m
  [36mstation1 [0m [32mhealthy[0m                      conf=0.58  ETA=  2.3m sev=[32mlow   [0m [2m     f=99[0m
  [36mstation2 [0m [32mhealthy[0m                      conf=0.47  ETA=  3.0m sev=[32mlow   [0m [2m     f=99[0m
    clean telemetry live: 2427 → 1821 rows
[2m[09:03:27] tick 14[0m
  [36mstation1 [0m [32mhealthy[0m                      conf=0.84  ETA=  3.0m sev=[32mlow   [0m [2m     f=99[0m
  [36mstation2 [0m [32mhealthy[0m                      conf=0.83  ETA=  4.3m sev=[32mlow   [0m [2m     f=99[0m
    clean telemetry live: 2427 → 1821 rows
[2m[09:03:42] tick 15[0m
  [36mstation1 [0m [33mADVISORY  tunnel_degradation[0m conf=0.98  ETA=  3.3m sev=[32mlow   [0m [2m     f=99[0m
  [36mstation2 [0m [33mADVISORY  tunnel_degradation[0m conf=0.98  ETA=  3.7m sev=[32mlow   [0m [2m     f=99[0m
    clean telemetry live: 2427 → 1821 rows
[2m[09:03:57] tick 16[0m
  [36mstation1 [0m [33mADVISORY  tunnel_degradation[0m conf=0.97  ETA=  3.0m sev=[32mlow   [0m [2m     f=99[0m
  [36mstation2 [0m [33mADVISORY  tunnel_degradation[0m conf=0.99  ETA=  2.0m sev=[33mmedium[0m [2m     f=99[0m
    clean telemetry live: 2427 → 1821 rows
[2m[09:04:13] tick 17[0m
  [36mstation1 [0m [33mADVISORY  tunnel_degradation[0m conf=0.97  ETA=  3.4m sev=[33mmedium[0m [2m     f=99[0m
  [36mstation2 [0m [33mADVISORY  tunnel_degradation[0m conf=0.98  ETA=  2.4m sev=[33mmedium[0m [2m     f=99[0m
    clean telemetry live: 2427 → 1821 rows
[2m[09:04:28] tick 18[0m
  [36mstation1 [0m [31m[1mCONFIRMED tunnel_degradation[0m conf=0.98  ETA=  7.4m sev=[33mmedium[0m [2m     f=99[0m
  [36mstation2 [0m [33mADVISORY  tunnel_degradation[0m conf=0.99  ETA=  2.9m sev=[33mmedium[0m [2m     f=99[0m [2m[echo↓:tunnel_degradation → held][0m
    clean telemetry live: 2427 → 1821 rows
[2m[09:04:44] tick 19[0m
  [36mstation1 [0m [31m[1mCONFIRMED tunnel_degradation[0m conf=0.99  ETA=  7.0m sev=[33mmedium[0m [2m     f=99[0m
  [36mstation2 [0m [33mADVISORY  tunnel_degradation[0m conf=1.00  ETA=  4.3m sev=[33mmedium[0m [2m     f=99[0m [2m[echo↓:tunnel_degradation → held][0m
    clean telemetry live: 2427 → 1821 rows
[2m[09:04:59] tick 20[0m
  [36mstation1 [0m [31m[1mCONFIRMED tunnel_degradation[0m conf=0.97  ETA=  7.9m sev=[33mmedium[0m [2m     f=99[0m
  [36mstation2 [0m [33mADVISORY  tunnel_degradation[0m conf=0.97  ETA=  3.9m sev=[33mmedium[0m [2m     f=99[0m [2m[echo↓:tunnel_degradation → held][0m
    clean telemetry live: 2427 → 1821 rows
[2m[09:05:14] tick 21[0m
  [36mstation1 [0m [31m[1mCONFIRMED tunnel_degradation[0m conf=0.97  ETA=  6.9m sev=[31mhigh  [0m [2m     f=99[0m
  [36mstation2 [0m [33mADVISORY  tunnel_degradation[0m conf=1.00  ETA=  3.9m sev=[31mhigh  [0m [2m     f=99[0m [2m[echo↓:tunnel_degradation → held][0m
    clean telemetry live: 2424 → 1818 rows
[2m[09:05:30] tick 22[0m
  [36mstation1 [0m [31m[1mCONFIRMED tunnel_degradation[0m conf=0.98  ETA=  4.8m sev=[31mhigh  [0m [2m     f=99[0m
  [36mstation2 [0m [33mADVISORY  tunnel_degradation[0m conf=0.99  ETA=  3.2m sev=[31mhigh  [0m [2m     f=99[0m [2m[echo↓:tunnel_degradation → held][0m
    clean telemetry live: 2424 → 1818 rows
[2m[09:05:45] tick 23[0m
  [36mstation1 [0m [31m[1mCONFIRMED tunnel_degradation[0m conf=0.98  ETA=  5.8m sev=[31mhigh  [0m [2m     f=99[0m
  [36mstation2 [0m [33mADVISORY  tunnel_degradation[0m conf=0.99  ETA=  3.0m sev=[31mhigh  [0m [2mcirc f=99[0m [2m[echo↓:tunnel_degradation → held][0m
    clean telemetry live: 2427 → 1821 rows
[2m[09:06:01] tick 24[0m
  [36mstation1 [0m [31m[1mCONFIRMED tunnel_degradation[0m conf=0.99  ETA=  6.2m sev=[31mhigh  [0m [2m     f=99[0m
  [36mstation2 [0m [33mADVISORY  tunnel_degradation[0m conf=0.98  ETA=  3.5m sev=[31mhigh  [0m [2mcirc f=99[0m [2m[echo↓:tunnel_degradation → held][0m
    clean telemetry live: 2427 → 1821 rows
[2m[09:06:16] tick 25[0m
  [36mstation1 [0m [31m[1mCONFIRMED tunnel_degradation[0m conf=0.99  ETA=  4.9m sev=[31mhigh  [0m [2m     f=99[0m
  [36mstation2 [0m [33mADVISORY  tunnel_degradation[0m conf=1.00  ETA=  2.9m sev=[31mhigh  [0m [2m     f=99[0m [2m[echo↓:tunnel_degradation → held][0m
    clean telemetry live: 2427 → 1821 rows
[2m[09:06:32] tick 26[0m
  [36mstation1 [0m [31m[1mCONFIRMED tunnel_degradation[0m conf=0.98  ETA=  4.3m sev=[31mhigh  [0m [2m     f=99[0m
  [36mstation2 [0m [33mADVISORY  tunnel_degradation[0m conf=0.98  ETA=  3.0m sev=[31mhigh  [0m [2m     f=99[0m [2m[echo↓:tunnel_degradation → held][0m
    clean telemetry live: 2427 → 1821 rows
[2m[09:06:47] tick 27[0m
  [36mstation1 [0m [31m[1mCONFIRMED tunnel_degradation[0m conf=0.95  ETA=  3.2m sev=[31mhigh  [0m [2m     f=99[0m
  [36mstation2 [0m [33mADVISORY  tunnel_degradation[0m conf=0.99  ETA=  3.0m sev=[31mhigh  [0m [2mcirc f=99[0m [2m[echo↓:tunnel_degradation → held][0m
    clean telemetry live: 2427 → 1821 rows
[2m[09:07:03] tick 28[0m
  [36mstation1 [0m [31m[1mCONFIRMED tunnel_degradation[0m conf=0.97  ETA=  2.7m sev=[31mhigh  [0m [2mcirc f=99[0m
  [36mstation2 [0m [33mADVISORY  tunnel_degradation[0m conf=0.98  ETA=  2.7m sev=[31mhigh  [0m [2m     f=99[0m [2m[echo↓:tunnel_degradation → held][0m
    clean telemetry live: 2427 → 1821 rows
[2m[09:07:18] tick 29[0m
  [36mstation1 [0m [31m[1mCONFIRMED tunnel_degradation[0m conf=0.97  ETA=  3.0m sev=[31mhigh  [0m [2m     f=99[0m
  [36mstation2 [0m [33mADVISORY  tunnel_degradation[0m conf=0.95  ETA=  2.6m sev=[31mhigh  [0m [2m     f=99[0m [2m[echo↓:tunnel_degradation → held][0m
    clean telemetry live: 2427 → 1821 rows
[2m[09:07:33] tick 30[0m
  [36mstation1 [0m [31m[1mCONFIRMED tunnel_degradation[0m conf=0.95  ETA=  1.9m sev=[31mhigh  [0m [2mcirc f=99[0m
  [36mstation2 [0m [33mADVISORY  tunnel_degradation[0m conf=0.98  ETA=  2.3m sev=[31mhigh  [0m [2mcirc f=99[0m [2m[echo↓:tunnel_degradation → held][0m
    clean telemetry live: 2427 → 1821 rows
[2m[09:07:49] tick 31[0m
  [36mstation1 [0m [31m[1mCONFIRMED tunnel_degradation[0m conf=0.96  ETA=  2.3m sev=[31mhigh  [0m [2m     f=99[0m
  [36mstation2 [0m [33mADVISORY  tunnel_degradation[0m conf=0.98  ETA=  1.6m sev=[31mhigh  [0m [2m     f=99[0m [2m[echo↓:tunnel_degradation → held][0m
    clean telemetry live: 2427 → 1821 rows
[2m[09:08:04] tick 32[0m
  [36mstation1 [0m [31m[1mCONFIRMED tunnel_degradation[0m conf=0.94  ETA=  1.4m sev=[31mhigh  [0m [2mcirc f=99[0m
  [36mstation2 [0m [33mADVISORY  tunnel_degradation[0m conf=0.99  ETA=  1.9m sev=[31mhigh  [0m [2mcirc f=99[0m [2m[echo↓:tunnel_degradation → held][0m
    clean telemetry live: 2427 → 1821 rows
[2m[09:08:20] tick 33[0m
  [36mstation1 [0m [31m[1mCONFIRMED tunnel_degradation[0m conf=0.81  ETA=  1.1m sev=[31mhigh  [0m [2mcirc f=99[0m
  [36mstation2 [0m [33mADVISORY  tunnel_degradation[0m conf=0.95  ETA=  1.5m sev=[31mhigh  [0m [2m     f=99[0m [2m[echo↓:tunnel_degradation → held][0m
    clean telemetry live: 2427 → 1821 rows
[2m[09:08:35] tick 34[0m
  [36mstation1 [0m [31m[1mCONFIRMED tunnel_degradation[0m conf=0.82  ETA=  1.0m sev=[31mhigh  [0m [2mcirc f=99[0m
  [36mstation2 [0m [33mADVISORY  tunnel_degradation[0m conf=0.97  ETA=  1.4m sev=[31mhigh  [0m [2mcirc f=99[0m [2m[echo↓:tunnel_degradation → held][0m
    clean telemetry live: 2427 → 1821 rows
[2m[09:08:51] tick 35[0m
  [36mstation1 [0m [31m[1mCONFIRMED tunnel_degradation[0m conf=0.77  ETA=  0.8m sev=[31mhigh  [0m [2mcirc f=99[0m
  [36mstation2 [0m [33mADVISORY  tunnel_degradation[0m conf=0.90  ETA=  1.4m sev=[31mhigh  [0m [2m     f=99[0m [2m[echo↓:tunnel_degradation → held][0m
    clean telemetry live: 2427 → 1821 rows
[2m[09:09:06] tick 36[0m
  [36mstation1 [0m [31m[1mCONFIRMED tunnel_degradation[0m conf=0.70  ETA=  0.8m sev=[31mhigh  [0m [2m     f=99[0m
  [36mstation2 [0m [33mADVISORY  tunnel_degradation[0m conf=0.95  ETA=  1.4m sev=[31mhigh  [0m [2mcirc f=99[0m [2m[echo↓:tunnel_degradation → held][0m
    clean telemetry live: 2427 → 1821 rows
[2m[09:09:22] tick 37[0m
  [36mstation1 [0m [31m[1mCONFIRMED tunnel_degradation[0m conf=0.75  ETA=  1.5m sev=[31mhigh  [0m [2m     f=99[0m
  [36mstation2 [0m [33mADVISORY  tunnel_degradation[0m conf=0.90  ETA=  1.6m sev=[31mhigh  [0m [2m     f=99[0m [2m[echo↓:tunnel_degradation → held][0m
    clean telemetry live: 2427 → 1821 rows
[2m[09:09:37] tick 38[0m
  [36mstation1 [0m [31m[1mCONFIRMED tunnel_degradation[0m conf=0.84  ETA=  1.4m sev=[31mhigh  [0m [2m     f=99[0m
  [36mstation2 [0m [33mADVISORY  tunnel_degradation[0m conf=0.92  ETA=  1.6m sev=[31mhigh  [0m [2m     f=99[0m [2m[echo↓:tunnel_degradation → held][0m
    clean telemetry live: 2427 → 1821 rows
[2m[09:09:52] tick 39[0m
  [36mstation1 [0m [31m[1mCONFIRMED tunnel_degradation[0m conf=0.64  ETA=  0.7m sev=[31mhigh  [0m [2m     f=99[0m
  [36mstation2 [0m [33mADVISORY  tunnel_degradation[0m conf=0.86  ETA=  1.5m sev=[31mhigh  [0m [2m     f=99[0m [2m[echo↓:tunnel_degradation → held][0m
    clean telemetry live: 2427 → 1821 rows
[2m[09:10:08] tick 40[0m
  [36mstation1 [0m [32mhealthy[0m                      conf=0.54  ETA=  0.8m sev=[31mhigh  [0m [2m     f=99[0m
  [36mstation2 [0m [33mADVISORY  tunnel_degradation[0m conf=0.65  ETA=  1.9m sev=[31mhigh  [0m [2m     f=99[0m [2m[echo↓:tunnel_degradation → held][0m
    clean telemetry live: 2427 → 1821 rows
[2m[09:10:23] tick 41[0m
  [36mstation1 [0m [32mhealthy[0m                      conf=0.65  ETA=  0.8m sev=[31mhigh  [0m [2m     f=99[0m
  [36mstation2 [0m [33mADVISORY  tunnel_degradation[0m conf=0.64  ETA=  1.9m sev=[31mhigh  [0m [2m     f=99[0m [2m[echo↓:tunnel_degradation → held][0m
    clean telemetry live: 2427 → 1821 rows
[2m[09:10:39] tick 42[0m
  [36mstation1 [0m [32mhealthy[0m                      conf=0.78  ETA=  0.8m sev=[31mhigh  [0m [2m     f=99[0m
  [36mstation2 [0m [32mhealthy[0m                      conf=0.70  ETA=  2.0m sev=[31mhigh  [0m [2mcirc f=99[0m
    clean telemetry live: 2427 → 1821 rows
[2m[09:10:54] tick 43[0m
  [36mstation1 [0m [32mhealthy[0m                      conf=0.82  ETA=  0.8m sev=[31mhigh  [0m [2m     f=99[0m
  [36mstation2 [0m [33mADVISORY  tunnel_degradation[0m conf=0.82  ETA=  2.0m sev=[31mhigh  [0m [2mcirc f=99[0m [2m[echo↓:tunnel_degradation → held][0m
    clean telemetry live: 2427 → 1821 rows
[2m[09:11:10] tick 44[0m
  [36mstation1 [0m [32mhealthy[0m                      conf=0.78  ETA=  0.8m sev=[31mhigh  [0m [2m     f=99[0m
  [36mstation2 [0m [33mADVISORY  tunnel_degradation[0m conf=0.61  ETA=  1.8m sev=[31mhigh  [0m [2mcirc f=99[0m [2m[echo↓:tunnel_degradation → held][0m
    clean telemetry live: 2427 → 1821 rows
[2m[09:11:25] tick 45[0m
  [36mstation1 [0m [32mhealthy[0m                      conf=0.85  ETA=  0.8m sev=[31mhigh  [0m [2mcirc f=99[0m
  [36mstation2 [0m [33mADVISORY  tunnel_degradation[0m conf=0.74  ETA=  2.2m sev=[31mhigh  [0m [2mcirc f=99[0m [2m[echo↓:tunnel_degradation → held][0m
    clean telemetry live: 2427 → 1821 rows
[2m[09:11:40] tick 46[0m
  [36mstation1 [0m [32mhealthy[0m                      conf=0.84  ETA=  0.7m sev=[31mhigh  [0m [2mcirc f=99[0m
  [36mstation2 [0m [32mhealthy[0m                      conf=0.65  ETA=  2.1m sev=[31mhigh  [0m [2m     f=99[0m
    clean telemetry live: 2427 → 1821 rows
[2m[09:11:56] tick 47[0m
  [36mstation1 [0m [32mhealthy[0m                      conf=0.81  ETA=  1.1m sev=[31mhigh  [0m [2m     f=99[0m
  [36mstation2 [0m [32mhealthy[0m                      conf=0.80  ETA=  1.9m sev=[31mhigh  [0m [2m     f=99[0m
    clean telemetry live: 2427 → 1821 rows
[2m[09:12:11] tick 48[0m
  [36mstation1 [0m [32mhealthy[0m                      conf=0.92  ETA=  1.1m sev=[31mhigh  [0m [2mcirc f=99[0m
  [36mstation2 [0m [32mhealthy[0m                      conf=0.83  ETA=  2.2m sev=[31mhigh  [0m [2m     f=99[0m
    clean telemetry live: 2427 → 1821 rows
[2m[09:12:27] tick 49[0m
  [36mstation1 [0m [32mhealthy[0m                      conf=0.90  ETA=  0.7m sev=[31mhigh  [0m [2mcirc f=99[0m
  [36mstation2 [0m [32mhealthy[0m                      conf=0.70  ETA=  2.3m sev=[31mhigh  [0m [2m     f=99[0m
    clean telemetry live: 2427 → 1821 rows
[2m[09:12:42] tick 50[0m
  [36mstation1 [0m [32mhealthy[0m                      conf=0.92  ETA=  0.8m sev=[31mhigh  [0m [2m     f=99[0m
  [36mstation2 [0m [32mhealthy[0m                      conf=0.71  ETA=  2.0m sev=[31mhigh  [0m [2m     f=99[0m
    clean telemetry live: 2427 → 1821 rows
[2m[09:12:58] tick 51[0m
  [36mstation1 [0m [32mhealthy[0m                      conf=0.86  ETA=  0.8m sev=[31mhigh  [0m [2m     f=99[0m
  [36mstation2 [0m [32mhealthy[0m                      conf=0.89  ETA=  2.2m sev=[31mhigh  [0m [2m     f=99[0m
    clean telemetry live: 2427 → 1821 rows
[2m[09:13:13] tick 52[0m
  [36mstation1 [0m [32mhealthy[0m                      conf=0.66  ETA=  0.7m sev=[31mhigh  [0m [2m     f=99[0m
  [36mstation2 [0m [32mhealthy[0m                      conf=0.76  ETA=  2.3m sev=[31mhigh  [0m [2m     f=99[0m
    clean telemetry live: 2427 → 1821 rows
[2m[09:13:29] tick 53[0m
  [36mstation1 [0m [32mhealthy[0m                      conf=0.88  ETA=  0.6m sev=[31mhigh  [0m [2m     f=99[0m
  [36mstation2 [0m [32mhealthy[0m                      conf=0.79  ETA=  2.2m sev=[31mhigh  [0m [2m     f=99[0m
    clean telemetry live: 2427 → 1821 rows
[2m[09:13:44] tick 54[0m
  [36mstation1 [0m [32mhealthy[0m                      conf=0.93  ETA=  0.5m sev=[31mhigh  [0m [2m     f=99[0m
  [36mstation2 [0m [32mhealthy[0m                      conf=0.81  ETA=  2.3m sev=[31mhigh  [0m [2m     f=99[0m
    clean telemetry live: 2427 → 1821 rows
[2m[09:14:00] tick 55[0m
  [36mstation1 [0m [32mhealthy[0m                      conf=0.93  ETA=  0.5m sev=[31mhigh  [0m [2m     f=99[0m
  [36mstation2 [0m [32mhealthy[0m                      conf=0.79  ETA=  2.0m sev=[31mhigh  [0m [2m     f=99[0m
    clean telemetry live: 2424 → 1818 rows
[2m[09:14:15] tick 56[0m
  [36mstation1 [0m [32mhealthy[0m                      conf=0.89  ETA=  0.4m sev=[31mhigh  [0m [2m     f=99[0m
  [36mstation2 [0m [32mhealthy[0m                      conf=0.90  ETA=  1.9m sev=[31mhigh  [0m [2m     f=99[0m
    clean telemetry live: 2424 → 1818 rows
[2m[09:14:31] tick 57[0m
  [36mstation1 [0m [32mhealthy[0m                      conf=0.51  ETA=  0.5m sev=[31mhigh  [0m [2m     f=99[0m
  [36mstation2 [0m [32mhealthy[0m                      conf=0.85  ETA=  2.2m sev=[31mhigh  [0m [2m     f=99[0m
    clean telemetry live: 2427 → 1821 rows
[2m[09:14:46] tick 58[0m
  [36mstation1 [0m [32mhealthy[0m                      conf=0.86  ETA=  0.4m sev=[31mhigh  [0m [2m     f=99[0m
  [36mstation2 [0m [32mhealthy[0m                      conf=0.80  ETA=  2.1m sev=[31mhigh  [0m [2m     f=99[0m
    clean telemetry live: 2427 → 1821 rows
[2m[09:15:01] tick 59[0m
  [36mstation1 [0m [32mhealthy[0m                      conf=0.61  ETA=  0.6m sev=[31mhigh  [0m [2m     f=99[0m
  [36mstation2 [0m [32mhealthy[0m                      conf=0.80  ETA=  1.7m sev=[31mhigh  [0m [2m     f=99[0m
    clean telemetry live: 2427 → 1821 rows
[2m[09:15:17] tick 60[0m
  [36mstation1 [0m [32mhealthy[0m                      conf=0.86  ETA=  0.5m sev=[31mhigh  [0m [2m     f=99[0m
  [36mstation2 [0m [32mhealthy[0m                      conf=0.83  ETA=  1.9m sev=[31mhigh  [0m [2m     f=99[0m
    clean telemetry live: 2427 → 1821 rows
[2m[09:15:32] tick 61[0m
  [36mstation1 [0m [32mhealthy[0m                      conf=0.56  ETA=  0.7m sev=[31mhigh  [0m [2m     f=99[0m
  [36mstation2 [0m [32mhealthy[0m                      conf=0.80  ETA=  1.6m sev=[31mhigh  [0m [2m     f=99[0m
    clean telemetry live: 2427 → 1821 rows
[2m[09:15:48] tick 62[0m
  [36mstation1 [0m [32mhealthy[0m                      conf=0.89  ETA=  0.8m sev=[31mhigh  [0m [2m     f=99[0m
  [36mstation2 [0m [32mhealthy[0m                      conf=0.92  ETA=  1.6m sev=[31mhigh  [0m [2m     f=99[0m
    clean telemetry live: 2427 → 1821 rows
[2m[09:16:03] tick 63[0m
  [36mstation1 [0m [32mhealthy[0m                      conf=0.97  ETA=  0.9m sev=[31mhigh  [0m [2m     f=99[0m
  [36mstation2 [0m [32mhealthy[0m                      conf=0.99  ETA=  1.2m sev=[31mhigh  [0m [2m     f=99[0m
