[2026-07-15T19:15:19.318158+00:00] Run directory: /home/brain/deca-isro/data/rpi-net/runs/20260715_191519_circ_v2
[2026-07-15T19:15:19.318238+00:00] ============================================================
[2026-07-15T19:15:19.318266+00:00] DECA CIRCUMSTANCE CAMPAIGN — 5 events × 4 faults = 20 total
[2026-07-15T19:15:19.318290+00:00] ============================================================
[2026-07-15T19:15:23.782348+00:00]    iperf3 server listening on station2 (192.168.50.20)
[2026-07-15T19:15:26.246259+00:00] Baseline traffic: 39 Mbps (station1 -> 192.168.50.20 via eth0)
[2026-07-15T19:15:34.172546+00:00]    iperf3 client running (~39 Mbps)
[2026-07-15T19:15:34.172825+00:00] Normal operations for 15.3 minutes (circumstance baseline)...
[2026-07-15T19:23:14.064186+00:00]    iperf3 server listening on station2 (192.168.50.20)
[2026-07-15T19:23:15.526734+00:00] Baseline traffic: 53 Mbps (station1 -> 192.168.50.20 via eth0)
[2026-07-15T19:23:21.461820+00:00]    iperf3 client running (~53 Mbps)
[2026-07-15T19:23:21.461944+00:00] NEAR-MISS aborted onset for 44s (not a real fault)...
[2026-07-15T19:24:08.529180+00:00] Logged near-miss near_miss_001 (healthy / precursor_aborted)
[2026-07-15T19:31:46.736554+00:00] --- EVENT 1: congestion_breach (run_id=real_congestion_breach_001) ---
[2026-07-15T19:31:46.736863+00:00]   phase=circumstance: pre-conditions forming (ramp)...
[2026-07-15T19:31:46.736963+00:00]   congestion_breach run=real_congestion_breach_001: 95->10mbit over 13.5min, 5 steps
[2026-07-15T19:50:25.826691+00:00]   phases: circumstance 2026-07-15T19:31:46.736945+00:00 → breach 2026-07-15T19:45:30.247962+00:00 → recovery 2026-07-15T19:50:25.826306+00:00
[2026-07-15T19:50:32.333923+00:00]   cleanup complete for real_congestion_breach_001
[2026-07-15T19:50:32.334192+00:00]   Progress congestion_breach: 1/5
[2026-07-15T19:50:32.709095+00:00] Exported /home/brain/deca-isro/data/rpi-net/runs/20260715_191519_circ_v2/network_telemetry.csv (2520 rows) [snapshot]
[2026-07-15T19:50:32.737900+00:00] Exported /home/brain/deca-isro/data/rpi-net/runs/20260715_191519_circ_v2/network_campaign_export.csv (420 rows) [snapshot]
[2026-07-15T19:50:32.738791+00:00]   recovery settle 5.1 min...
[2026-07-15T19:55:39.294056+00:00] Normal operations for 15.7 minutes (circumstance baseline)...
[2026-07-15T20:03:30.841250+00:00]    iperf3 server listening on station2 (192.168.50.20)
[2026-07-15T20:03:32.312371+00:00] Baseline traffic: 29 Mbps (station1 -> 192.168.50.20 via eth0)
[2026-07-15T20:03:37.209137+00:00]    iperf3 client running (~29 Mbps)
[2026-07-15T20:11:26.881391+00:00] --- EVENT 2: tunnel_degradation (run_id=real_tunnel_degradation_002) ---
[2026-07-15T20:11:26.881545+00:00]   phase=circumstance: pre-conditions forming (ramp)...
[2026-07-15T20:11:26.881593+00:00]   tunnel_degradation run=real_tunnel_degradation_002: ramping to 8.3% loss / 32ms delay over 8.3min
[2026-07-15T20:22:57.619938+00:00]   phases: circumstance 2026-07-15T20:11:26.881586+00:00 → breach 2026-07-15T20:17:00.060107+00:00 → recovery 2026-07-15T20:22:57.619435+00:00
[2026-07-15T20:23:01.828181+00:00]   cleanup complete for real_tunnel_degradation_002
[2026-07-15T20:23:01.828461+00:00]   Progress tunnel_degradation: 1/5
[2026-07-15T20:23:01.889424+00:00] Exported /home/brain/deca-isro/data/rpi-net/runs/20260715_191519_circ_v2/network_telemetry.csv (4860 rows) [snapshot]
[2026-07-15T20:23:01.915469+00:00] Exported /home/brain/deca-isro/data/rpi-net/runs/20260715_191519_circ_v2/network_campaign_export.csv (810 rows) [snapshot]
[2026-07-15T20:23:01.916256+00:00]   recovery settle 3.7 min...
[2026-07-15T20:26:40.997483+00:00] Normal operations for 10.8 minutes (circumstance baseline)...
[2026-07-15T20:32:05.747650+00:00]    iperf3 server listening on station2 (192.168.50.20)
[2026-07-15T20:32:07.201931+00:00] Baseline traffic: 70 Mbps (station1 -> 192.168.50.20 via eth0)
[2026-07-15T20:32:12.069263+00:00]    iperf3 client running (~70 Mbps)
[2026-07-15T20:37:34.821656+00:00] --- EVENT 3: bgp_route_flap (run_id=real_bgp_route_flap_003) ---
[2026-07-15T20:37:34.821936+00:00]   phase=circumstance: pre-conditions forming (ramp)...
[2026-07-15T20:37:34.822138+00:00]   bgp_route_flap run=real_bgp_route_flap_003: 2 slow flaps over 8.5min, then 5 rapid flaps
[2026-07-15T20:47:35.858659+00:00]   phases: circumstance 2026-07-15T20:37:34.822123+00:00 → breach 2026-07-15T20:46:08.499057+00:00 → recovery 2026-07-15T20:47:35.858228+00:00
[2026-07-15T20:47:38.475763+00:00]   cleanup complete for real_bgp_route_flap_003
[2026-07-15T20:47:38.476052+00:00]   Progress bgp_route_flap: 1/5
[2026-07-15T20:47:38.561588+00:00] Exported /home/brain/deca-isro/data/rpi-net/runs/20260715_191519_circ_v2/network_telemetry.csv (6646 rows) [snapshot]
[2026-07-15T20:47:38.568457+00:00]   mid-campaign export warn: time data "2026-07-15T20:37:36.392687+00:00" doesn't match format "%Y-%m-%dT%H:%M:%S%z", at position 329. You might want to try:
    - passing `format` if your strings have a consistent format;
    - passing `format='ISO8601'` if your strings are all ISO8601 but not necessarily in exactly the same format;
    - passing `format='mixed'`, and the format will be inferred for each element individually. You might want to use `dayfirst` alongside this.
[2026-07-15T20:47:38.569460+00:00]   recovery settle 5.2 min...
[2026-07-15T20:52:51.144396+00:00] Normal operations for 16.9 minutes (circumstance baseline)...
[2026-07-15T21:01:20.779457+00:00]    iperf3 server listening on station2 (192.168.50.20)
[2026-07-15T21:01:22.229510+00:00] Baseline traffic: 84 Mbps (station1 -> 192.168.50.20 via eth0)
[2026-07-15T21:01:27.112351+00:00]    iperf3 client running (~84 Mbps)
[2026-07-15T21:09:54.950899+00:00] --- EVENT 4: vrf_leakage (run_id=real_vrf_leakage_004) ---
[2026-07-15T21:09:54.951201+00:00]   phase=circumstance: pre-conditions forming (ramp)...
[2026-07-15T21:09:54.951312+00:00]   vrf_leakage run=real_vrf_leakage_004: wrong RT import + PE2 symptom ramp to 2.3%/14ms over 4.5min, hold 8.4min
[2026-07-15T21:22:57.736930+00:00]   phases: circumstance 2026-07-15T21:09:54.951304+00:00 → breach 2026-07-15T21:14:33.242877+00:00 → recovery 2026-07-15T21:22:57.736489+00:00
[2026-07-15T21:22:59.251596+00:00]   cleanup complete for real_vrf_leakage_004
[2026-07-15T21:22:59.252050+00:00]   Progress vrf_leakage: 1/5
[2026-07-15T21:22:59.356180+00:00] Exported /home/brain/deca-isro/data/rpi-net/runs/20260715_191519_circ_v2/network_telemetry.csv (9186 rows) [snapshot]
[2026-07-15T21:22:59.363550+00:00]   mid-campaign export warn: time data "2026-07-15T20:37:36.392687+00:00" doesn't match format "%Y-%m-%dT%H:%M:%S%z", at position 329. You might want to try:
    - passing `format` if your strings have a consistent format;
    - passing `format='ISO8601'` if your strings are all ISO8601 but not necessarily in exactly the same format;
    - passing `format='mixed'`, and the format will be inferred for each element individually. You might want to use `dayfirst` alongside this.
[2026-07-15T21:22:59.364745+00:00]   recovery settle 3.5 min...
[2026-07-15T21:26:29.067113+00:00] Normal operations for 14.7 minutes (circumstance baseline)...
[2026-07-15T21:33:52.637498+00:00]    iperf3 server listening on station2 (192.168.50.20)
[2026-07-15T21:33:55.147124+00:00] Baseline traffic: 21 Mbps (station1 -> 192.168.50.20 via eth0)
[2026-07-15T21:34:07.193032+00:00]    iperf3 client running (~21 Mbps)
[2026-07-15T21:41:27.860404+00:00] --- EVENT 5: congestion_breach (run_id=real_congestion_breach_005) ---
[2026-07-15T21:41:27.860732+00:00]   phase=circumstance: pre-conditions forming (ramp)...
[2026-07-15T21:41:27.860875+00:00]   congestion_breach run=real_congestion_breach_005: 95->8mbit over 11.5min, 4 steps
[2026-07-15T21:58:57.277518+00:00]   phases: circumstance 2026-07-15T21:41:27.860857+00:00 → breach 2026-07-15T21:53:11.257067+00:00 → recovery 2026-07-15T21:58:57.277140+00:00
[2026-07-15T21:59:03.620254+00:00]   cleanup complete for real_congestion_breach_005
[2026-07-15T21:59:03.620545+00:00]   Progress congestion_breach: 2/5
[2026-07-15T21:59:03.761771+00:00] Exported /home/brain/deca-isro/data/rpi-net/runs/20260715_191519_circ_v2/network_telemetry.csv (11778 rows) [snapshot]
[2026-07-15T21:59:03.770078+00:00]   mid-campaign export warn: time data "2026-07-15T20:37:36.392687+00:00" doesn't match format "%Y-%m-%dT%H:%M:%S%z", at position 329. You might want to try:
    - passing `format` if your strings have a consistent format;
    - passing `format='ISO8601'` if your strings are all ISO8601 but not necessarily in exactly the same format;
    - passing `format='mixed'`, and the format will be inferred for each element individually. You might want to use `dayfirst` alongside this.
[2026-07-15T21:59:03.771520+00:00]   recovery settle 3.5 min...
[2026-07-15T22:02:36.797560+00:00] Normal operations for 12.4 minutes (circumstance baseline)...
[2026-07-15T22:08:50.192933+00:00]    iperf3 server listening on station2 (192.168.50.20)
[2026-07-15T22:08:51.654222+00:00] Baseline traffic: 23 Mbps (station1 -> 192.168.50.20 via eth0)
[2026-07-15T22:08:57.583271+00:00]    iperf3 client running (~23 Mbps)
[2026-07-15T22:08:57.583404+00:00] NEAR-MISS aborted onset for 47s (not a real fault)...
[2026-07-15T22:09:45.523826+00:00] Logged near-miss near_miss_006 (healthy / precursor_aborted)
[2026-07-15T22:15:57.017145+00:00] --- EVENT 6: tunnel_degradation (run_id=real_tunnel_degradation_006) ---
[2026-07-15T22:15:57.017466+00:00]   phase=circumstance: pre-conditions forming (ramp)...
[2026-07-15T22:15:57.017591+00:00]   tunnel_degradation run=real_tunnel_degradation_006: ramping to 9.8% loss / 39ms delay over 11.5min
[2026-07-15T22:26:59.515771+00:00]   phases: circumstance 2026-07-15T22:15:57.017575+00:00 → breach 2026-07-15T22:23:38.252773+00:00 → recovery 2026-07-15T22:26:59.515384+00:00
[2026-07-15T22:27:01.300531+00:00]   cleanup complete for real_tunnel_degradation_006
[2026-07-15T22:27:01.300813+00:00]   Progress tunnel_degradation: 2/5
[2026-07-15T22:27:01.446661+00:00] Exported /home/brain/deca-isro/data/rpi-net/runs/20260715_191519_circ_v2/network_telemetry.csv (13794 rows) [snapshot]
[2026-07-15T22:27:01.455704+00:00]   mid-campaign export warn: time data "2026-07-15T20:37:36.392687+00:00" doesn't match format "%Y-%m-%dT%H:%M:%S%z", at position 329. You might want to try:
    - passing `format` if your strings have a consistent format;
    - passing `format='ISO8601'` if your strings are all ISO8601 but not necessarily in exactly the same format;
    - passing `format='mixed'`, and the format will be inferred for each element individually. You might want to use `dayfirst` alongside this.
[2026-07-15T22:27:01.457338+00:00]   recovery settle 4.2 min...
[2026-07-15T22:31:11.593129+00:00] Normal operations for 12.5 minutes (circumstance baseline)...
[2026-07-15T22:37:27.098623+00:00]    iperf3 server listening on station2 (192.168.50.20)
[2026-07-15T22:37:48.104156+00:00] Baseline traffic: 58 Mbps (station1 -> 192.168.50.20 via eth0)
[2026-07-15T22:37:55.046599+00:00]    iperf3 client running (~58 Mbps)
[2026-07-15T22:44:08.839334+00:00] --- EVENT 7: bgp_route_flap (run_id=real_bgp_route_flap_007) ---
[2026-07-15T22:44:08.839585+00:00]   phase=circumstance: pre-conditions forming (ramp)...
[2026-07-15T22:44:08.839694+00:00]   bgp_route_flap run=real_bgp_route_flap_007: 4 slow flaps over 6.3min, then 6 rapid flaps
[2026-07-15T22:49:05.104762+00:00]    SSH failed on station1@192.168.50.10: Connection timed out during banner exchange
Connection to 192.168.50.10 port 22 timed out
[2026-07-15T22:50:49.622568+00:00]    SSH failed on station1@192.168.50.10: Connection timed out during banner exchange
Connection to 192.168.50.10 port 22 timed out
[2026-07-15T22:52:31.592266+00:00]   phases: circumstance 2026-07-15T22:44:08.839682+00:00 → breach 2026-07-15T22:50:39.614119+00:00 → recovery 2026-07-15T22:52:31.591795+00:00
[2026-07-15T22:52:34.160453+00:00]   cleanup complete for real_bgp_route_flap_007
[2026-07-15T22:52:34.160867+00:00]   Progress bgp_route_flap: 2/5
[2026-07-15T22:52:34.315375+00:00] Exported /home/brain/deca-isro/data/rpi-net/runs/20260715_191519_circ_v2/network_telemetry.csv (15655 rows) [snapshot]
[2026-07-15T22:52:34.324670+00:00]   mid-campaign export warn: time data "2026-07-15T20:37:36.392687+00:00" doesn't match format "%Y-%m-%dT%H:%M:%S%z", at position 329. You might want to try:
    - passing `format` if your strings have a consistent format;
    - passing `format='ISO8601'` if your strings are all ISO8601 but not necessarily in exactly the same format;
    - passing `format='mixed'`, and the format will be inferred for each element individually. You might want to use `dayfirst` alongside this.
[2026-07-15T22:52:34.326711+00:00]   recovery settle 4.0 min...
[2026-07-15T22:56:32.930271+00:00] Normal operations for 10.2 minutes (circumstance baseline)...
[2026-07-15T23:01:42.047577+00:00]    iperf3 server listening on station2 (192.168.50.20)
[2026-07-15T23:01:43.495953+00:00] Baseline traffic: 72 Mbps (station1 -> 192.168.50.20 via eth0)
[2026-07-15T23:01:48.355401+00:00]    iperf3 client running (~72 Mbps)
[2026-07-15T23:01:48.355534+00:00] NEAR-MISS aborted onset for 37s (not a real fault)...
[2026-07-15T23:02:26.306011+00:00] Logged near-miss near_miss_008 (healthy / precursor_aborted)
[2026-07-15T23:07:33.469666+00:00] --- EVENT 8: vrf_leakage (run_id=real_vrf_leakage_008) ---
[2026-07-15T23:07:33.469928+00:00]   phase=circumstance: pre-conditions forming (ramp)...
[2026-07-15T23:07:33.470088+00:00]   vrf_leakage run=real_vrf_leakage_008: wrong RT import + PE2 symptom ramp to 1.9%/11ms over 5.3min, hold 6.6min
[2026-07-15T23:19:35.051755+00:00]   phases: circumstance 2026-07-15T23:07:33.470072+00:00 → breach 2026-07-15T23:12:56.777439+00:00 → recovery 2026-07-15T23:19:35.051376+00:00
[2026-07-15T23:19:37.571495+00:00]   cleanup complete for real_vrf_leakage_008
[2026-07-15T23:19:37.571777+00:00]   Progress vrf_leakage: 2/5
[2026-07-15T23:19:37.758792+00:00] Exported /home/brain/deca-isro/data/rpi-net/runs/20260715_191519_circ_v2/network_telemetry.csv (17600 rows) [snapshot]
[2026-07-15T23:19:37.768785+00:00]   mid-campaign export warn: time data "2026-07-15T20:37:36.392687+00:00" doesn't match format "%Y-%m-%dT%H:%M:%S%z", at position 329. You might want to try:
    - passing `format` if your strings have a consistent format;
    - passing `format='ISO8601'` if your strings are all ISO8601 but not necessarily in exactly the same format;
    - passing `format='mixed'`, and the format will be inferred for each element individually. You might want to use `dayfirst` alongside this.
[2026-07-15T23:19:37.771053+00:00]   recovery settle 3.9 min...
[2026-07-15T23:23:32.835378+00:00] Normal operations for 13.6 minutes (circumstance baseline)...
[2026-07-15T23:30:23.974862+00:00]    iperf3 server listening on station2 (192.168.50.20)
[2026-07-15T23:30:32.522757+00:00] Baseline traffic: 71 Mbps (station1 -> 192.168.50.20 via eth0)
[2026-07-15T23:30:39.466978+00:00]    iperf3 client running (~71 Mbps)
[2026-07-15T23:37:28.830717+00:00] --- EVENT 9: tunnel_degradation (run_id=real_tunnel_degradation_009) ---
[2026-07-15T23:37:28.830968+00:00]   phase=circumstance: pre-conditions forming (ramp)...
[2026-07-15T23:37:28.831123+00:00]   tunnel_degradation run=real_tunnel_degradation_009: ramping to 11.7% loss / 45ms delay over 8.3min
[2026-07-15T23:47:30.491755+00:00]   phases: circumstance 2026-07-15T23:37:28.831110+00:00 → breach 2026-07-15T23:44:11.355295+00:00 → recovery 2026-07-15T23:47:30.491326+00:00
[2026-07-15T23:47:33.026213+00:00]   cleanup complete for real_tunnel_degradation_009
[2026-07-15T23:47:33.026494+00:00]   Progress tunnel_degradation: 3/5
[2026-07-15T23:47:33.220240+00:00] Exported /home/brain/deca-isro/data/rpi-net/runs/20260715_191519_circ_v2/network_telemetry.csv (19598 rows) [snapshot]
[2026-07-15T23:47:33.230895+00:00]   mid-campaign export warn: time data "2026-07-15T20:37:36.392687+00:00" doesn't match format "%Y-%m-%dT%H:%M:%S%z", at position 329. You might want to try:
    - passing `format` if your strings have a consistent format;
    - passing `format='ISO8601'` if your strings are all ISO8601 but not necessarily in exactly the same format;
    - passing `format='mixed'`, and the format will be inferred for each element individually. You might want to use `dayfirst` alongside this.
[2026-07-15T23:47:33.233526+00:00]   recovery settle 4.4 min...
[2026-07-15T23:51:59.771593+00:00] Normal operations for 12.5 minutes (circumstance baseline)...
[2026-07-15T23:58:17.863624+00:00]    iperf3 server listening on station2 (192.168.50.20)
[2026-07-15T23:58:19.312991+00:00] Baseline traffic: 22 Mbps (station1 -> 192.168.50.20 via eth0)
[2026-07-15T23:58:25.274507+00:00]    iperf3 client running (~22 Mbps)
[2026-07-16T00:04:41.382253+00:00] --- EVENT 10: bgp_route_flap (run_id=real_bgp_route_flap_010) ---
[2026-07-16T00:04:41.382511+00:00]   phase=circumstance: pre-conditions forming (ramp)...
[2026-07-16T00:04:41.383327+00:00]   bgp_route_flap run=real_bgp_route_flap_010: 2 slow flaps over 6.0min, then 4 rapid flaps
[2026-07-16T00:11:49.086962+00:00]   phases: circumstance 2026-07-16T00:04:41.383319+00:00 → breach 2026-07-16T00:10:46.067984+00:00 → recovery 2026-07-16T00:11:49.086669+00:00
[2026-07-16T00:11:52.715813+00:00]   cleanup complete for real_bgp_route_flap_010
[2026-07-16T00:11:52.716251+00:00]   Progress bgp_route_flap: 3/5
[2026-07-16T00:11:52.923279+00:00] Exported /home/brain/deca-isro/data/rpi-net/runs/20260715_191519_circ_v2/network_telemetry.csv (21368 rows) [snapshot]
[2026-07-16T00:11:52.934118+00:00]   mid-campaign export warn: time data "2026-07-15T20:37:36.392687+00:00" doesn't match format "%Y-%m-%dT%H:%M:%S%z", at position 329. You might want to try:
    - passing `format` if your strings have a consistent format;
    - passing `format='ISO8601'` if your strings are all ISO8601 but not necessarily in exactly the same format;
    - passing `format='mixed'`, and the format will be inferred for each element individually. You might want to use `dayfirst` alongside this.
[2026-07-16T00:11:52.936639+00:00]   recovery settle 5.9 min...
[2026-07-16T00:17:44.118348+00:00] Normal operations for 14.1 minutes (circumstance baseline)...
[2026-07-16T00:24:48.395030+00:00]    iperf3 server listening on station2 (192.168.50.20)
[2026-07-16T00:24:49.845941+00:00] Baseline traffic: 68 Mbps (station1 -> 192.168.50.20 via eth0)
[2026-07-16T00:24:54.718249+00:00]    iperf3 client running (~68 Mbps)
[2026-07-16T00:31:57.129319+00:00] --- EVENT 11: vrf_leakage (run_id=real_vrf_leakage_011) ---
[2026-07-16T00:31:57.129551+00:00]   phase=circumstance: pre-conditions forming (ramp)...
[2026-07-16T00:31:57.129637+00:00]   vrf_leakage run=real_vrf_leakage_011: wrong RT import + PE2 symptom ramp to 1.5%/15ms over 8.2min, hold 4.4min
[2026-07-16T00:44:40.180729+00:00]   phases: circumstance 2026-07-16T00:31:57.129626+00:00 → breach 2026-07-16T00:40:15.734612+00:00 → recovery 2026-07-16T00:44:40.180346+00:00
[2026-07-16T00:44:41.870888+00:00]   cleanup complete for real_vrf_leakage_011
[2026-07-16T00:44:41.871182+00:00]   Progress vrf_leakage: 3/5
[2026-07-16T00:44:42.116238+00:00] Exported /home/brain/deca-isro/data/rpi-net/runs/20260715_191519_circ_v2/network_telemetry.csv (23728 rows) [snapshot]
[2026-07-16T00:44:42.127710+00:00]   mid-campaign export warn: time data "2026-07-15T20:37:36.392687+00:00" doesn't match format "%Y-%m-%dT%H:%M:%S%z", at position 329. You might want to try:
    - passing `format` if your strings have a consistent format;
    - passing `format='ISO8601'` if your strings are all ISO8601 but not necessarily in exactly the same format;
    - passing `format='mixed'`, and the format will be inferred for each element individually. You might want to use `dayfirst` alongside this.
[2026-07-16T00:44:42.130649+00:00]   recovery settle 4.3 min...
[2026-07-16T00:49:02.465547+00:00] Normal operations for 12.1 minutes (circumstance baseline)...
[2026-07-16T00:55:07.698539+00:00]    iperf3 server listening on station2 (192.168.50.20)
[2026-07-16T00:55:10.161269+00:00] Baseline traffic: 71 Mbps (station1 -> 192.168.50.20 via eth0)
[2026-07-16T00:55:16.097583+00:00]    iperf3 client running (~71 Mbps)
[2026-07-16T00:55:16.097722+00:00] NEAR-MISS aborted onset for 42s (not a real fault)...
[2026-07-16T00:55:58.930315+00:00] Logged near-miss near_miss_012 (healthy / precursor_aborted)
[2026-07-16T01:02:02.369311+00:00] --- EVENT 12: congestion_breach (run_id=real_congestion_breach_012) ---
[2026-07-16T01:02:02.369566+00:00]   phase=circumstance: pre-conditions forming (ramp)...
[2026-07-16T01:02:02.369661+00:00]   congestion_breach run=real_congestion_breach_012: 95->9mbit over 11.1min, 4 steps
[2026-07-16T01:18:03.718975+00:00]   phases: circumstance 2026-07-16T01:02:02.369652+00:00 → breach 2026-07-16T01:13:21.223502+00:00 → recovery 2026-07-16T01:18:03.718599+00:00
[2026-07-16T01:18:06.419733+00:00]   cleanup complete for real_congestion_breach_012
[2026-07-16T01:18:06.420018+00:00]   Progress congestion_breach: 3/5
[2026-07-16T01:18:06.687622+00:00] Exported /home/brain/deca-isro/data/rpi-net/runs/20260715_191519_circ_v2/network_telemetry.csv (26140 rows) [snapshot]
[2026-07-16T01:18:06.700294+00:00]   mid-campaign export warn: time data "2026-07-15T20:37:36.392687+00:00" doesn't match format "%Y-%m-%dT%H:%M:%S%z", at position 329. You might want to try:
    - passing `format` if your strings have a consistent format;
    - passing `format='ISO8601'` if your strings are all ISO8601 but not necessarily in exactly the same format;
    - passing `format='mixed'`, and the format will be inferred for each element individually. You might want to use `dayfirst` alongside this.
[2026-07-16T01:18:06.703339+00:00]   recovery settle 4.5 min...
[2026-07-16T01:22:37.800799+00:00] Normal operations for 14.2 minutes (circumstance baseline)...
[2026-07-16T01:29:45.115444+00:00]    iperf3 server listening on station2 (192.168.50.20)
[2026-07-16T01:29:46.560843+00:00] Baseline traffic: 63 Mbps (station1 -> 192.168.50.20 via eth0)
[2026-07-16T01:29:51.446439+00:00]    iperf3 client running (~63 Mbps)
[2026-07-16T01:29:51.446570+00:00] NEAR-MISS aborted onset for 53s (not a real fault)...
[2026-07-16T01:30:45.447042+00:00] Logged near-miss near_miss_013 (healthy / precursor_aborted)
[2026-07-16T01:37:50.912992+00:00] --- EVENT 13: vrf_leakage (run_id=real_vrf_leakage_013) ---
[2026-07-16T01:37:50.913365+00:00]   phase=circumstance: pre-conditions forming (ramp)...
[2026-07-16T01:37:50.913481+00:00]   vrf_leakage run=real_vrf_leakage_013: wrong RT import + PE2 symptom ramp to 3.9%/14ms over 6.2min, hold 7.3min
[2026-07-16T01:51:22.879555+00:00]   phases: circumstance 2026-07-16T01:37:50.913466+00:00 → breach 2026-07-16T01:44:05.684073+00:00 → recovery 2026-07-16T01:51:22.879172+00:00
[2026-07-16T01:51:25.395662+00:00]   cleanup complete for real_vrf_leakage_013
[2026-07-16T01:51:25.395942+00:00]   Progress vrf_leakage: 4/5
[2026-07-16T01:51:25.668363+00:00] Exported /home/brain/deca-isro/data/rpi-net/runs/20260715_191519_circ_v2/network_telemetry.csv (28535 rows) [snapshot]
[2026-07-16T01:51:25.680978+00:00]   mid-campaign export warn: time data "2026-07-15T20:37:36.392687+00:00" doesn't match format "%Y-%m-%dT%H:%M:%S%z", at position 329. You might want to try:
    - passing `format` if your strings have a consistent format;
    - passing `format='ISO8601'` if your strings are all ISO8601 but not necessarily in exactly the same format;
    - passing `format='mixed'`, and the format will be inferred for each element individually. You might want to use `dayfirst` alongside this.
[2026-07-16T01:51:25.684262+00:00]   recovery settle 4.1 min...
[2026-07-16T01:55:33.462827+00:00] Normal operations for 12.0 minutes (circumstance baseline)...
[2026-07-16T02:01:34.033898+00:00]    iperf3 server listening on station2 (192.168.50.20)
[2026-07-16T02:01:36.515192+00:00] Baseline traffic: 73 Mbps (station1 -> 192.168.50.20 via eth0)
[2026-07-16T02:01:42.454746+00:00]    iperf3 client running (~73 Mbps)
[2026-07-16T02:01:42.454876+00:00] NEAR-MISS aborted onset for 44s (not a real fault)...
[2026-07-16T02:02:27.891258+00:00] Logged near-miss near_miss_014 (healthy / precursor_aborted)
[2026-07-16T02:08:26.486685+00:00] --- EVENT 14: tunnel_degradation (run_id=real_tunnel_degradation_014) ---
[2026-07-16T02:08:26.487050+00:00]   phase=circumstance: pre-conditions forming (ramp)...
[2026-07-16T02:08:26.487188+00:00]   tunnel_degradation run=real_tunnel_degradation_014: ramping to 8.6% loss / 34ms delay over 11.1min
[2026-07-16T02:20:09.051450+00:00]   phases: circumstance 2026-07-16T02:08:26.487175+00:00 → breach 2026-07-16T02:15:54.525065+00:00 → recovery 2026-07-16T02:20:09.051109+00:00
[2026-07-16T02:20:10.973063+00:00]   cleanup complete for real_tunnel_degradation_014
[2026-07-16T02:20:10.973346+00:00]   Progress tunnel_degradation: 4/5
[2026-07-16T02:20:11.277959+00:00] Exported /home/brain/deca-isro/data/rpi-net/runs/20260715_191519_circ_v2/network_telemetry.csv (30605 rows) [snapshot]
[2026-07-16T02:20:11.291419+00:00]   mid-campaign export warn: time data "2026-07-15T20:37:36.392687+00:00" doesn't match format "%Y-%m-%dT%H:%M:%S%z", at position 329. You might want to try:
    - passing `format` if your strings have a consistent format;
    - passing `format='ISO8601'` if your strings are all ISO8601 but not necessarily in exactly the same format;
    - passing `format='mixed'`, and the format will be inferred for each element individually. You might want to use `dayfirst` alongside this.
[2026-07-16T02:20:11.294755+00:00]   recovery settle 4.9 min...
[2026-07-16T02:25:06.003104+00:00] Normal operations for 15.0 minutes (circumstance baseline)...
[2026-07-16T02:32:39.084439+00:00]    iperf3 server listening on station2 (192.168.50.20)
[2026-07-16T02:33:00.090747+00:00] Baseline traffic: 26 Mbps (station1 -> 192.168.50.20 via eth0)
[2026-07-16T02:33:12.173628+00:00]    iperf3 client running (~26 Mbps)
[2026-07-16T02:40:43.484837+00:00] --- EVENT 15: bgp_route_flap (run_id=real_bgp_route_flap_015) ---
[2026-07-16T02:40:43.485195+00:00]   phase=circumstance: pre-conditions forming (ramp)...
[2026-07-16T02:40:43.485247+00:00]   bgp_route_flap run=real_bgp_route_flap_015: 4 slow flaps over 7.4min, then 7 rapid flaps
[2026-07-16T02:49:47.996747+00:00]   phases: circumstance 2026-07-16T02:40:43.485239+00:00 → breach 2026-07-16T02:48:11.791050+00:00 → recovery 2026-07-16T02:49:47.996293+00:00
[2026-07-16T02:49:56.657921+00:00]   cleanup complete for real_bgp_route_flap_015
[2026-07-16T02:49:56.658214+00:00]   Progress bgp_route_flap: 4/5
[2026-07-16T02:49:56.963361+00:00] Exported /home/brain/deca-isro/data/rpi-net/runs/20260715_191519_circ_v2/network_telemetry.csv (32755 rows) [snapshot]
[2026-07-16T02:49:56.977364+00:00]   mid-campaign export warn: time data "2026-07-15T20:37:36.392687+00:00" doesn't match format "%Y-%m-%dT%H:%M:%S%z", at position 329. You might want to try:
    - passing `format` if your strings have a consistent format;
    - passing `format='ISO8601'` if your strings are all ISO8601 but not necessarily in exactly the same format;
    - passing `format='mixed'`, and the format will be inferred for each element individually. You might want to use `dayfirst` alongside this.
[2026-07-16T02:49:56.980894+00:00]   recovery settle 5.3 min...
[2026-07-16T02:55:15.611324+00:00] Normal operations for 11.6 minutes (circumstance baseline)...
[2026-07-16T03:01:05.821994+00:00]    iperf3 server listening on station2 (192.168.50.20)
[2026-07-16T03:01:07.272917+00:00] Baseline traffic: 18 Mbps (station1 -> 192.168.50.20 via eth0)
[2026-07-16T03:01:12.145596+00:00]    iperf3 client running (~18 Mbps)
[2026-07-16T03:07:00.507091+00:00] --- EVENT 16: congestion_breach (run_id=real_congestion_breach_016) ---
[2026-07-16T03:07:00.507350+00:00]   phase=circumstance: pre-conditions forming (ramp)...
[2026-07-16T03:07:00.507465+00:00]   congestion_breach run=real_congestion_breach_016: 95->5mbit over 8.5min, 3 steps
[2026-07-16T03:22:06.747799+00:00]   phases: circumstance 2026-07-16T03:07:00.507452+00:00 → breach 2026-07-16T03:15:40.335676+00:00 → recovery 2026-07-16T03:22:06.747359+00:00
[2026-07-16T03:22:12.181762+00:00]   cleanup complete for real_congestion_breach_016
[2026-07-16T03:22:12.182062+00:00]   Progress congestion_breach: 4/5
[2026-07-16T03:22:12.528158+00:00] Exported /home/brain/deca-isro/data/rpi-net/runs/20260715_191519_circ_v2/network_telemetry.csv (35074 rows) [snapshot]
[2026-07-16T03:22:12.543097+00:00]   mid-campaign export warn: time data "2026-07-15T20:37:36.392687+00:00" doesn't match format "%Y-%m-%dT%H:%M:%S%z", at position 329. You might want to try:
    - passing `format` if your strings have a consistent format;
    - passing `format='ISO8601'` if your strings are all ISO8601 but not necessarily in exactly the same format;
    - passing `format='mixed'`, and the format will be inferred for each element individually. You might want to use `dayfirst` alongside this.
[2026-07-16T03:22:12.547486+00:00]   recovery settle 4.6 min...
[2026-07-16T03:26:49.973757+00:00] Normal operations for 12.7 minutes (circumstance baseline)...
[2026-07-16T03:33:11.849991+00:00]    iperf3 server listening on station2 (192.168.50.20)
[2026-07-16T03:33:22.860389+00:00] Baseline traffic: 32 Mbps (station1 -> 192.168.50.20 via eth0)
[2026-07-16T03:33:33.913815+00:00]    iperf3 client running (~32 Mbps)
[2026-07-16T03:39:53.948319+00:00] --- EVENT 17: congestion_breach (run_id=real_congestion_breach_017) ---
[2026-07-16T03:39:53.948574+00:00]   phase=circumstance: pre-conditions forming (ramp)...
[2026-07-16T03:39:53.948684+00:00]   congestion_breach run=real_congestion_breach_017: 95->12mbit over 7.9min, 5 steps
[2026-07-16T03:54:37.330211+00:00]   phases: circumstance 2026-07-16T03:39:53.948672+00:00 → breach 2026-07-16T03:48:00.404951+00:00 → recovery 2026-07-16T03:54:37.329779+00:00
[2026-07-16T03:54:43.374282+00:00]   cleanup complete for real_congestion_breach_017
[2026-07-16T03:54:43.374568+00:00]   Progress congestion_breach: 5/5
[2026-07-16T03:54:43.738546+00:00] Exported /home/brain/deca-isro/data/rpi-net/runs/20260715_191519_circ_v2/network_telemetry.csv (37414 rows) [snapshot]
[2026-07-16T03:54:43.753858+00:00]   mid-campaign export warn: time data "2026-07-15T20:37:36.392687+00:00" doesn't match format "%Y-%m-%dT%H:%M:%S%z", at position 329. You might want to try:
    - passing `format` if your strings have a consistent format;
    - passing `format='ISO8601'` if your strings are all ISO8601 but not necessarily in exactly the same format;
    - passing `format='mixed'`, and the format will be inferred for each element individually. You might want to use `dayfirst` alongside this.
[2026-07-16T03:54:43.758822+00:00]   recovery settle 5.4 min...
[2026-07-16T04:00:06.727878+00:00] Normal operations for 14.8 minutes (circumstance baseline)...
[2026-07-16T04:07:33.688533+00:00]    iperf3 server listening on station2 (192.168.50.20)
[2026-07-16T04:07:44.706687+00:00] Baseline traffic: 55 Mbps (station1 -> 192.168.50.20 via eth0)
[2026-07-16T04:08:00.201473+00:00]    iperf3 client exited unexpectedly, check /tmp/iperf3-lan.log on station1
[2026-07-16T04:15:25.331452+00:00] --- EVENT 18: tunnel_degradation (run_id=real_tunnel_degradation_018) ---
[2026-07-16T04:15:25.331773+00:00]   phase=circumstance: pre-conditions forming (ramp)...
[2026-07-16T04:15:25.331893+00:00]   tunnel_degradation run=real_tunnel_degradation_018: ramping to 12.0% loss / 45ms delay over 8.0min
[2026-07-16T04:15:35.342078+00:00]    SSH failed on station1@192.168.50.10: Connection timed out during banner exchange
Connection to 192.168.50.10 port 22 timed out
[2026-07-16T04:26:50.896588+00:00]   phases: circumstance 2026-07-16T04:15:25.331877+00:00 → breach 2026-07-16T04:20:57.811477+00:00 → recovery 2026-07-16T04:26:50.896126+00:00
[2026-07-16T04:26:54.242230+00:00]   cleanup complete for real_tunnel_degradation_018
[2026-07-16T04:26:54.242512+00:00]   Progress tunnel_degradation: 5/5
[2026-07-16T04:26:54.629064+00:00] Exported /home/brain/deca-isro/data/rpi-net/runs/20260715_191519_circ_v2/network_telemetry.csv (39736 rows) [snapshot]
[2026-07-16T04:26:54.645500+00:00]   mid-campaign export warn: time data "2026-07-15T20:37:36.392687+00:00" doesn't match format "%Y-%m-%dT%H:%M:%S%z", at position 329. You might want to try:
    - passing `format` if your strings have a consistent format;
    - passing `format='ISO8601'` if your strings are all ISO8601 but not necessarily in exactly the same format;
    - passing `format='mixed'`, and the format will be inferred for each element individually. You might want to use `dayfirst` alongside this.
[2026-07-16T04:26:54.650518+00:00]   recovery settle 3.1 min...
[2026-07-16T04:30:02.931086+00:00] Normal operations for 15.8 minutes (circumstance baseline)...
[2026-07-16T04:37:59.595713+00:00]    iperf3 server listening on station2 (192.168.50.20)
[2026-07-16T04:38:06.361091+00:00] Baseline traffic: 68 Mbps (station1 -> 192.168.50.20 via eth0)
[2026-07-16T04:38:13.526974+00:00]    iperf3 client running (~68 Mbps)
[2026-07-16T04:46:08.392703+00:00] --- EVENT 19: vrf_leakage (run_id=real_vrf_leakage_019) ---
[2026-07-16T04:46:08.392963+00:00]   phase=circumstance: pre-conditions forming (ramp)...
[2026-07-16T04:46:08.393112+00:00]   vrf_leakage run=real_vrf_leakage_019: wrong RT import + PE2 symptom ramp to 3.6%/18ms over 5.9min, hold 5.1min
[2026-07-16T04:53:10.349678+00:00] Signal 15 received, finishing current step then shutting down cleanly...
[2026-07-16T04:55:42.436991+00:00] Run directory: /home/brain/deca-isro/data/rpi-net/runs/20260715_191519_circ_v2
[2026-07-16T04:55:42.437118+00:00] ============================================================
[2026-07-16T04:55:42.437150+00:00] DECA CIRCUMSTANCE CAMPAIGN — 5 events × 4 faults = 20 total
[2026-07-16T04:55:42.437178+00:00] ============================================================
[2026-07-16T04:55:45.614390+00:00]    iperf3 server listening on station2 (192.168.50.20)
[2026-07-16T04:55:47.056193+00:00] Baseline traffic: 72 Mbps (station1 -> 192.168.50.20 via eth0)
[2026-07-16T04:55:51.943236+00:00]    iperf3 client running (~72 Mbps)
[2026-07-16T04:55:51.943683+00:00] Normal operations for 10.7 minutes (circumstance baseline)...
[2026-07-16T05:01:14.394873+00:00]    iperf3 server listening on station2 (192.168.50.20)
[2026-07-16T05:01:15.836511+00:00] Baseline traffic: 63 Mbps (station1 -> 192.168.50.20 via eth0)
[2026-07-16T05:01:20.707883+00:00]    iperf3 client running (~63 Mbps)
[2026-07-16T05:01:20.708034+00:00] NEAR-MISS aborted onset for 47s (not a real fault)...
[2026-07-16T05:02:08.898775+00:00] Logged near-miss near_miss_019 (healthy / precursor_aborted)
[2026-07-16T05:07:29.416658+00:00] --- EVENT 19: vrf_leakage (run_id=real_vrf_leakage_019) ---
[2026-07-16T05:07:29.416994+00:00]   phase=circumstance: pre-conditions forming (ramp)...
[2026-07-16T05:07:29.417230+00:00]   vrf_leakage run=real_vrf_leakage_019: wrong RT import + PE2 symptom ramp to 3.6%/16ms over 8.6min, hold 7.1min
[2026-07-16T05:23:16.327427+00:00]   phases: circumstance 2026-07-16T05:07:29.417212+00:00 → breach 2026-07-16T05:16:11.657740+00:00 → recovery 2026-07-16T05:23:16.326897+00:00
[2026-07-16T05:23:20.284557+00:00]   cleanup complete for real_vrf_leakage_019
[2026-07-16T05:23:20.284856+00:00]   Progress vrf_leakage: 5/5
[2026-07-16T05:23:21.073835+00:00] Exported /home/brain/deca-isro/data/rpi-net/runs/20260715_191519_circ_v2/network_telemetry.csv (43808 rows) [snapshot]
[2026-07-16T05:23:21.094598+00:00]   mid-campaign export warn: time data "2026-07-15T20:37:36.392687+00:00" doesn't match format "%Y-%m-%dT%H:%M:%S%z", at position 329. You might want to try:
    - passing `format` if your strings have a consistent format;
    - passing `format='ISO8601'` if your strings are all ISO8601 but not necessarily in exactly the same format;
    - passing `format='mixed'`, and the format will be inferred for each element individually. You might want to use `dayfirst` alongside this.
[2026-07-16T05:23:21.100262+00:00]   recovery settle 5.0 min...
[2026-07-16T05:28:23.495224+00:00] Normal operations for 12.2 minutes (circumstance baseline)...
[2026-07-16T05:34:32.249279+00:00]    iperf3 server listening on station2 (192.168.50.20)
[2026-07-16T05:34:34.678165+00:00] Baseline traffic: 16 Mbps (station1 -> 192.168.50.20 via eth0)
[2026-07-16T05:34:39.339781+00:00]    iperf3 client running (~16 Mbps)
[2026-07-16T05:40:45.019395+00:00] --- EVENT 20: bgp_route_flap (run_id=real_bgp_route_flap_020) ---
[2026-07-16T05:40:45.019735+00:00]   phase=circumstance: pre-conditions forming (ramp)...
[2026-07-16T05:40:45.019914+00:00]   bgp_route_flap run=real_bgp_route_flap_020: 2 slow flaps over 8.6min, then 5 rapid flaps
[2026-07-16T05:50:49.179915+00:00]   phases: circumstance 2026-07-16T05:40:45.019897+00:00 → breach 2026-07-16T05:49:26.717976+00:00 → recovery 2026-07-16T05:50:49.179429+00:00
[2026-07-16T05:50:51.820419+00:00]   cleanup complete for real_bgp_route_flap_020
[2026-07-16T05:50:51.820719+00:00]   Progress bgp_route_flap: 5/5
[2026-07-16T05:50:52.252867+00:00] Exported /home/brain/deca-isro/data/rpi-net/runs/20260715_191519_circ_v2/network_telemetry.csv (45795 rows) [snapshot]
[2026-07-16T05:50:52.271769+00:00]   mid-campaign export warn: time data "2026-07-15T20:37:36.392687+00:00" doesn't match format "%Y-%m-%dT%H:%M:%S%z", at position 329. You might want to try:
    - passing `format` if your strings have a consistent format;
    - passing `format='ISO8601'` if your strings are all ISO8601 but not necessarily in exactly the same format;
    - passing `format='mixed'`, and the format will be inferred for each element individually. You might want to use `dayfirst` alongside this.
[2026-07-16T05:50:52.277922+00:00]   recovery settle 3.3 min...
[2026-07-16T05:54:08.550048+00:00] ============================================================
[2026-07-16T05:54:08.550411+00:00] CIRCUMSTANCE CAMPAIGN FINISHED: 20/20 events
[2026-07-16T05:54:08.550516+00:00] By type: {'congestion_breach': 5, 'tunnel_degradation': 5, 'bgp_route_flap': 5, 'vrf_leakage': 5}
[2026-07-16T05:54:11.788875+00:00] Exported /home/brain/deca-isro/data/rpi-net/runs/20260715_191519_circ_v2/network_telemetry.csv (46029 rows) [final]
[2026-07-16T06:10:36.767784+00:00] Prometheus export warn (throughput_in_bps): HTTPConnectionPool(host='localhost', port=9090): Max retries exceeded with url: /api/v1/query_range?query=sum+by+%28host%29+%28rate%28net_bytes_recv%7Binterface%3D%22eth0%22%7D%5B1m%5D%29%29&start=1784142934&end=1784182236&step=15 (Caused by NewConnectionError("HTTPConnection(host='localhost', port=9090): Failed to establish a new connection: [Errno 111] Connection refused"))
[2026-07-16T06:10:36.768910+00:00] Prometheus export warn (throughput_out_bps): HTTPConnectionPool(host='localhost', port=9090): Max retries exceeded with url: /api/v1/query_range?query=sum+by+%28host%29+%28rate%28net_bytes_sent%7Binterface%3D%22eth0%22%7D%5B1m%5D%29%29&start=1784142934&end=1784182236&step=15 (Caused by NewConnectionError("HTTPConnection(host='localhost', port=9090): Failed to establish a new connection: [Errno 111] Connection refused"))
[2026-07-16T06:10:36.769830+00:00] Prometheus export warn (packet_loss_pct): HTTPConnectionPool(host='localhost', port=9090): Max retries exceeded with url: /api/v1/query_range?query=avg+by+%28host%29+%28ping_percent_packet_loss%29&start=1784142934&end=1784182236&step=15 (Caused by NewConnectionError("HTTPConnection(host='localhost', port=9090): Failed to establish a new connection: [Errno 111] Connection refused"))
[2026-07-16T06:10:36.770746+00:00] Prometheus export warn (jitter_ms): HTTPConnectionPool(host='localhost', port=9090): Max retries exceeded with url: /api/v1/query_range?query=avg+by+%28host%29+%28ping_standard_deviation_ms%29&start=1784142934&end=1784182236&step=15 (Caused by NewConnectionError("HTTPConnection(host='localhost', port=9090): Failed to establish a new connection: [Errno 111] Connection refused"))
[2026-07-16T06:10:36.771690+00:00] Prometheus export warn (latency_ms): HTTPConnectionPool(host='localhost', port=9090): Max retries exceeded with url: /api/v1/query_range?query=avg+by+%28host%29+%28ping_average_response_ms%29&start=1784142934&end=1784182236&step=15 (Caused by NewConnectionError("HTTPConnection(host='localhost', port=9090): Failed to establish a new connection: [Errno 111] Connection refused"))
[2026-07-16T06:10:36.772766+00:00] Prometheus export warn (drop_out_rate): HTTPConnectionPool(host='localhost', port=9090): Max retries exceeded with url: /api/v1/query_range?query=sum+by+%28host%29+%28rate%28net_drop_out%7Binterface%3D%22eth0%22%7D%5B1m%5D%29%29&start=1784142934&end=1784182236&step=15 (Caused by NewConnectionError("HTTPConnection(host='localhost', port=9090): Failed to establish a new connection: [Errno 111] Connection refused"))
[2026-07-16T06:10:36.784724+00:00] Exported /home/brain/deca-isro/data/rpi-net/runs/20260715_191519_circ_v2/network_telemetry.csv (51 rows) [final]
[2026-07-16T06:10:36.831364+00:00] Exported /home/brain/deca-isro/data/rpi-net/runs/20260715_191519_circ_v2/network_campaign_export.csv (51 rows) [final]
[2026-07-16T06:10:36.831762+00:00] ============================================================
[2026-07-16T06:10:36.831944+00:00] VALIDATING circumstance_log.csv
[2026-07-16T06:10:36.832136+00:00] ============================================================
[2026-07-16T06:10:36.832701+00:00]   congestion_breach: 5/5 events [OK]
[2026-07-16T06:10:36.832819+00:00]   tunnel_degradation: 5/5 events [OK]
[2026-07-16T06:10:36.832928+00:00]   bgp_route_flap: 5/5 events [OK]
[2026-07-16T06:10:36.833068+00:00]   vrf_leakage: 5/5 events [OK]
[2026-07-16T06:10:36.833190+00:00] VALIDATION RESULT: PASS
[2026-07-16T06:10:36.833308+00:00] ============================================================
[2026-07-16T06:11:05.081970+00:00] Exported /home/brain/deca-isro/data/rpi-net/runs/20260715_191519_circ_v2/network_telemetry.csv (47253 rows) [final]
[2026-07-16T06:11:05.275801+00:00] Exported /home/brain/deca-isro/data/rpi-net/runs/20260715_191519_circ_v2/network_campaign_export.csv (7920 rows) [final]
[2026-07-16T06:11:05.282171+00:00] ============================================================
[2026-07-16T06:11:05.282352+00:00] VALIDATING circumstance_log.csv
[2026-07-16T06:11:05.282388+00:00] ============================================================
[2026-07-16T06:11:05.282641+00:00]   congestion_breach: 5/5 events [OK]
[2026-07-16T06:11:05.282677+00:00]   tunnel_degradation: 5/5 events [OK]
[2026-07-16T06:11:05.282703+00:00]   bgp_route_flap: 5/5 events [OK]
[2026-07-16T06:11:05.282728+00:00]   vrf_leakage: 5/5 events [OK]
[2026-07-16T06:11:05.282765+00:00] VALIDATION RESULT: PASS
[2026-07-16T06:11:05.282794+00:00] ============================================================
