[2026-07-19T07:47:31.878423+00:00] ================================================================
[2026-07-19T07:47:31.878663+00:00] DECA BLIND CHAOS armed — run_id=blind_compound_tunnel_degradation_20260719_1317_40m seed=541865 (SEALED)
[2026-07-19T07:47:31.878790+00:00] Budget 40 min | target 2-2 events + 1 near-misses | simulate=False
[2026-07-19T07:47:31.878903+00:00] Fault pool: ['congestion_breach', 'tunnel_degradation', 'bgp_route_flap', 'vrf_leakage']
[2026-07-19T07:47:31.879031+00:00] Compound prob=1.0 pe1=tunnel_degradation
[2026-07-19T07:47:31.879198+00:00] Sealed truth: /home/brain/deca-isro/data/rpi-net/live/blind_compound_tunnel_degradation_20260719_1317_40m/ground_truth.sealed.jsonl
[2026-07-19T07:47:31.879320+00:00] ================================================================
[2026-07-19T07:47:34.929919+00:00]    iperf3 server listening on station2 (192.168.50.20)
[2026-07-19T07:47:36.269236+00:00] Baseline traffic: 74 Mbps (station1 -> 192.168.50.20 via eth0)
[2026-07-19T07:47:40.989065+00:00]    iperf3 client running (~74 Mbps)
[2026-07-19T07:47:40.989226+00:00] [chaos] near-miss blind_compound_tunnel_degradation_20260719_1317_40m_nm01 (bait — should stay healthy)
[2026-07-19T07:47:40.989287+00:00] NEAR-MISS aborted onset for 45s (not a real fault)...
[2026-07-19T07:48:26.701642+00:00] [chaos] normal ops 2.8 min...
[2026-07-19T07:51:14.730665+00:00] [chaos] === COMPOUND blind_compound_tunnel_degradation_20260719_1317_40m_cg01: tunnel_degradation (station1) + vrf_leakage (station2) OVERLAPPING, 36 min budget left ===
[2026-07-19T07:51:14.731365+00:00]   tunnel_degradation run=blind_compound_tunnel_degradation_20260719_1317_40m_cg01_tunnel_degradation: ramping to 11.5% loss / 45ms delay over 8.7min
[2026-07-19T07:51:14.731740+00:00]   vrf_leakage run=blind_compound_tunnel_degradation_20260719_1317_40m_cg01_vrf_leakage: wrong RT import + PE2 symptom ramp to 2.9%/8ms over 4.1min, hold 6.5min
[2026-07-19T08:01:59.951114+00:00] [chaos] sealed blind_compound_tunnel_degradation_20260719_1317_40m_cg01_e01_tunnel_degradation (compound blind_compound_tunnel_degradation_20260719_1317_40m_cg01): 2026-07-19T07:51:14.731350+00:00 -> 2026-07-19T07:57:04.718440+00:00
[2026-07-19T08:01:59.951286+00:00] [chaos] sealed blind_compound_tunnel_degradation_20260719_1317_40m_cg01_e02_vrf_leakage (compound blind_compound_tunnel_degradation_20260719_1317_40m_cg01): 2026-07-19T07:51:14.731735+00:00 -> 2026-07-19T07:55:26.304633+00:00
[2026-07-19T08:02:02.611112+00:00] ================================================================
[2026-07-19T08:02:02.611221+00:00] BLIND CHAOS COMPLETE — 2 circumstances, 1 near-misses in 14.5 min
[2026-07-19T08:02:02.611256+00:00] Run the scorecard AFTER the operator has stopped:
[2026-07-19T08:02:02.611286+00:00]   python scripts/deca_blind_scorecard.py --run-id blind_compound_tunnel_degradation_20260719_1317_40m
[2026-07-19T08:02:02.611323+00:00] ================================================================
