[1mLoading DECA model stack...[0m
WARNING: All log messages before absl::InitializeLog() is called are written to STDERR
I0000 00:00:1784342830.714792  444702 cudart_stub.cc:31] Could not find cuda drivers on your machine, GPU will not be used.
I0000 00:00:1784342830.765410  444702 cpu_feature_guard.cc:227] This TensorFlow binary is optimized to use available CPU instructions in performance-critical operations.
To enable the following instructions: AVX2 FMA, in other operations, rebuild TensorFlow with the appropriate compiler flags.
WARNING: All log messages before absl::InitializeLog() is called are written to STDERR
I0000 00:00:1784342832.125750  444702 cudart_stub.cc:31] Could not find cuda drivers on your machine, GPU will not be used.
E0000 00:00:1784342832.823587  444702 cuda_platform.cc:52] failed call to cuInit: INTERNAL: CUDA error: Failed call to cuInit: UNKNOWN ERROR (303)
  classes=['healthy', 'congestion_breach', 'tunnel_degradation', 'bgp_route_flap', 'vrf_leakage']
  ensemble (plain+wm agreement): off
  loom: soft_streak=True enter_k=3 advisory_enter_k=2
  LSTM ETA: ready | circumstance head: ready
  scoped hosts: ['station1', 'station2']
  declarations -> /home/brain/deca-isro/data/rpi-net/live/specificity_exam_v1/declarations.jsonl

[1m=== DECA LIVE OPERATOR watching specificity_exam_v1 (PROMETHEUS :9090) ===[0m

    clean telemetry live: 2124 → 1518 rows
[2m[02:47:13] tick 1[0m
  [36mstation1 [0m [32mhealthy[0m                      conf=0.54  ETA=  5.1m sev=[32mlow   [0m [2m     f=99[0m
  [36mstation2 [0m [32mhealthy[0m                      conf=0.64  ETA=  8.5m sev=[32mlow   [0m [2m     f=99[0m
    clean telemetry live: 2124 → 1518 rows
[2m[02:47:28] tick 2[0m
  [36mstation1 [0m [32mhealthy[0m                      conf=0.54  ETA=  5.3m sev=[32mlow   [0m [2m     f=99[0m
  [36mstation2 [0m [32mhealthy[0m                      conf=0.61  ETA=  8.3m sev=[32mlow   [0m [2m     f=99[0m
    clean telemetry live: 2124 → 1518 rows
[2m[02:47:44] tick 3[0m
  [36mstation1 [0m [32mhealthy[0m                      conf=0.84  ETA=  6.1m sev=[32mlow   [0m [2m     f=99[0m
  [36mstation2 [0m [32mhealthy[0m                      conf=0.84  ETA=  8.2m sev=[32mlow   [0m [2m     f=99[0m
    clean telemetry live: 2124 → 1518 rows
[2m[02:47:59] tick 4[0m
  [36mstation1 [0m [32mhealthy[0m                      conf=0.89  ETA=  6.0m sev=[32mlow   [0m [2m     f=99[0m
  [36mstation2 [0m [32mhealthy[0m                      conf=0.87  ETA=  8.3m sev=[32mlow   [0m [2m     f=99[0m
    clean telemetry live: 2124 → 1518 rows
[2m[02:48:14] tick 5[0m
  [36mstation1 [0m [32mhealthy[0m                      conf=0.82  ETA=  5.6m sev=[32mlow   [0m [2m     f=99[0m
  [36mstation2 [0m [32mhealthy[0m                      conf=0.82  ETA=  8.5m sev=[32mlow   [0m [2m     f=99[0m
    clean telemetry live: 2121 → 1515 rows
[2m[02:48:30] tick 6[0m
  [36mstation1 [0m [32mhealthy[0m                      conf=0.91  ETA=  5.8m sev=[32mlow   [0m [2m     f=99[0m
  [36mstation2 [0m [32mhealthy[0m                      conf=0.94  ETA=  8.5m sev=[32mlow   [0m [2m     f=99[0m
    clean telemetry live: 2121 → 1515 rows
[2m[02:48:45] tick 7[0m
  [36mstation1 [0m [32mhealthy[0m                      conf=0.93  ETA=  5.0m sev=[32mlow   [0m [2m     f=99[0m
  [36mstation2 [0m [32mhealthy[0m                      conf=0.95  ETA=  8.6m sev=[32mlow   [0m [2m     f=99[0m
    clean telemetry live: 2121 → 1515 rows
[2m[02:49:00] tick 8[0m
  [36mstation1 [0m [32mhealthy[0m                      conf=0.92  ETA=  5.2m sev=[32mlow   [0m [2m     f=99[0m
  [36mstation2 [0m [32mhealthy[0m                      conf=0.93  ETA=  8.6m sev=[32mlow   [0m [2m     f=99[0m
    clean telemetry live: 2124 → 1518 rows
[2m[02:49:16] tick 9[0m
  [36mstation1 [0m [32mhealthy[0m                      conf=0.64  ETA=  4.5m sev=[32mlow   [0m [2m     f=99[0m
  [36mstation2 [0m [32mhealthy[0m                      conf=0.54  ETA=  8.7m sev=[32mlow   [0m [2m     f=99[0m
    clean telemetry live: 2124 → 1518 rows
[2m[02:49:31] tick 10[0m
  [36mstation1 [0m [32mhealthy[0m                      conf=0.54  ETA=  4.0m sev=[32mlow   [0m [2m     f=99[0m
  [36mstation2 [0m [32mhealthy[0m                      conf=0.73  ETA=  8.7m sev=[32mlow   [0m [2m     f=99[0m
    clean telemetry live: 2124 → 1518 rows
[2m[02:49:46] tick 11[0m
  [36mstation1 [0m [32mhealthy[0m                      conf=0.49  ETA=  4.1m sev=[32mlow   [0m [2m     f=99[0m
  [36mstation2 [0m [32mhealthy[0m                      conf=0.53  ETA=  8.9m sev=[32mlow   [0m [2m     f=99[0m
    clean telemetry live: 2124 → 1518 rows
[2m[02:50:02] tick 12[0m
  [36mstation1 [0m [32mhealthy[0m                      conf=0.53  ETA=  3.7m sev=[32mlow   [0m [2m     f=99[0m
  [36mstation2 [0m [32mhealthy[0m                      conf=0.53  ETA=  8.6m sev=[32mlow   [0m [2m     f=99[0m
    clean telemetry live: 2124 → 1518 rows
[2m[02:50:17] tick 13[0m
  [36mstation1 [0m [32mhealthy[0m                      conf=0.52  ETA=  3.8m sev=[32mlow   [0m [2m     f=99[0m
  [36mstation2 [0m [32mhealthy[0m                      conf=0.57  ETA=  8.6m sev=[32mlow   [0m [2m     f=99[0m
    clean telemetry live: 2124 → 1518 rows
[2m[02:50:33] tick 14[0m
  [36mstation1 [0m [32mhealthy[0m                      conf=0.53  ETA=  3.9m sev=[32mlow   [0m [2m     f=99[0m
  [36mstation2 [0m [32mhealthy[0m                      conf=0.54  ETA=  8.4m sev=[32mlow   [0m [2m     f=99[0m
    clean telemetry live: 2124 → 1518 rows
[2m[02:50:48] tick 15[0m
  [36mstation1 [0m [32mhealthy[0m                      conf=0.58  ETA=  3.8m sev=[32mlow   [0m [2m     f=99[0m
  [36mstation2 [0m [32mhealthy[0m                      conf=0.61  ETA=  8.8m sev=[32mlow   [0m [2m     f=99[0m
    clean telemetry live: 2124 → 1518 rows
[2m[02:51:03] tick 16[0m
  [36mstation1 [0m [32mhealthy[0m                      conf=0.54  ETA=  4.1m sev=[32mlow   [0m [2m     f=99[0m
  [36mstation2 [0m [32mhealthy[0m                      conf=0.50  ETA=  8.9m sev=[32mlow   [0m [2m     f=99[0m
    clean telemetry live: 2124 → 1518 rows
[2m[02:51:18] tick 17[0m
  [36mstation1 [0m [32mhealthy[0m                      conf=0.63  ETA=  4.5m sev=[32mlow   [0m [2m     f=99[0m
  [36mstation2 [0m [32mhealthy[0m                      conf=0.51  ETA=  8.5m sev=[32mlow   [0m [2m     f=99[0m
    clean telemetry live: 2124 → 1518 rows
[2m[02:51:34] tick 18[0m
  [36mstation1 [0m [33mADVISORY  bgp_route_flap    [0m conf=0.57  ETA=  4.4m sev=[32mlow   [0m [2m     f=99[0m
  [36mstation2 [0m [32mhealthy[0m                      conf=0.53  ETA=  8.4m sev=[32mlow   [0m [2m     f=99[0m
    clean telemetry live: 2124 → 1518 rows
[2m[02:51:49] tick 19[0m
  [36mstation1 [0m [33mADVISORY  bgp_route_flap    [0m conf=0.53  ETA=  4.5m sev=[32mlow   [0m [2m     f=99[0m
  [36mstation2 [0m [32mhealthy[0m                      conf=0.63  ETA=  8.1m sev=[32mlow   [0m [2m     f=99[0m
    clean telemetry live: 2124 → 1518 rows
[2m[02:52:04] tick 20[0m
  [36mstation1 [0m [32mhealthy[0m                      conf=0.55  ETA=  4.4m sev=[32mlow   [0m [2m     f=99[0m
  [36mstation2 [0m [32mhealthy[0m                      conf=0.52  ETA=  8.2m sev=[32mlow   [0m [2m     f=99[0m
    clean telemetry live: 2124 → 1518 rows
[2m[02:52:20] tick 21[0m
  [36mstation1 [0m [32mhealthy[0m                      conf=0.64  ETA=  4.7m sev=[32mlow   [0m [2m     f=99[0m
  [36mstation2 [0m [32mhealthy[0m                      conf=0.56  ETA=  8.0m sev=[32mlow   [0m [2m     f=99[0m
    clean telemetry live: 2124 → 1518 rows
[2m[02:52:35] tick 22[0m
  [36mstation1 [0m [32mhealthy[0m                      conf=0.62  ETA=  4.8m sev=[32mlow   [0m [2m     f=99[0m
  [36mstation2 [0m [32mhealthy[0m                      conf=0.71  ETA=  7.9m sev=[32mlow   [0m [2m     f=99[0m
    clean telemetry live: 2124 → 1518 rows
[2m[02:52:50] tick 23[0m
  [36mstation1 [0m [32mhealthy[0m                      conf=0.50  ETA=  5.5m sev=[32mlow   [0m [2m     f=99[0m
  [36mstation2 [0m [32mhealthy[0m                      conf=0.58  ETA=  7.9m sev=[32mlow   [0m [2m     f=99[0m
    clean telemetry live: 2124 → 1518 rows
[2m[02:53:06] tick 24[0m
  [36mstation1 [0m [33mADVISORY  bgp_route_flap    [0m conf=0.54  ETA=  5.8m sev=[32mlow   [0m [2m     f=99[0m
  [36mstation2 [0m [32mhealthy[0m                      conf=0.47  ETA=  7.9m sev=[32mlow   [0m [2m     f=99[0m
    clean telemetry live: 2124 → 1518 rows
[2m[02:53:21] tick 25[0m
  [36mstation1 [0m [32mhealthy[0m                      conf=0.52  ETA=  5.2m sev=[32mlow   [0m [2m     f=99[0m
  [36mstation2 [0m [32mhealthy[0m                      conf=0.64  ETA=  7.9m sev=[32mlow   [0m [2m     f=99[0m
    clean telemetry live: 2124 → 1518 rows
[2m[02:53:36] tick 26[0m
  [36mstation1 [0m [32mhealthy[0m                      conf=0.46  ETA=  5.4m sev=[32mlow   [0m [2m     f=99[0m
  [36mstation2 [0m [32mhealthy[0m                      conf=0.52  ETA=  8.0m sev=[32mlow   [0m [2m     f=99[0m
    clean telemetry live: 2124 → 1518 rows
[2m[02:53:52] tick 27[0m
  [36mstation1 [0m [32mhealthy[0m                      conf=0.51  ETA=  4.8m sev=[32mlow   [0m [2m     f=99[0m
  [36mstation2 [0m [33mADVISORY  bgp_route_flap    [0m conf=0.47  ETA=  7.9m sev=[32mlow   [0m [2m     f=99[0m
    clean telemetry live: 2124 → 1518 rows
[2m[02:54:07] tick 28[0m
  [36mstation1 [0m [32mhealthy[0m                      conf=0.52  ETA=  5.2m sev=[32mlow   [0m [2m     f=99[0m
  [36mstation2 [0m [33mADVISORY  bgp_route_flap    [0m conf=0.41  ETA=  7.9m sev=[32mlow   [0m [2m     f=99[0m
    clean telemetry live: 2124 → 1518 rows
[2m[02:54:22] tick 29[0m
  [36mstation1 [0m [32mhealthy[0m                      conf=0.54  ETA=  5.8m sev=[32mlow   [0m [2m     f=99[0m
  [36mstation2 [0m [32mhealthy[0m                      conf=0.50  ETA=  7.9m sev=[32mlow   [0m [2m     f=99[0m
    clean telemetry live: 2124 → 1518 rows
[2m[02:54:38] tick 30[0m
  [36mstation1 [0m [32mhealthy[0m                      conf=0.56  ETA=  5.7m sev=[32mlow   [0m [2m     f=99[0m
  [36mstation2 [0m [32mhealthy[0m                      conf=0.58  ETA=  8.0m sev=[32mlow   [0m [2m     f=99[0m
    clean telemetry live: 2124 → 1518 rows
[2m[02:54:53] tick 31[0m
  [36mstation1 [0m [33mADVISORY  vrf_leakage       [0m conf=0.44  ETA=  5.7m sev=[32mlow   [0m [2m     f=99[0m
  [36mstation2 [0m [32mhealthy[0m                      conf=0.56  ETA=  8.1m sev=[32mlow   [0m [2m     f=99[0m
    clean telemetry live: 2124 → 1518 rows
[2m[02:55:08] tick 32[0m
  [36mstation1 [0m [33mADVISORY  vrf_leakage       [0m conf=0.47  ETA=  5.8m sev=[32mlow   [0m [2m     f=99[0m
  [36mstation2 [0m [32mhealthy[0m                      conf=0.62  ETA=  8.1m sev=[32mlow   [0m [2m     f=99[0m
    clean telemetry live: 2124 → 1518 rows
[2m[02:55:24] tick 33[0m
  [36mstation1 [0m [33mADVISORY  vrf_leakage       [0m conf=0.37  ETA=  5.4m sev=[32mlow   [0m [2m     f=99[0m
  [36mstation2 [0m [32mhealthy[0m                      conf=0.56  ETA=  8.1m sev=[32mlow   [0m [2m     f=99[0m
    clean telemetry live: 2124 → 1518 rows
[2m[02:55:39] tick 34[0m
  [36mstation1 [0m [32mhealthy[0m                      conf=0.57  ETA=  5.3m sev=[32mlow   [0m [2m     f=99[0m
  [36mstation2 [0m [32mhealthy[0m                      conf=0.58  ETA=  8.2m sev=[32mlow   [0m [2m     f=99[0m
    clean telemetry live: 2124 → 1518 rows
[2m[02:55:54] tick 35[0m
  [36mstation1 [0m [32mhealthy[0m                      conf=0.56  ETA=  4.9m sev=[32mlow   [0m [2m     f=99[0m
  [36mstation2 [0m [32mhealthy[0m                      conf=0.59  ETA=  8.5m sev=[32mlow   [0m [2m     f=99[0m
    clean telemetry live: 2124 → 1518 rows
[2m[02:56:10] tick 36[0m
  [36mstation1 [0m [32mhealthy[0m                      conf=0.35  ETA=  5.0m sev=[32mlow   [0m [2m     f=99[0m
  [36mstation2 [0m [32mhealthy[0m                      conf=0.61  ETA=  8.5m sev=[32mlow   [0m [2m     f=99[0m
    clean telemetry live: 2124 → 1518 rows
[2m[02:56:25] tick 37[0m
  [36mstation1 [0m [33mADVISORY  bgp_route_flap    [0m conf=0.62  ETA=  4.1m sev=[32mlow   [0m [2m     f=99[0m
  [36mstation2 [0m [32mhealthy[0m                      conf=0.51  ETA=  9.0m sev=[32mlow   [0m [2m     f=99[0m
    clean telemetry live: 2124 → 1518 rows
[2m[02:56:40] tick 38[0m
  [36mstation1 [0m [32mhealthy[0m                      conf=0.50  ETA=  3.7m sev=[32mlow   [0m [2m     f=99[0m
  [36mstation2 [0m [32mhealthy[0m                      conf=0.52  ETA=  8.7m sev=[32mlow   [0m [2m     f=99[0m
    clean telemetry live: 2124 → 1518 rows
[2m[02:56:56] tick 39[0m
  [36mstation1 [0m [33mADVISORY  bgp_route_flap    [0m conf=0.71  ETA=  3.7m sev=[32mlow   [0m [2m     f=99[0m
  [36mstation2 [0m [32mhealthy[0m                      conf=0.56  ETA=  8.5m sev=[32mlow   [0m [2m     f=99[0m
    clean telemetry live: 2124 → 1518 rows
[2m[02:57:11] tick 40[0m
  [36mstation1 [0m [33mADVISORY  bgp_route_flap    [0m conf=0.59  ETA=  3.7m sev=[32mlow   [0m [2m     f=99[0m
  [36mstation2 [0m [32mhealthy[0m                      conf=0.56  ETA=  8.6m sev=[32mlow   [0m [2m     f=99[0m
    clean telemetry live: 2124 → 1518 rows
[2m[02:57:26] tick 41[0m
  [36mstation1 [0m [33mADVISORY  bgp_route_flap    [0m conf=0.62  ETA=  4.1m sev=[32mlow   [0m [2m     f=99[0m
  [36mstation2 [0m [32mhealthy[0m                      conf=0.56  ETA=  8.8m sev=[32mlow   [0m [2m     f=99[0m
    clean telemetry live: 2124 → 1518 rows
[2m[02:57:42] tick 42[0m
  [36mstation1 [0m [33mADVISORY  bgp_route_flap    [0m conf=0.50  ETA=  3.9m sev=[32mlow   [0m [2m     f=99[0m
  [36mstation2 [0m [32mhealthy[0m                      conf=0.58  ETA=  8.6m sev=[32mlow   [0m [2m     f=99[0m
    clean telemetry live: 2124 → 1518 rows
[2m[02:57:57] tick 43[0m
  [36mstation1 [0m [32mhealthy[0m                      conf=0.52  ETA=  3.9m sev=[32mlow   [0m [2m     f=99[0m
  [36mstation2 [0m [32mhealthy[0m                      conf=0.52  ETA=  8.9m sev=[32mlow   [0m [2mcirc f=99[0m
    clean telemetry live: 2124 → 1518 rows
[2m[02:58:12] tick 44[0m
  [36mstation1 [0m [33mADVISORY  bgp_route_flap    [0m conf=0.67  ETA=  4.2m sev=[32mlow   [0m [2m     f=99[0m
  [36mstation2 [0m [32mhealthy[0m                      conf=0.54  ETA=  8.7m sev=[32mlow   [0m [2mcirc f=99[0m
    clean telemetry live: 2124 → 1518 rows
[2m[02:58:28] tick 45[0m
  [36mstation1 [0m [33mADVISORY  bgp_route_flap    [0m conf=0.67  ETA=  4.3m sev=[32mlow   [0m [2m     f=99[0m
  [36mstation2 [0m [32mhealthy[0m                      conf=0.52  ETA=  9.2m sev=[32mlow   [0m [2m     f=99[0m
    clean telemetry live: 2124 → 1518 rows
[2m[02:58:43] tick 46[0m
  [36mstation1 [0m [32mhealthy[0m                      conf=0.50  ETA=  4.5m sev=[32mlow   [0m [2m     f=99[0m
  [36mstation2 [0m [32mhealthy[0m                      conf=0.47  ETA=  9.2m sev=[32mlow   [0m [2m     f=99[0m
    clean telemetry live: 2124 → 1518 rows
[2m[02:58:58] tick 47[0m
  [36mstation1 [0m [32mhealthy[0m                      conf=0.74  ETA=  4.8m sev=[32mlow   [0m [2m     f=99[0m
  [36mstation2 [0m [33mADVISORY  bgp_route_flap    [0m conf=0.49  ETA=  8.7m sev=[32mlow   [0m [2m     f=99[0m
    clean telemetry live: 2124 → 1518 rows
[2m[02:59:14] tick 48[0m
  [36mstation1 [0m [33mADVISORY  bgp_route_flap    [0m conf=0.77  ETA=  5.7m sev=[32mlow   [0m [2m     f=99[0m
  [36mstation2 [0m [33mADVISORY  bgp_route_flap    [0m conf=0.66  ETA=  8.3m sev=[32mlow   [0m [2m     f=99[0m
    clean telemetry live: 2124 → 1518 rows
[2m[02:59:29] tick 49[0m
  [36mstation1 [0m [32mhealthy[0m                      conf=0.57  ETA=  6.1m sev=[32mlow   [0m [2m     f=99[0m
  [36mstation2 [0m [32mhealthy[0m                      conf=0.55  ETA=  8.2m sev=[32mlow   [0m [2m     f=99[0m
    clean telemetry live: 2124 → 1518 rows
[2m[02:59:44] tick 50[0m
  [36mstation1 [0m [32mhealthy[0m                      conf=0.62  ETA=  6.0m sev=[32mlow   [0m [2m     f=99[0m
  [36mstation2 [0m [32mhealthy[0m                      conf=0.47  ETA=  8.2m sev=[32mlow   [0m [2m     f=99[0m
    clean telemetry live: 2121 → 1515 rows
[2m[03:00:00] tick 51[0m
  [36mstation1 [0m [32mhealthy[0m                      conf=0.54  ETA=  6.6m sev=[32mlow   [0m [2m     f=99[0m
  [36mstation2 [0m [32mhealthy[0m                      conf=0.56  ETA=  8.1m sev=[32mlow   [0m [2m     f=99[0m
    clean telemetry live: 2121 → 1515 rows
[2m[03:00:15] tick 52[0m
  [36mstation1 [0m [32mhealthy[0m                      conf=0.49  ETA=  5.8m sev=[32mlow   [0m [2m     f=99[0m
  [36mstation2 [0m [32mhealthy[0m                      conf=0.61  ETA=  8.3m sev=[32mlow   [0m [2m     f=99[0m
    clean telemetry live: 2121 → 1515 rows
[2m[03:00:30] tick 53[0m
  [36mstation1 [0m [32mhealthy[0m                      conf=0.56  ETA=  5.8m sev=[32mlow   [0m [2m     f=99[0m
  [36mstation2 [0m [32mhealthy[0m                      conf=0.58  ETA=  8.3m sev=[32mlow   [0m [2m     f=99[0m
    clean telemetry live: 2124 → 1518 rows
[2m[03:00:46] tick 54[0m
  [36mstation1 [0m [32mhealthy[0m                      conf=0.57  ETA=  4.4m sev=[32mlow   [0m [2m     f=99[0m
  [36mstation2 [0m [32mhealthy[0m                      conf=0.57  ETA=  8.5m sev=[32mlow   [0m [2m     f=99[0m
    clean telemetry live: 2124 → 1518 rows
[2m[03:01:01] tick 55[0m
  [36mstation1 [0m [32mhealthy[0m                      conf=0.52  ETA=  4.2m sev=[32mlow   [0m [2m     f=99[0m
  [36mstation2 [0m [32mhealthy[0m                      conf=0.58  ETA=  8.6m sev=[32mlow   [0m [2mcirc f=99[0m
    clean telemetry live: 2124 → 1518 rows
[2m[03:01:16] tick 56[0m
  [36mstation1 [0m [32mhealthy[0m                      conf=0.56  ETA=  4.2m sev=[32mlow   [0m [2m     f=99[0m
  [36mstation2 [0m [32mhealthy[0m                      conf=0.58  ETA=  9.0m sev=[32mlow   [0m [2m     f=99[0m
    clean telemetry live: 2124 → 1518 rows
[2m[03:01:32] tick 57[0m
  [36mstation1 [0m [32mhealthy[0m                      conf=0.80  ETA=  3.8m sev=[32mlow   [0m [2m     f=99[0m
  [36mstation2 [0m [32mhealthy[0m                      conf=0.56  ETA=  8.8m sev=[32mlow   [0m [2m     f=99[0m
    clean telemetry live: 2124 → 1518 rows
[2m[03:01:47] tick 58[0m
  [36mstation1 [0m [32mhealthy[0m                      conf=0.85  ETA=  3.5m sev=[32mlow   [0m [2mcirc f=99[0m
  [36mstation2 [0m [32mhealthy[0m                      conf=0.37  ETA=  8.6m sev=[32mlow   [0m [2m     f=99[0m
    clean telemetry live: 2124 → 1518 rows
[2m[03:02:03] tick 59[0m
  [36mstation1 [0m [32mhealthy[0m                      conf=0.59  ETA=  3.4m sev=[32mlow   [0m [2mcirc f=99[0m
  [36mstation2 [0m [32mhealthy[0m                      conf=0.59  ETA=  9.3m sev=[32mlow   [0m [2mcirc f=99[0m
    clean telemetry live: 2124 → 1518 rows
[2m[03:02:18] tick 60[0m
  [36mstation1 [0m [32mhealthy[0m                      conf=0.54  ETA=  3.8m sev=[32mlow   [0m [2m     f=99[0m
  [36mstation2 [0m [32mhealthy[0m                      conf=0.98  ETA=  9.0m sev=[32mlow   [0m [2m     f=99[0m
    clean telemetry live: 2124 → 1518 rows
[2m[03:02:34] tick 61[0m
  [36mstation1 [0m [32mhealthy[0m                      conf=0.63  ETA=  3.9m sev=[33mmedium[0m [2m     f=99[0m
  [36mstation2 [0m [32mhealthy[0m                      conf=0.59  ETA=  9.0m sev=[33mmedium[0m [2m     f=99[0m
    clean telemetry live: 2124 → 1518 rows
[2m[03:02:49] tick 62[0m
  [36mstation1 [0m [32mhealthy[0m                      conf=0.98  ETA=  4.6m sev=[33mmedium[0m [2m     f=99[0m
  [36mstation2 [0m [32mhealthy[0m                      conf=0.62  ETA=  8.3m sev=[33mmedium[0m [2m     f=99[0m
    clean telemetry live: 2124 → 1518 rows
[2m[03:03:04] tick 63[0m
  [36mstation1 [0m [32mhealthy[0m                      conf=0.98  ETA=  5.2m sev=[33mmedium[0m [2m     f=99[0m
  [36mstation2 [0m [32mhealthy[0m                      conf=0.63  ETA=  7.9m sev=[33mmedium[0m [2m     f=99[0m
    clean telemetry live: 2124 → 1518 rows
[2m[03:03:20] tick 64[0m
  [36mstation1 [0m [32mhealthy[0m                      conf=0.88  ETA=  5.6m sev=[33mmedium[0m [2mcirc f=99[0m
  [36mstation2 [0m [32mhealthy[0m                      conf=0.62  ETA=  7.5m sev=[33mmedium[0m [2m     f=99[0m
    clean telemetry live: 2124 → 1518 rows
[2m[03:03:35] tick 65[0m
  [36mstation1 [0m [32mhealthy[0m                      conf=0.73  ETA=  6.2m sev=[33mmedium[0m [2m     f=99[0m
  [36mstation2 [0m [32mhealthy[0m                      conf=0.79  ETA=  7.4m sev=[33mmedium[0m [2m     f=99[0m
    clean telemetry live: 2124 → 1518 rows
[2m[03:03:51] tick 66[0m
  [36mstation1 [0m [32mhealthy[0m                      conf=0.84  ETA=  5.5m sev=[32mlow   [0m [2m     f=99[0m
  [36mstation2 [0m [32mhealthy[0m                      conf=0.78  ETA=  7.0m sev=[33mmedium[0m [2m     f=99[0m
    clean telemetry live: 2124 → 1518 rows
[2m[03:04:06] tick 67[0m
  [36mstation1 [0m [32mhealthy[0m                      conf=0.73  ETA=  5.6m sev=[32mlow   [0m [2m     f=99[0m
  [36mstation2 [0m [32mhealthy[0m                      conf=0.90  ETA=  6.6m sev=[32mlow   [0m [2m     f=99[0m
    clean telemetry live: 2124 → 1518 rows
[2m[03:04:21] tick 68[0m
  [36mstation1 [0m [32mhealthy[0m                      conf=0.89  ETA=  5.5m sev=[32mlow   [0m [2m     f=99[0m
  [36mstation2 [0m [32mhealthy[0m                      conf=0.94  ETA=  6.3m sev=[32mlow   [0m [2m     f=99[0m
    clean telemetry live: 2124 → 1518 rows
[2m[03:04:37] tick 69[0m
  [36mstation1 [0m [32mhealthy[0m                      conf=0.85  ETA=  5.9m sev=[32mlow   [0m [2m     f=99[0m
  [36mstation2 [0m [32mhealthy[0m                      conf=0.93  ETA=  6.2m sev=[32mlow   [0m [2m     f=99[0m
    clean telemetry live: 2124 → 1518 rows
[2m[03:04:52] tick 70[0m
  [36mstation1 [0m [32mhealthy[0m                      conf=0.91  ETA=  6.1m sev=[32mlow   [0m [2m     f=99[0m
  [36mstation2 [0m [32mhealthy[0m                      conf=0.96  ETA=  5.4m sev=[32mlow   [0m [2m     f=99[0m
    clean telemetry live: 2124 → 1518 rows
[2m[03:05:08] tick 71[0m
  [36mstation1 [0m [32mhealthy[0m                      conf=0.87  ETA=  6.4m sev=[32mlow   [0m [2m     f=99[0m
  [36mstation2 [0m [32mhealthy[0m                      conf=0.94  ETA=  5.6m sev=[32mlow   [0m [2m     f=99[0m
    clean telemetry live: 2124 → 1518 rows
[2m[03:05:24] tick 72[0m
  [36mstation1 [0m [32mhealthy[0m                      conf=0.85  ETA=  7.3m sev=[32mlow   [0m [2m     f=99[0m
  [36mstation2 [0m [32mhealthy[0m                      conf=0.95  ETA=  5.2m sev=[32mlow   [0m [2m     f=99[0m
    clean telemetry live: 2124 → 1518 rows
[2m[03:05:39] tick 73[0m
  [36mstation1 [0m [32mhealthy[0m                      conf=0.84  ETA=  7.1m sev=[32mlow   [0m [2m     f=99[0m
  [36mstation2 [0m [32mhealthy[0m                      conf=0.84  ETA=  5.3m sev=[32mlow   [0m [2m     f=99[0m
    clean telemetry live: 2124 → 1518 rows
[2m[03:05:54] tick 74[0m
  [36mstation1 [0m [32mhealthy[0m                      conf=0.84  ETA=  7.4m sev=[32mlow   [0m [2m     f=99[0m
  [36mstation2 [0m [32mhealthy[0m                      conf=0.85  ETA=  5.5m sev=[32mlow   [0m [2m     f=99[0m
    clean telemetry live: 2124 → 1518 rows
[2m[03:06:10] tick 75[0m
  [36mstation1 [0m [32mhealthy[0m                      conf=0.79  ETA=  7.2m sev=[32mlow   [0m [2m     f=99[0m
  [36mstation2 [0m [32mhealthy[0m                      conf=0.84  ETA=  5.8m sev=[32mlow   [0m [2m     f=99[0m
    clean telemetry live: 2124 → 1518 rows
[2m[03:06:25] tick 76[0m
  [36mstation1 [0m [32mhealthy[0m                      conf=0.83  ETA=  6.4m sev=[32mlow   [0m [2m     f=99[0m
  [36mstation2 [0m [32mhealthy[0m                      conf=0.73  ETA=  6.4m sev=[32mlow   [0m [2m     f=99[0m
    clean telemetry live: 2124 → 1518 rows
[2m[03:06:40] tick 77[0m
  [36mstation1 [0m [32mhealthy[0m                      conf=0.89  ETA=  6.1m sev=[32mlow   [0m [2mcirc f=99[0m
  [36mstation2 [0m [32mhealthy[0m                      conf=0.80  ETA=  6.0m sev=[32mlow   [0m [2m     f=99[0m
    clean telemetry live: 2124 → 1518 rows
[2m[03:06:56] tick 78[0m
  [36mstation1 [0m [32mhealthy[0m                      conf=0.84  ETA=  4.6m sev=[32mlow   [0m [2m     f=99[0m
  [36mstation2 [0m [32mhealthy[0m                      conf=0.89  ETA=  6.5m sev=[32mlow   [0m [2m     f=99[0m
    clean telemetry live: 2124 → 1518 rows
[2m[03:07:11] tick 79[0m
  [36mstation1 [0m [32mhealthy[0m                      conf=0.83  ETA=  4.4m sev=[32mlow   [0m [2m     f=99[0m
  [36mstation2 [0m [32mhealthy[0m                      conf=0.85  ETA=  6.2m sev=[32mlow   [0m [2m     f=99[0m
    clean telemetry live: 2124 → 1518 rows
[2m[03:07:27] tick 80[0m
  [36mstation1 [0m [32mhealthy[0m                      conf=0.93  ETA=  4.0m sev=[32mlow   [0m [2m     f=99[0m
  [36mstation2 [0m [32mhealthy[0m                      conf=0.58  ETA=  6.5m sev=[32mlow   [0m [2m     f=99[0m
    clean telemetry live: 2124 → 1518 rows
[2m[03:07:42] tick 81[0m
  [36mstation1 [0m [32mhealthy[0m                      conf=0.68  ETA=  3.7m sev=[33mmedium[0m [2mcirc f=99[0m
  [36mstation2 [0m [32mhealthy[0m                      conf=0.53  ETA=  6.5m sev=[32mlow   [0m [2m     f=99[0m
    clean telemetry live: 2124 → 1518 rows
[2m[03:07:58] tick 82[0m
  [36mstation1 [0m [32mhealthy[0m                      conf=0.60  ETA=  3.5m sev=[33mmedium[0m [2mcirc f=99[0m
  [36mstation2 [0m [32mhealthy[0m                      conf=0.89  ETA=  6.4m sev=[32mlow   [0m [2m     f=99[0m
    clean telemetry live: 2124 → 1518 rows
[2m[03:08:13] tick 83[0m
  [36mstation1 [0m [32mhealthy[0m                      conf=0.98  ETA=  3.6m sev=[33mmedium[0m [2m     f=99[0m
  [36mstation2 [0m [32mhealthy[0m                      conf=0.98  ETA=  6.8m sev=[33mmedium[0m [2m     f=99[0m
    clean telemetry live: 2124 → 1518 rows
[2m[03:08:28] tick 84[0m
  [36mstation1 [0m [32mhealthy[0m                      conf=0.58  ETA=  3.8m sev=[33mmedium[0m [2m     f=99[0m
  [36mstation2 [0m [32mhealthy[0m                      conf=0.63  ETA=  6.5m sev=[33mmedium[0m [2m     f=99[0m
    clean telemetry live: 2124 → 1518 rows
[2m[03:08:44] tick 85[0m
  [36mstation1 [0m [32mhealthy[0m                      conf=0.62  ETA=  3.5m sev=[33mmedium[0m [2m     f=99[0m
  [36mstation2 [0m [32mhealthy[0m                      conf=0.64  ETA=  6.7m sev=[33mmedium[0m [2m     f=99[0m
    clean telemetry live: 2124 → 1518 rows
[2m[03:08:59] tick 86[0m
  [36mstation1 [0m [32mhealthy[0m                      conf=0.77  ETA=  3.6m sev=[33mmedium[0m [2mcirc f=99[0m
  [36mstation2 [0m [32mhealthy[0m                      conf=0.59  ETA=  6.2m sev=[33mmedium[0m [2mcirc f=99[0m
    clean telemetry live: 2124 → 1518 rows
[2m[03:09:14] tick 87[0m
  [36mstation1 [0m [32mhealthy[0m                      conf=0.64  ETA=  4.5m sev=[33mmedium[0m [2m     f=99[0m
  [36mstation2 [0m [32mhealthy[0m                      conf=0.61  ETA=  5.8m sev=[33mmedium[0m [2m     f=99[0m
    clean telemetry live: 2121 → 1515 rows
[2m[03:09:30] tick 88[0m
  [36mstation1 [0m [32mhealthy[0m                      conf=0.62  ETA=  4.3m sev=[33mmedium[0m [2mcirc f=99[0m
  [36mstation2 [0m [32mhealthy[0m                      conf=0.92  ETA=  5.5m sev=[33mmedium[0m [2mcirc f=99[0m
    clean telemetry live: 2121 → 1515 rows
[2m[03:09:45] tick 89[0m
  [36mstation1 [0m [32mhealthy[0m                      conf=0.97  ETA=  4.7m sev=[33mmedium[0m [2m     f=99[0m
  [36mstation2 [0m [32mhealthy[0m                      conf=0.95  ETA=  5.7m sev=[32mlow   [0m [2m     f=99[0m
    clean telemetry live: 2121 → 1515 rows
[2m[03:10:01] tick 90[0m
  [36mstation1 [0m [32mhealthy[0m                      conf=0.97  ETA=  5.2m sev=[32mlow   [0m [2m     f=99[0m
  [36mstation2 [0m [32mhealthy[0m                      conf=0.97  ETA=  5.1m sev=[32mlow   [0m [2m     f=99[0m
    clean telemetry live: 2124 → 1518 rows
[2m[03:10:16] tick 91[0m
  [36mstation1 [0m [32mhealthy[0m                      conf=0.95  ETA=  6.2m sev=[32mlow   [0m [2m     f=99[0m
  [36mstation2 [0m [32mhealthy[0m                      conf=0.96  ETA=  4.9m sev=[32mlow   [0m [2m     f=99[0m
    clean telemetry live: 2124 → 1518 rows
[2m[03:10:31] tick 92[0m
  [36mstation1 [0m [32mhealthy[0m                      conf=0.97  ETA=  6.5m sev=[32mlow   [0m [2m     f=99[0m
  [36mstation2 [0m [32mhealthy[0m                      conf=0.97  ETA=  4.7m sev=[32mlow   [0m [2m     f=99[0m
    clean telemetry live: 2124 → 1518 rows
[2m[03:10:47] tick 93[0m
  [36mstation1 [0m [32mhealthy[0m                      conf=0.94  ETA=  6.4m sev=[32mlow   [0m [2m     f=99[0m
  [36mstation2 [0m [32mhealthy[0m                      conf=0.95  ETA=  4.9m sev=[32mlow   [0m [2m     f=99[0m
    clean telemetry live: 2124 → 1518 rows
[2m[03:11:02] tick 94[0m
  [36mstation1 [0m [32mhealthy[0m                      conf=0.96  ETA=  6.9m sev=[32mlow   [0m [2m     f=99[0m
  [36mstation2 [0m [32mhealthy[0m                      conf=0.95  ETA=  4.7m sev=[32mlow   [0m [2m     f=99[0m
    clean telemetry live: 2124 → 1518 rows
[2m[03:11:18] tick 95[0m
  [36mstation1 [0m [32mhealthy[0m                      conf=0.97  ETA=  6.4m sev=[32mlow   [0m [2m     f=99[0m
  [36mstation2 [0m [32mhealthy[0m                      conf=0.98  ETA=  4.8m sev=[32mlow   [0m [2m     f=99[0m
    clean telemetry live: 2124 → 1518 rows
[2m[03:11:33] tick 96[0m
  [36mstation1 [0m [32mhealthy[0m                      conf=0.97  ETA=  6.4m sev=[32mlow   [0m [2m     f=99[0m
  [36mstation2 [0m [32mhealthy[0m                      conf=0.95  ETA=  4.5m sev=[32mlow   [0m [2m     f=99[0m
    clean telemetry live: 2124 → 1518 rows
[2m[03:11:48] tick 97[0m
  [36mstation1 [0m [32mhealthy[0m                      conf=0.92  ETA=  6.3m sev=[32mlow   [0m [2m     f=99[0m
  [36mstation2 [0m [32mhealthy[0m                      conf=0.95  ETA=  4.6m sev=[32mlow   [0m [2m     f=99[0m
    clean telemetry live: 2124 → 1518 rows
[2m[03:12:04] tick 98[0m
  [36mstation1 [0m [32mhealthy[0m                      conf=0.93  ETA=  5.4m sev=[32mlow   [0m [2m     f=99[0m
  [36mstation2 [0m [32mhealthy[0m                      conf=0.93  ETA=  5.0m sev=[32mlow   [0m [2m     f=99[0m
    clean telemetry live: 2124 → 1518 rows
[2m[03:12:19] tick 99[0m
  [36mstation1 [0m [32mhealthy[0m                      conf=0.95  ETA=  5.1m sev=[32mlow   [0m [2m     f=99[0m
  [36mstation2 [0m [32mhealthy[0m                      conf=0.92  ETA=  4.8m sev=[32mlow   [0m [2m     f=99[0m
    clean telemetry live: 2124 → 1518 rows
[2m[03:12:34] tick 100[0m
  [36mstation1 [0m [32mhealthy[0m                      conf=0.91  ETA=  4.9m sev=[32mlow   [0m [2m     f=99[0m
  [36mstation2 [0m [32mhealthy[0m                      conf=0.96  ETA=  4.9m sev=[32mlow   [0m [2m     f=99[0m
    clean telemetry live: 2124 → 1518 rows
[2m[03:12:50] tick 101[0m
  [36mstation1 [0m [32mhealthy[0m                      conf=0.90  ETA=  5.2m sev=[32mlow   [0m [2m     f=99[0m
  [36mstation2 [0m [32mhealthy[0m                      conf=0.96  ETA=  4.9m sev=[32mlow   [0m [2m     f=99[0m
    clean telemetry live: 2124 → 1518 rows
[2m[03:13:05] tick 102[0m
  [36mstation1 [0m [32mhealthy[0m                      conf=0.67  ETA=  5.7m sev=[32mlow   [0m [2mcirc f=99[0m
  [36mstation2 [0m [32mhealthy[0m                      conf=0.93  ETA=  5.3m sev=[32mlow   [0m [2m     f=99[0m
    clean telemetry live: 2124 → 1518 rows
[2m[03:13:21] tick 103[0m
  [36mstation1 [0m [32mhealthy[0m                      conf=0.53  ETA=  4.6m sev=[32mlow   [0m [2mcirc f=99[0m
  [36mstation2 [0m [32mhealthy[0m                      conf=0.65  ETA=  5.5m sev=[32mlow   [0m [2m     f=99[0m
    clean telemetry live: 2124 → 1518 rows
[2m[03:13:36] tick 104[0m
  [36mstation1 [0m [32mhealthy[0m                      conf=0.64  ETA=  4.6m sev=[33mmedium[0m [2mcirc f=99[0m
  [36mstation2 [0m [32mhealthy[0m                      conf=0.97  ETA=  6.0m sev=[32mlow   [0m [2m     f=99[0m
    clean telemetry live: 2124 → 1518 rows
[2m[03:13:51] tick 105[0m
  [36mstation1 [0m [32mhealthy[0m                      conf=0.88  ETA=  4.1m sev=[33mmedium[0m [2m     f=99[0m
  [36mstation2 [0m [32mhealthy[0m                      conf=0.60  ETA=  5.6m sev=[33mmedium[0m [2m     f=99[0m
    clean telemetry live: 2124 → 1518 rows
[2m[03:14:07] tick 106[0m
  [36mstation1 [0m [32mhealthy[0m                      conf=0.70  ETA=  4.4m sev=[33mmedium[0m [2mcirc f=99[0m
  [36mstation2 [0m [32mhealthy[0m                      conf=0.81  ETA=  5.3m sev=[33mmedium[0m [2m     f=99[0m
    clean telemetry live: 2124 → 1518 rows
[2m[03:14:22] tick 107[0m
  [36mstation1 [0m [32mhealthy[0m                      conf=0.72  ETA=  4.4m sev=[33mmedium[0m [2m     f=99[0m
  [36mstation2 [0m [32mhealthy[0m                      conf=0.66  ETA=  5.2m sev=[33mmedium[0m [2m     f=99[0m
    clean telemetry live: 2124 → 1518 rows
[2m[03:14:37] tick 108[0m
  [36mstation1 [0m [32mhealthy[0m                      conf=0.88  ETA=  4.4m sev=[33mmedium[0m [2m     f=99[0m
  [36mstation2 [0m [32mhealthy[0m                      conf=0.85  ETA=  5.8m sev=[33mmedium[0m [2m     f=99[0m
    clean telemetry live: 2124 → 1518 rows
[2m[03:14:53] tick 109[0m
  [36mstation1 [0m [32mhealthy[0m                      conf=0.98  ETA=  4.1m sev=[33mmedium[0m [2m     f=99[0m
  [36mstation2 [0m [32mhealthy[0m                      conf=0.81  ETA=  6.3m sev=[33mmedium[0m [2m     f=99[0m
    clean telemetry live: 2124 → 1518 rows
[2m[03:15:08] tick 110[0m
  [36mstation1 [0m [32mhealthy[0m                      conf=0.93  ETA=  4.6m sev=[33mmedium[0m [2m     f=99[0m
  [36mstation2 [0m [32mhealthy[0m                      conf=0.80  ETA=  5.9m sev=[33mmedium[0m [2m     f=99[0m
    clean telemetry live: 2124 → 1518 rows
[2m[03:15:23] tick 111[0m
  [36mstation1 [0m [32mhealthy[0m                      conf=0.88  ETA=  4.7m sev=[33mmedium[0m [2m     f=99[0m
  [36mstation2 [0m [32mhealthy[0m                      conf=0.84  ETA=  5.6m sev=[32mlow   [0m [2m     f=99[0m
    clean telemetry live: 2124 → 1518 rows
[2m[03:15:39] tick 112[0m
  [36mstation1 [0m [32mhealthy[0m                      conf=0.94  ETA=  5.5m sev=[32mlow   [0m [2m     f=99[0m
  [36mstation2 [0m [32mhealthy[0m                      conf=0.95  ETA=  5.4m sev=[32mlow   [0m [2mcirc f=99[0m
    clean telemetry live: 2124 → 1518 rows
[2m[03:15:54] tick 113[0m
  [36mstation1 [0m [32mhealthy[0m                      conf=0.94  ETA=  5.0m sev=[32mlow   [0m [2m     f=99[0m
  [36mstation2 [0m [32mhealthy[0m                      conf=0.97  ETA=  5.9m sev=[32mlow   [0m [2m     f=99[0m
    clean telemetry live: 2124 → 1518 rows
[2m[03:16:09] tick 114[0m
  [36mstation1 [0m [32mhealthy[0m                      conf=0.97  ETA=  5.9m sev=[32mlow   [0m [2m     f=99[0m
  [36mstation2 [0m [32mhealthy[0m                      conf=0.95  ETA=  5.3m sev=[32mlow   [0m [2m     f=99[0m
    clean telemetry live: 2124 → 1518 rows
[2m[03:16:25] tick 115[0m
  [36mstation1 [0m [32mhealthy[0m                      conf=0.95  ETA=  5.4m sev=[32mlow   [0m [2m     f=99[0m
  [36mstation2 [0m [32mhealthy[0m                      conf=0.93  ETA=  5.8m sev=[32mlow   [0m [2m     f=99[0m
    clean telemetry live: 2124 → 1518 rows
[2m[03:16:40] tick 116[0m
  [36mstation1 [0m [32mhealthy[0m                      conf=0.95  ETA=  6.0m sev=[32mlow   [0m [2m     f=99[0m
  [36mstation2 [0m [32mhealthy[0m                      conf=0.92  ETA=  5.3m sev=[32mlow   [0m [2m     f=99[0m
    clean telemetry live: 2124 → 1518 rows
[2m[03:16:55] tick 117[0m
  [36mstation1 [0m [32mhealthy[0m                      conf=0.95  ETA=  6.2m sev=[32mlow   [0m [2m     f=99[0m
  [36mstation2 [0m [32mhealthy[0m                      conf=0.96  ETA=  5.2m sev=[32mlow   [0m [2m     f=99[0m
    clean telemetry live: 2124 → 1518 rows
[2m[03:17:11] tick 118[0m
  [36mstation1 [0m [32mhealthy[0m                      conf=0.92  ETA=  5.8m sev=[32mlow   [0m [2m     f=99[0m
  [36mstation2 [0m [32mhealthy[0m                      conf=0.95  ETA=  5.7m sev=[32mlow   [0m [2m     f=99[0m
    clean telemetry live: 2124 → 1518 rows
[2m[03:17:26] tick 119[0m
  [36mstation1 [0m [32mhealthy[0m                      conf=0.92  ETA=  5.5m sev=[32mlow   [0m [2m     f=99[0m
  [36mstation2 [0m [32mhealthy[0m                      conf=0.94  ETA=  6.3m sev=[32mlow   [0m [2m     f=99[0m
    clean telemetry live: 2124 → 1518 rows
[2m[03:17:41] tick 120[0m
  [36mstation1 [0m [32mhealthy[0m                      conf=0.91  ETA=  5.3m sev=[32mlow   [0m [2m     f=99[0m
  [36mstation2 [0m [32mhealthy[0m                      conf=0.82  ETA=  6.6m sev=[32mlow   [0m [2m     f=99[0m
    clean telemetry live: 2124 → 1518 rows
[2m[03:17:57] tick 121[0m
  [36mstation1 [0m [32mhealthy[0m                      conf=0.95  ETA=  5.0m sev=[32mlow   [0m [2m     f=99[0m
  [36mstation2 [0m [32mhealthy[0m                      conf=0.79  ETA=  6.9m sev=[32mlow   [0m [2m     f=99[0m
