[2026-07-18T15:37:30.410937+00:00] ================================================================
[2026-07-18T15:37:30.411046+00:00] DECA BLIND PLAYLIST EXAM armed — run_id=specificity_exam_v2 seed=38051 (SEALED)
[2026-07-18T15:37:30.411086+00:00] Budget 45 min | playlist=/home/brain/deca-isro/scripts/playlists/specificity_exam_v2.json | simulate=False
[2026-07-18T15:37:30.411141+00:00] Sealed truth: /home/brain/deca-isro/data/rpi-net/live/specificity_exam_v2/ground_truth.sealed.jsonl
[2026-07-18T15:37:30.411169+00:00] ================================================================
[2026-07-18T15:37:33.754187+00:00]    iperf3 server listening on station2 (192.168.50.20)
[2026-07-18T15:37:36.224443+00:00] Baseline traffic: 60 Mbps (station1 -> 192.168.50.20 via eth0)
[2026-07-18T15:37:43.129817+00:00]    iperf3 client running (~60 Mbps)
[2026-07-18T15:37:43.130019+00:00] [playlist] loaded /home/brain/deca-isro/scripts/playlists/specificity_exam_v2.json id=specificity_exam_v2 phases=10
[2026-07-18T15:37:43.130301+00:00] [playlist] warm: calm 7.0 min (score_spurious=False)
[2026-07-18T15:44:43.140054+00:00] [playlist] calm_a: calm 4.0 min (score_spurious=True)
[2026-07-18T15:48:43.163708+00:00] [playlist] nm01: near-miss specificity_exam_v2_nm01 hold_s=45 (MUST stay healthy)
[2026-07-18T15:48:43.163803+00:00] NEAR-MISS aborted onset for 45s (not a real fault)...
[2026-07-18T15:49:29.281594+00:00] [playlist] sealed specificity_exam_v2_nm01: 2026-07-18T15:48:43.163797+00:00 -> 2026-07-18T15:49:29.281319+00:00
[2026-07-18T15:49:50.460942+00:00] [playlist] calm_b: calm 7.0 min (score_spurious=True)
[2026-07-18T15:56:50.468771+00:00] [playlist] nm02: near-miss specificity_exam_v2_nm02 hold_s=28 (MUST stay healthy)
[2026-07-18T15:56:50.468893+00:00] NEAR-MISS aborted onset for 28s (not a real fault)...
[2026-07-18T15:57:19.612685+00:00] [playlist] sealed specificity_exam_v2_nm02: 2026-07-18T15:56:50.468886+00:00 -> 2026-07-18T15:57:19.612468+00:00
[2026-07-18T15:57:26.417868+00:00] [playlist] calm_c: calm 3.0 min (score_spurious=True)
[2026-07-18T16:00:26.441427+00:00] [playlist] nm03: near-miss specificity_exam_v2_nm03 hold_s=50 (MUST stay healthy)
[2026-07-18T16:00:26.441505+00:00] NEAR-MISS aborted onset for 50s (not a real fault)...
[2026-07-18T16:01:19.898148+00:00] [playlist] sealed specificity_exam_v2_nm03: 2026-07-18T16:00:26.441501+00:00 -> 2026-07-18T16:01:19.897915+00:00
[2026-07-18T16:01:21.326222+00:00] [playlist] calm_d: calm 6.0 min (score_spurious=True)
[2026-07-18T16:07:21.346609+00:00] [playlist] nm04: near-miss specificity_exam_v2_nm04 hold_s=33 (MUST stay healthy)
[2026-07-18T16:07:21.346723+00:00] NEAR-MISS aborted onset for 33s (not a real fault)...
[2026-07-18T16:08:04.067526+00:00] [playlist] sealed specificity_exam_v2_nm04: 2026-07-18T16:07:21.346715+00:00 -> 2026-07-18T16:08:04.067296+00:00
[2026-07-18T16:08:07.282666+00:00] [playlist] calm_e: calm 4.0 min (score_spurious=True)
[2026-07-18T16:12:07.345544+00:00] ================================================================
[2026-07-18T16:12:07.345639+00:00] PLAYLIST EXAM COMPLETE — 0 real faults, 4 near-misses (specificity_exam_v2)
[2026-07-18T16:12:07.345715+00:00] Grade with scorecard + exam report:
[2026-07-18T16:12:07.345798+00:00]   python scripts/deca_blind_scorecard.py --run-id specificity_exam_v2
[2026-07-18T16:12:07.345882+00:00]   python scripts/deca_blind_exam_report.py --run-id specificity_exam_v2
[2026-07-18T16:12:07.345964+00:00] ================================================================
