[1mLoading DECA model stack...[0m
WARNING: All log messages before absl::InitializeLog() is called are written to STDERR
I0000 00:00:1784389051.451459  541674 cudart_stub.cc:31] Could not find cuda drivers on your machine, GPU will not be used.
I0000 00:00:1784389051.503043  541674 cpu_feature_guard.cc:227] This TensorFlow binary is optimized to use available CPU instructions in performance-critical operations.
To enable the following instructions: AVX2 FMA, in other operations, rebuild TensorFlow with the appropriate compiler flags.
WARNING: All log messages before absl::InitializeLog() is called are written to STDERR
I0000 00:00:1784389052.734848  541674 cudart_stub.cc:31] Could not find cuda drivers on your machine, GPU will not be used.
E0000 00:00:1784389053.406725  541674 cuda_platform.cc:52] failed call to cuInit: INTERNAL: CUDA error: Failed call to cuInit: UNKNOWN ERROR (303)
  classes=['healthy', 'congestion_breach', 'tunnel_degradation', 'bgp_route_flap', 'vrf_leakage']
  ensemble (plain+wm agreement): off
  loom: soft_streak=True enter_k=3 advisory_enter_k=2
  LSTM ETA: ready | circumstance head: ready
  scoped hosts: ['station1', 'station2']
  declarations -> /home/brain/deca-isro/data/rpi-net/live/specificity_exam_v2/declarations.jsonl

[1m=== DECA LIVE OPERATOR watching specificity_exam_v2 (PROMETHEUS :9090) ===[0m

    clean telemetry live: 2124 → 1518 rows
[2m[15:37:33] tick 1[0m
  [36mstation1 [0m [32mhealthy[0m                      conf=0.87  ETA=  5.4m sev=[32mlow   [0m [2m     f=99[0m
  [36mstation2 [0m [32mhealthy[0m                      conf=0.79  ETA=  5.4m sev=[32mlow   [0m [2m     f=99[0m
    clean telemetry live: 2124 → 1518 rows
[2m[15:37:49] tick 2[0m
  [36mstation1 [0m [32mhealthy[0m                      conf=0.86  ETA=  4.6m sev=[32mlow   [0m [2m     f=99[0m
  [36mstation2 [0m [32mhealthy[0m                      conf=0.93  ETA=  5.7m sev=[32mlow   [0m [2m     f=99[0m
    clean telemetry live: 2124 → 1518 rows
[2m[15:38:04] tick 3[0m
  [36mstation1 [0m [32mhealthy[0m                      conf=0.93  ETA=  4.3m sev=[32mlow   [0m [2m     f=99[0m
  [36mstation2 [0m [32mhealthy[0m                      conf=0.78  ETA=  6.0m sev=[32mlow   [0m [2m     f=99[0m
    clean telemetry live: 2124 → 1518 rows
[2m[15:38:20] tick 4[0m
  [36mstation1 [0m [32mhealthy[0m                      conf=0.84  ETA=  4.3m sev=[32mlow   [0m [2m     f=99[0m
  [36mstation2 [0m [32mhealthy[0m                      conf=0.86  ETA=  6.6m sev=[32mlow   [0m [2m     f=99[0m
    clean telemetry live: 2124 → 1518 rows
[2m[15:38:35] tick 5[0m
  [36mstation1 [0m [32mhealthy[0m                      conf=0.98  ETA=  4.9m sev=[32mlow   [0m [2m     f=99[0m
  [36mstation2 [0m [32mhealthy[0m                      conf=0.97  ETA=  6.7m sev=[32mlow   [0m [2m     f=99[0m
    clean telemetry live: 2124 → 1518 rows
[2m[15:38:50] tick 6[0m
  [36mstation1 [0m [32mhealthy[0m                      conf=0.97  ETA=  4.5m sev=[32mlow   [0m [2m     f=99[0m
  [36mstation2 [0m [32mhealthy[0m                      conf=0.98  ETA=  6.7m sev=[32mlow   [0m [2m     f=99[0m
    clean telemetry live: 2124 → 1518 rows
[2m[15:39:06] tick 7[0m
  [36mstation1 [0m [32mhealthy[0m                      conf=0.97  ETA=  4.5m sev=[32mlow   [0m [2m     f=99[0m
  [36mstation2 [0m [32mhealthy[0m                      conf=0.98  ETA=  6.9m sev=[32mlow   [0m [2m     f=99[0m
    clean telemetry live: 2124 → 1518 rows
[2m[15:39:21] tick 8[0m
  [36mstation1 [0m [32mhealthy[0m                      conf=0.96  ETA=  6.4m sev=[32mlow   [0m [2m     f=99[0m
  [36mstation2 [0m [32mhealthy[0m                      conf=0.99  ETA=  7.3m sev=[32mlow   [0m [2m     f=99[0m
    clean telemetry live: 2124 → 1518 rows
[2m[15:39:36] tick 9[0m
  [36mstation1 [0m [32mhealthy[0m                      conf=0.95  ETA=  5.8m sev=[32mlow   [0m [2m     f=99[0m
  [36mstation2 [0m [32mhealthy[0m                      conf=0.99  ETA=  7.3m sev=[32mlow   [0m [2m     f=99[0m
    clean telemetry live: 2124 → 1518 rows
[2m[15:39:52] tick 10[0m
  [36mstation1 [0m [32mhealthy[0m                      conf=0.98  ETA=  5.0m sev=[32mlow   [0m [2m     f=99[0m
  [36mstation2 [0m [32mhealthy[0m                      conf=0.98  ETA=  7.6m sev=[32mlow   [0m [2m     f=99[0m
    clean telemetry live: 2124 → 1518 rows
[2m[15:40:07] tick 11[0m
  [36mstation1 [0m [32mhealthy[0m                      conf=0.98  ETA=  5.5m sev=[32mlow   [0m [2m     f=99[0m
  [36mstation2 [0m [32mhealthy[0m                      conf=0.97  ETA=  7.5m sev=[32mlow   [0m [2m     f=99[0m
    clean telemetry live: 2124 → 1518 rows
[2m[15:40:22] tick 12[0m
  [36mstation1 [0m [32mhealthy[0m                      conf=0.98  ETA=  4.1m sev=[32mlow   [0m [2m     f=99[0m
  [36mstation2 [0m [32mhealthy[0m                      conf=0.97  ETA=  7.5m sev=[32mlow   [0m [2m     f=99[0m
    clean telemetry live: 2124 → 1518 rows
[2m[15:40:38] tick 13[0m
  [36mstation1 [0m [32mhealthy[0m                      conf=0.98  ETA=  4.0m sev=[32mlow   [0m [2m     f=99[0m
  [36mstation2 [0m [32mhealthy[0m                      conf=0.98  ETA=  7.4m sev=[32mlow   [0m [2m     f=99[0m
    clean telemetry live: 2124 → 1518 rows
[2m[15:40:53] tick 14[0m
  [36mstation1 [0m [32mhealthy[0m                      conf=0.97  ETA=  5.3m sev=[32mlow   [0m [2m     f=99[0m
  [36mstation2 [0m [32mhealthy[0m                      conf=0.93  ETA=  7.4m sev=[32mlow   [0m [2m     f=99[0m
    clean telemetry live: 2124 → 1518 rows
[2m[15:41:08] tick 15[0m
  [36mstation1 [0m [32mhealthy[0m                      conf=0.89  ETA=  4.4m sev=[32mlow   [0m [2m     f=99[0m
  [36mstation2 [0m [32mhealthy[0m                      conf=0.73  ETA=  7.7m sev=[32mlow   [0m [2m     f=99[0m
    clean telemetry live: 2124 → 1518 rows
[2m[15:41:24] tick 16[0m
  [36mstation1 [0m [32mhealthy[0m                      conf=0.89  ETA=  4.3m sev=[32mlow   [0m [2m     f=99[0m
  [36mstation2 [0m [32mhealthy[0m                      conf=0.74  ETA=  7.5m sev=[32mlow   [0m [2m     f=99[0m
    clean telemetry live: 2124 → 1518 rows
[2m[15:41:39] tick 17[0m
  [36mstation1 [0m [32mhealthy[0m                      conf=0.88  ETA=  3.3m sev=[32mlow   [0m [2m     f=99[0m
  [36mstation2 [0m [32mhealthy[0m                      conf=0.68  ETA=  7.7m sev=[32mlow   [0m [2m     f=99[0m
    clean telemetry live: 2124 → 1518 rows
[2m[15:41:54] tick 18[0m
  [36mstation1 [0m [32mhealthy[0m                      conf=0.85  ETA=  4.6m sev=[32mlow   [0m [2m     f=99[0m
  [36mstation2 [0m [32mhealthy[0m                      conf=0.89  ETA=  7.6m sev=[32mlow   [0m [2m     f=99[0m
    clean telemetry live: 2124 → 1518 rows
[2m[15:42:10] tick 19[0m
  [36mstation1 [0m [32mhealthy[0m                      conf=0.61  ETA=  3.5m sev=[32mlow   [0m [2m     f=99[0m
  [36mstation2 [0m [32mhealthy[0m                      conf=0.81  ETA=  7.8m sev=[32mlow   [0m [2m     f=99[0m
    clean telemetry live: 2124 → 1518 rows
[2m[15:42:25] tick 20[0m
  [36mstation1 [0m [32mhealthy[0m                      conf=0.86  ETA=  4.3m sev=[32mlow   [0m [2mcirc f=99[0m
  [36mstation2 [0m [32mhealthy[0m                      conf=0.82  ETA=  7.5m sev=[32mlow   [0m [2mcirc f=99[0m
    clean telemetry live: 2124 → 1518 rows
[2m[15:42:41] tick 21[0m
  [36mstation1 [0m [32mhealthy[0m                      conf=0.74  ETA=  3.8m sev=[32mlow   [0m [2m     f=99[0m
  [36mstation2 [0m [32mhealthy[0m                      conf=0.80  ETA=  7.3m sev=[32mlow   [0m [2m     f=99[0m
    clean telemetry live: 2124 → 1518 rows
[2m[15:42:56] tick 22[0m
  [36mstation1 [0m [32mhealthy[0m                      conf=0.72  ETA=  3.9m sev=[32mlow   [0m [2m     f=99[0m
  [36mstation2 [0m [32mhealthy[0m                      conf=0.66  ETA=  7.2m sev=[32mlow   [0m [2m     f=99[0m
    clean telemetry live: 2124 → 1518 rows
[2m[15:43:11] tick 23[0m
  [36mstation1 [0m [32mhealthy[0m                      conf=0.67  ETA=  4.4m sev=[32mlow   [0m [2m     f=99[0m
  [36mstation2 [0m [32mhealthy[0m                      conf=0.55  ETA=  7.3m sev=[32mlow   [0m [2m     f=99[0m
    clean telemetry live: 2124 → 1518 rows
[2m[15:43:27] tick 24[0m
  [36mstation1 [0m [33mADVISORY  bgp_route_flap    [0m conf=0.62  ETA=  4.0m sev=[32mlow   [0m [2m     f=99[0m
  [36mstation2 [0m [32mhealthy[0m                      conf=0.58  ETA=  7.2m sev=[32mlow   [0m [2m     f=99[0m
    clean telemetry live: 2124 → 1518 rows
[2m[15:43:42] tick 25[0m
  [36mstation1 [0m [33mADVISORY  bgp_route_flap    [0m conf=0.63  ETA=  4.1m sev=[32mlow   [0m [2m     f=99[0m
  [36mstation2 [0m [32mhealthy[0m                      conf=0.61  ETA=  7.2m sev=[32mlow   [0m [2m     f=99[0m
    clean telemetry live: 2124 → 1518 rows
[2m[15:43:58] tick 26[0m
  [36mstation1 [0m [32mhealthy[0m                      conf=0.52  ETA=  4.1m sev=[32mlow   [0m [2m     f=99[0m
  [36mstation2 [0m [32mhealthy[0m                      conf=0.54  ETA=  7.1m sev=[32mlow   [0m [2m     f=99[0m
    clean telemetry live: 2124 → 1518 rows
[2m[15:44:13] tick 27[0m
  [36mstation1 [0m [32mhealthy[0m                      conf=0.55  ETA=  4.2m sev=[32mlow   [0m [2m     f=99[0m
  [36mstation2 [0m [32mhealthy[0m                      conf=0.57  ETA=  7.4m sev=[32mlow   [0m [2m     f=99[0m
    clean telemetry live: 2124 → 1518 rows
[2m[15:44:28] tick 28[0m
  [36mstation1 [0m [32mhealthy[0m                      conf=0.51  ETA=  4.5m sev=[32mlow   [0m [2m     f=99[0m
  [36mstation2 [0m [32mhealthy[0m                      conf=0.40  ETA=  7.5m sev=[32mlow   [0m [2m     f=99[0m
    clean telemetry live: 2124 → 1518 rows
[2m[15:44:44] tick 29[0m
  [36mstation1 [0m [32mhealthy[0m                      conf=0.51  ETA=  4.9m sev=[32mlow   [0m [2m     f=99[0m
  [36mstation2 [0m [33mADVISORY  bgp_route_flap    [0m conf=0.45  ETA=  7.5m sev=[32mlow   [0m [2m     f=99[0m
    clean telemetry live: 2124 → 1518 rows
[2m[15:44:59] tick 30[0m
  [36mstation1 [0m [33mADVISORY  bgp_route_flap    [0m conf=0.45  ETA=  6.0m sev=[32mlow   [0m [2m     f=99[0m
  [36mstation2 [0m [32mhealthy[0m                      conf=0.55  ETA=  7.5m sev=[32mlow   [0m [2m     f=99[0m
    clean telemetry live: 2124 → 1518 rows
[2m[15:45:14] tick 31[0m
  [36mstation1 [0m [32mhealthy[0m                      conf=0.54  ETA=  6.1m sev=[32mlow   [0m [2m     f=99[0m
  [36mstation2 [0m [32mhealthy[0m                      conf=0.60  ETA=  7.6m sev=[32mlow   [0m [2m     f=99[0m
    clean telemetry live: 2124 → 1518 rows
[2m[15:45:30] tick 32[0m
  [36mstation1 [0m [32mhealthy[0m                      conf=0.53  ETA=  5.9m sev=[32mlow   [0m [2m     f=99[0m
  [36mstation2 [0m [32mhealthy[0m                      conf=0.51  ETA=  7.8m sev=[32mlow   [0m [2m     f=99[0m
    clean telemetry live: 2121 → 1515 rows
[2m[15:45:45] tick 33[0m
  [36mstation1 [0m [32mhealthy[0m                      conf=0.45  ETA=  6.3m sev=[32mlow   [0m [2m     f=99[0m
  [36mstation2 [0m [32mhealthy[0m                      conf=0.48  ETA=  7.8m sev=[32mlow   [0m [2mcirc f=99[0m
    clean telemetry live: 2121 → 1515 rows
[2m[15:46:00] tick 34[0m
  [36mstation1 [0m [32mhealthy[0m                      conf=0.39  ETA=  4.9m sev=[32mlow   [0m [2m     f=99[0m
  [36mstation2 [0m [33mADVISORY  bgp_route_flap    [0m conf=0.45  ETA=  8.1m sev=[32mlow   [0m [2m     f=99[0m
    clean telemetry live: 2121 → 1515 rows
[2m[15:46:16] tick 35[0m
  [36mstation1 [0m [32mhealthy[0m                      conf=0.57  ETA=  5.0m sev=[32mlow   [0m [2m     f=99[0m
  [36mstation2 [0m [33mADVISORY  bgp_route_flap    [0m conf=0.57  ETA=  8.1m sev=[32mlow   [0m [2m     f=99[0m
    clean telemetry live: 2124 → 1518 rows
[2m[15:46:31] tick 36[0m
  [36mstation1 [0m [32mhealthy[0m                      conf=0.52  ETA=  4.6m sev=[32mlow   [0m [2m     f=99[0m
  [36mstation2 [0m [32mhealthy[0m                      conf=0.50  ETA=  8.3m sev=[32mlow   [0m [2m     f=99[0m
    clean telemetry live: 2124 → 1518 rows
[2m[15:46:46] tick 37[0m
  [36mstation1 [0m [32mhealthy[0m                      conf=0.54  ETA=  4.4m sev=[32mlow   [0m [2m     f=99[0m
  [36mstation2 [0m [33mADVISORY  bgp_route_flap    [0m conf=0.60  ETA=  8.5m sev=[32mlow   [0m [2m     f=99[0m
    clean telemetry live: 2124 → 1518 rows
[2m[15:47:02] tick 38[0m
  [36mstation1 [0m [32mhealthy[0m                      conf=0.44  ETA=  4.8m sev=[32mlow   [0m [2m     f=99[0m
  [36mstation2 [0m [33mADVISORY  bgp_route_flap    [0m conf=0.53  ETA=  8.6m sev=[32mlow   [0m [2m     f=99[0m
    clean telemetry live: 2124 → 1518 rows
[2m[15:47:17] tick 39[0m
  [36mstation1 [0m [32mhealthy[0m                      conf=0.54  ETA=  4.1m sev=[32mlow   [0m [2m     f=99[0m
  [36mstation2 [0m [32mhealthy[0m                      conf=0.53  ETA=  8.4m sev=[32mlow   [0m [2m     f=99[0m
    clean telemetry live: 2124 → 1518 rows
[2m[15:47:32] tick 40[0m
  [36mstation1 [0m [33mADVISORY  bgp_route_flap    [0m conf=0.50  ETA=  4.0m sev=[32mlow   [0m [2m     f=99[0m
  [36mstation2 [0m [32mhealthy[0m                      conf=0.53  ETA=  8.3m sev=[32mlow   [0m [2m     f=99[0m
    clean telemetry live: 2124 → 1518 rows
[2m[15:47:48] tick 41[0m
  [36mstation1 [0m [32mhealthy[0m                      conf=0.52  ETA=  3.9m sev=[32mlow   [0m [2m     f=99[0m
  [36mstation2 [0m [32mhealthy[0m                      conf=0.54  ETA=  9.2m sev=[32mlow   [0m [2m     f=99[0m
    clean telemetry live: 2124 → 1518 rows
[2m[15:48:03] tick 42[0m
  [36mstation1 [0m [32mhealthy[0m                      conf=0.54  ETA=  3.9m sev=[32mlow   [0m [2m     f=99[0m
  [36mstation2 [0m [32mhealthy[0m                      conf=0.42  ETA=  9.1m sev=[32mlow   [0m [2m     f=99[0m
    clean telemetry live: 2124 → 1518 rows
[2m[15:48:19] tick 43[0m
  [36mstation1 [0m [32mhealthy[0m                      conf=0.42  ETA=  3.8m sev=[32mlow   [0m [2m     f=99[0m
  [36mstation2 [0m [32mhealthy[0m                      conf=0.59  ETA=  9.3m sev=[32mlow   [0m [2m     f=99[0m
    clean telemetry live: 2124 → 1518 rows
[2m[15:48:34] tick 44[0m
  [36mstation1 [0m [32mhealthy[0m                      conf=0.56  ETA=  3.8m sev=[32mlow   [0m [2m     f=99[0m
  [36mstation2 [0m [32mhealthy[0m                      conf=0.51  ETA=  9.1m sev=[32mlow   [0m [2m     f=99[0m
    clean telemetry live: 2124 → 1518 rows
[2m[15:48:49] tick 45[0m
  [36mstation1 [0m [32mhealthy[0m                      conf=0.53  ETA=  4.2m sev=[32mlow   [0m [2m     f=99[0m
  [36mstation2 [0m [33mADVISORY  bgp_route_flap    [0m conf=0.64  ETA=  8.9m sev=[32mlow   [0m [2m     f=99[0m
    clean telemetry live: 2124 → 1518 rows
[2m[15:49:05] tick 46[0m
  [36mstation1 [0m [32mhealthy[0m                      conf=0.47  ETA=  4.2m sev=[32mlow   [0m [2mcirc f=99[0m
  [36mstation2 [0m [32mhealthy[0m                      conf=0.66  ETA=  8.8m sev=[32mlow   [0m [2m     f=99[0m
    clean telemetry live: 2124 → 1518 rows
[2m[15:49:20] tick 47[0m
  [36mstation1 [0m [32mhealthy[0m                      conf=0.35  ETA=  3.9m sev=[32mlow   [0m [2m     f=99[0m
  [36mstation2 [0m [32mhealthy[0m                      conf=0.42  ETA=  8.8m sev=[32mlow   [0m [2m     f=99[0m
    clean telemetry live: 2124 → 1518 rows
[2m[15:49:36] tick 48[0m
  [36mstation1 [0m [32mhealthy[0m                      conf=0.60  ETA=  3.9m sev=[32mlow   [0m [2mcirc f=99[0m
  [36mstation2 [0m [32mhealthy[0m                      conf=0.54  ETA=  8.4m sev=[32mlow   [0m [2m     f=99[0m
    clean telemetry live: 2124 → 1518 rows
[2m[15:49:51] tick 49[0m
  [36mstation1 [0m [33mADVISORY  tunnel_degradation[0m conf=0.97  ETA=  3.7m sev=[32mlow   [0m [2mcirc f=99[0m
  [36mstation2 [0m [32mhealthy[0m                      conf=0.64  ETA=  8.2m sev=[32mlow   [0m [2m     f=99[0m
    clean telemetry live: 2124 → 1518 rows
[2m[15:50:06] tick 50[0m
  [36mstation1 [0m [32mhealthy[0m                      conf=0.64  ETA=  4.2m sev=[32mlow   [0m [2m     f=99[0m
  [36mstation2 [0m [32mhealthy[0m                      conf=0.86  ETA=  8.0m sev=[32mlow   [0m [2m     f=99[0m
    clean telemetry live: 2124 → 1518 rows
[2m[15:50:22] tick 51[0m
  [36mstation1 [0m [32mhealthy[0m                      conf=0.81  ETA=  4.4m sev=[33mmedium[0m [2m     f=99[0m
  [36mstation2 [0m [32mhealthy[0m                      conf=0.62  ETA=  8.1m sev=[33mmedium[0m [2m     f=99[0m
    clean telemetry live: 2124 → 1518 rows
[2m[15:50:37] tick 52[0m
  [36mstation1 [0m [32mhealthy[0m                      conf=0.57  ETA=  4.6m sev=[33mmedium[0m [2m     f=99[0m
  [36mstation2 [0m [32mhealthy[0m                      conf=0.90  ETA=  7.8m sev=[33mmedium[0m [2m     f=99[0m
    clean telemetry live: 2124 → 1518 rows
[2m[15:50:52] tick 53[0m
  [36mstation1 [0m [32mhealthy[0m                      conf=0.62  ETA=  4.6m sev=[33mmedium[0m [2mcirc f=99[0m
  [36mstation2 [0m [32mhealthy[0m                      conf=0.64  ETA=  7.9m sev=[32mlow   [0m [2m     f=99[0m
    clean telemetry live: 2124 → 1518 rows
[2m[15:51:08] tick 54[0m
  [36mstation1 [0m [32mhealthy[0m                      conf=0.46  ETA=  5.2m sev=[33mmedium[0m [2m     f=99[0m
  [36mstation2 [0m [32mhealthy[0m                      conf=0.78  ETA=  5.9m sev=[33mmedium[0m [2m     f=99[0m
    clean telemetry live: 2124 → 1518 rows
[2m[15:51:23] tick 55[0m
  [36mstation1 [0m [32mhealthy[0m                      conf=0.53  ETA=  5.4m sev=[33mmedium[0m [2m     f=99[0m
  [36mstation2 [0m [32mhealthy[0m                      conf=0.63  ETA=  6.9m sev=[33mmedium[0m [2mcirc f=99[0m
    clean telemetry live: 2124 → 1518 rows
[2m[15:51:38] tick 56[0m
  [36mstation1 [0m [32mhealthy[0m                      conf=0.81  ETA=  5.7m sev=[33mmedium[0m [2m     f=99[0m
  [36mstation2 [0m [32mhealthy[0m                      conf=0.80  ETA=  7.0m sev=[32mlow   [0m [2m     f=99[0m
    clean telemetry live: 2124 → 1518 rows
[2m[15:51:54] tick 57[0m
  [36mstation1 [0m [32mhealthy[0m                      conf=0.74  ETA=  6.4m sev=[32mlow   [0m [2m     f=99[0m
  [36mstation2 [0m [32mhealthy[0m                      conf=0.86  ETA=  4.4m sev=[32mlow   [0m [2m     f=99[0m
    clean telemetry live: 2124 → 1518 rows
[2m[15:52:09] tick 58[0m
  [36mstation1 [0m [32mhealthy[0m                      conf=0.91  ETA=  5.8m sev=[32mlow   [0m [2m     f=99[0m
  [36mstation2 [0m [32mhealthy[0m                      conf=0.88  ETA=  4.5m sev=[32mlow   [0m [2m     f=99[0m
    clean telemetry live: 2124 → 1518 rows
[2m[15:52:25] tick 59[0m
  [36mstation1 [0m [32mhealthy[0m                      conf=0.94  ETA=  6.0m sev=[32mlow   [0m [2m     f=99[0m
  [36mstation2 [0m [32mhealthy[0m                      conf=0.92  ETA=  6.3m sev=[32mlow   [0m [2m     f=99[0m
    clean telemetry live: 2124 → 1518 rows
[2m[15:52:40] tick 60[0m
  [36mstation1 [0m [32mhealthy[0m                      conf=0.92  ETA=  6.2m sev=[32mlow   [0m [2m     f=99[0m
  [36mstation2 [0m [32mhealthy[0m                      conf=0.92  ETA=  4.1m sev=[32mlow   [0m [2m     f=99[0m
    clean telemetry live: 2124 → 1518 rows
[2m[15:52:55] tick 61[0m
  [36mstation1 [0m [32mhealthy[0m                      conf=0.88  ETA=  6.4m sev=[32mlow   [0m [2m     f=99[0m
  [36mstation2 [0m [32mhealthy[0m                      conf=0.91  ETA=  4.0m sev=[32mlow   [0m [2m     f=99[0m
    clean telemetry live: 2124 → 1518 rows
[2m[15:53:11] tick 62[0m
  [36mstation1 [0m [32mhealthy[0m                      conf=0.88  ETA=  7.1m sev=[32mlow   [0m [2m     f=99[0m
  [36mstation2 [0m [32mhealthy[0m                      conf=0.92  ETA=  3.9m sev=[32mlow   [0m [2m     f=99[0m
    clean telemetry live: 2124 → 1518 rows
[2m[15:53:26] tick 63[0m
  [36mstation1 [0m [32mhealthy[0m                      conf=0.75  ETA=  7.0m sev=[32mlow   [0m [2m     f=99[0m
  [36mstation2 [0m [32mhealthy[0m                      conf=0.80  ETA=  5.8m sev=[32mlow   [0m [2m     f=99[0m
    clean telemetry live: 2124 → 1518 rows
[2m[15:53:41] tick 64[0m
  [36mstation1 [0m [32mhealthy[0m                      conf=0.87  ETA=  6.4m sev=[32mlow   [0m [2m     f=99[0m
  [36mstation2 [0m [32mhealthy[0m                      conf=0.86  ETA=  4.2m sev=[32mlow   [0m [2m     f=99[0m
    clean telemetry live: 2124 → 1518 rows
[2m[15:53:57] tick 65[0m
  [36mstation1 [0m [32mhealthy[0m                      conf=0.84  ETA=  6.0m sev=[32mlow   [0m [2m     f=99[0m
  [36mstation2 [0m [32mhealthy[0m                      conf=0.78  ETA=  6.3m sev=[32mlow   [0m [2m     f=99[0m
    clean telemetry live: 2124 → 1518 rows
[2m[15:54:12] tick 66[0m
  [36mstation1 [0m [32mhealthy[0m                      conf=0.85  ETA=  5.7m sev=[32mlow   [0m [2m     f=99[0m
  [36mstation2 [0m [32mhealthy[0m                      conf=0.88  ETA=  4.6m sev=[32mlow   [0m [2m     f=99[0m
    clean telemetry live: 2124 → 1518 rows
[2m[15:54:27] tick 67[0m
  [36mstation1 [0m [32mhealthy[0m                      conf=0.89  ETA=  5.3m sev=[32mlow   [0m [2m     f=99[0m
  [36mstation2 [0m [32mhealthy[0m                      conf=0.87  ETA=  4.5m sev=[32mlow   [0m [2m     f=99[0m
    clean telemetry live: 2124 → 1518 rows
[2m[15:54:43] tick 68[0m
  [36mstation1 [0m [32mhealthy[0m                      conf=0.88  ETA=  5.2m sev=[32mlow   [0m [2m     f=99[0m
  [36mstation2 [0m [32mhealthy[0m                      conf=0.92  ETA=  4.7m sev=[32mlow   [0m [2m     f=99[0m
    clean telemetry live: 2124 → 1518 rows
[2m[15:54:58] tick 69[0m
  [36mstation1 [0m [32mhealthy[0m                      conf=0.85  ETA=  5.4m sev=[32mlow   [0m [2m     f=99[0m
  [36mstation2 [0m [32mhealthy[0m                      conf=0.63  ETA=  6.9m sev=[32mlow   [0m [2m     f=99[0m
    clean telemetry live: 2124 → 1518 rows
[2m[15:55:13] tick 70[0m
  [36mstation1 [0m [32mhealthy[0m                      conf=0.77  ETA=  4.9m sev=[32mlow   [0m [2m     f=99[0m
  [36mstation2 [0m [32mhealthy[0m                      conf=0.59  ETA=  7.1m sev=[32mlow   [0m [2m     f=99[0m
    clean telemetry live: 2124 → 1518 rows
[2m[15:55:29] tick 71[0m
  [36mstation1 [0m [32mhealthy[0m                      conf=0.76  ETA=  4.7m sev=[32mlow   [0m [2m     f=99[0m
  [36mstation2 [0m [32mhealthy[0m                      conf=0.81  ETA=  7.3m sev=[32mlow   [0m [2m     f=99[0m
    clean telemetry live: 2124 → 1518 rows
[2m[15:55:44] tick 72[0m
  [36mstation1 [0m [32mhealthy[0m                      conf=0.77  ETA=  4.9m sev=[32mlow   [0m [2m     f=99[0m
  [36mstation2 [0m [32mhealthy[0m                      conf=0.82  ETA=  5.3m sev=[32mlow   [0m [2m     f=99[0m
    clean telemetry live: 2124 → 1518 rows
[2m[15:55:59] tick 73[0m
  [36mstation1 [0m [32mhealthy[0m                      conf=0.90  ETA=  4.6m sev=[32mlow   [0m [2m     f=99[0m
  [36mstation2 [0m [32mhealthy[0m                      conf=0.84  ETA=  7.2m sev=[32mlow   [0m [2m     f=99[0m
    clean telemetry live: 2121 → 1515 rows
[2m[15:56:15] tick 74[0m
  [36mstation1 [0m [32mhealthy[0m                      conf=0.87  ETA=  4.4m sev=[32mlow   [0m [2m     f=99[0m
  [36mstation2 [0m [32mhealthy[0m                      conf=0.77  ETA=  5.2m sev=[32mlow   [0m [2m     f=99[0m
    clean telemetry live: 2121 → 1515 rows
[2m[15:56:30] tick 75[0m
  [36mstation1 [0m [32mhealthy[0m                      conf=0.85  ETA=  4.3m sev=[32mlow   [0m [2m     f=99[0m
  [36mstation2 [0m [32mhealthy[0m                      conf=0.88  ETA=  7.3m sev=[32mlow   [0m [2m     f=99[0m
    clean telemetry live: 2121 → 1515 rows
[2m[15:56:45] tick 76[0m
  [36mstation1 [0m [32mhealthy[0m                      conf=0.91  ETA=  4.2m sev=[32mlow   [0m [2m     f=99[0m
  [36mstation2 [0m [32mhealthy[0m                      conf=0.95  ETA=  5.3m sev=[32mlow   [0m [2m     f=99[0m
    clean telemetry live: 2124 → 1518 rows
[2m[15:57:01] tick 77[0m
  [36mstation1 [0m [32mhealthy[0m                      conf=0.76  ETA=  4.7m sev=[32mlow   [0m [2m     f=99[0m
  [36mstation2 [0m [32mhealthy[0m                      conf=0.44  ETA=  7.4m sev=[32mlow   [0m [2m     f=99[0m
    clean telemetry live: 2124 → 1518 rows
[2m[15:57:16] tick 78[0m
  [36mstation1 [0m [33mADVISORY  congestion_breach [0m conf=0.39  ETA=  4.3m sev=[32mlow   [0m [2m     f=99[0m
  [36mstation2 [0m [32mhealthy[0m                      conf=0.38  ETA=  5.2m sev=[32mlow   [0m [2m     f=99[0m
    clean telemetry live: 2124 → 1518 rows
[2m[15:57:32] tick 79[0m
  [36mstation1 [0m [33mADVISORY  congestion_breach [0m conf=0.79  ETA=  4.3m sev=[32mlow   [0m [2mcirc f=99[0m
  [36mstation2 [0m [32mhealthy[0m                      conf=0.45  ETA=  4.9m sev=[32mlow   [0m [2m     f=99[0m
    clean telemetry live: 2124 → 1518 rows
[2m[15:57:47] tick 80[0m
  [36mstation1 [0m [32mhealthy[0m                      conf=0.54  ETA=  4.1m sev=[32mlow   [0m [2m     f=99[0m
  [36mstation2 [0m [32mhealthy[0m                      conf=0.70  ETA=  6.8m sev=[32mlow   [0m [2mcirc f=99[0m
    clean telemetry live: 2124 → 1518 rows
[2m[15:58:02] tick 81[0m
  [36mstation1 [0m [33mADVISORY  congestion_breach [0m conf=0.59  ETA=  4.3m sev=[32mlow   [0m [2mcirc f=99[0m
  [36mstation2 [0m [32mhealthy[0m                      conf=0.60  ETA=  7.0m sev=[32mlow   [0m [2m     f=99[0m
    clean telemetry live: 2124 → 1518 rows
[2m[15:58:18] tick 82[0m
  [36mstation1 [0m [32mhealthy[0m                      conf=0.78  ETA=  4.3m sev=[32mlow   [0m [2m     f=99[0m
  [36mstation2 [0m [32mhealthy[0m                      conf=0.56  ETA=  7.1m sev=[32mlow   [0m [2m     f=99[0m
    clean telemetry live: 2124 → 1518 rows
[2m[15:58:33] tick 83[0m
  [36mstation1 [0m [32mhealthy[0m                      conf=0.80  ETA=  4.7m sev=[32mlow   [0m [2m     f=99[0m
  [36mstation2 [0m [32mhealthy[0m                      conf=0.63  ETA=  6.9m sev=[32mlow   [0m [2m     f=99[0m
    clean telemetry live: 2124 → 1518 rows
[2m[15:58:48] tick 84[0m
  [36mstation1 [0m [32mhealthy[0m                      conf=0.73  ETA=  5.2m sev=[32mlow   [0m [2m     f=99[0m
  [36mstation2 [0m [32mhealthy[0m                      conf=0.52  ETA=  6.8m sev=[32mlow   [0m [2m     f=99[0m
    clean telemetry live: 2124 → 1518 rows
[2m[15:59:04] tick 85[0m
  [36mstation1 [0m [32mhealthy[0m                      conf=0.43  ETA=  5.1m sev=[32mlow   [0m [2m     f=99[0m
  [36mstation2 [0m [32mhealthy[0m                      conf=0.66  ETA=  6.8m sev=[32mlow   [0m [2m     f=99[0m
    clean telemetry live: 2124 → 1518 rows
[2m[15:59:19] tick 86[0m
  [36mstation1 [0m [32mhealthy[0m                      conf=0.87  ETA=  5.0m sev=[32mlow   [0m [2m     f=99[0m
  [36mstation2 [0m [32mhealthy[0m                      conf=0.78  ETA=  6.9m sev=[32mlow   [0m [2m     f=99[0m
    clean telemetry live: 2124 → 1518 rows
[2m[15:59:34] tick 87[0m
  [36mstation1 [0m [32mhealthy[0m                      conf=0.65  ETA=  5.3m sev=[32mlow   [0m [2m     f=99[0m
  [36mstation2 [0m [32mhealthy[0m                      conf=0.68  ETA=  6.7m sev=[32mlow   [0m [2m     f=99[0m
    clean telemetry live: 2124 → 1518 rows
[2m[15:59:50] tick 88[0m
  [36mstation1 [0m [32mhealthy[0m                      conf=0.63  ETA=  4.9m sev=[32mlow   [0m [2m     f=99[0m
  [36mstation2 [0m [32mhealthy[0m                      conf=0.52  ETA=  6.7m sev=[32mlow   [0m [2m     f=99[0m
    clean telemetry live: 2124 → 1518 rows
[2m[16:00:05] tick 89[0m
  [36mstation1 [0m [32mhealthy[0m                      conf=0.51  ETA=  4.9m sev=[32mlow   [0m [2m     f=99[0m
  [36mstation2 [0m [32mhealthy[0m                      conf=0.52  ETA=  6.5m sev=[32mlow   [0m [2m     f=99[0m
    clean telemetry live: 2124 → 1518 rows
[2m[16:00:20] tick 90[0m
  [36mstation1 [0m [32mhealthy[0m                      conf=0.72  ETA=  4.7m sev=[32mlow   [0m [2m     f=99[0m
  [36mstation2 [0m [32mhealthy[0m                      conf=0.80  ETA=  6.9m sev=[32mlow   [0m [2m     f=99[0m
    clean telemetry live: 2124 → 1518 rows
[2m[16:00:36] tick 91[0m
  [36mstation1 [0m [32mhealthy[0m                      conf=0.55  ETA=  5.0m sev=[32mlow   [0m [2m     f=99[0m
  [36mstation2 [0m [32mhealthy[0m                      conf=0.56  ETA=  6.8m sev=[32mlow   [0m [2m     f=99[0m
    clean telemetry live: 2124 → 1518 rows
[2m[16:00:51] tick 92[0m
  [36mstation1 [0m [32mhealthy[0m                      conf=0.42  ETA=  5.3m sev=[32mlow   [0m [2m     f=99[0m
  [36mstation2 [0m [32mhealthy[0m                      conf=0.57  ETA=  7.1m sev=[32mlow   [0m [2m     f=99[0m
    clean telemetry live: 2124 → 1518 rows
[2m[16:01:07] tick 93[0m
  [36mstation1 [0m [32mhealthy[0m                      conf=0.50  ETA=  5.0m sev=[32mlow   [0m [2m     f=99[0m
  [36mstation2 [0m [33mADVISORY  congestion_breach [0m conf=0.54  ETA=  6.9m sev=[32mlow   [0m [2m     f=99[0m
    clean telemetry live: 2124 → 1518 rows
[2m[16:01:22] tick 94[0m
  [36mstation1 [0m [32mhealthy[0m                      conf=0.66  ETA=  4.9m sev=[32mlow   [0m [2mcirc f=99[0m
  [36mstation2 [0m [32mhealthy[0m                      conf=0.88  ETA=  6.9m sev=[32mlow   [0m [2mcirc f=99[0m
    clean telemetry live: 2124 → 1518 rows
[2m[16:01:37] tick 95[0m
  [36mstation1 [0m [33mADVISORY  tunnel_degradation[0m conf=0.90  ETA=  4.6m sev=[33mmedium[0m [2mcirc f=99[0m
  [36mstation2 [0m [33mADVISORY  tunnel_degradation[0m conf=0.70  ETA=  7.0m sev=[33mmedium[0m [2m     f=99[0m
    clean telemetry live: 2124 → 1518 rows
[2m[16:01:53] tick 96[0m
  [36mstation1 [0m [32mhealthy[0m                      conf=0.69  ETA=  4.9m sev=[33mmedium[0m [2mcirc f=99[0m
  [36mstation2 [0m [32mhealthy[0m                      conf=0.80  ETA=  6.9m sev=[33mmedium[0m [2m     f=99[0m
    clean telemetry live: 2124 → 1518 rows
[2m[16:02:08] tick 97[0m
  [36mstation1 [0m [32mhealthy[0m                      conf=0.83  ETA=  4.7m sev=[33mmedium[0m [2m     f=99[0m
  [36mstation2 [0m [32mhealthy[0m                      conf=0.71  ETA=  7.1m sev=[33mmedium[0m [2m     f=99[0m
    clean telemetry live: 2124 → 1518 rows
[2m[16:02:23] tick 98[0m
  [36mstation1 [0m [32mhealthy[0m                      conf=0.69  ETA=  5.1m sev=[33mmedium[0m [2m     f=99[0m
  [36mstation2 [0m [32mhealthy[0m                      conf=0.71  ETA=  6.7m sev=[33mmedium[0m [2m     f=99[0m
    clean telemetry live: 2124 → 1518 rows
[2m[16:02:39] tick 99[0m
  [36mstation1 [0m [32mhealthy[0m                      conf=0.77  ETA=  5.9m sev=[33mmedium[0m [2m     f=99[0m
  [36mstation2 [0m [32mhealthy[0m                      conf=0.67  ETA=  6.4m sev=[33mmedium[0m [2m     f=99[0m
    clean telemetry live: 2124 → 1518 rows
[2m[16:02:54] tick 100[0m
  [36mstation1 [0m [32mhealthy[0m                      conf=0.61  ETA=  6.0m sev=[33mmedium[0m [2mcirc f=99[0m
  [36mstation2 [0m [32mhealthy[0m                      conf=0.65  ETA=  6.5m sev=[33mmedium[0m [2m     f=99[0m
    clean telemetry live: 2124 → 1518 rows
[2m[16:03:09] tick 101[0m
  [36mstation1 [0m [32mhealthy[0m                      conf=0.66  ETA=  6.0m sev=[33mmedium[0m [2m     f=99[0m
  [36mstation2 [0m [32mhealthy[0m                      conf=0.86  ETA=  6.6m sev=[33mmedium[0m [2m     f=99[0m
    clean telemetry live: 2124 → 1518 rows
[2m[16:03:25] tick 102[0m
  [36mstation1 [0m [32mhealthy[0m                      conf=0.88  ETA=  6.4m sev=[32mlow   [0m [2mcirc f=99[0m
  [36mstation2 [0m [32mhealthy[0m                      conf=0.76  ETA=  6.3m sev=[32mlow   [0m [2mcirc f=99[0m
    clean telemetry live: 2124 → 1518 rows
[2m[16:03:40] tick 103[0m
  [36mstation1 [0m [32mhealthy[0m                      conf=0.94  ETA=  5.8m sev=[32mlow   [0m [2m     f=99[0m
  [36mstation2 [0m [32mhealthy[0m                      conf=0.90  ETA=  6.2m sev=[32mlow   [0m [2mcirc f=99[0m
    clean telemetry live: 2124 → 1518 rows
[2m[16:03:55] tick 104[0m
  [36mstation1 [0m [32mhealthy[0m                      conf=0.94  ETA=  6.0m sev=[32mlow   [0m [2m     f=99[0m
  [36mstation2 [0m [32mhealthy[0m                      conf=0.93  ETA=  5.6m sev=[32mlow   [0m [2m     f=99[0m
    clean telemetry live: 2124 → 1518 rows
[2m[16:04:11] tick 105[0m
  [36mstation1 [0m [32mhealthy[0m                      conf=0.92  ETA=  6.0m sev=[32mlow   [0m [2m     f=99[0m
  [36mstation2 [0m [32mhealthy[0m                      conf=0.92  ETA=  5.8m sev=[32mlow   [0m [2m     f=99[0m
    clean telemetry live: 2124 → 1518 rows
[2m[16:04:26] tick 106[0m
  [36mstation1 [0m [32mhealthy[0m                      conf=0.96  ETA=  6.5m sev=[32mlow   [0m [2m     f=99[0m
  [36mstation2 [0m [32mhealthy[0m                      conf=0.88  ETA=  5.4m sev=[32mlow   [0m [2m     f=99[0m
    clean telemetry live: 2124 → 1518 rows
[2m[16:04:41] tick 107[0m
  [36mstation1 [0m [32mhealthy[0m                      conf=0.97  ETA=  6.9m sev=[32mlow   [0m [2m     f=99[0m
  [36mstation2 [0m [32mhealthy[0m                      conf=0.97  ETA=  5.6m sev=[32mlow   [0m [2m     f=99[0m
    clean telemetry live: 2124 → 1518 rows
[2m[16:04:57] tick 108[0m
  [36mstation1 [0m [32mhealthy[0m                      conf=0.96  ETA=  7.1m sev=[32mlow   [0m [2m     f=99[0m
  [36mstation2 [0m [32mhealthy[0m                      conf=0.87  ETA=  5.2m sev=[32mlow   [0m [2m     f=99[0m
    clean telemetry live: 2124 → 1518 rows
[2m[16:05:12] tick 109[0m
  [36mstation1 [0m [32mhealthy[0m                      conf=0.95  ETA=  6.7m sev=[32mlow   [0m [2m     f=99[0m
  [36mstation2 [0m [32mhealthy[0m                      conf=0.91  ETA=  5.1m sev=[32mlow   [0m [2m     f=99[0m
    clean telemetry live: 2124 → 1518 rows
[2m[16:05:28] tick 110[0m
  [36mstation1 [0m [32mhealthy[0m                      conf=0.96  ETA=  6.8m sev=[32mlow   [0m [2m     f=99[0m
  [36mstation2 [0m [32mhealthy[0m                      conf=0.89  ETA=  5.5m sev=[32mlow   [0m [2m     f=99[0m
    clean telemetry live: 2124 → 1518 rows
[2m[16:05:43] tick 111[0m
  [36mstation1 [0m [32mhealthy[0m                      conf=0.95  ETA=  6.4m sev=[32mlow   [0m [2m     f=99[0m
  [36mstation2 [0m [32mhealthy[0m                      conf=0.87  ETA=  5.9m sev=[32mlow   [0m [2m     f=99[0m
    clean telemetry live: 2124 → 1518 rows
[2m[16:05:59] tick 112[0m
  [36mstation1 [0m [32mhealthy[0m                      conf=0.97  ETA=  5.9m sev=[32mlow   [0m [2m     f=99[0m
  [36mstation2 [0m [32mhealthy[0m                      conf=0.93  ETA=  6.4m sev=[32mlow   [0m [2m     f=99[0m
    clean telemetry live: 2124 → 1518 rows
[2m[16:06:14] tick 113[0m
  [36mstation1 [0m [32mhealthy[0m                      conf=0.95  ETA=  5.3m sev=[32mlow   [0m [2m     f=99[0m
  [36mstation2 [0m [32mhealthy[0m                      conf=0.93  ETA=  6.0m sev=[32mlow   [0m [2m     f=99[0m
    clean telemetry live: 2124 → 1518 rows
[2m[16:06:29] tick 114[0m
  [36mstation1 [0m [32mhealthy[0m                      conf=0.95  ETA=  5.2m sev=[32mlow   [0m [2m     f=99[0m
  [36mstation2 [0m [32mhealthy[0m                      conf=0.94  ETA=  6.0m sev=[32mlow   [0m [2m     f=99[0m
    clean telemetry live: 2121 → 1515 rows
[2m[16:06:45] tick 115[0m
  [36mstation1 [0m [32mhealthy[0m                      conf=0.88  ETA=  4.8m sev=[32mlow   [0m [2m     f=99[0m
  [36mstation2 [0m [32mhealthy[0m                      conf=0.78  ETA=  6.3m sev=[32mlow   [0m [2m     f=99[0m
    clean telemetry live: 2121 → 1515 rows
[2m[16:07:00] tick 116[0m
  [36mstation1 [0m [32mhealthy[0m                      conf=0.92  ETA=  4.6m sev=[32mlow   [0m [2m     f=99[0m
  [36mstation2 [0m [32mhealthy[0m                      conf=0.85  ETA=  6.7m sev=[32mlow   [0m [2m     f=99[0m
    clean telemetry live: 2121 → 1515 rows
[2m[16:07:15] tick 117[0m
  [36mstation1 [0m [32mhealthy[0m                      conf=0.78  ETA=  4.3m sev=[32mlow   [0m [2m     f=99[0m
  [36mstation2 [0m [32mhealthy[0m                      conf=0.76  ETA=  6.8m sev=[32mlow   [0m [2m     f=99[0m
    clean telemetry live: 2124 → 1518 rows
[2m[16:07:31] tick 118[0m
  [36mstation1 [0m [32mhealthy[0m                      conf=0.86  ETA=  5.1m sev=[32mlow   [0m [2m     f=99[0m
  [36mstation2 [0m [32mhealthy[0m                      conf=0.77  ETA=  6.9m sev=[32mlow   [0m [2m     f=99[0m
    clean telemetry live: 2124 → 1518 rows
[2m[16:07:46] tick 119[0m
  [36mstation1 [0m [32mhealthy[0m                      conf=0.48  ETA=  4.6m sev=[33mmedium[0m [2m     f=99[0m
  [36mstation2 [0m [32mhealthy[0m                      conf=0.68  ETA=  6.9m sev=[32mlow   [0m [2mcirc f=99[0m
    clean telemetry live: 2124 → 1518 rows
[2m[16:08:01] tick 120[0m
  [36mstation1 [0m [32mhealthy[0m                      conf=0.52  ETA=  4.1m sev=[33mmedium[0m [2mcirc f=99[0m
  [36mstation2 [0m [32mhealthy[0m                      conf=0.97  ETA=  7.3m sev=[32mlow   [0m [2mcirc f=99[0m
    clean telemetry live: 2124 → 1518 rows
[2m[16:08:17] tick 121[0m
  [36mstation1 [0m [32mhealthy[0m                      conf=0.50  ETA=  3.9m sev=[33mmedium[0m [2m     f=99[0m
  [36mstation2 [0m [33mADVISORY  tunnel_degradation[0m conf=0.62  ETA=  7.0m sev=[32mlow   [0m [2mcirc f=99[0m
    clean telemetry live: 2124 → 1518 rows
[2m[16:08:32] tick 122[0m
  [36mstation1 [0m [32mhealthy[0m                      conf=0.62  ETA=  3.4m sev=[33mmedium[0m [2mcirc f=99[0m
  [36mstation2 [0m [33mADVISORY  tunnel_degradation[0m conf=0.78  ETA=  7.1m sev=[32mlow   [0m [2mcirc f=99[0m
    clean telemetry live: 2124 → 1518 rows
[2m[16:08:47] tick 123[0m
  [36mstation1 [0m [32mhealthy[0m                      conf=0.74  ETA=  4.2m sev=[33mmedium[0m [2m     f=99[0m
  [36mstation2 [0m [33mADVISORY  tunnel_degradation[0m conf=0.84  ETA=  6.7m sev=[33mmedium[0m [2mcirc f=99[0m
    clean telemetry live: 2124 → 1518 rows
[2m[16:09:03] tick 124[0m
  [36mstation1 [0m [32mhealthy[0m                      conf=0.59  ETA=  4.5m sev=[33mmedium[0m [2m     f=99[0m
  [36mstation2 [0m [32mhealthy[0m                      conf=0.94  ETA=  5.6m sev=[33mmedium[0m [2m     f=99[0m
    clean telemetry live: 2124 → 1518 rows
[2m[16:09:18] tick 125[0m
  [36mstation1 [0m [32mhealthy[0m                      conf=0.65  ETA=  4.8m sev=[33mmedium[0m [2m     f=99[0m
  [36mstation2 [0m [32mhealthy[0m                      conf=0.86  ETA=  5.9m sev=[33mmedium[0m [2m     f=99[0m
    clean telemetry live: 2124 → 1518 rows
[2m[16:09:34] tick 126[0m
  [36mstation1 [0m [32mhealthy[0m                      conf=0.61  ETA=  5.0m sev=[33mmedium[0m [2mcirc f=99[0m
  [36mstation2 [0m [32mhealthy[0m                      conf=0.51  ETA=  5.2m sev=[33mmedium[0m [2m     f=99[0m
    clean telemetry live: 2124 → 1518 rows
[2m[16:09:49] tick 127[0m
  [36mstation1 [0m [32mhealthy[0m                      conf=0.85  ETA=  4.5m sev=[33mmedium[0m [2mcirc f=99[0m
  [36mstation2 [0m [32mhealthy[0m                      conf=0.61  ETA=  4.2m sev=[33mmedium[0m [2mcirc f=99[0m
    clean telemetry live: 2124 → 1518 rows
[2m[16:10:04] tick 128[0m
  [36mstation1 [0m [32mhealthy[0m                      conf=0.95  ETA=  4.6m sev=[32mlow   [0m [2m     f=99[0m
  [36mstation2 [0m [32mhealthy[0m                      conf=0.80  ETA=  5.0m sev=[32mlow   [0m [2mcirc f=99[0m
    clean telemetry live: 2124 → 1518 rows
[2m[16:10:20] tick 129[0m
  [36mstation1 [0m [32mhealthy[0m                      conf=0.94  ETA=  5.1m sev=[32mlow   [0m [2m     f=99[0m
  [36mstation2 [0m [32mhealthy[0m                      conf=0.92  ETA=  5.4m sev=[32mlow   [0m [2m     f=99[0m
    clean telemetry live: 2124 → 1518 rows
[2m[16:10:35] tick 130[0m
  [36mstation1 [0m [32mhealthy[0m                      conf=0.93  ETA=  5.5m sev=[32mlow   [0m [2m     f=99[0m
  [36mstation2 [0m [32mhealthy[0m                      conf=0.94  ETA=  3.6m sev=[32mlow   [0m [2m     f=99[0m
    clean telemetry live: 2124 → 1518 rows
[2m[16:10:50] tick 131[0m
  [36mstation1 [0m [32mhealthy[0m                      conf=0.94  ETA=  5.3m sev=[32mlow   [0m [2m     f=99[0m
  [36mstation2 [0m [32mhealthy[0m                      conf=0.96  ETA=  3.7m sev=[32mlow   [0m [2m     f=99[0m
    clean telemetry live: 2124 → 1518 rows
[2m[16:11:06] tick 132[0m
  [36mstation1 [0m [32mhealthy[0m                      conf=0.93  ETA=  7.2m sev=[32mlow   [0m [2m     f=99[0m
  [36mstation2 [0m [32mhealthy[0m                      conf=0.95  ETA=  4.6m sev=[32mlow   [0m [2m     f=99[0m
    clean telemetry live: 2124 → 1518 rows
[2m[16:11:21] tick 133[0m
  [36mstation1 [0m [32mhealthy[0m                      conf=0.96  ETA=  6.7m sev=[32mlow   [0m [2m     f=99[0m
  [36mstation2 [0m [32mhealthy[0m                      conf=0.92  ETA=  3.6m sev=[32mlow   [0m [2m     f=99[0m
    clean telemetry live: 2124 → 1518 rows
[2m[16:11:36] tick 134[0m
  [36mstation1 [0m [32mhealthy[0m                      conf=0.96  ETA=  6.7m sev=[32mlow   [0m [2m     f=99[0m
  [36mstation2 [0m [32mhealthy[0m                      conf=0.92  ETA=  3.6m sev=[32mlow   [0m [2m     f=99[0m
    clean telemetry live: 2124 → 1518 rows
[2m[16:11:52] tick 135[0m
  [36mstation1 [0m [32mhealthy[0m                      conf=0.88  ETA=  7.1m sev=[32mlow   [0m [2m     f=99[0m
  [36mstation2 [0m [32mhealthy[0m                      conf=0.94  ETA=  3.6m sev=[32mlow   [0m [2m     f=99[0m
    clean telemetry live: 2124 → 1518 rows
[2m[16:12:07] tick 136[0m
  [36mstation1 [0m [32mhealthy[0m                      conf=0.84  ETA=  6.6m sev=[32mlow   [0m [2m     f=99[0m
  [36mstation2 [0m [32mhealthy[0m                      conf=0.83  ETA=  4.7m sev=[32mlow   [0m [2m     f=99[0m
    clean telemetry live: 2124 → 1518 rows
[2m[16:12:22] tick 137[0m
  [36mstation1 [0m [32mhealthy[0m                      conf=0.85  ETA=  6.2m sev=[32mlow   [0m [2m     f=99[0m
  [36mstation2 [0m [32mhealthy[0m                      conf=0.89  ETA=  4.0m sev=[32mlow   [0m [2m     f=99[0m
    clean telemetry live: 2124 → 1518 rows
[2m[16:12:38] tick 138[0m
  [36mstation1 [0m [32mhealthy[0m                      conf=0.83  ETA=  6.3m sev=[32mlow   [0m [2m     f=99[0m
  [36mstation2 [0m [32mhealthy[0m                      conf=0.82  ETA=  5.0m sev=[32mlow   [0m [2m     f=99[0m
