[1mLoading DECA model stack...[0m
WARNING: All log messages before absl::InitializeLog() is called are written to STDERR
I0000 00:00:1784445977.210881  661939 cudart_stub.cc:31] Could not find cuda drivers on your machine, GPU will not be used.
I0000 00:00:1784445977.262489  661939 cpu_feature_guard.cc:227] This TensorFlow binary is optimized to use available CPU instructions in performance-critical operations.
To enable the following instructions: AVX2 FMA, in other operations, rebuild TensorFlow with the appropriate compiler flags.
WARNING: All log messages before absl::InitializeLog() is called are written to STDERR
I0000 00:00:1784445978.516457  661939 cudart_stub.cc:31] Could not find cuda drivers on your machine, GPU will not be used.
E0000 00:00:1784445979.187261  661939 cuda_platform.cc:52] failed call to cuInit: INTERNAL: CUDA error: Failed call to cuInit: UNKNOWN ERROR (303)
  classes=['healthy', 'congestion_breach', 'tunnel_degradation', 'bgp_route_flap', 'vrf_leakage']
  ensemble (plain+wm agreement): off
  loom: soft_streak=True enter_k=3 advisory_enter_k=2
  LSTM ETA: ready | circumstance head: ready
  scoped hosts: ['station1', 'station2']
  cross-host echo suppress: origin-lock
  vrf origin-lock: on
  declarations -> /home/brain/deca-isro/data/rpi-net/live/blind_compound_congestion_breach_20260719_1256_40m/declarations.jsonl

[1m=== DECA LIVE OPERATOR watching blind_compound_congestion_breach_20260719_1256_40m (PROMETHEUS :9090) ===[0m

    clean telemetry live: 2124 → 1518 rows
[2m[07:26:19] tick 1[0m
  [36mstation1 [0m [32mhealthy[0m                      conf=0.51  ETA=  6.5m sev=[33mmedium[0m [2mcirc f=99[0m [2m[vrf↓:vrf_leakage → held][0m
  [36mstation2 [0m [31m[1mCONFIRMED vrf_leakage       [0m conf=0.73  ETA=  7.8m sev=[32mlow   [0m [2mcirc f=99[0m
    clean telemetry live: 2124 → 1518 rows
[2m[07:26:35] tick 2[0m
  [36mstation1 [0m [32mhealthy[0m                      conf=0.62  ETA=  6.6m sev=[33mmedium[0m [2mcirc f=99[0m [2m[vrf↓:vrf_leakage → held][0m
  [36mstation2 [0m [31m[1mCONFIRMED vrf_leakage       [0m conf=0.75  ETA=  8.0m sev=[32mlow   [0m [2mcirc f=99[0m
    clean telemetry live: 2124 → 1518 rows
[2m[07:26:50] tick 3[0m
  [36mstation1 [0m [32mhealthy[0m                      conf=0.51  ETA=  6.6m sev=[33mmedium[0m [2mcirc f=99[0m
  [36mstation2 [0m [31m[1mCONFIRMED vrf_leakage       [0m conf=0.70  ETA=  8.1m sev=[32mlow   [0m [2mcirc f=99[0m
    clean telemetry live: 2124 → 1518 rows
[2m[07:27:06] tick 4[0m
  [36mstation1 [0m [32mhealthy[0m                      conf=0.74  ETA=  6.9m sev=[33mmedium[0m [2mcirc f=99[0m
  [36mstation2 [0m [33mADVISORY  vrf_leakage       [0m conf=0.80  ETA=  8.2m sev=[32mlow   [0m [2mcirc f=99[0m
    clean telemetry live: 2124 → 1518 rows
[2m[07:27:21] tick 5[0m
  [36mstation1 [0m [33mADVISORY  vrf_leakage       [0m conf=0.51  ETA=  6.0m sev=[32mlow   [0m [2mcirc f=99[0m [2m[vrf↓:vrf_leakage → held][0m
  [36mstation2 [0m [31m[1mCONFIRMED vrf_leakage       [0m conf=0.64  ETA=  8.2m sev=[32mlow   [0m [2mcirc f=99[0m
    clean telemetry live: 2124 → 1518 rows
[2m[07:27:36] tick 6[0m
  [36mstation1 [0m [32mhealthy[0m                      conf=0.54  ETA=  6.4m sev=[32mlow   [0m [2mcirc f=99[0m [2m[vrf↓:vrf_leakage → held][0m
  [36mstation2 [0m [32mhealthy[0m                      conf=0.41  ETA=  8.1m sev=[32mlow   [0m [2mcirc f=99[0m
    clean telemetry live: 2124 → 1518 rows
[2m[07:27:52] tick 7[0m
  [36mstation1 [0m [32mhealthy[0m                      conf=0.64  ETA=  6.6m sev=[32mlow   [0m [2mcirc f=99[0m [2m[vrf↓:vrf_leakage → held][0m
  [36mstation2 [0m [31m[1mCONFIRMED vrf_leakage       [0m conf=0.60  ETA=  8.2m sev=[32mlow   [0m [2mcirc f=99[0m
    clean telemetry live: 2124 → 1518 rows
[2m[07:28:07] tick 8[0m
  [36mstation1 [0m [32mhealthy[0m                      conf=0.62  ETA=  6.7m sev=[32mlow   [0m [2mcirc f=99[0m
  [36mstation2 [0m [32mhealthy[0m                      conf=0.80  ETA=  8.4m sev=[32mlow   [0m [2m     f=99[0m
    clean telemetry live: 2124 → 1518 rows
[2m[07:28:22] tick 9[0m
  [36mstation1 [0m [32mhealthy[0m                      conf=0.75  ETA=  6.6m sev=[32mlow   [0m [2m     f=99[0m
  [36mstation2 [0m [32mhealthy[0m                      conf=0.53  ETA=  8.3m sev=[32mlow   [0m [2m     f=99[0m
    clean telemetry live: 2124 → 1518 rows
[2m[07:28:38] tick 10[0m
  [36mstation1 [0m [32mhealthy[0m                      conf=0.65  ETA=  4.2m sev=[32mlow   [0m [2m     f=99[0m
  [36mstation2 [0m [32mhealthy[0m                      conf=0.75  ETA=  8.1m sev=[32mlow   [0m [2m     f=99[0m
    clean telemetry live: 2124 → 1518 rows
[2m[07:28:53] tick 11[0m
  [36mstation1 [0m [32mhealthy[0m                      conf=0.53  ETA=  7.2m sev=[32mlow   [0m [2m     f=99[0m
  [36mstation2 [0m [32mhealthy[0m                      conf=0.65  ETA=  7.9m sev=[32mlow   [0m [2m     f=99[0m
    clean telemetry live: 2124 → 1518 rows
[2m[07:29:09] tick 12[0m
  [36mstation1 [0m [32mhealthy[0m                      conf=0.74  ETA=  6.4m sev=[32mlow   [0m [2m     f=99[0m
  [36mstation2 [0m [32mhealthy[0m                      conf=0.52  ETA=  7.9m sev=[32mlow   [0m [2m     f=99[0m
    clean telemetry live: 2124 → 1518 rows
[2m[07:29:24] tick 13[0m
  [36mstation1 [0m [32mhealthy[0m                      conf=0.60  ETA=  7.2m sev=[32mlow   [0m [2m     f=99[0m
  [36mstation2 [0m [32mhealthy[0m                      conf=0.61  ETA=  8.0m sev=[32mlow   [0m [2m     f=99[0m
    clean telemetry live: 2124 → 1518 rows
[2m[07:29:39] tick 14[0m
  [36mstation1 [0m [32mhealthy[0m                      conf=0.76  ETA=  7.3m sev=[32mlow   [0m [2m     f=99[0m
  [36mstation2 [0m [32mhealthy[0m                      conf=0.69  ETA=  7.8m sev=[32mlow   [0m [2m     f=99[0m
    clean telemetry live: 2124 → 1518 rows
[2m[07:29:55] tick 15[0m
  [36mstation1 [0m [32mhealthy[0m                      conf=0.75  ETA=  5.4m sev=[32mlow   [0m [2m     f=99[0m
  [36mstation2 [0m [32mhealthy[0m                      conf=0.34  ETA=  8.1m sev=[32mlow   [0m [2m     f=99[0m
    clean telemetry live: 2124 → 1518 rows
[2m[07:30:10] tick 16[0m
  [36mstation1 [0m [32mhealthy[0m                      conf=0.79  ETA=  6.8m sev=[32mlow   [0m [2m     f=99[0m
  [36mstation2 [0m [32mhealthy[0m                      conf=0.65  ETA=  7.9m sev=[32mlow   [0m [2m     f=99[0m
    clean telemetry live: 2124 → 1518 rows
[2m[07:30:26] tick 17[0m
  [36mstation1 [0m [32mhealthy[0m                      conf=0.60  ETA=  7.0m sev=[32mlow   [0m [2m     f=99[0m
  [36mstation2 [0m [32mhealthy[0m                      conf=0.76  ETA=  7.9m sev=[32mlow   [0m [2m     f=99[0m
    clean telemetry live: 2124 → 1518 rows
[2m[07:30:41] tick 18[0m
  [36mstation1 [0m [32mhealthy[0m                      conf=0.52  ETA=  6.0m sev=[32mlow   [0m [2m     f=99[0m
  [36mstation2 [0m [32mhealthy[0m                      conf=0.26  ETA=  7.8m sev=[32mlow   [0m [2m     f=99[0m
    clean telemetry live: 2124 → 1518 rows
[2m[07:30:56] tick 19[0m
  [36mstation1 [0m [32mhealthy[0m                      conf=0.54  ETA=  6.8m sev=[32mlow   [0m [2m     f=99[0m
  [36mstation2 [0m [32mhealthy[0m                      conf=0.36  ETA=  7.8m sev=[32mlow   [0m [2mcirc f=99[0m
    clean telemetry live: 2124 → 1518 rows
[2m[07:31:12] tick 20[0m
  [36mstation1 [0m [32mhealthy[0m                      conf=0.62  ETA=  6.9m sev=[32mlow   [0m [2m     f=99[0m
  [36mstation2 [0m [33mADVISORY  congestion_breach [0m conf=0.94  ETA=  7.7m sev=[32mlow   [0m [2m     f=99[0m
    clean telemetry live: 2124 → 1518 rows
[2m[07:31:27] tick 21[0m
  [36mstation1 [0m [32mhealthy[0m                      conf=0.93  ETA=  6.7m sev=[32mlow   [0m [2m     f=99[0m
  [36mstation2 [0m [33mADVISORY  congestion_breach [0m conf=0.88  ETA=  7.7m sev=[32mlow   [0m [2m     f=99[0m
    clean telemetry live: 2124 → 1518 rows
[2m[07:31:42] tick 22[0m
  [36mstation1 [0m [33mADVISORY  congestion_breach [0m conf=0.99  ETA=  5.3m sev=[32mlow   [0m [2m     f=99[0m
  [36mstation2 [0m [33mADVISORY  congestion_breach [0m conf=0.97  ETA=  7.8m sev=[32mlow   [0m [2m     f=99[0m
    clean telemetry live: 2124 → 1518 rows
[2m[07:31:58] tick 23[0m
  [36mstation1 [0m [33mADVISORY  congestion_breach [0m conf=0.96  ETA=  6.6m sev=[32mlow   [0m [2m     f=99[0m
  [36mstation2 [0m [33mADVISORY  congestion_breach [0m conf=0.99  ETA=  8.0m sev=[32mlow   [0m [2m     f=99[0m [2m[echo↓:congestion_breach → held][0m
    clean telemetry live: 2124 → 1518 rows
[2m[07:32:13] tick 24[0m
  [36mstation1 [0m [33mADVISORY  congestion_breach [0m conf=0.97  ETA=  6.4m sev=[32mlow   [0m [2m     f=99[0m
  [36mstation2 [0m [33mADVISORY  congestion_breach [0m conf=0.99  ETA=  8.0m sev=[32mlow   [0m [2m     f=99[0m [2m[echo↓:congestion_breach → held][0m
    clean telemetry live: 2124 → 1518 rows
[2m[07:32:28] tick 25[0m
  [36mstation1 [0m [31m[1mCONFIRMED congestion_breach [0m conf=0.95  ETA=  6.4m sev=[33mmedium[0m [2m     f=99[0m
  [36mstation2 [0m [33mADVISORY  congestion_breach [0m conf=0.99  ETA=  7.8m sev=[32mlow   [0m [2m     f=99[0m [2m[echo↓:congestion_breach → held][0m
    clean telemetry live: 2124 → 1518 rows
[2m[07:32:44] tick 26[0m
  [36mstation1 [0m [31m[1mCONFIRMED congestion_breach [0m conf=0.56  ETA=  7.0m sev=[33mmedium[0m [2m     f=99[0m
  [36mstation2 [0m [33mADVISORY  congestion_breach [0m conf=0.99  ETA=  7.7m sev=[32mlow   [0m [2m     f=99[0m [2m[echo↓:congestion_breach → held][0m
    clean telemetry live: 2124 → 1518 rows
[2m[07:32:59] tick 27[0m
  [36mstation1 [0m [31m[1mCONFIRMED congestion_breach [0m conf=0.55  ETA=  6.5m sev=[33mmedium[0m [2m     f=99[0m
  [36mstation2 [0m [33mADVISORY  congestion_breach [0m conf=0.99  ETA=  7.7m sev=[32mlow   [0m [2m     f=99[0m [2m[echo↓:congestion_breach → held][0m
    clean telemetry live: 2124 → 1518 rows
[2m[07:33:14] tick 28[0m
  [36mstation1 [0m [31m[1mCONFIRMED congestion_breach [0m conf=0.62  ETA=  6.2m sev=[33mmedium[0m [2m     f=99[0m
  [36mstation2 [0m [33mADVISORY  congestion_breach [0m conf=0.99  ETA=  7.8m sev=[32mlow   [0m [2m     f=99[0m [2m[echo↓:congestion_breach → held][0m
    clean telemetry live: 2121 → 1515 rows
[2m[07:33:30] tick 29[0m
  [36mstation1 [0m [31m[1mCONFIRMED congestion_breach [0m conf=0.97  ETA=  6.9m sev=[33mmedium[0m [2mcirc f=99[0m
  [36mstation2 [0m [33mADVISORY  congestion_breach [0m conf=0.98  ETA=  7.4m sev=[32mlow   [0m [2m     f=99[0m [2m[echo↓:congestion_breach → held][0m
    clean telemetry live: 2121 → 1515 rows
[2m[07:33:45] tick 30[0m
  [36mstation1 [0m [31m[1mCONFIRMED congestion_breach [0m conf=0.48  ETA=  6.8m sev=[33mmedium[0m [2m     f=99[0m
  [36mstation2 [0m [33mADVISORY  congestion_breach [0m conf=0.99  ETA=  7.2m sev=[32mlow   [0m [2m     f=99[0m [2m[echo↓:congestion_breach → held][0m
    clean telemetry live: 2121 → 1515 rows
[2m[07:34:00] tick 31[0m
  [36mstation1 [0m [31m[1mCONFIRMED congestion_breach [0m conf=0.61  ETA=  6.0m sev=[33mmedium[0m [2m     f=99[0m
  [36mstation2 [0m [33mADVISORY  congestion_breach [0m conf=0.97  ETA=  7.0m sev=[32mlow   [0m [2m     f=99[0m [2m[echo↓:congestion_breach → held][0m
    clean telemetry live: 2124 → 1518 rows
[2m[07:34:16] tick 32[0m
  [36mstation1 [0m [31m[1mCONFIRMED congestion_breach [0m conf=0.62  ETA=  5.5m sev=[33mmedium[0m [2m     f=99[0m
  [36mstation2 [0m [33mADVISORY  congestion_breach [0m conf=0.99  ETA=  7.3m sev=[32mlow   [0m [2m     f=99[0m [2m[echo↓:congestion_breach → held][0m
    clean telemetry live: 2124 → 1518 rows
[2m[07:34:31] tick 33[0m
  [36mstation1 [0m [31m[1mCONFIRMED congestion_breach [0m conf=0.47  ETA=  4.9m sev=[33mmedium[0m [2m     f=99[0m
  [36mstation2 [0m [33mADVISORY  congestion_breach [0m conf=0.99  ETA=  7.1m sev=[32mlow   [0m [2m     f=99[0m [2m[echo↓:congestion_breach → held][0m
    clean telemetry live: 2124 → 1518 rows
[2m[07:34:47] tick 34[0m
  [36mstation1 [0m [31m[1mCONFIRMED congestion_breach [0m conf=0.56  ETA=  5.0m sev=[33mmedium[0m [2m     f=99[0m
  [36mstation2 [0m [33mADVISORY  congestion_breach [0m conf=0.99  ETA=  7.3m sev=[32mlow   [0m [2m     f=99[0m [2m[echo↓:congestion_breach → held][0m
    clean telemetry live: 2124 → 1518 rows
[2m[07:35:02] tick 35[0m
  [36mstation1 [0m [31m[1mCONFIRMED congestion_breach [0m conf=0.96  ETA=  5.8m sev=[33mmedium[0m [2mcirc f=99[0m
  [36mstation2 [0m [33mADVISORY  congestion_breach [0m conf=0.99  ETA=  6.8m sev=[32mlow   [0m [2m     f=99[0m [2m[echo↓:congestion_breach → held][0m
    clean telemetry live: 2124 → 1518 rows
[2m[07:35:17] tick 36[0m
  [36mstation1 [0m [31m[1mCONFIRMED congestion_breach [0m conf=0.98  ETA=  5.8m sev=[33mmedium[0m [2mcirc f=99[0m
  [36mstation2 [0m [33mADVISORY  congestion_breach [0m conf=0.99  ETA=  6.7m sev=[32mlow   [0m [2mcirc f=99[0m [2m[echo↓:congestion_breach → held][0m
    clean telemetry live: 2124 → 1518 rows
[2m[07:35:33] tick 37[0m
  [36mstation1 [0m [31m[1mCONFIRMED congestion_breach [0m conf=0.76  ETA=  3.9m sev=[33mmedium[0m [2m     f=99[0m
  [36mstation2 [0m [33mADVISORY  congestion_breach [0m conf=1.00  ETA=  6.7m sev=[32mlow   [0m [2m     f=99[0m [2m[echo↓:congestion_breach → held][0m
    clean telemetry live: 2124 → 1518 rows
[2m[07:35:48] tick 38[0m
  [36mstation1 [0m [31m[1mCONFIRMED congestion_breach [0m conf=0.99  ETA=  3.7m sev=[31mhigh  [0m [2mcirc f=99[0m
  [36mstation2 [0m [33mADVISORY  congestion_breach [0m conf=1.00  ETA=  6.5m sev=[32mlow   [0m [2mcirc f=99[0m [2m[echo↓:congestion_breach → held][0m
    clean telemetry live: 2124 → 1518 rows
[2m[07:36:03] tick 39[0m
  [36mstation1 [0m [31m[1mCONFIRMED congestion_breach [0m conf=0.60  ETA=  4.5m sev=[31mhigh  [0m [2m     f=99[0m
  [36mstation2 [0m [33mADVISORY  congestion_breach [0m conf=0.99  ETA=  6.6m sev=[32mlow   [0m [2mcirc f=99[0m [2m[echo↓:congestion_breach → held][0m
    clean telemetry live: 2124 → 1518 rows
[2m[07:36:19] tick 40[0m
  [36mstation1 [0m [31m[1mCONFIRMED congestion_breach [0m conf=0.53  ETA=  3.8m sev=[31mhigh  [0m [2m     f=99[0m
  [36mstation2 [0m [33mADVISORY  congestion_breach [0m conf=0.99  ETA=  6.1m sev=[33mmedium[0m [2mcirc f=99[0m [2m[echo↓:congestion_breach → held][0m
    clean telemetry live: 2124 → 1518 rows
[2m[07:36:34] tick 41[0m
  [36mstation1 [0m [31m[1mCONFIRMED congestion_breach [0m conf=0.71  ETA=  3.5m sev=[31mhigh  [0m [2m     f=99[0m
  [36mstation2 [0m [33mADVISORY  congestion_breach [0m conf=1.00  ETA=  5.9m sev=[33mmedium[0m [2m     f=99[0m [2m[echo↓:congestion_breach → held][0m
    clean telemetry live: 2124 → 1518 rows
[2m[07:36:50] tick 42[0m
  [36mstation1 [0m [31m[1mCONFIRMED congestion_breach [0m conf=0.99  ETA=  3.5m sev=[31mhigh  [0m [2mcirc f=99[0m
  [36mstation2 [0m [33mADVISORY  congestion_breach [0m conf=1.00  ETA=  5.6m sev=[33mmedium[0m [2mcirc f=99[0m [2m[echo↓:congestion_breach → held][0m
    clean telemetry live: 2124 → 1518 rows
[2m[07:37:05] tick 43[0m
  [36mstation1 [0m [31m[1mCONFIRMED congestion_breach [0m conf=0.98  ETA=  2.9m sev=[31mhigh  [0m [2mcirc f=99[0m
  [36mstation2 [0m [33mADVISORY  congestion_breach [0m conf=0.99  ETA=  5.4m sev=[33mmedium[0m [2mcirc f=99[0m [2m[echo↓:congestion_breach → held][0m
    clean telemetry live: 2124 → 1518 rows
[2m[07:37:20] tick 44[0m
  [36mstation1 [0m [31m[1mCONFIRMED congestion_breach [0m conf=0.67  ETA=  4.0m sev=[31mhigh  [0m [2m     f=99[0m
  [36mstation2 [0m [33mADVISORY  congestion_breach [0m conf=1.00  ETA=  5.0m sev=[33mmedium[0m [2mcirc f=99[0m [2m[echo↓:congestion_breach → held][0m
    clean telemetry live: 2124 → 1518 rows
[2m[07:37:36] tick 45[0m
  [36mstation1 [0m [31m[1mCONFIRMED congestion_breach [0m conf=0.78  ETA=  4.4m sev=[33mmedium[0m [2m     f=99[0m
  [36mstation2 [0m [33mADVISORY  congestion_breach [0m conf=0.82  ETA=  4.4m sev=[33mmedium[0m [2m     f=99[0m [2m[echo↓:congestion_breach → held][0m
    clean telemetry live: 2124 → 1518 rows
[2m[07:37:51] tick 46[0m
  [36mstation1 [0m [31m[1mCONFIRMED congestion_breach [0m conf=1.00  ETA=  2.8m sev=[33mmedium[0m [2mcirc f=99[0m
  [36mstation2 [0m [33mADVISORY  congestion_breach [0m conf=1.00  ETA=  4.5m sev=[33mmedium[0m [2mcirc f=99[0m [2m[echo↓:congestion_breach → held][0m
    clean telemetry live: 2124 → 1518 rows
[2m[07:38:07] tick 47[0m
  [36mstation1 [0m [31m[1mCONFIRMED congestion_breach [0m conf=0.99  ETA=  3.9m sev=[31mhigh  [0m [2mcirc f=99[0m
  [36mstation2 [0m [33mADVISORY  congestion_breach [0m conf=1.00  ETA=  4.6m sev=[33mmedium[0m [2mcirc f=99[0m [2m[echo↓:congestion_breach → held][0m
    clean telemetry live: 2124 → 1518 rows
[2m[07:38:22] tick 48[0m
  [36mstation1 [0m [31m[1mCONFIRMED congestion_breach [0m conf=0.56  ETA=  2.6m sev=[31mhigh  [0m [2m     f=99[0m
  [36mstation2 [0m [33mADVISORY  congestion_breach [0m conf=1.00  ETA=  4.4m sev=[33mmedium[0m [2mcirc f=99[0m [2m[echo↓:congestion_breach → held][0m
    clean telemetry live: 2124 → 1518 rows
[2m[07:38:37] tick 49[0m
  [36mstation1 [0m [31m[1mCONFIRMED congestion_breach [0m conf=0.58  ETA=  2.7m sev=[31mhigh  [0m [2mcirc f=99[0m
  [36mstation2 [0m [33mADVISORY  congestion_breach [0m conf=1.00  ETA=  4.4m sev=[33mmedium[0m [2mcirc f=99[0m [2m[echo↓:congestion_breach → held][0m
    clean telemetry live: 2124 → 1518 rows
[2m[07:38:53] tick 50[0m
  [36mstation1 [0m [31m[1mCONFIRMED congestion_breach [0m conf=0.68  ETA=  2.0m sev=[31mhigh  [0m [2m     f=99[0m
  [36mstation2 [0m [33mADVISORY  congestion_breach [0m conf=1.00  ETA=  4.5m sev=[33mmedium[0m [2mcirc f=99[0m [2m[echo↓:congestion_breach → held][0m
    clean telemetry live: 2124 → 1518 rows
[2m[07:39:08] tick 51[0m
  [36mstation1 [0m [31m[1mCONFIRMED congestion_breach [0m conf=0.74  ETA=  2.3m sev=[31mhigh  [0m [2m     f=99[0m
  [36mstation2 [0m [33mADVISORY  congestion_breach [0m conf=0.99  ETA=  4.2m sev=[33mmedium[0m [2mcirc f=99[0m [2m[echo↓:congestion_breach → held][0m
    clean telemetry live: 2124 → 1518 rows
[2m[07:39:23] tick 52[0m
  [36mstation1 [0m [31m[1mCONFIRMED congestion_breach [0m conf=0.58  ETA=  3.3m sev=[31mhigh  [0m [2m     f=99[0m
  [36mstation2 [0m [33mADVISORY  congestion_breach [0m conf=1.00  ETA=  5.1m sev=[33mmedium[0m [2mcirc f=99[0m [2m[echo↓:congestion_breach → held][0m
    clean telemetry live: 2124 → 1518 rows
[2m[07:39:39] tick 53[0m
  [36mstation1 [0m [32mhealthy[0m                      conf=0.60  ETA=  2.3m sev=[31mhigh  [0m [2m     f=99[0m
  [36mstation2 [0m [33mADVISORY  congestion_breach [0m conf=1.00  ETA=  5.8m sev=[33mmedium[0m [2mcirc f=99[0m [2m[echo↓:congestion_breach → held][0m
    clean telemetry live: 2124 → 1518 rows
[2m[07:39:54] tick 54[0m
  [36mstation1 [0m [31m[1mCONFIRMED congestion_breach [0m conf=0.98  ETA=  2.4m sev=[31mhigh  [0m [2mcirc f=99[0m
  [36mstation2 [0m [33mADVISORY  congestion_breach [0m conf=0.99  ETA=  4.5m sev=[33mmedium[0m [2mcirc f=99[0m [2m[echo↓:congestion_breach → held][0m
    clean telemetry live: 2124 → 1518 rows
[2m[07:40:09] tick 55[0m
  [36mstation1 [0m [31m[1mCONFIRMED congestion_breach [0m conf=0.63  ETA=  1.3m sev=[31mhigh  [0m [2mcirc f=99[0m
  [36mstation2 [0m [33mADVISORY  congestion_breach [0m conf=0.99  ETA=  4.5m sev=[33mmedium[0m [2mcirc f=99[0m [2m[echo↓:congestion_breach → held][0m
    clean telemetry live: 2124 → 1518 rows
[2m[07:40:25] tick 56[0m
  [36mstation1 [0m [32mhealthy[0m                      conf=0.65  ETA=  1.0m sev=[31mhigh  [0m [2m     f=99[0m
  [36mstation2 [0m [33mADVISORY  congestion_breach [0m conf=0.99  ETA=  7.0m sev=[33mmedium[0m [2mcirc f=99[0m [2m[echo↓:congestion_breach → held][0m
    clean telemetry live: 2124 → 1518 rows
[2m[07:40:40] tick 57[0m
  [36mstation1 [0m [31m[1mCONFIRMED congestion_breach [0m conf=0.79  ETA=  1.2m sev=[31mhigh  [0m [2m     f=99[0m
  [36mstation2 [0m [33mADVISORY  congestion_breach [0m conf=0.99  ETA=  4.7m sev=[31mhigh  [0m [2mcirc f=99[0m [2m[echo↓:congestion_breach → held][0m
    clean telemetry live: 2124 → 1518 rows
[2m[07:40:56] tick 58[0m
  [36mstation1 [0m [31m[1mCONFIRMED congestion_breach [0m conf=0.97  ETA=  1.8m sev=[31mhigh  [0m [2mcirc f=99[0m
  [36mstation2 [0m [33mADVISORY  congestion_breach [0m conf=0.98  ETA=  4.6m sev=[31mhigh  [0m [2mcirc f=99[0m [2m[echo↓:congestion_breach → held][0m
    clean telemetry live: 2124 → 1518 rows
[2m[07:41:11] tick 59[0m
  [36mstation1 [0m [31m[1mCONFIRMED congestion_breach [0m conf=0.97  ETA=  1.4m sev=[33mmedium[0m [2mcirc f=99[0m
  [36mstation2 [0m [33mADVISORY  congestion_breach [0m conf=0.99  ETA=  4.1m sev=[31mhigh  [0m [2mcirc f=99[0m [2m[echo↓:congestion_breach → held][0m
    clean telemetry live: 2124 → 1518 rows
[2m[07:41:26] tick 60[0m
  [36mstation1 [0m [33mADVISORY  congestion_breach [0m conf=0.69  ETA=  1.6m sev=[33mmedium[0m [2mcirc f=99[0m
  [36mstation2 [0m [33mADVISORY  congestion_breach [0m conf=0.99  ETA=  6.5m sev=[31mhigh  [0m [2mcirc f=99[0m [2m[echo↓:congestion_breach → held][0m
    clean telemetry live: 2124 → 1518 rows
[2m[07:41:42] tick 61[0m
  [36mstation1 [0m [31m[1mCONFIRMED congestion_breach [0m conf=0.96  ETA=  1.0m sev=[31mhigh  [0m [2mcirc f=99[0m
  [36mstation2 [0m [33mADVISORY  congestion_breach [0m conf=0.97  ETA=  4.5m sev=[31mhigh  [0m [2mcirc f=99[0m [2m[echo↓:congestion_breach → held][0m
    clean telemetry live: 2124 → 1518 rows
[2m[07:41:57] tick 62[0m
  [36mstation1 [0m [32mhealthy[0m                      conf=0.60  ETA=  2.8m sev=[31mhigh  [0m [2m     f=99[0m
  [36mstation2 [0m [33mADVISORY  congestion_breach [0m conf=0.99  ETA=  5.3m sev=[31mhigh  [0m [2mcirc f=99[0m [2m[echo↓:congestion_breach → held][0m
    clean telemetry live: 2124 → 1518 rows
[2m[07:42:12] tick 63[0m
  [36mstation1 [0m [31m[1mCONFIRMED congestion_breach [0m conf=0.51  ETA=  1.0m sev=[33mmedium[0m [2m     f=99[0m
  [36mstation2 [0m [33mADVISORY  congestion_breach [0m conf=0.98  ETA=  3.6m sev=[31mhigh  [0m [2mcirc f=99[0m [2m[echo↓:congestion_breach → held][0m
    clean telemetry live: 2124 → 1518 rows
[2m[07:42:28] tick 64[0m
  [36mstation1 [0m [32mhealthy[0m                      conf=0.57  ETA=  0.5m sev=[33mmedium[0m [2m     f=99[0m
  [36mstation2 [0m [33mADVISORY  congestion_breach [0m conf=0.98  ETA=  4.2m sev=[33mmedium[0m [2mcirc f=99[0m [2m[echo↓:congestion_breach → held][0m
    clean telemetry live: 2124 → 1518 rows
[2m[07:42:43] tick 65[0m
  [36mstation1 [0m [31m[1mCONFIRMED congestion_breach [0m conf=0.96  ETA=  0.6m sev=[33mmedium[0m [2mcirc f=99[0m
  [36mstation2 [0m [33mADVISORY  congestion_breach [0m conf=0.98  ETA=  4.2m sev=[33mmedium[0m [2mcirc f=99[0m [2m[echo↓:congestion_breach → held][0m
    clean telemetry live: 2124 → 1518 rows
[2m[07:42:58] tick 66[0m
  [36mstation1 [0m [31m[1mCONFIRMED congestion_breach [0m conf=0.95  ETA=  0.4m sev=[31mhigh  [0m [2mcirc f=99[0m
  [36mstation2 [0m [33mADVISORY  congestion_breach [0m conf=0.72  ETA=  2.8m sev=[33mmedium[0m [2mcirc f=99[0m [2m[echo↓:congestion_breach → held][0m
    clean telemetry live: 2124 → 1518 rows
[2m[07:43:14] tick 67[0m
  [36mstation1 [0m [32mhealthy[0m                      conf=0.60  ETA=  1.1m sev=[31mhigh  [0m [2m     f=99[0m
  [36mstation2 [0m [33mADVISORY  congestion_breach [0m conf=0.92  ETA=  2.8m sev=[33mmedium[0m [2mcirc f=99[0m [2m[echo↓:congestion_breach → held][0m
    clean telemetry live: 2124 → 1518 rows
[2m[07:43:29] tick 68[0m
  [36mstation1 [0m [32mhealthy[0m                      conf=0.59  ETA=  0.7m sev=[31mhigh  [0m [2mcirc f=99[0m
  [36mstation2 [0m [33mADVISORY  congestion_breach [0m conf=0.92  ETA=  3.1m sev=[33mmedium[0m [2mcirc f=99[0m [2m[echo↓:congestion_breach → held][0m
    clean telemetry live: 2124 → 1518 rows
[2m[07:43:44] tick 69[0m
  [36mstation1 [0m [32mhealthy[0m                      conf=0.78  ETA=  0.4m sev=[31mhigh  [0m [2m     f=99[0m
  [36mstation2 [0m [33mADVISORY  congestion_breach [0m conf=0.82  ETA=  2.5m sev=[33mmedium[0m [2mcirc f=99[0m [2m[echo↓:congestion_breach → held][0m
    clean telemetry live: 2121 → 1515 rows
[2m[07:44:00] tick 70[0m
  [36mstation1 [0m [32mhealthy[0m                      conf=0.76  ETA=  0.6m sev=[31mhigh  [0m [2m     f=99[0m
  [36mstation2 [0m [33mADVISORY  congestion_breach [0m conf=0.82  ETA=  3.1m sev=[33mmedium[0m [2mcirc f=99[0m [2m[echo↓:congestion_breach → held][0m
    clean telemetry live: 2121 → 1515 rows
[2m[07:44:15] tick 71[0m
  [36mstation1 [0m [32mhealthy[0m                      conf=0.76  ETA=  0.8m sev=[31mhigh  [0m [2m     f=99[0m
  [36mstation2 [0m [33mADVISORY  congestion_breach [0m conf=0.82  ETA=  3.1m sev=[33mmedium[0m [2mcirc f=99[0m [2m[echo↓:congestion_breach → held][0m
    clean telemetry live: 2121 → 1515 rows
[2m[07:44:31] tick 72[0m
  [36mstation1 [0m [32mhealthy[0m                      conf=0.77  ETA=  0.1m sev=[31mhigh  [0m [2m     f=99[0m
  [36mstation2 [0m [33mADVISORY  congestion_breach [0m conf=0.85  ETA=  3.1m sev=[31mhigh  [0m [2mcirc f=99[0m [2m[echo↓:congestion_breach → held][0m
    clean telemetry live: 2124 → 1518 rows
[2m[07:44:46] tick 73[0m
  [36mstation1 [0m [32mhealthy[0m                      conf=0.59  ETA=  0.1m sev=[31mhigh  [0m [2mcirc f=99[0m
  [36mstation2 [0m [32mhealthy[0m                      conf=0.53  ETA=  2.2m sev=[31mhigh  [0m [2mcirc f=99[0m [2m[echo↓:congestion_breach → held][0m
    clean telemetry live: 2124 → 1518 rows
[2m[07:45:01] tick 74[0m
  [36mstation1 [0m [33mADVISORY  congestion_breach [0m conf=0.61  ETA=  0.1m sev=[31mhigh  [0m [2mcirc f=99[0m
  [36mstation2 [0m [32mhealthy[0m                      conf=0.52  ETA=  2.9m sev=[31mhigh  [0m [2mcirc f=99[0m [2m[echo↓:congestion_breach → held][0m
    clean telemetry live: 2124 → 1518 rows
[2m[07:45:17] tick 75[0m
  [36mstation1 [0m [32mhealthy[0m                      conf=0.62  ETA=  0.3m sev=[31mhigh  [0m [2mcirc f=99[0m
  [36mstation2 [0m [32mhealthy[0m                      conf=0.69  ETA=  2.4m sev=[31mhigh  [0m [2mcirc f=99[0m
    clean telemetry live: 2124 → 1518 rows
[2m[07:45:32] tick 76[0m
  [36mstation1 [0m [32mhealthy[0m                      conf=0.61  ETA=  0.1m sev=[31mhigh  [0m [2mcirc f=99[0m
  [36mstation2 [0m [32mhealthy[0m                      conf=0.57  ETA=  2.1m sev=[31mhigh  [0m [2mcirc f=99[0m
    clean telemetry live: 2124 → 1518 rows
[2m[07:45:47] tick 77[0m
  [36mstation1 [0m [32mhealthy[0m                      conf=0.52  ETA=  0.2m sev=[31mhigh  [0m [2mcirc f=99[0m
  [36mstation2 [0m [32mhealthy[0m                      conf=0.60  ETA=  2.1m sev=[31mhigh  [0m [2mcirc f=99[0m
    clean telemetry live: 2124 → 1518 rows
[2m[07:46:03] tick 78[0m
  [36mstation1 [0m [32mhealthy[0m                      conf=0.64  ETA=  0.1m sev=[31mhigh  [0m [2mcirc f=99[0m
  [36mstation2 [0m [32mhealthy[0m                      conf=0.50  ETA=  1.5m sev=[31mhigh  [0m [2mcirc f=99[0m
    clean telemetry live: 2124 → 1518 rows
[2m[07:46:18] tick 79[0m
  [36mstation1 [0m [33mADVISORY  congestion_breach [0m conf=0.62  ETA=  0.1m sev=[31mhigh  [0m [2mcirc f=99[0m
  [36mstation2 [0m [33mADVISORY  congestion_breach [0m conf=0.72  ETA=  2.4m sev=[31mhigh  [0m [2mcirc f=99[0m [2m[echo↓:congestion_breach → held][0m
    clean telemetry live: 2124 → 1518 rows
[2m[07:46:34] tick 80[0m
  [36mstation1 [0m [32mhealthy[0m                      conf=0.59  ETA=  0.3m sev=[31mhigh  [0m [2mcirc f=99[0m
  [36mstation2 [0m [33mADVISORY  congestion_breach [0m conf=0.66  ETA=  2.0m sev=[31mhigh  [0m [2mcirc f=99[0m
    clean telemetry live: 2124 → 1518 rows
[2m[07:46:49] tick 81[0m
  [36mstation1 [0m [32mhealthy[0m                      conf=0.59  ETA=  0.3m sev=[31mhigh  [0m [2mcirc f=99[0m
  [36mstation2 [0m [32mhealthy[0m                      conf=0.63  ETA=  1.1m sev=[31mhigh  [0m [2mcirc f=99[0m
