[2026-07-16T15:11:19.138490+00:00] ================================================================
[2026-07-16T15:11:19.138586+00:00] DECA BLIND CONTROL (all-healthy) armed — run_id=control_20260716_1924_60m seed=1784214686 (SEALED)
[2026-07-16T15:11:19.138632+00:00] Budget 60 min | NO real faults | 4 near-miss bait(s) | simulate=False
[2026-07-16T15:11:19.138694+00:00] Sealed truth: /home/brain/deca-isro/data/rpi-net/live/control_20260716_1924_60m/ground_truth.sealed.jsonl
[2026-07-16T15:11:19.138724+00:00] ================================================================
[2026-07-16T15:11:23.858335+00:00]    iperf3 server listening on station2 (192.168.50.20)
[2026-07-16T15:11:25.315743+00:00] Baseline traffic: 55 Mbps (station1 -> 192.168.50.20 via eth0)
[2026-07-16T15:11:31.243092+00:00]    iperf3 client running (~55 Mbps)
[2026-07-16T15:11:31.243231+00:00] [control] healthy baseline 9.9 min...
[2026-07-16T15:21:23.734068+00:00] [control] near-miss control_20260716_1924_60m_nm01 (bait — MUST stay healthy)
[2026-07-16T15:21:23.734229+00:00] NEAR-MISS aborted onset for 26s (not a real fault)...
[2026-07-16T15:21:52.162769+00:00] [control] sealed control_20260716_1924_60m_nm01: 2026-07-16T15:21:23.734221+00:00 -> 2026-07-16T15:21:52.162495+00:00
[2026-07-16T15:22:12.017703+00:00] [control] healthy baseline 15.4 min...
[2026-07-16T15:37:38.940169+00:00] [control] near-miss control_20260716_1924_60m_nm02 (bait — MUST stay healthy)
[2026-07-16T15:37:38.940384+00:00] NEAR-MISS aborted onset for 37s (not a real fault)...
[2026-07-16T15:38:18.838116+00:00] [control] sealed control_20260716_1924_60m_nm02: 2026-07-16T15:37:38.940374+00:00 -> 2026-07-16T15:38:18.837882+00:00
[2026-07-16T15:38:27.577188+00:00] [control] healthy baseline 9.8 min...
[2026-07-16T15:48:16.252109+00:00] [control] near-miss control_20260716_1924_60m_nm03 (bait — MUST stay healthy)
[2026-07-16T15:48:16.252316+00:00] NEAR-MISS aborted onset for 30s (not a real fault)...
[2026-07-16T15:48:50.652190+00:00] [control] sealed control_20260716_1924_60m_nm03: 2026-07-16T15:48:16.252304+00:00 -> 2026-07-16T15:48:50.651820+00:00
[2026-07-16T15:48:52.115818+00:00] [control] healthy baseline 6.6 min...
[2026-07-16T15:55:25.692039+00:00] [control] near-miss control_20260716_1924_60m_nm04 (bait — MUST stay healthy)
[2026-07-16T15:55:25.692181+00:00] NEAR-MISS aborted onset for 29s (not a real fault)...
[2026-07-16T15:55:56.775731+00:00] [control] sealed control_20260716_1924_60m_nm04: 2026-07-16T15:55:25.692175+00:00 -> 2026-07-16T15:55:56.775449+00:00
[2026-07-16T15:55:58.148847+00:00] [control] healthy baseline 15.3 min to end (no baits left)...
[2026-07-16T16:11:19.148053+00:00] ================================================================
[2026-07-16T16:11:19.148304+00:00] BLIND CONTROL COMPLETE — 0 real faults, 4 near-misses
[2026-07-16T16:11:19.148402+00:00] Any confirmed alarm here is a false positive. Grade with:
[2026-07-16T16:11:19.148485+00:00]   python scripts/deca_blind_scorecard.py --run-id control_20260716_1924_60m
[2026-07-16T16:11:19.148560+00:00] ================================================================
