[1mLoading DECA model stack...[0m
WARNING: All log messages before absl::InitializeLog() is called are written to STDERR
I0000 00:00:1784214680.460990  299141 cudart_stub.cc:31] Could not find cuda drivers on your machine, GPU will not be used.
I0000 00:00:1784214680.517043  299141 cpu_feature_guard.cc:227] This TensorFlow binary is optimized to use available CPU instructions in performance-critical operations.
To enable the following instructions: AVX2 FMA, in other operations, rebuild TensorFlow with the appropriate compiler flags.
WARNING: All log messages before absl::InitializeLog() is called are written to STDERR
I0000 00:00:1784214682.070227  299141 cudart_stub.cc:31] Could not find cuda drivers on your machine, GPU will not be used.
E0000 00:00:1784214682.863638  299141 cuda_platform.cc:52] failed call to cuInit: INTERNAL: CUDA error: Failed call to cuInit: UNKNOWN ERROR (303)
  classes=['healthy', 'congestion_breach', 'tunnel_degradation', 'bgp_route_flap', 'vrf_leakage']
  ensemble (plain+wm agreement): off
  loom: soft_streak=True enter_k=2 advisory_enter_k=2
  LSTM ETA: ready | circumstance head: ready
  scoped hosts: ['station1', 'station2']
  declarations -> /home/brain/deca-isro/data/rpi-net/live/control_20260716_1924_60m/declarations.jsonl

[1m=== DECA LIVE OPERATOR watching control_20260716_1924_60m (PROMETHEUS :9090) ===[0m

    clean telemetry live: 1815 → 1211 rows
[2m[15:11:23] tick 1[0m
  [36mstation1 [0m [32mhealthy[0m                      conf=0.99  ETA=  4.2m sev=[32mlow   [0m [2m     f=99[0m
  [36mstation2 [0m [32mhealthy[0m                      conf=0.96  ETA=  2.8m sev=[32mlow   [0m [2m     f=99[0m
    clean telemetry live: 1815 → 1211 rows
[2m[15:11:38] tick 2[0m
  [36mstation1 [0m [32mhealthy[0m                      conf=0.99  ETA=  5.4m sev=[32mlow   [0m [2m     f=99[0m
  [36mstation2 [0m [32mhealthy[0m                      conf=0.99  ETA=  2.8m sev=[32mlow   [0m [2m     f=99[0m
    clean telemetry live: 1815 → 1211 rows
[2m[15:11:54] tick 3[0m
  [36mstation1 [0m [32mhealthy[0m                      conf=0.98  ETA=  4.2m sev=[32mlow   [0m [2m     f=99[0m
  [36mstation2 [0m [32mhealthy[0m                      conf=0.98  ETA=  2.7m sev=[32mlow   [0m [2m     f=99[0m
    clean telemetry live: 1815 → 1211 rows
[2m[15:12:09] tick 4[0m
  [36mstation1 [0m [32mhealthy[0m                      conf=0.99  ETA=  5.1m sev=[32mlow   [0m [2m     f=99[0m
  [36mstation2 [0m [32mhealthy[0m                      conf=0.99  ETA=  2.8m sev=[32mlow   [0m [2m     f=99[0m
    clean telemetry live: 1815 → 1211 rows
[2m[15:12:25] tick 5[0m
  [36mstation1 [0m [32mhealthy[0m                      conf=0.98  ETA=  4.7m sev=[32mlow   [0m [2m     f=99[0m
  [36mstation2 [0m [32mhealthy[0m                      conf=0.99  ETA=  2.7m sev=[32mlow   [0m [2m     f=99[0m
    clean telemetry live: 1815 → 1211 rows
[2m[15:12:40] tick 6[0m
  [36mstation1 [0m [32mhealthy[0m                      conf=0.99  ETA=  4.1m sev=[32mlow   [0m [2m     f=99[0m
  [36mstation2 [0m [32mhealthy[0m                      conf=0.99  ETA=  2.8m sev=[32mlow   [0m [2m     f=99[0m
    clean telemetry live: 1815 → 1211 rows
[2m[15:12:55] tick 7[0m
  [36mstation1 [0m [32mhealthy[0m                      conf=0.98  ETA=  4.7m sev=[32mlow   [0m [2m     f=99[0m
  [36mstation2 [0m [32mhealthy[0m                      conf=0.99  ETA=  2.9m sev=[32mlow   [0m [2m     f=99[0m
    clean telemetry live: 1818 → 1212 rows
[2m[15:13:11] tick 8[0m
  [36mstation1 [0m [32mhealthy[0m                      conf=0.99  ETA=  4.1m sev=[32mlow   [0m [2m     f=99[0m
  [36mstation2 [0m [32mhealthy[0m                      conf=1.00  ETA=  2.8m sev=[32mlow   [0m [2m     f=99[0m
    clean telemetry live: 1818 → 1212 rows
[2m[15:13:26] tick 9[0m
  [36mstation1 [0m [32mhealthy[0m                      conf=1.00  ETA=  4.6m sev=[32mlow   [0m [2m     f=99[0m
  [36mstation2 [0m [32mhealthy[0m                      conf=0.99  ETA=  2.7m sev=[32mlow   [0m [2m     f=99[0m
    clean telemetry live: 1818 → 1212 rows
[2m[15:13:41] tick 10[0m
  [36mstation1 [0m [32mhealthy[0m                      conf=0.99  ETA=  4.2m sev=[32mlow   [0m [2m     f=99[0m
  [36mstation2 [0m [32mhealthy[0m                      conf=0.97  ETA=  2.8m sev=[32mlow   [0m [2m     f=99[0m
    clean telemetry live: 1818 → 1212 rows
[2m[15:13:57] tick 11[0m
  [36mstation1 [0m [32mhealthy[0m                      conf=0.99  ETA=  4.1m sev=[32mlow   [0m [2m     f=99[0m
  [36mstation2 [0m [32mhealthy[0m                      conf=0.99  ETA=  2.7m sev=[32mlow   [0m [2m     f=99[0m
    clean telemetry live: 1818 → 1212 rows
[2m[15:14:12] tick 12[0m
  [36mstation1 [0m [32mhealthy[0m                      conf=0.93  ETA=  3.8m sev=[32mlow   [0m [2m     f=99[0m
  [36mstation2 [0m [32mhealthy[0m                      conf=0.95  ETA=  2.9m sev=[32mlow   [0m [2m     f=99[0m
    clean telemetry live: 1818 → 1212 rows
[2m[15:14:28] tick 13[0m
  [36mstation1 [0m [32mhealthy[0m                      conf=0.92  ETA=  4.0m sev=[32mlow   [0m [2m     f=99[0m
  [36mstation2 [0m [32mhealthy[0m                      conf=0.95  ETA=  2.8m sev=[32mlow   [0m [2m     f=99[0m
    clean telemetry live: 1818 → 1212 rows
[2m[15:14:43] tick 14[0m
  [36mstation1 [0m [32mhealthy[0m                      conf=0.92  ETA=  4.0m sev=[32mlow   [0m [2m     f=99[0m
  [36mstation2 [0m [32mhealthy[0m                      conf=0.79  ETA=  2.8m sev=[32mlow   [0m [2m     f=99[0m
    clean telemetry live: 1818 → 1212 rows
[2m[15:14:58] tick 15[0m
  [36mstation1 [0m [32mhealthy[0m                      conf=0.88  ETA=  3.7m sev=[32mlow   [0m [2m     f=99[0m
  [36mstation2 [0m [32mhealthy[0m                      conf=0.74  ETA=  3.1m sev=[32mlow   [0m [2m     f=99[0m
    clean telemetry live: 1818 → 1212 rows
[2m[15:15:14] tick 16[0m
  [36mstation1 [0m [32mhealthy[0m                      conf=0.80  ETA=  4.0m sev=[32mlow   [0m [2m     f=99[0m
  [36mstation2 [0m [32mhealthy[0m                      conf=0.75  ETA=  2.9m sev=[32mlow   [0m [2m     f=99[0m
    clean telemetry live: 1818 → 1212 rows
[2m[15:15:29] tick 17[0m
  [36mstation1 [0m [32mhealthy[0m                      conf=0.76  ETA=  3.3m sev=[32mlow   [0m [2m     f=99[0m
  [36mstation2 [0m [32mhealthy[0m                      conf=0.76  ETA=  3.1m sev=[32mlow   [0m [2m     f=99[0m
    clean telemetry live: 1818 → 1212 rows
[2m[15:15:44] tick 18[0m
  [36mstation1 [0m [32mhealthy[0m                      conf=0.61  ETA=  3.2m sev=[32mlow   [0m [2m     f=99[0m
  [36mstation2 [0m [32mhealthy[0m                      conf=0.57  ETA=  3.3m sev=[32mlow   [0m [2mcirc f=99[0m
    clean telemetry live: 1818 → 1212 rows
[2m[15:16:00] tick 19[0m
  [36mstation1 [0m [32mhealthy[0m                      conf=0.65  ETA=  3.3m sev=[32mlow   [0m [2m     f=99[0m
  [36mstation2 [0m [32mhealthy[0m                      conf=0.64  ETA=  3.3m sev=[32mlow   [0m [2m     f=99[0m
    clean telemetry live: 1818 → 1212 rows
[2m[15:16:15] tick 20[0m
  [36mstation1 [0m [32mhealthy[0m                      conf=0.57  ETA=  3.3m sev=[32mlow   [0m [2m     f=99[0m
  [36mstation2 [0m [32mhealthy[0m                      conf=0.66  ETA=  3.7m sev=[32mlow   [0m [2m     f=99[0m
    clean telemetry live: 1818 → 1212 rows
[2m[15:16:30] tick 21[0m
  [36mstation1 [0m [32mhealthy[0m                      conf=0.62  ETA=  3.3m sev=[32mlow   [0m [2m     f=99[0m
  [36mstation2 [0m [32mhealthy[0m                      conf=0.57  ETA=  4.2m sev=[32mlow   [0m [2m     f=99[0m
    clean telemetry live: 1818 → 1212 rows
[2m[15:16:46] tick 22[0m
  [36mstation1 [0m [32mhealthy[0m                      conf=0.60  ETA=  4.2m sev=[32mlow   [0m [2m     f=99[0m
  [36mstation2 [0m [32mhealthy[0m                      conf=0.63  ETA=  4.8m sev=[32mlow   [0m [2m     f=99[0m
    clean telemetry live: 1818 → 1212 rows
[2m[15:17:01] tick 23[0m
  [36mstation1 [0m [32mhealthy[0m                      conf=0.59  ETA=  4.5m sev=[32mlow   [0m [2m     f=99[0m
  [36mstation2 [0m [32mhealthy[0m                      conf=0.60  ETA=  5.6m sev=[32mlow   [0m [2m     f=99[0m
    clean telemetry live: 1818 → 1212 rows
[2m[15:17:17] tick 24[0m
  [36mstation1 [0m [32mhealthy[0m                      conf=0.60  ETA=  4.4m sev=[32mlow   [0m [2m     f=99[0m
  [36mstation2 [0m [32mhealthy[0m                      conf=0.60  ETA=  6.4m sev=[32mlow   [0m [2m     f=99[0m
    clean telemetry live: 1818 → 1212 rows
[2m[15:17:32] tick 25[0m
  [36mstation1 [0m [32mhealthy[0m                      conf=0.66  ETA=  4.9m sev=[32mlow   [0m [2m     f=99[0m
  [36mstation2 [0m [32mhealthy[0m                      conf=0.53  ETA=  6.5m sev=[32mlow   [0m [2m     f=99[0m
    clean telemetry live: 1818 → 1212 rows
[2m[15:17:47] tick 26[0m
  [36mstation1 [0m [32mhealthy[0m                      conf=0.62  ETA=  4.1m sev=[32mlow   [0m [2m     f=99[0m
  [36mstation2 [0m [32mhealthy[0m                      conf=0.68  ETA=  6.9m sev=[32mlow   [0m [2m     f=99[0m
    clean telemetry live: 1818 → 1212 rows
[2m[15:18:03] tick 27[0m
  [36mstation1 [0m [32mhealthy[0m                      conf=0.59  ETA=  4.4m sev=[32mlow   [0m [2m     f=99[0m
  [36mstation2 [0m [32mhealthy[0m                      conf=0.69  ETA=  7.4m sev=[32mlow   [0m [2m     f=99[0m
    clean telemetry live: 1818 → 1212 rows
[2m[15:18:18] tick 28[0m
  [36mstation1 [0m [32mhealthy[0m                      conf=0.69  ETA=  4.6m sev=[32mlow   [0m [2m     f=99[0m
  [36mstation2 [0m [32mhealthy[0m                      conf=0.67  ETA=  7.8m sev=[32mlow   [0m [2m     f=99[0m
    clean telemetry live: 1818 → 1212 rows
[2m[15:18:33] tick 29[0m
  [36mstation1 [0m [32mhealthy[0m                      conf=0.61  ETA=  4.4m sev=[32mlow   [0m [2m     f=99[0m
  [36mstation2 [0m [32mhealthy[0m                      conf=0.65  ETA=  8.2m sev=[32mlow   [0m [2m     f=99[0m
    clean telemetry live: 1818 → 1212 rows
[2m[15:18:49] tick 30[0m
  [36mstation1 [0m [32mhealthy[0m                      conf=0.55  ETA=  4.0m sev=[32mlow   [0m [2m     f=99[0m
  [36mstation2 [0m [32mhealthy[0m                      conf=0.70  ETA=  8.7m sev=[32mlow   [0m [2m     f=99[0m
    clean telemetry live: 1818 → 1212 rows
[2m[15:19:04] tick 31[0m
  [36mstation1 [0m [32mhealthy[0m                      conf=0.63  ETA=  3.8m sev=[32mlow   [0m [2m     f=99[0m
  [36mstation2 [0m [32mhealthy[0m                      conf=0.67  ETA=  8.8m sev=[32mlow   [0m [2m     f=99[0m
    clean telemetry live: 1818 → 1212 rows
[2m[15:19:20] tick 32[0m
  [36mstation1 [0m [32mhealthy[0m                      conf=0.69  ETA=  3.9m sev=[32mlow   [0m [2m     f=99[0m
  [36mstation2 [0m [32mhealthy[0m                      conf=0.67  ETA=  8.8m sev=[32mlow   [0m [2m     f=99[0m
    clean telemetry live: 1818 → 1212 rows
[2m[15:19:35] tick 33[0m
  [36mstation1 [0m [32mhealthy[0m                      conf=0.66  ETA=  3.9m sev=[32mlow   [0m [2m     f=99[0m
  [36mstation2 [0m [32mhealthy[0m                      conf=0.58  ETA=  9.0m sev=[32mlow   [0m [2m     f=99[0m
    clean telemetry live: 1818 → 1212 rows
[2m[15:19:50] tick 34[0m
  [36mstation1 [0m [32mhealthy[0m                      conf=0.62  ETA=  3.9m sev=[32mlow   [0m [2m     f=99[0m
  [36mstation2 [0m [32mhealthy[0m                      conf=0.53  ETA=  9.3m sev=[32mlow   [0m [2m     f=99[0m
    clean telemetry live: 1818 → 1212 rows
[2m[15:20:06] tick 35[0m
  [36mstation1 [0m [32mhealthy[0m                      conf=0.39  ETA=  3.6m sev=[32mlow   [0m [2m     f=99[0m
  [36mstation2 [0m [32mhealthy[0m                      conf=0.62  ETA=  9.3m sev=[32mlow   [0m [2m     f=99[0m
    clean telemetry live: 1818 → 1212 rows
[2m[15:20:21] tick 36[0m
  [36mstation1 [0m [31m[1mCONFIRMED bgp_route_flap    [0m conf=0.66  ETA=  3.5m sev=[32mlow   [0m [2m     f=99[0m
  [36mstation2 [0m [32mhealthy[0m                      conf=0.59  ETA=  9.5m sev=[32mlow   [0m [2m     f=99[0m
    clean telemetry live: 1818 → 1212 rows
[2m[15:20:36] tick 37[0m
  [36mstation1 [0m [32mhealthy[0m                      conf=0.70  ETA=  3.8m sev=[32mlow   [0m [2m     f=99[0m
  [36mstation2 [0m [32mhealthy[0m                      conf=0.69  ETA=  9.5m sev=[32mlow   [0m [2m     f=99[0m
    clean telemetry live: 1818 → 1212 rows
[2m[15:20:52] tick 38[0m
  [36mstation1 [0m [32mhealthy[0m                      conf=0.52  ETA=  3.7m sev=[32mlow   [0m [2m     f=99[0m
  [36mstation2 [0m [32mhealthy[0m                      conf=0.56  ETA=  9.5m sev=[32mlow   [0m [2m     f=99[0m
    clean telemetry live: 1818 → 1212 rows
[2m[15:21:07] tick 39[0m
  [36mstation1 [0m [32mhealthy[0m                      conf=0.75  ETA=  4.0m sev=[32mlow   [0m [2m     f=99[0m
  [36mstation2 [0m [32mhealthy[0m                      conf=0.54  ETA=  9.4m sev=[32mlow   [0m [2m     f=99[0m
    clean telemetry live: 1818 → 1212 rows
[2m[15:21:22] tick 40[0m
  [36mstation1 [0m [32mhealthy[0m                      conf=0.62  ETA=  4.2m sev=[32mlow   [0m [2m     f=99[0m
  [36mstation2 [0m [32mhealthy[0m                      conf=0.65  ETA=  9.5m sev=[32mlow   [0m [2m     f=99[0m
    clean telemetry live: 1818 → 1212 rows
[2m[15:21:38] tick 41[0m
  [36mstation1 [0m [32mhealthy[0m                      conf=0.61  ETA=  3.9m sev=[32mlow   [0m [2m     f=99[0m
  [36mstation2 [0m [32mhealthy[0m                      conf=0.49  ETA=  9.2m sev=[32mlow   [0m [2m     f=99[0m
    clean telemetry live: 1818 → 1212 rows
[2m[15:21:53] tick 42[0m
  [36mstation1 [0m [32mhealthy[0m                      conf=0.55  ETA=  3.7m sev=[32mlow   [0m [2mcirc f=99[0m
  [36mstation2 [0m [32mhealthy[0m                      conf=0.45  ETA=  8.9m sev=[32mlow   [0m [2m     f=99[0m
    clean telemetry live: 1818 → 1212 rows
[2m[15:22:08] tick 43[0m
  [36mstation1 [0m [33mADVISORY  tunnel_degradation[0m conf=0.81  ETA=  3.4m sev=[32mlow   [0m [2mcirc f=99[0m
  [36mstation2 [0m [32mhealthy[0m                      conf=0.77  ETA=  9.1m sev=[32mlow   [0m [2mcirc f=99[0m
    clean telemetry live: 1818 → 1212 rows
[2m[15:22:24] tick 44[0m
  [36mstation1 [0m [32mhealthy[0m                      conf=0.81  ETA=  3.6m sev=[33mmedium[0m [2m     f=99[0m
  [36mstation2 [0m [31m[1mCONFIRMED tunnel_degradation[0m conf=0.49  ETA=  8.5m sev=[33mmedium[0m [2m     f=99[0m
    clean telemetry live: 1818 → 1212 rows
[2m[15:22:39] tick 45[0m
  [36mstation1 [0m [32mhealthy[0m                      conf=0.54  ETA=  3.8m sev=[32mlow   [0m [2m     f=99[0m
  [36mstation2 [0m [32mhealthy[0m                      conf=0.63  ETA=  8.4m sev=[33mmedium[0m [2m     f=99[0m
    clean telemetry live: 1818 → 1212 rows
[2m[15:22:55] tick 46[0m
  [36mstation1 [0m [32mhealthy[0m                      conf=0.54  ETA=  4.1m sev=[33mmedium[0m [2m     f=99[0m
  [36mstation2 [0m [31m[1mCONFIRMED tunnel_degradation[0m conf=0.56  ETA=  8.0m sev=[33mmedium[0m [2m     f=99[0m
    clean telemetry live: 1818 → 1212 rows
[2m[15:23:10] tick 47[0m
  [36mstation1 [0m [32mhealthy[0m                      conf=0.62  ETA=  4.3m sev=[32mlow   [0m [2m     f=99[0m
  [36mstation2 [0m [32mhealthy[0m                      conf=0.68  ETA=  7.8m sev=[33mmedium[0m [2m     f=99[0m
    clean telemetry live: 1818 → 1212 rows
[2m[15:23:25] tick 48[0m
  [36mstation1 [0m [32mhealthy[0m                      conf=0.59  ETA=  4.4m sev=[33mmedium[0m [2m     f=99[0m
  [36mstation2 [0m [32mhealthy[0m                      conf=0.61  ETA=  7.5m sev=[33mmedium[0m [2m     f=99[0m
    clean telemetry live: 1818 → 1212 rows
[2m[15:23:41] tick 49[0m
  [36mstation1 [0m [32mhealthy[0m                      conf=0.53  ETA=  5.3m sev=[33mmedium[0m [2m     f=99[0m
  [36mstation2 [0m [32mhealthy[0m                      conf=0.53  ETA=  7.5m sev=[33mmedium[0m [2m     f=99[0m
    clean telemetry live: 1818 → 1212 rows
[2m[15:23:56] tick 50[0m
  [36mstation1 [0m [32mhealthy[0m                      conf=0.91  ETA=  5.4m sev=[32mlow   [0m [2m     f=99[0m
  [36mstation2 [0m [32mhealthy[0m                      conf=0.62  ETA=  7.2m sev=[33mmedium[0m [2m     f=99[0m
    clean telemetry live: 1818 → 1212 rows
[2m[15:24:11] tick 51[0m
  [36mstation1 [0m [32mhealthy[0m                      conf=0.77  ETA=  5.5m sev=[32mlow   [0m [2m     f=99[0m
  [36mstation2 [0m [32mhealthy[0m                      conf=0.69  ETA=  7.0m sev=[32mlow   [0m [2m     f=99[0m
    clean telemetry live: 1818 → 1212 rows
[2m[15:24:27] tick 52[0m
  [36mstation1 [0m [32mhealthy[0m                      conf=0.80  ETA=  5.7m sev=[32mlow   [0m [2m     f=99[0m
  [36mstation2 [0m [32mhealthy[0m                      conf=0.72  ETA=  6.8m sev=[32mlow   [0m [2m     f=99[0m
    clean telemetry live: 1818 → 1212 rows
[2m[15:24:42] tick 53[0m
  [36mstation1 [0m [32mhealthy[0m                      conf=0.91  ETA=  5.8m sev=[32mlow   [0m [2m     f=99[0m
  [36mstation2 [0m [32mhealthy[0m                      conf=0.74  ETA=  6.9m sev=[32mlow   [0m [2m     f=99[0m
    clean telemetry live: 1818 → 1212 rows
[2m[15:24:57] tick 54[0m
  [36mstation1 [0m [32mhealthy[0m                      conf=0.92  ETA=  6.0m sev=[32mlow   [0m [2m     f=99[0m
  [36mstation2 [0m [32mhealthy[0m                      conf=0.77  ETA=  6.6m sev=[32mlow   [0m [2m     f=99[0m
    clean telemetry live: 1818 → 1212 rows
[2m[15:25:13] tick 55[0m
  [36mstation1 [0m [32mhealthy[0m                      conf=0.72  ETA=  6.2m sev=[32mlow   [0m [2m     f=99[0m
  [36mstation2 [0m [32mhealthy[0m                      conf=0.74  ETA=  6.3m sev=[32mlow   [0m [2m     f=99[0m
    clean telemetry live: 1818 → 1212 rows
[2m[15:25:28] tick 56[0m
  [36mstation1 [0m [32mhealthy[0m                      conf=0.63  ETA=  6.8m sev=[32mlow   [0m [2m     f=99[0m
  [36mstation2 [0m [32mhealthy[0m                      conf=0.61  ETA=  6.0m sev=[32mlow   [0m [2m     f=99[0m
    clean telemetry live: 1818 → 1212 rows
[2m[15:25:43] tick 57[0m
  [36mstation1 [0m [32mhealthy[0m                      conf=0.84  ETA=  6.4m sev=[32mlow   [0m [2m     f=99[0m
  [36mstation2 [0m [32mhealthy[0m                      conf=0.76  ETA=  6.1m sev=[32mlow   [0m [2m     f=99[0m
    clean telemetry live: 1818 → 1212 rows
[2m[15:25:59] tick 58[0m
  [36mstation1 [0m [32mhealthy[0m                      conf=0.88  ETA=  6.6m sev=[32mlow   [0m [2m     f=99[0m
  [36mstation2 [0m [32mhealthy[0m                      conf=0.79  ETA=  6.5m sev=[32mlow   [0m [2m     f=99[0m
    clean telemetry live: 1818 → 1212 rows
[2m[15:26:14] tick 59[0m
  [36mstation1 [0m [32mhealthy[0m                      conf=0.75  ETA=  6.1m sev=[32mlow   [0m [2m     f=99[0m
  [36mstation2 [0m [32mhealthy[0m                      conf=0.55  ETA=  6.9m sev=[32mlow   [0m [2m     f=99[0m
    clean telemetry live: 1818 → 1212 rows
[2m[15:26:30] tick 60[0m
  [36mstation1 [0m [32mhealthy[0m                      conf=0.63  ETA=  5.1m sev=[32mlow   [0m [2m     f=99[0m
  [36mstation2 [0m [32mhealthy[0m                      conf=0.63  ETA=  7.3m sev=[32mlow   [0m [2m     f=99[0m
    clean telemetry live: 1818 → 1212 rows
[2m[15:26:45] tick 61[0m
  [36mstation1 [0m [32mhealthy[0m                      conf=0.68  ETA=  4.4m sev=[32mlow   [0m [2m     f=99[0m
  [36mstation2 [0m [32mhealthy[0m                      conf=0.71  ETA=  7.2m sev=[32mlow   [0m [2m     f=99[0m
    clean telemetry live: 1818 → 1212 rows
[2m[15:27:00] tick 62[0m
  [36mstation1 [0m [32mhealthy[0m                      conf=0.73  ETA=  4.5m sev=[32mlow   [0m [2m     f=99[0m
  [36mstation2 [0m [32mhealthy[0m                      conf=0.81  ETA=  7.2m sev=[32mlow   [0m [2m     f=99[0m
    clean telemetry live: 1818 → 1212 rows
[2m[15:27:16] tick 63[0m
  [36mstation1 [0m [32mhealthy[0m                      conf=0.75  ETA=  4.1m sev=[32mlow   [0m [2m     f=99[0m
  [36mstation2 [0m [32mhealthy[0m                      conf=0.63  ETA=  7.2m sev=[32mlow   [0m [2m     f=99[0m
    clean telemetry live: 1818 → 1212 rows
[2m[15:27:31] tick 64[0m
  [36mstation1 [0m [32mhealthy[0m                      conf=0.89  ETA=  4.4m sev=[32mlow   [0m [2m     f=99[0m
  [36mstation2 [0m [32mhealthy[0m                      conf=0.66  ETA=  7.4m sev=[32mlow   [0m [2m     f=99[0m
    clean telemetry live: 1818 → 1212 rows
[2m[15:27:47] tick 65[0m
  [36mstation1 [0m [32mhealthy[0m                      conf=0.88  ETA=  3.7m sev=[32mlow   [0m [2m     f=99[0m
  [36mstation2 [0m [32mhealthy[0m                      conf=0.72  ETA=  7.4m sev=[32mlow   [0m [2m     f=99[0m
    clean telemetry live: 1818 → 1212 rows
[2m[15:28:02] tick 66[0m
  [36mstation1 [0m [32mhealthy[0m                      conf=0.83  ETA=  3.6m sev=[32mlow   [0m [2m     f=99[0m
  [36mstation2 [0m [32mhealthy[0m                      conf=0.73  ETA=  7.5m sev=[32mlow   [0m [2m     f=99[0m
    clean telemetry live: 1818 → 1212 rows
[2m[15:28:17] tick 67[0m
  [36mstation1 [0m [32mhealthy[0m                      conf=0.55  ETA=  3.9m sev=[32mlow   [0m [2m     f=99[0m
  [36mstation2 [0m [32mhealthy[0m                      conf=0.67  ETA=  7.3m sev=[32mlow   [0m [2m     f=99[0m
    clean telemetry live: 1818 → 1212 rows
[2m[15:28:33] tick 68[0m
  [36mstation1 [0m [32mhealthy[0m                      conf=0.66  ETA=  3.8m sev=[32mlow   [0m [2m     f=99[0m
  [36mstation2 [0m [32mhealthy[0m                      conf=0.51  ETA=  7.3m sev=[32mlow   [0m [2m     f=99[0m
    clean telemetry live: 1818 → 1212 rows
[2m[15:28:48] tick 69[0m
  [36mstation1 [0m [32mhealthy[0m                      conf=0.86  ETA=  4.2m sev=[32mlow   [0m [2m     f=99[0m
  [36mstation2 [0m [32mhealthy[0m                      conf=0.60  ETA=  7.4m sev=[32mlow   [0m [2m     f=99[0m
    clean telemetry live: 1818 → 1212 rows
[2m[15:29:03] tick 70[0m
  [36mstation1 [0m [32mhealthy[0m                      conf=0.84  ETA=  4.4m sev=[32mlow   [0m [2m     f=99[0m
  [36mstation2 [0m [32mhealthy[0m                      conf=0.53  ETA=  7.2m sev=[32mlow   [0m [2m     f=99[0m
    clean telemetry live: 1818 → 1212 rows
[2m[15:29:19] tick 71[0m
  [36mstation1 [0m [32mhealthy[0m                      conf=0.78  ETA=  4.8m sev=[32mlow   [0m [2m     f=99[0m
  [36mstation2 [0m [32mhealthy[0m                      conf=0.58  ETA=  7.1m sev=[32mlow   [0m [2m     f=99[0m
    clean telemetry live: 1818 → 1212 rows
[2m[15:29:34] tick 72[0m
  [36mstation1 [0m [32mhealthy[0m                      conf=0.66  ETA=  4.9m sev=[32mlow   [0m [2m     f=99[0m
  [36mstation2 [0m [32mhealthy[0m                      conf=0.52  ETA=  7.0m sev=[32mlow   [0m [2m     f=99[0m
    clean telemetry live: 1818 → 1212 rows
[2m[15:29:49] tick 73[0m
  [36mstation1 [0m [32mhealthy[0m                      conf=0.52  ETA=  4.7m sev=[32mlow   [0m [2m     f=99[0m
  [36mstation2 [0m [32mhealthy[0m                      conf=0.50  ETA=  7.1m sev=[32mlow   [0m [2m     f=99[0m
    clean telemetry live: 1818 → 1212 rows
[2m[15:30:05] tick 74[0m
  [36mstation1 [0m [32mhealthy[0m                      conf=0.56  ETA=  5.2m sev=[32mlow   [0m [2m     f=99[0m
  [36mstation2 [0m [32mhealthy[0m                      conf=0.52  ETA=  6.8m sev=[32mlow   [0m [2m     f=99[0m
    clean telemetry live: 1818 → 1212 rows
[2m[15:30:20] tick 75[0m
  [36mstation1 [0m [32mhealthy[0m                      conf=0.52  ETA=  4.3m sev=[32mlow   [0m [2m     f=99[0m
  [36mstation2 [0m [32mhealthy[0m                      conf=0.61  ETA=  7.0m sev=[32mlow   [0m [2m     f=99[0m
    clean telemetry live: 1818 → 1212 rows
[2m[15:30:36] tick 76[0m
  [36mstation1 [0m [32mhealthy[0m                      conf=0.82  ETA=  5.8m sev=[32mlow   [0m [2m     f=99[0m
  [36mstation2 [0m [33mADVISORY  tunnel_degradation[0m conf=0.73  ETA=  6.9m sev=[32mlow   [0m [2m     f=99[0m
    clean telemetry live: 1818 → 1212 rows
[2m[15:30:51] tick 77[0m
  [36mstation1 [0m [32mhealthy[0m                      conf=0.72  ETA=  5.8m sev=[32mlow   [0m [2m     f=99[0m
  [36mstation2 [0m [32mhealthy[0m                      conf=0.62  ETA=  7.2m sev=[32mlow   [0m [2m     f=99[0m
    clean telemetry live: 1818 → 1212 rows
[2m[15:31:06] tick 78[0m
  [36mstation1 [0m [32mhealthy[0m                      conf=0.67  ETA=  5.7m sev=[32mlow   [0m [2m     f=99[0m
  [36mstation2 [0m [32mhealthy[0m                      conf=0.67  ETA=  7.2m sev=[32mlow   [0m [2m     f=99[0m
    clean telemetry live: 1818 → 1212 rows
[2m[15:31:22] tick 79[0m
  [36mstation1 [0m [32mhealthy[0m                      conf=0.71  ETA=  5.9m sev=[32mlow   [0m [2m     f=99[0m
  [36mstation2 [0m [32mhealthy[0m                      conf=0.65  ETA=  7.4m sev=[32mlow   [0m [2m     f=99[0m
    clean telemetry live: 1818 → 1212 rows
[2m[15:31:37] tick 80[0m
  [36mstation1 [0m [32mhealthy[0m                      conf=0.74  ETA=  4.8m sev=[32mlow   [0m [2m     f=99[0m
  [36mstation2 [0m [32mhealthy[0m                      conf=0.46  ETA=  7.3m sev=[32mlow   [0m [2m     f=99[0m
    clean telemetry live: 1818 → 1212 rows
[2m[15:31:52] tick 81[0m
  [36mstation1 [0m [32mhealthy[0m                      conf=0.63  ETA=  4.7m sev=[32mlow   [0m [2m     f=99[0m
  [36mstation2 [0m [32mhealthy[0m                      conf=0.77  ETA=  7.1m sev=[32mlow   [0m [2m     f=99[0m
    clean telemetry live: 1818 → 1212 rows
[2m[15:32:08] tick 82[0m
  [36mstation1 [0m [32mhealthy[0m                      conf=0.68  ETA=  4.5m sev=[32mlow   [0m [2m     f=99[0m
  [36mstation2 [0m [32mhealthy[0m                      conf=0.64  ETA=  7.4m sev=[32mlow   [0m [2mcirc f=99[0m
    clean telemetry live: 1818 → 1212 rows
[2m[15:32:23] tick 83[0m
  [36mstation1 [0m [33mADVISORY  bgp_route_flap    [0m conf=0.51  ETA=  4.5m sev=[32mlow   [0m [2mcirc f=99[0m
  [36mstation2 [0m [33mADVISORY  bgp_route_flap    [0m conf=0.56  ETA=  7.4m sev=[32mlow   [0m [2m     f=99[0m
    clean telemetry live: 1818 → 1212 rows
[2m[15:32:39] tick 84[0m
  [36mstation1 [0m [33mADVISORY  bgp_route_flap    [0m conf=0.54  ETA=  4.4m sev=[32mlow   [0m [2m     f=99[0m
  [36mstation2 [0m [32mhealthy[0m                      conf=0.53  ETA=  7.6m sev=[32mlow   [0m [2m     f=99[0m
    clean telemetry live: 1818 → 1212 rows
[2m[15:32:54] tick 85[0m
  [36mstation1 [0m [33mADVISORY  bgp_route_flap    [0m conf=0.62  ETA=  4.3m sev=[32mlow   [0m [2mcirc f=99[0m
  [36mstation2 [0m [32mhealthy[0m                      conf=0.81  ETA=  7.5m sev=[32mlow   [0m [2m     f=99[0m
    clean telemetry live: 1818 → 1212 rows
[2m[15:33:09] tick 86[0m
  [36mstation1 [0m [32mhealthy[0m                      conf=0.43  ETA=  5.1m sev=[32mlow   [0m [2m     f=99[0m
  [36mstation2 [0m [32mhealthy[0m                      conf=0.61  ETA=  7.3m sev=[32mlow   [0m [2m     f=99[0m
    clean telemetry live: 1818 → 1212 rows
[2m[15:33:25] tick 87[0m
  [36mstation1 [0m [32mhealthy[0m                      conf=0.62  ETA=  5.4m sev=[32mlow   [0m [2m     f=99[0m
  [36mstation2 [0m [32mhealthy[0m                      conf=0.60  ETA=  7.4m sev=[32mlow   [0m [2m     f=99[0m
    clean telemetry live: 1818 → 1212 rows
[2m[15:33:40] tick 88[0m
  [36mstation1 [0m [31m[1mCONFIRMED bgp_route_flap    [0m conf=0.55  ETA=  5.4m sev=[32mlow   [0m [2m     f=99[0m
  [36mstation2 [0m [32mhealthy[0m                      conf=0.53  ETA=  7.5m sev=[32mlow   [0m [2m     f=99[0m
    clean telemetry live: 1818 → 1212 rows
[2m[15:33:55] tick 89[0m
  [36mstation1 [0m [32mhealthy[0m                      conf=0.51  ETA=  6.0m sev=[32mlow   [0m [2m     f=99[0m
  [36mstation2 [0m [32mhealthy[0m                      conf=0.63  ETA=  7.5m sev=[32mlow   [0m [2m     f=99[0m
    clean telemetry live: 1818 → 1212 rows
[2m[15:34:11] tick 90[0m
  [36mstation1 [0m [32mhealthy[0m                      conf=0.42  ETA=  3.5m sev=[32mlow   [0m [2m     f=99[0m
  [36mstation2 [0m [32mhealthy[0m                      conf=0.59  ETA=  7.8m sev=[32mlow   [0m [2m     f=99[0m
    clean telemetry live: 1818 → 1212 rows
[2m[15:34:26] tick 91[0m
  [36mstation1 [0m [32mhealthy[0m                      conf=0.54  ETA=  3.7m sev=[32mlow   [0m [2m     f=99[0m
  [36mstation2 [0m [32mhealthy[0m                      conf=0.50  ETA=  7.7m sev=[32mlow   [0m [2mcirc f=99[0m
    clean telemetry live: 1818 → 1212 rows
[2m[15:34:41] tick 92[0m
  [36mstation1 [0m [32mhealthy[0m                      conf=0.40  ETA=  3.7m sev=[32mlow   [0m [2m     f=99[0m
  [36mstation2 [0m [32mhealthy[0m                      conf=0.59  ETA=  8.0m sev=[32mlow   [0m [2m     f=99[0m
    clean telemetry live: 1818 → 1212 rows
[2m[15:34:57] tick 93[0m
  [36mstation1 [0m [32mhealthy[0m                      conf=0.54  ETA=  3.9m sev=[32mlow   [0m [2m     f=99[0m
  [36mstation2 [0m [33mADVISORY  bgp_route_flap    [0m conf=0.65  ETA=  8.0m sev=[32mlow   [0m [2m     f=99[0m
    clean telemetry live: 1818 → 1212 rows
[2m[15:35:12] tick 94[0m
  [36mstation1 [0m [32mhealthy[0m                      conf=0.59  ETA=  4.2m sev=[32mlow   [0m [2mcirc f=99[0m
  [36mstation2 [0m [32mhealthy[0m                      conf=0.53  ETA=  8.2m sev=[32mlow   [0m [2m     f=99[0m
    clean telemetry live: 1818 → 1212 rows
[2m[15:35:27] tick 95[0m
  [36mstation1 [0m [33mADVISORY  bgp_route_flap    [0m conf=0.88  ETA=  4.7m sev=[32mlow   [0m [2m     f=99[0m
  [36mstation2 [0m [32mhealthy[0m                      conf=0.61  ETA=  8.2m sev=[32mlow   [0m [2m     f=99[0m
    clean telemetry live: 1818 → 1212 rows
[2m[15:35:43] tick 96[0m
  [36mstation1 [0m [32mhealthy[0m                      conf=0.52  ETA=  4.8m sev=[32mlow   [0m [2m     f=99[0m
  [36mstation2 [0m [32mhealthy[0m                      conf=0.70  ETA=  8.3m sev=[32mlow   [0m [2m     f=99[0m
    clean telemetry live: 1818 → 1212 rows
[2m[15:35:58] tick 97[0m
  [36mstation1 [0m [31m[1mCONFIRMED bgp_route_flap    [0m conf=0.51  ETA=  4.5m sev=[32mlow   [0m [2m     f=99[0m
  [36mstation2 [0m [31m[1mCONFIRMED bgp_route_flap    [0m conf=0.73  ETA=  8.7m sev=[32mlow   [0m [2m     f=99[0m
    clean telemetry live: 1818 → 1212 rows
[2m[15:36:14] tick 98[0m
  [36mstation1 [0m [32mhealthy[0m                      conf=0.54  ETA=  5.0m sev=[32mlow   [0m [2m     f=99[0m
  [36mstation2 [0m [32mhealthy[0m                      conf=0.56  ETA=  8.5m sev=[32mlow   [0m [2m     f=99[0m
    clean telemetry live: 1818 → 1212 rows
[2m[15:36:29] tick 99[0m
  [36mstation1 [0m [31m[1mCONFIRMED bgp_route_flap    [0m conf=0.42  ETA=  4.5m sev=[32mlow   [0m [2m     f=99[0m
  [36mstation2 [0m [32mhealthy[0m                      conf=0.69  ETA=  8.9m sev=[32mlow   [0m [2m     f=99[0m
    clean telemetry live: 1818 → 1212 rows
[2m[15:36:44] tick 100[0m
  [36mstation1 [0m [31m[1mCONFIRMED bgp_route_flap    [0m conf=0.44  ETA=  4.6m sev=[32mlow   [0m [2m     f=99[0m
  [36mstation2 [0m [32mhealthy[0m                      conf=0.65  ETA=  8.6m sev=[32mlow   [0m [2m     f=99[0m
    clean telemetry live: 1818 → 1212 rows
[2m[15:37:00] tick 101[0m
  [36mstation1 [0m [31m[1mCONFIRMED bgp_route_flap    [0m conf=0.50  ETA=  5.0m sev=[32mlow   [0m [2mcirc f=99[0m
  [36mstation2 [0m [32mhealthy[0m                      conf=0.56  ETA=  8.5m sev=[32mlow   [0m [2m     f=99[0m
    clean telemetry live: 1818 → 1212 rows
[2m[15:37:15] tick 102[0m
  [36mstation1 [0m [31m[1mCONFIRMED bgp_route_flap    [0m conf=0.55  ETA=  5.1m sev=[32mlow   [0m [2m     f=99[0m
  [36mstation2 [0m [32mhealthy[0m                      conf=0.53  ETA=  8.5m sev=[32mlow   [0m [2m     f=99[0m
    clean telemetry live: 1818 → 1212 rows
[2m[15:37:30] tick 103[0m
  [36mstation1 [0m [32mhealthy[0m                      conf=0.75  ETA=  5.3m sev=[32mlow   [0m [2m     f=99[0m
  [36mstation2 [0m [32mhealthy[0m                      conf=0.72  ETA=  8.6m sev=[32mlow   [0m [2m     f=99[0m
    clean telemetry live: 1818 → 1212 rows
[2m[15:37:46] tick 104[0m
  [36mstation1 [0m [32mhealthy[0m                      conf=0.50  ETA=  5.8m sev=[33mmedium[0m [2mcirc f=99[0m
  [36mstation2 [0m [32mhealthy[0m                      conf=0.70  ETA=  8.3m sev=[32mlow   [0m [2m     f=99[0m
    clean telemetry live: 1818 → 1212 rows
[2m[15:38:01] tick 105[0m
  [36mstation1 [0m [32mhealthy[0m                      conf=0.69  ETA=  5.3m sev=[33mmedium[0m [2m     f=99[0m
  [36mstation2 [0m [32mhealthy[0m                      conf=0.32  ETA=  8.1m sev=[32mlow   [0m [2m     f=99[0m
    clean telemetry live: 1818 → 1212 rows
[2m[15:38:16] tick 106[0m
  [36mstation1 [0m [32mhealthy[0m                      conf=0.89  ETA=  4.5m sev=[33mmedium[0m [2mcirc f=99[0m
  [36mstation2 [0m [32mhealthy[0m                      conf=0.51  ETA=  7.9m sev=[32mlow   [0m [2m     f=99[0m
    clean telemetry live: 1818 → 1212 rows
[2m[15:38:32] tick 107[0m
  [36mstation1 [0m [31m[1mCONFIRMED tunnel_degradation[0m conf=0.96  ETA=  4.5m sev=[33mmedium[0m [2mcirc f=99[0m
  [36mstation2 [0m [32mhealthy[0m                      conf=0.76  ETA=  7.8m sev=[32mlow   [0m [2mcirc f=99[0m
    clean telemetry live: 1818 → 1212 rows
[2m[15:38:47] tick 108[0m
  [36mstation1 [0m [31m[1mCONFIRMED tunnel_degradation[0m conf=0.66  ETA=  4.7m sev=[33mmedium[0m [2m     f=99[0m
  [36mstation2 [0m [32mhealthy[0m                      conf=0.59  ETA=  7.4m sev=[33mmedium[0m [2m     f=99[0m
    clean telemetry live: 1818 → 1212 rows
[2m[15:39:02] tick 109[0m
  [36mstation1 [0m [32mhealthy[0m                      conf=0.66  ETA=  5.5m sev=[33mmedium[0m [2m     f=99[0m
  [36mstation2 [0m [32mhealthy[0m                      conf=0.80  ETA=  7.4m sev=[33mmedium[0m [2m     f=99[0m
    clean telemetry live: 1818 → 1212 rows
[2m[15:39:18] tick 110[0m
  [36mstation1 [0m [31m[1mCONFIRMED tunnel_degradation[0m conf=0.68  ETA=  6.3m sev=[33mmedium[0m [2m     f=99[0m
  [36mstation2 [0m [33mADVISORY  tunnel_degradation[0m conf=0.49  ETA=  7.0m sev=[33mmedium[0m [2m     f=99[0m
    clean telemetry live: 1818 → 1212 rows
[2m[15:39:33] tick 111[0m
  [36mstation1 [0m [31m[1mCONFIRMED tunnel_degradation[0m conf=0.84  ETA=  6.3m sev=[33mmedium[0m [2mcirc f=99[0m
  [36mstation2 [0m [32mhealthy[0m                      conf=0.68  ETA=  6.9m sev=[33mmedium[0m [2m     f=99[0m
    clean telemetry live: 1818 → 1212 rows
[2m[15:39:48] tick 112[0m
  [36mstation1 [0m [32mhealthy[0m                      conf=0.68  ETA=  6.1m sev=[33mmedium[0m [2m     f=99[0m
  [36mstation2 [0m [32mhealthy[0m                      conf=0.81  ETA=  6.8m sev=[33mmedium[0m [2m     f=99[0m
    clean telemetry live: 1818 → 1212 rows
[2m[15:40:04] tick 113[0m
  [36mstation1 [0m [32mhealthy[0m                      conf=0.54  ETA=  6.1m sev=[33mmedium[0m [2m     f=99[0m
  [36mstation2 [0m [32mhealthy[0m                      conf=0.66  ETA=  6.4m sev=[33mmedium[0m [2m     f=99[0m
    clean telemetry live: 1818 → 1212 rows
[2m[15:40:19] tick 114[0m
  [36mstation1 [0m [32mhealthy[0m                      conf=0.90  ETA=  5.5m sev=[33mmedium[0m [2m     f=99[0m
  [36mstation2 [0m [32mhealthy[0m                      conf=0.79  ETA=  6.4m sev=[33mmedium[0m [2m     f=99[0m
    clean telemetry live: 1818 → 1212 rows
[2m[15:40:34] tick 115[0m
  [36mstation1 [0m [32mhealthy[0m                      conf=0.74  ETA=  5.6m sev=[33mmedium[0m [2m     f=99[0m
  [36mstation2 [0m [32mhealthy[0m                      conf=0.76  ETA=  5.7m sev=[33mmedium[0m [2m     f=99[0m
    clean telemetry live: 1818 → 1212 rows
[2m[15:40:50] tick 116[0m
  [36mstation1 [0m [32mhealthy[0m                      conf=0.92  ETA=  5.5m sev=[32mlow   [0m [2m     f=99[0m
  [36mstation2 [0m [32mhealthy[0m                      conf=0.84  ETA=  5.9m sev=[32mlow   [0m [2m     f=99[0m
    clean telemetry live: 1818 → 1212 rows
[2m[15:41:05] tick 117[0m
  [36mstation1 [0m [32mhealthy[0m                      conf=0.94  ETA=  5.6m sev=[32mlow   [0m [2m     f=99[0m
  [36mstation2 [0m [32mhealthy[0m                      conf=0.80  ETA=  5.2m sev=[32mlow   [0m [2m     f=99[0m
    clean telemetry live: 1818 → 1212 rows
[2m[15:41:21] tick 118[0m
  [36mstation1 [0m [32mhealthy[0m                      conf=0.96  ETA=  5.9m sev=[32mlow   [0m [2m     f=99[0m
  [36mstation2 [0m [32mhealthy[0m                      conf=0.94  ETA=  5.1m sev=[32mlow   [0m [2m     f=99[0m
    clean telemetry live: 1818 → 1212 rows
[2m[15:41:36] tick 119[0m
  [36mstation1 [0m [32mhealthy[0m                      conf=0.93  ETA=  7.2m sev=[32mlow   [0m [2m     f=99[0m
  [36mstation2 [0m [32mhealthy[0m                      conf=0.79  ETA=  4.7m sev=[32mlow   [0m [2m     f=99[0m
    clean telemetry live: 1818 → 1212 rows
[2m[15:41:51] tick 120[0m
  [36mstation1 [0m [32mhealthy[0m                      conf=0.84  ETA=  6.8m sev=[32mlow   [0m [2m     f=99[0m
  [36mstation2 [0m [32mhealthy[0m                      conf=0.73  ETA=  4.5m sev=[32mlow   [0m [2m     f=99[0m
    clean telemetry live: 1818 → 1212 rows
[2m[15:42:07] tick 121[0m
  [36mstation1 [0m [32mhealthy[0m                      conf=0.95  ETA=  7.0m sev=[32mlow   [0m [2m     f=99[0m
  [36mstation2 [0m [32mhealthy[0m                      conf=0.81  ETA=  4.5m sev=[32mlow   [0m [2m     f=99[0m
    clean telemetry live: 1818 → 1212 rows
[2m[15:42:22] tick 122[0m
  [36mstation1 [0m [32mhealthy[0m                      conf=0.92  ETA=  6.6m sev=[32mlow   [0m [2m     f=99[0m
  [36mstation2 [0m [32mhealthy[0m                      conf=0.93  ETA=  4.6m sev=[32mlow   [0m [2m     f=99[0m
    clean telemetry live: 1818 → 1212 rows
[2m[15:42:37] tick 123[0m
  [36mstation1 [0m [32mhealthy[0m                      conf=0.87  ETA=  6.2m sev=[32mlow   [0m [2m     f=99[0m
  [36mstation2 [0m [32mhealthy[0m                      conf=0.82  ETA=  4.8m sev=[32mlow   [0m [2m     f=99[0m
    clean telemetry live: 1818 → 1212 rows
[2m[15:42:53] tick 124[0m
  [36mstation1 [0m [32mhealthy[0m                      conf=0.79  ETA=  5.2m sev=[32mlow   [0m [2m     f=99[0m
  [36mstation2 [0m [32mhealthy[0m                      conf=0.69  ETA=  5.2m sev=[32mlow   [0m [2m     f=99[0m
    clean telemetry live: 1818 → 1212 rows
[2m[15:43:08] tick 125[0m
  [36mstation1 [0m [32mhealthy[0m                      conf=0.80  ETA=  5.2m sev=[32mlow   [0m [2m     f=99[0m
  [36mstation2 [0m [32mhealthy[0m                      conf=0.74  ETA=  5.2m sev=[32mlow   [0m [2m     f=99[0m
    clean telemetry live: 1818 → 1212 rows
[2m[15:43:23] tick 126[0m
  [36mstation1 [0m [32mhealthy[0m                      conf=0.81  ETA=  4.3m sev=[32mlow   [0m [2m     f=99[0m
  [36mstation2 [0m [32mhealthy[0m                      conf=0.69  ETA=  5.6m sev=[32mlow   [0m [2m     f=99[0m
    clean telemetry live: 1818 → 1212 rows
[2m[15:43:39] tick 127[0m
  [36mstation1 [0m [32mhealthy[0m                      conf=0.92  ETA=  5.4m sev=[32mlow   [0m [2m     f=99[0m
  [36mstation2 [0m [32mhealthy[0m                      conf=0.91  ETA=  5.7m sev=[32mlow   [0m [2m     f=99[0m
    clean telemetry live: 1818 → 1212 rows
[2m[15:43:54] tick 128[0m
  [36mstation1 [0m [32mhealthy[0m                      conf=0.89  ETA=  4.1m sev=[32mlow   [0m [2m     f=99[0m
  [36mstation2 [0m [32mhealthy[0m                      conf=0.78  ETA=  5.9m sev=[32mlow   [0m [2m     f=99[0m
    clean telemetry live: 1818 → 1212 rows
[2m[15:44:10] tick 129[0m
  [36mstation1 [0m [32mhealthy[0m                      conf=0.94  ETA=  3.5m sev=[32mlow   [0m [2m     f=99[0m
  [36mstation2 [0m [32mhealthy[0m                      conf=0.88  ETA=  6.5m sev=[32mlow   [0m [2m     f=99[0m
    clean telemetry live: 1818 → 1212 rows
[2m[15:44:25] tick 130[0m
  [36mstation1 [0m [32mhealthy[0m                      conf=0.81  ETA=  3.2m sev=[32mlow   [0m [2m     f=99[0m
  [36mstation2 [0m [32mhealthy[0m                      conf=0.81  ETA=  6.5m sev=[32mlow   [0m [2m     f=99[0m
    clean telemetry live: 1818 → 1212 rows
[2m[15:44:40] tick 131[0m
  [36mstation1 [0m [32mhealthy[0m                      conf=0.84  ETA=  3.8m sev=[32mlow   [0m [2m     f=99[0m
  [36mstation2 [0m [32mhealthy[0m                      conf=0.85  ETA=  6.8m sev=[32mlow   [0m [2m     f=99[0m
    clean telemetry live: 1818 → 1212 rows
[2m[15:44:56] tick 132[0m
  [36mstation1 [0m [32mhealthy[0m                      conf=0.81  ETA=  3.2m sev=[32mlow   [0m [2m     f=99[0m
  [36mstation2 [0m [32mhealthy[0m                      conf=0.73  ETA=  6.7m sev=[32mlow   [0m [2m     f=99[0m
    clean telemetry live: 1818 → 1212 rows
[2m[15:45:11] tick 133[0m
  [36mstation1 [0m [32mhealthy[0m                      conf=0.94  ETA=  3.7m sev=[32mlow   [0m [2m     f=99[0m
  [36mstation2 [0m [32mhealthy[0m                      conf=0.75  ETA=  7.0m sev=[32mlow   [0m [2m     f=99[0m
    clean telemetry live: 1818 → 1212 rows
[2m[15:45:26] tick 134[0m
  [36mstation1 [0m [32mhealthy[0m                      conf=0.83  ETA=  4.1m sev=[32mlow   [0m [2m     f=99[0m
  [36mstation2 [0m [32mhealthy[0m                      conf=0.74  ETA=  6.8m sev=[32mlow   [0m [2m     f=99[0m
    clean telemetry live: 1818 → 1212 rows
[2m[15:45:42] tick 135[0m
  [36mstation1 [0m [32mhealthy[0m                      conf=0.84  ETA=  4.2m sev=[32mlow   [0m [2m     f=99[0m
  [36mstation2 [0m [32mhealthy[0m                      conf=0.71  ETA=  6.6m sev=[32mlow   [0m [2m     f=99[0m
    clean telemetry live: 1818 → 1212 rows
[2m[15:45:57] tick 136[0m
  [36mstation1 [0m [32mhealthy[0m                      conf=0.86  ETA=  4.3m sev=[32mlow   [0m [2m     f=99[0m
  [36mstation2 [0m [32mhealthy[0m                      conf=0.74  ETA=  6.5m sev=[32mlow   [0m [2m     f=99[0m
    clean telemetry live: 1818 → 1212 rows
[2m[15:46:13] tick 137[0m
  [36mstation1 [0m [32mhealthy[0m                      conf=0.82  ETA=  4.6m sev=[32mlow   [0m [2m     f=99[0m
  [36mstation2 [0m [32mhealthy[0m                      conf=0.78  ETA=  5.4m sev=[32mlow   [0m [2m     f=99[0m
    clean telemetry live: 1818 → 1212 rows
[2m[15:46:28] tick 138[0m
  [36mstation1 [0m [32mhealthy[0m                      conf=0.85  ETA=  3.9m sev=[32mlow   [0m [2m     f=99[0m
  [36mstation2 [0m [32mhealthy[0m                      conf=0.82  ETA=  6.0m sev=[32mlow   [0m [2m     f=99[0m
    clean telemetry live: 1818 → 1212 rows
[2m[15:46:44] tick 139[0m
  [36mstation1 [0m [32mhealthy[0m                      conf=0.84  ETA=  3.8m sev=[32mlow   [0m [2m     f=99[0m
  [36mstation2 [0m [32mhealthy[0m                      conf=0.68  ETA=  5.5m sev=[32mlow   [0m [2m     f=99[0m
    clean telemetry live: 1818 → 1212 rows
[2m[15:46:59] tick 140[0m
  [36mstation1 [0m [32mhealthy[0m                      conf=0.94  ETA=  3.7m sev=[32mlow   [0m [2m     f=99[0m
  [36mstation2 [0m [32mhealthy[0m                      conf=0.74  ETA=  6.0m sev=[32mlow   [0m [2m     f=99[0m
    clean telemetry live: 1818 → 1212 rows
[2m[15:47:14] tick 141[0m
  [36mstation1 [0m [32mhealthy[0m                      conf=0.82  ETA=  3.7m sev=[32mlow   [0m [2m     f=99[0m
  [36mstation2 [0m [32mhealthy[0m                      conf=0.81  ETA=  5.7m sev=[32mlow   [0m [2m     f=99[0m
    clean telemetry live: 1818 → 1212 rows
[2m[15:47:30] tick 142[0m
  [36mstation1 [0m [32mhealthy[0m                      conf=0.79  ETA=  3.4m sev=[32mlow   [0m [2m     f=99[0m
  [36mstation2 [0m [32mhealthy[0m                      conf=0.69  ETA=  6.1m sev=[32mlow   [0m [2m     f=99[0m
    clean telemetry live: 1818 → 1212 rows
[2m[15:47:45] tick 143[0m
  [36mstation1 [0m [32mhealthy[0m                      conf=0.78  ETA=  3.3m sev=[32mlow   [0m [2m     f=99[0m
  [36mstation2 [0m [32mhealthy[0m                      conf=0.55  ETA=  5.9m sev=[32mlow   [0m [2m     f=99[0m
    clean telemetry live: 1818 → 1212 rows
[2m[15:48:00] tick 144[0m
  [36mstation1 [0m [32mhealthy[0m                      conf=0.81  ETA=  3.8m sev=[32mlow   [0m [2m     f=99[0m
  [36mstation2 [0m [32mhealthy[0m                      conf=0.52  ETA=  5.9m sev=[32mlow   [0m [2m     f=99[0m
    clean telemetry live: 1818 → 1212 rows
[2m[15:48:16] tick 145[0m
  [36mstation1 [0m [32mhealthy[0m                      conf=0.73  ETA=  3.9m sev=[32mlow   [0m [2m     f=99[0m
  [36mstation2 [0m [32mhealthy[0m                      conf=0.67  ETA=  6.2m sev=[32mlow   [0m [2m     f=99[0m
    clean telemetry live: 1818 → 1212 rows
[2m[15:48:31] tick 146[0m
  [36mstation1 [0m [32mhealthy[0m                      conf=0.73  ETA=  4.0m sev=[32mlow   [0m [2m     f=99[0m
  [36mstation2 [0m [32mhealthy[0m                      conf=0.85  ETA=  6.6m sev=[32mlow   [0m [2mcirc f=99[0m
    clean telemetry live: 1818 → 1212 rows
[2m[15:48:46] tick 147[0m
  [36mstation1 [0m [33mADVISORY  congestion_breach [0m conf=0.62  ETA=  3.9m sev=[32mlow   [0m [2m     f=99[0m
  [36mstation2 [0m [33mADVISORY  congestion_breach [0m conf=0.51  ETA=  6.6m sev=[32mlow   [0m [2m     f=99[0m
    clean telemetry live: 1818 → 1212 rows
[2m[15:49:02] tick 148[0m
  [36mstation1 [0m [32mhealthy[0m                      conf=0.46  ETA=  3.2m sev=[32mlow   [0m [2m     f=99[0m
  [36mstation2 [0m [33mADVISORY  congestion_breach [0m conf=0.54  ETA=  6.9m sev=[32mlow   [0m [2mcirc f=99[0m
    clean telemetry live: 1818 → 1212 rows
[2m[15:49:17] tick 149[0m
  [36mstation1 [0m [33mADVISORY  tunnel_degradation[0m conf=0.77  ETA=  3.6m sev=[32mlow   [0m [2m     f=99[0m
  [36mstation2 [0m [32mhealthy[0m                      conf=0.37  ETA=  6.8m sev=[32mlow   [0m [2m     f=99[0m
    clean telemetry live: 1818 → 1212 rows
[2m[15:49:33] tick 150[0m
  [36mstation1 [0m [33mADVISORY  congestion_breach [0m conf=0.43  ETA=  4.2m sev=[32mlow   [0m [2m     f=99[0m
  [36mstation2 [0m [31m[1mCONFIRMED tunnel_degradation[0m conf=0.41  ETA=  7.1m sev=[32mlow   [0m [2m     f=99[0m
    clean telemetry live: 1818 → 1212 rows
[2m[15:49:48] tick 151[0m
  [36mstation1 [0m [32mhealthy[0m                      conf=0.62  ETA=  3.8m sev=[32mlow   [0m [2m     f=99[0m
  [36mstation2 [0m [33mADVISORY  congestion_breach [0m conf=0.40  ETA=  7.3m sev=[32mlow   [0m [2m     f=99[0m
    clean telemetry live: 1818 → 1212 rows
[2m[15:50:03] tick 152[0m
  [36mstation1 [0m [32mhealthy[0m                      conf=0.44  ETA=  4.3m sev=[32mlow   [0m [2m     f=99[0m
  [36mstation2 [0m [32mhealthy[0m                      conf=0.59  ETA=  7.2m sev=[32mlow   [0m [2m     f=99[0m
    clean telemetry live: 1818 → 1212 rows
[2m[15:50:19] tick 153[0m
  [36mstation1 [0m [32mhealthy[0m                      conf=0.60  ETA=  4.5m sev=[32mlow   [0m [2m     f=99[0m
  [36mstation2 [0m [32mhealthy[0m                      conf=0.62  ETA=  7.2m sev=[32mlow   [0m [2m     f=99[0m
    clean telemetry live: 1818 → 1212 rows
[2m[15:50:34] tick 154[0m
  [36mstation1 [0m [32mhealthy[0m                      conf=0.72  ETA=  4.6m sev=[32mlow   [0m [2m     f=99[0m
  [36mstation2 [0m [32mhealthy[0m                      conf=0.41  ETA=  7.1m sev=[32mlow   [0m [2m     f=99[0m
    clean telemetry live: 1818 → 1212 rows
[2m[15:50:49] tick 155[0m
  [36mstation1 [0m [33mADVISORY  congestion_breach [0m conf=0.53  ETA=  4.6m sev=[32mlow   [0m [2m     f=99[0m
  [36mstation2 [0m [32mhealthy[0m                      conf=0.35  ETA=  7.3m sev=[32mlow   [0m [2m     f=99[0m
    clean telemetry live: 1818 → 1212 rows
[2m[15:51:05] tick 156[0m
  [36mstation1 [0m [31m[1mCONFIRMED tunnel_degradation[0m conf=0.66  ETA=  5.0m sev=[32mlow   [0m [2m     f=99[0m
  [36mstation2 [0m [32mhealthy[0m                      conf=0.67  ETA=  7.2m sev=[32mlow   [0m [2m     f=99[0m
    clean telemetry live: 1818 → 1212 rows
[2m[15:51:20] tick 157[0m
  [36mstation1 [0m [32mhealthy[0m                      conf=0.57  ETA=  4.4m sev=[32mlow   [0m [2m     f=99[0m
  [36mstation2 [0m [32mhealthy[0m                      conf=0.60  ETA=  7.5m sev=[32mlow   [0m [2m     f=99[0m
    clean telemetry live: 1818 → 1212 rows
[2m[15:51:35] tick 158[0m
  [36mstation1 [0m [32mhealthy[0m                      conf=0.80  ETA=  4.5m sev=[32mlow   [0m [2m     f=99[0m
  [36mstation2 [0m [32mhealthy[0m                      conf=0.51  ETA=  7.5m sev=[32mlow   [0m [2mcirc f=99[0m
    clean telemetry live: 1818 → 1212 rows
[2m[15:51:51] tick 159[0m
  [36mstation1 [0m [32mhealthy[0m                      conf=0.80  ETA=  4.5m sev=[32mlow   [0m [2m     f=99[0m
  [36mstation2 [0m [32mhealthy[0m                      conf=0.70  ETA=  7.7m sev=[32mlow   [0m [2m     f=99[0m
    clean telemetry live: 1818 → 1212 rows
[2m[15:52:06] tick 160[0m
  [36mstation1 [0m [32mhealthy[0m                      conf=0.61  ETA=  4.7m sev=[32mlow   [0m [2m     f=99[0m
  [36mstation2 [0m [32mhealthy[0m                      conf=0.66  ETA=  7.7m sev=[32mlow   [0m [2m     f=99[0m
    clean telemetry live: 1818 → 1212 rows
[2m[15:52:21] tick 161[0m
  [36mstation1 [0m [32mhealthy[0m                      conf=0.55  ETA=  5.3m sev=[32mlow   [0m [2m     f=99[0m
  [36mstation2 [0m [32mhealthy[0m                      conf=0.55  ETA=  7.8m sev=[32mlow   [0m [2mcirc f=99[0m
    clean telemetry live: 1818 → 1212 rows
[2m[15:52:37] tick 162[0m
  [36mstation1 [0m [32mhealthy[0m                      conf=0.67  ETA=  5.4m sev=[32mlow   [0m [2m     f=99[0m
  [36mstation2 [0m [32mhealthy[0m                      conf=0.57  ETA=  7.8m sev=[32mlow   [0m [2m     f=99[0m
    clean telemetry live: 1818 → 1212 rows
[2m[15:52:52] tick 163[0m
  [36mstation1 [0m [32mhealthy[0m                      conf=0.82  ETA=  5.3m sev=[32mlow   [0m [2m     f=99[0m
  [36mstation2 [0m [32mhealthy[0m                      conf=0.82  ETA=  7.7m sev=[32mlow   [0m [2m     f=99[0m
    clean telemetry live: 1818 → 1212 rows
[2m[15:53:08] tick 164[0m
  [36mstation1 [0m [32mhealthy[0m                      conf=0.60  ETA=  5.1m sev=[32mlow   [0m [2m     f=99[0m
  [36mstation2 [0m [32mhealthy[0m                      conf=0.70  ETA=  7.9m sev=[32mlow   [0m [2m     f=99[0m
    clean telemetry live: 1818 → 1212 rows
[2m[15:53:23] tick 165[0m
  [36mstation1 [0m [32mhealthy[0m                      conf=0.59  ETA=  5.1m sev=[32mlow   [0m [2m     f=99[0m
  [36mstation2 [0m [32mhealthy[0m                      conf=0.51  ETA=  8.0m sev=[32mlow   [0m [2m     f=99[0m
    clean telemetry live: 1818 → 1212 rows
[2m[15:53:38] tick 166[0m
  [36mstation1 [0m [32mhealthy[0m                      conf=0.61  ETA=  4.5m sev=[32mlow   [0m [2m     f=99[0m
  [36mstation2 [0m [32mhealthy[0m                      conf=0.60  ETA=  8.2m sev=[32mlow   [0m [2m     f=99[0m
    clean telemetry live: 1818 → 1212 rows
[2m[15:53:54] tick 167[0m
  [36mstation1 [0m [32mhealthy[0m                      conf=0.52  ETA=  4.5m sev=[32mlow   [0m [2m     f=99[0m
  [36mstation2 [0m [32mhealthy[0m                      conf=0.55  ETA=  8.1m sev=[32mlow   [0m [2m     f=99[0m
    clean telemetry live: 1818 → 1212 rows
[2m[15:54:09] tick 168[0m
  [36mstation1 [0m [32mhealthy[0m                      conf=0.62  ETA=  5.1m sev=[32mlow   [0m [2m     f=99[0m
  [36mstation2 [0m [32mhealthy[0m                      conf=0.70  ETA=  7.9m sev=[32mlow   [0m [2m     f=99[0m
    clean telemetry live: 1818 → 1212 rows
[2m[15:54:24] tick 169[0m
  [36mstation1 [0m [32mhealthy[0m                      conf=0.79  ETA=  5.0m sev=[32mlow   [0m [2m     f=99[0m
  [36mstation2 [0m [32mhealthy[0m                      conf=0.62  ETA=  8.0m sev=[32mlow   [0m [2m     f=99[0m
    clean telemetry live: 1818 → 1212 rows
[2m[15:54:40] tick 170[0m
  [36mstation1 [0m [32mhealthy[0m                      conf=0.82  ETA=  5.0m sev=[32mlow   [0m [2m     f=99[0m
  [36mstation2 [0m [32mhealthy[0m                      conf=0.65  ETA=  8.1m sev=[32mlow   [0m [2m     f=99[0m
    clean telemetry live: 1818 → 1212 rows
[2m[15:54:55] tick 171[0m
  [36mstation1 [0m [32mhealthy[0m                      conf=0.53  ETA=  5.0m sev=[32mlow   [0m [2m     f=99[0m
  [36mstation2 [0m [32mhealthy[0m                      conf=0.60  ETA=  8.0m sev=[32mlow   [0m [2m     f=99[0m
    clean telemetry live: 1818 → 1212 rows
[2m[15:55:10] tick 172[0m
  [36mstation1 [0m [32mhealthy[0m                      conf=0.51  ETA=  4.9m sev=[32mlow   [0m [2m     f=99[0m
  [36mstation2 [0m [32mhealthy[0m                      conf=0.58  ETA=  7.9m sev=[32mlow   [0m [2m     f=99[0m
    clean telemetry live: 1818 → 1212 rows
[2m[15:55:26] tick 173[0m
  [36mstation1 [0m [32mhealthy[0m                      conf=0.59  ETA=  4.0m sev=[32mlow   [0m [2m     f=99[0m
  [36mstation2 [0m [32mhealthy[0m                      conf=0.55  ETA=  7.9m sev=[32mlow   [0m [2m     f=99[0m
    clean telemetry live: 1818 → 1212 rows
[2m[15:55:41] tick 174[0m
  [36mstation1 [0m [32mhealthy[0m                      conf=0.70  ETA=  3.9m sev=[32mlow   [0m [2mcirc f=99[0m
  [36mstation2 [0m [32mhealthy[0m                      conf=0.67  ETA=  8.1m sev=[32mlow   [0m [2m     f=99[0m
    clean telemetry live: 1818 → 1212 rows
[2m[15:55:56] tick 175[0m
  [36mstation1 [0m [32mhealthy[0m                      conf=0.54  ETA=  3.4m sev=[32mlow   [0m [2m     f=99[0m
  [36mstation2 [0m [31m[1mCONFIRMED bgp_route_flap    [0m conf=0.47  ETA=  8.0m sev=[32mlow   [0m [2m     f=99[0m
    clean telemetry live: 1818 → 1212 rows
[2m[15:56:12] tick 176[0m
  [36mstation1 [0m [31m[1mCONFIRMED bgp_route_flap    [0m conf=0.51  ETA=  3.2m sev=[32mlow   [0m [2mcirc f=99[0m
  [36mstation2 [0m [33mADVISORY  congestion_breach [0m conf=0.49  ETA=  8.3m sev=[32mlow   [0m [2m     f=99[0m
    clean telemetry live: 1818 → 1212 rows
[2m[15:56:27] tick 177[0m
  [36mstation1 [0m [31m[1mCONFIRMED bgp_route_flap    [0m conf=0.82  ETA=  3.7m sev=[32mlow   [0m [2m     f=99[0m
  [36mstation2 [0m [31m[1mCONFIRMED bgp_route_flap    [0m conf=0.81  ETA=  8.1m sev=[32mlow   [0m [2m     f=99[0m
    clean telemetry live: 1818 → 1212 rows
[2m[15:56:42] tick 178[0m
  [36mstation1 [0m [32mhealthy[0m                      conf=0.71  ETA=  3.6m sev=[32mlow   [0m [2m     f=99[0m
  [36mstation2 [0m [32mhealthy[0m                      conf=0.82  ETA=  8.0m sev=[32mlow   [0m [2m     f=99[0m
    clean telemetry live: 1818 → 1212 rows
[2m[15:56:58] tick 179[0m
  [36mstation1 [0m [32mhealthy[0m                      conf=0.51  ETA=  3.7m sev=[32mlow   [0m [2m     f=99[0m
  [36mstation2 [0m [32mhealthy[0m                      conf=0.62  ETA=  8.2m sev=[32mlow   [0m [2m     f=99[0m
    clean telemetry live: 1818 → 1212 rows
[2m[15:57:13] tick 180[0m
  [36mstation1 [0m [32mhealthy[0m                      conf=0.54  ETA=  4.0m sev=[32mlow   [0m [2mcirc f=99[0m
  [36mstation2 [0m [32mhealthy[0m                      conf=0.65  ETA=  8.0m sev=[32mlow   [0m [2m     f=99[0m
    clean telemetry live: 1818 → 1212 rows
[2m[15:57:28] tick 181[0m
  [36mstation1 [0m [32mhealthy[0m                      conf=0.50  ETA=  3.5m sev=[32mlow   [0m [2mcirc f=99[0m
  [36mstation2 [0m [32mhealthy[0m                      conf=0.63  ETA=  8.0m sev=[32mlow   [0m [2m     f=99[0m
    clean telemetry live: 1818 → 1212 rows
[2m[15:57:44] tick 182[0m
  [36mstation1 [0m [33mADVISORY  tunnel_degradation[0m conf=0.61  ETA=  3.4m sev=[32mlow   [0m [2mcirc f=99[0m
  [36mstation2 [0m [32mhealthy[0m                      conf=0.61  ETA=  7.8m sev=[32mlow   [0m [2m     f=99[0m
    clean telemetry live: 1818 → 1212 rows
[2m[15:57:59] tick 183[0m
  [36mstation1 [0m [32mhealthy[0m                      conf=0.91  ETA=  3.6m sev=[32mlow   [0m [2m     f=99[0m
  [36mstation2 [0m [32mhealthy[0m                      conf=0.93  ETA=  7.8m sev=[32mlow   [0m [2m     f=99[0m
    clean telemetry live: 1818 → 1212 rows
[2m[15:58:14] tick 184[0m
  [36mstation1 [0m [32mhealthy[0m                      conf=0.78  ETA=  3.8m sev=[32mlow   [0m [2m     f=99[0m
  [36mstation2 [0m [32mhealthy[0m                      conf=0.78  ETA=  7.7m sev=[32mlow   [0m [2m     f=99[0m
    clean telemetry live: 1818 → 1212 rows
[2m[15:58:30] tick 185[0m
  [36mstation1 [0m [32mhealthy[0m                      conf=0.95  ETA=  4.1m sev=[32mlow   [0m [2m     f=99[0m
  [36mstation2 [0m [32mhealthy[0m                      conf=0.90  ETA=  7.7m sev=[32mlow   [0m [2m     f=99[0m
    clean telemetry live: 1818 → 1212 rows
[2m[15:58:45] tick 186[0m
  [36mstation1 [0m [32mhealthy[0m                      conf=0.87  ETA=  4.3m sev=[32mlow   [0m [2m     f=99[0m
  [36mstation2 [0m [32mhealthy[0m                      conf=0.68  ETA=  7.5m sev=[32mlow   [0m [2m     f=99[0m
    clean telemetry live: 1818 → 1212 rows
[2m[15:59:00] tick 187[0m
  [36mstation1 [0m [32mhealthy[0m                      conf=0.92  ETA=  5.1m sev=[32mlow   [0m [2m     f=99[0m
  [36mstation2 [0m [32mhealthy[0m                      conf=0.85  ETA=  7.3m sev=[32mlow   [0m [2m     f=99[0m
    clean telemetry live: 1818 → 1212 rows
[2m[15:59:16] tick 188[0m
  [36mstation1 [0m [32mhealthy[0m                      conf=0.63  ETA=  5.1m sev=[32mlow   [0m [2m     f=99[0m
  [36mstation2 [0m [32mhealthy[0m                      conf=0.73  ETA=  7.2m sev=[32mlow   [0m [2m     f=99[0m
    clean telemetry live: 1818 → 1212 rows
[2m[15:59:31] tick 189[0m
  [36mstation1 [0m [32mhealthy[0m                      conf=0.61  ETA=  5.8m sev=[32mlow   [0m [2m     f=99[0m
  [36mstation2 [0m [32mhealthy[0m                      conf=0.53  ETA=  7.3m sev=[32mlow   [0m [2m     f=99[0m
    clean telemetry live: 1818 → 1212 rows
[2m[15:59:46] tick 190[0m
  [36mstation1 [0m [32mhealthy[0m                      conf=0.79  ETA=  5.7m sev=[32mlow   [0m [2m     f=99[0m
  [36mstation2 [0m [32mhealthy[0m                      conf=0.70  ETA=  7.1m sev=[32mlow   [0m [2m     f=99[0m
    clean telemetry live: 1818 → 1212 rows
[2m[16:00:02] tick 191[0m
  [36mstation1 [0m [32mhealthy[0m                      conf=0.77  ETA=  5.4m sev=[32mlow   [0m [2m     f=99[0m
  [36mstation2 [0m [32mhealthy[0m                      conf=0.87  ETA=  7.2m sev=[32mlow   [0m [2m     f=99[0m
    clean telemetry live: 1818 → 1212 rows
[2m[16:00:17] tick 192[0m
  [36mstation1 [0m [32mhealthy[0m                      conf=0.60  ETA=  5.1m sev=[32mlow   [0m [2m     f=99[0m
  [36mstation2 [0m [32mhealthy[0m                      conf=0.59  ETA=  7.3m sev=[32mlow   [0m [2m     f=99[0m
    clean telemetry live: 1818 → 1212 rows
[2m[16:00:33] tick 193[0m
  [36mstation1 [0m [32mhealthy[0m                      conf=0.66  ETA=  4.7m sev=[32mlow   [0m [2m     f=99[0m
  [36mstation2 [0m [33mADVISORY  bgp_route_flap    [0m conf=0.46  ETA=  7.6m sev=[32mlow   [0m [2m     f=99[0m
    clean telemetry live: 1818 → 1212 rows
[2m[16:00:48] tick 194[0m
  [36mstation1 [0m [32mhealthy[0m                      conf=0.44  ETA=  4.3m sev=[32mlow   [0m [2m     f=99[0m
  [36mstation2 [0m [31m[1mCONFIRMED bgp_route_flap    [0m conf=0.72  ETA=  7.9m sev=[32mlow   [0m [2m     f=99[0m
    clean telemetry live: 1818 → 1212 rows
[2m[16:01:03] tick 195[0m
  [36mstation1 [0m [32mhealthy[0m                      conf=0.54  ETA=  4.2m sev=[32mlow   [0m [2m     f=99[0m
  [36mstation2 [0m [32mhealthy[0m                      conf=0.44  ETA=  7.8m sev=[32mlow   [0m [2m     f=99[0m
    clean telemetry live: 1818 → 1212 rows
[2m[16:01:19] tick 196[0m
  [36mstation1 [0m [32mhealthy[0m                      conf=0.58  ETA=  5.0m sev=[32mlow   [0m [2m     f=99[0m
  [36mstation2 [0m [32mhealthy[0m                      conf=0.58  ETA=  7.7m sev=[32mlow   [0m [2m     f=99[0m
    clean telemetry live: 1818 → 1212 rows
[2m[16:01:34] tick 197[0m
  [36mstation1 [0m [32mhealthy[0m                      conf=0.75  ETA=  5.0m sev=[32mlow   [0m [2m     f=99[0m
  [36mstation2 [0m [32mhealthy[0m                      conf=0.57  ETA=  7.9m sev=[32mlow   [0m [2m     f=99[0m
    clean telemetry live: 1818 → 1212 rows
[2m[16:01:49] tick 198[0m
  [36mstation1 [0m [32mhealthy[0m                      conf=0.79  ETA=  4.7m sev=[32mlow   [0m [2m     f=99[0m
  [36mstation2 [0m [32mhealthy[0m                      conf=0.51  ETA=  8.2m sev=[32mlow   [0m [2m     f=99[0m
    clean telemetry live: 1818 → 1212 rows
[2m[16:02:05] tick 199[0m
  [36mstation1 [0m [32mhealthy[0m                      conf=0.50  ETA=  4.9m sev=[32mlow   [0m [2m     f=99[0m
  [36mstation2 [0m [32mhealthy[0m                      conf=0.57  ETA=  8.2m sev=[32mlow   [0m [2m     f=99[0m
    clean telemetry live: 1818 → 1212 rows
[2m[16:02:20] tick 200[0m
  [36mstation1 [0m [31m[1mCONFIRMED bgp_route_flap    [0m conf=0.66  ETA=  4.0m sev=[32mlow   [0m [2m     f=99[0m
  [36mstation2 [0m [32mhealthy[0m                      conf=0.59  ETA=  8.6m sev=[32mlow   [0m [2m     f=99[0m
    clean telemetry live: 1818 → 1212 rows
[2m[16:02:36] tick 201[0m
  [36mstation1 [0m [32mhealthy[0m                      conf=0.62  ETA=  4.3m sev=[32mlow   [0m [2m     f=99[0m
  [36mstation2 [0m [32mhealthy[0m                      conf=0.54  ETA=  8.4m sev=[32mlow   [0m [2m     f=99[0m
    clean telemetry live: 1818 → 1212 rows
[2m[16:02:51] tick 202[0m
  [36mstation1 [0m [32mhealthy[0m                      conf=0.81  ETA=  4.1m sev=[32mlow   [0m [2m     f=99[0m
  [36mstation2 [0m [32mhealthy[0m                      conf=0.51  ETA=  8.4m sev=[32mlow   [0m [2m     f=99[0m
    clean telemetry live: 1818 → 1212 rows
[2m[16:03:06] tick 203[0m
  [36mstation1 [0m [32mhealthy[0m                      conf=0.54  ETA=  4.2m sev=[32mlow   [0m [2m     f=99[0m
  [36mstation2 [0m [32mhealthy[0m                      conf=0.61  ETA=  8.3m sev=[32mlow   [0m [2m     f=99[0m
    clean telemetry live: 1818 → 1212 rows
[2m[16:03:22] tick 204[0m
  [36mstation1 [0m [32mhealthy[0m                      conf=0.53  ETA=  4.5m sev=[32mlow   [0m [2m     f=99[0m
  [36mstation2 [0m [31m[1mCONFIRMED bgp_route_flap    [0m conf=0.50  ETA=  8.5m sev=[32mlow   [0m [2m     f=99[0m
    clean telemetry live: 1818 → 1212 rows
[2m[16:03:37] tick 205[0m
  [36mstation1 [0m [31m[1mCONFIRMED bgp_route_flap    [0m conf=0.51  ETA=  3.9m sev=[32mlow   [0m [2m     f=99[0m
  [36mstation2 [0m [31m[1mCONFIRMED bgp_route_flap    [0m conf=0.67  ETA=  8.2m sev=[32mlow   [0m [2m     f=99[0m
    clean telemetry live: 1818 → 1212 rows
[2m[16:03:53] tick 206[0m
  [36mstation1 [0m [32mhealthy[0m                      conf=0.50  ETA=  3.8m sev=[32mlow   [0m [2m     f=99[0m
  [36mstation2 [0m [31m[1mCONFIRMED bgp_route_flap    [0m conf=0.69  ETA=  8.1m sev=[32mlow   [0m [2m     f=99[0m
    clean telemetry live: 1818 → 1212 rows
[2m[16:04:08] tick 207[0m
  [36mstation1 [0m [31m[1mCONFIRMED bgp_route_flap    [0m conf=0.52  ETA=  3.7m sev=[32mlow   [0m [2m     f=99[0m
  [36mstation2 [0m [32mhealthy[0m                      conf=0.66  ETA=  8.5m sev=[32mlow   [0m [2m     f=99[0m
    clean telemetry live: 1818 → 1212 rows
[2m[16:04:23] tick 208[0m
  [36mstation1 [0m [32mhealthy[0m                      conf=0.57  ETA=  3.8m sev=[32mlow   [0m [2m     f=99[0m
  [36mstation2 [0m [32mhealthy[0m                      conf=0.46  ETA=  8.3m sev=[32mlow   [0m [2m     f=99[0m
    clean telemetry live: 1818 → 1212 rows
[2m[16:04:39] tick 209[0m
  [36mstation1 [0m [32mhealthy[0m                      conf=0.77  ETA=  3.6m sev=[32mlow   [0m [2m     f=99[0m
  [36mstation2 [0m [32mhealthy[0m                      conf=0.60  ETA=  8.5m sev=[32mlow   [0m [2m     f=99[0m
    clean telemetry live: 1818 → 1212 rows
[2m[16:04:54] tick 210[0m
  [36mstation1 [0m [32mhealthy[0m                      conf=0.61  ETA=  3.5m sev=[32mlow   [0m [2m     f=99[0m
  [36mstation2 [0m [32mhealthy[0m                      conf=0.77  ETA=  8.2m sev=[32mlow   [0m [2m     f=99[0m
    clean telemetry live: 1818 → 1212 rows
[2m[16:05:09] tick 211[0m
  [36mstation1 [0m [32mhealthy[0m                      conf=0.82  ETA=  3.7m sev=[32mlow   [0m [2m     f=99[0m
  [36mstation2 [0m [32mhealthy[0m                      conf=0.69  ETA=  8.1m sev=[32mlow   [0m [2m     f=99[0m
    clean telemetry live: 1818 → 1212 rows
[2m[16:05:25] tick 212[0m
  [36mstation1 [0m [32mhealthy[0m                      conf=0.51  ETA=  3.6m sev=[32mlow   [0m [2mcirc f=99[0m
  [36mstation2 [0m [31m[1mCONFIRMED bgp_route_flap    [0m conf=0.44  ETA=  8.2m sev=[32mlow   [0m [2m     f=99[0m
    clean telemetry live: 1818 → 1212 rows
[2m[16:05:40] tick 213[0m
  [36mstation1 [0m [32mhealthy[0m                      conf=0.59  ETA=  3.8m sev=[32mlow   [0m [2m     f=99[0m
  [36mstation2 [0m [32mhealthy[0m                      conf=0.67  ETA=  8.2m sev=[32mlow   [0m [2m     f=99[0m
    clean telemetry live: 1818 → 1212 rows
[2m[16:05:55] tick 214[0m
  [36mstation1 [0m [32mhealthy[0m                      conf=0.88  ETA=  4.1m sev=[32mlow   [0m [2m     f=99[0m
  [36mstation2 [0m [32mhealthy[0m                      conf=0.57  ETA=  8.1m sev=[32mlow   [0m [2m     f=99[0m
    clean telemetry live: 1818 → 1212 rows
[2m[16:06:11] tick 215[0m
  [36mstation1 [0m [31m[1mCONFIRMED bgp_route_flap    [0m conf=0.53  ETA=  5.6m sev=[32mlow   [0m [2m     f=99[0m
  [36mstation2 [0m [32mhealthy[0m                      conf=0.51  ETA=  7.9m sev=[32mlow   [0m [2m     f=99[0m
    clean telemetry live: 1818 → 1212 rows
[2m[16:06:26] tick 216[0m
  [36mstation1 [0m [32mhealthy[0m                      conf=0.68  ETA=  5.4m sev=[32mlow   [0m [2m     f=99[0m
  [36mstation2 [0m [32mhealthy[0m                      conf=0.83  ETA=  8.0m sev=[32mlow   [0m [2m     f=99[0m
    clean telemetry live: 1818 → 1212 rows
[2m[16:06:41] tick 217[0m
  [36mstation1 [0m [32mhealthy[0m                      conf=0.61  ETA=  5.4m sev=[32mlow   [0m [2m     f=99[0m
  [36mstation2 [0m [32mhealthy[0m                      conf=0.83  ETA=  8.2m sev=[32mlow   [0m [2m     f=99[0m
    clean telemetry live: 1818 → 1212 rows
[2m[16:06:57] tick 218[0m
  [36mstation1 [0m [32mhealthy[0m                      conf=0.54  ETA=  5.3m sev=[32mlow   [0m [2m     f=99[0m
  [36mstation2 [0m [31m[1mCONFIRMED bgp_route_flap    [0m conf=0.76  ETA=  8.1m sev=[32mlow   [0m [2m     f=99[0m
    clean telemetry live: 1818 → 1212 rows
[2m[16:07:12] tick 219[0m
  [36mstation1 [0m [32mhealthy[0m                      conf=0.48  ETA=  5.1m sev=[32mlow   [0m [2m     f=99[0m
  [36mstation2 [0m [31m[1mCONFIRMED bgp_route_flap    [0m conf=0.51  ETA=  8.4m sev=[32mlow   [0m [2m     f=99[0m
    clean telemetry live: 1818 → 1212 rows
[2m[16:07:27] tick 220[0m
  [36mstation1 [0m [31m[1mCONFIRMED bgp_route_flap    [0m conf=0.56  ETA=  6.1m sev=[32mlow   [0m [2m     f=99[0m
  [36mstation2 [0m [32mhealthy[0m                      conf=0.58  ETA=  8.2m sev=[32mlow   [0m [2m     f=99[0m
    clean telemetry live: 1818 → 1212 rows
[2m[16:07:43] tick 221[0m
  [36mstation1 [0m [32mhealthy[0m                      conf=0.78  ETA=  6.3m sev=[32mlow   [0m [2mcirc f=99[0m
  [36mstation2 [0m [32mhealthy[0m                      conf=0.67  ETA=  8.6m sev=[32mlow   [0m [2m     f=99[0m
    clean telemetry live: 1818 → 1212 rows
[2m[16:07:58] tick 222[0m
  [36mstation1 [0m [32mhealthy[0m                      conf=0.60  ETA=  6.2m sev=[32mlow   [0m [2m     f=99[0m
  [36mstation2 [0m [32mhealthy[0m                      conf=0.69  ETA=  8.7m sev=[32mlow   [0m [2m     f=99[0m
    clean telemetry live: 1818 → 1212 rows
[2m[16:08:14] tick 223[0m
  [36mstation1 [0m [32mhealthy[0m                      conf=0.68  ETA=  6.8m sev=[32mlow   [0m [2m     f=99[0m
  [36mstation2 [0m [32mhealthy[0m                      conf=0.67  ETA=  8.6m sev=[32mlow   [0m [2m     f=99[0m
    clean telemetry live: 1818 → 1212 rows
[2m[16:08:29] tick 224[0m
  [36mstation1 [0m [32mhealthy[0m                      conf=0.61  ETA=  5.4m sev=[32mlow   [0m [2m     f=99[0m
  [36mstation2 [0m [32mhealthy[0m                      conf=0.62  ETA=  8.8m sev=[32mlow   [0m [2m     f=99[0m
    clean telemetry live: 1818 → 1212 rows
[2m[16:08:44] tick 225[0m
  [36mstation1 [0m [32mhealthy[0m                      conf=0.50  ETA=  5.5m sev=[32mlow   [0m [2m     f=99[0m
  [36mstation2 [0m [32mhealthy[0m                      conf=0.79  ETA=  8.4m sev=[32mlow   [0m [2m     f=99[0m
    clean telemetry live: 1818 → 1212 rows
[2m[16:09:00] tick 226[0m
  [36mstation1 [0m [32mhealthy[0m                      conf=0.58  ETA=  5.0m sev=[32mlow   [0m [2m     f=99[0m
  [36mstation2 [0m [32mhealthy[0m                      conf=0.64  ETA=  8.5m sev=[32mlow   [0m [2m     f=99[0m
    clean telemetry live: 1818 → 1212 rows
[2m[16:09:15] tick 227[0m
  [36mstation1 [0m [32mhealthy[0m                      conf=0.54  ETA=  5.3m sev=[32mlow   [0m [2m     f=99[0m
  [36mstation2 [0m [32mhealthy[0m                      conf=0.65  ETA=  8.3m sev=[32mlow   [0m [2m     f=99[0m
    clean telemetry live: 1818 → 1212 rows
[2m[16:09:30] tick 228[0m
  [36mstation1 [0m [32mhealthy[0m                      conf=0.59  ETA=  5.3m sev=[32mlow   [0m [2m     f=99[0m
  [36mstation2 [0m [32mhealthy[0m                      conf=0.64  ETA=  8.3m sev=[32mlow   [0m [2m     f=99[0m
    clean telemetry live: 1818 → 1212 rows
[2m[16:09:46] tick 229[0m
  [36mstation1 [0m [31m[1mCONFIRMED bgp_route_flap    [0m conf=0.87  ETA=  5.1m sev=[32mlow   [0m [2mcirc f=99[0m
  [36mstation2 [0m [32mhealthy[0m                      conf=0.50  ETA=  8.1m sev=[32mlow   [0m [2m     f=99[0m
    clean telemetry live: 1818 → 1212 rows
[2m[16:10:01] tick 230[0m
  [36mstation1 [0m [31m[1mCONFIRMED bgp_route_flap    [0m conf=0.48  ETA=  5.0m sev=[32mlow   [0m [2m     f=99[0m
  [36mstation2 [0m [32mhealthy[0m                      conf=0.63  ETA=  8.0m sev=[32mlow   [0m [2m     f=99[0m
    clean telemetry live: 1818 → 1212 rows
[2m[16:10:16] tick 231[0m
  [36mstation1 [0m [31m[1mCONFIRMED bgp_route_flap    [0m conf=0.50  ETA=  4.5m sev=[32mlow   [0m [2m     f=99[0m
  [36mstation2 [0m [32mhealthy[0m                      conf=0.66  ETA=  8.1m sev=[32mlow   [0m [2m     f=99[0m
    clean telemetry live: 1818 → 1212 rows
[2m[16:10:32] tick 232[0m
  [36mstation1 [0m [31m[1mCONFIRMED bgp_route_flap    [0m conf=0.56  ETA=  4.5m sev=[32mlow   [0m [2m     f=99[0m
  [36mstation2 [0m [32mhealthy[0m                      conf=0.78  ETA=  8.1m sev=[32mlow   [0m [2m     f=99[0m
    clean telemetry live: 1818 → 1212 rows
[2m[16:10:47] tick 233[0m
  [36mstation1 [0m [31m[1mCONFIRMED bgp_route_flap    [0m conf=0.64  ETA=  4.4m sev=[32mlow   [0m [2m     f=99[0m
  [36mstation2 [0m [32mhealthy[0m                      conf=0.63  ETA=  8.0m sev=[32mlow   [0m [2m     f=99[0m
    clean telemetry live: 1818 → 1212 rows
[2m[16:11:03] tick 234[0m
  [36mstation1 [0m [31m[1mCONFIRMED bgp_route_flap    [0m conf=0.61  ETA=  4.6m sev=[32mlow   [0m [2m     f=99[0m
  [36mstation2 [0m [32mhealthy[0m                      conf=0.77  ETA=  8.1m sev=[32mlow   [0m [2m     f=99[0m
    clean telemetry live: 1818 → 1212 rows
[2m[16:11:18] tick 235[0m
  [36mstation1 [0m [32mhealthy[0m                      conf=0.72  ETA=  5.3m sev=[32mlow   [0m [2m     f=99[0m
  [36mstation2 [0m [32mhealthy[0m                      conf=0.66  ETA=  7.9m sev=[32mlow   [0m [2m     f=99[0m
    clean telemetry live: 1818 → 1212 rows
[2m[16:11:33] tick 236[0m
  [36mstation1 [0m [32mhealthy[0m                      conf=0.79  ETA=  5.6m sev=[32mlow   [0m [2m     f=99[0m
  [36mstation2 [0m [32mhealthy[0m                      conf=0.49  ETA=  7.9m sev=[32mlow   [0m [2m     f=99[0m
    clean telemetry live: 1818 → 1212 rows
[2m[16:11:49] tick 237[0m
  [36mstation1 [0m [32mhealthy[0m                      conf=0.77  ETA=  5.6m sev=[32mlow   [0m [2m     f=99[0m
  [36mstation2 [0m [31m[1mCONFIRMED bgp_route_flap    [0m conf=0.63  ETA=  7.9m sev=[32mlow   [0m [2m     f=99[0m
