[1mLoading DECA model stack...[0m
WARNING: All log messages before absl::InitializeLog() is called are written to STDERR
I0000 00:00:1784439142.659578  633524 cudart_stub.cc:31] Could not find cuda drivers on your machine, GPU will not be used.
I0000 00:00:1784439142.711327  633524 cpu_feature_guard.cc:227] This TensorFlow binary is optimized to use available CPU instructions in performance-critical operations.
To enable the following instructions: AVX2 FMA, in other operations, rebuild TensorFlow with the appropriate compiler flags.
WARNING: All log messages before absl::InitializeLog() is called are written to STDERR
I0000 00:00:1784439144.017050  633524 cudart_stub.cc:31] Could not find cuda drivers on your machine, GPU will not be used.
E0000 00:00:1784439144.729387  633524 cuda_platform.cc:52] failed call to cuInit: INTERNAL: CUDA error: Failed call to cuInit: UNKNOWN ERROR (303)
  classes=['healthy', 'congestion_breach', 'tunnel_degradation', 'bgp_route_flap', 'vrf_leakage']
  ensemble (plain+wm agreement): off
  loom: soft_streak=True enter_k=3 advisory_enter_k=2
  LSTM ETA: ready | circumstance head: ready
  scoped hosts: ['station1', 'station2']
  cross-host echo suppress: origin-lock
  declarations -> /home/brain/deca-isro/data/rpi-net/live/blind_echo_20260719_1102_45m/declarations.jsonl

[1m=== DECA LIVE OPERATOR watching blind_echo_20260719_1102_45m (PROMETHEUS :9090) ===[0m

    clean telemetry live: 2124 → 1518 rows
[2m[05:32:25] tick 1[0m
  [36mstation1 [0m [32mhealthy[0m                      conf=0.95  ETA=  4.8m sev=[32mlow   [0m [2m     f=99[0m
  [36mstation2 [0m [32mhealthy[0m                      conf=0.77  ETA=  6.4m sev=[32mlow   [0m [2m     f=99[0m
    clean telemetry live: 2124 → 1518 rows
[2m[05:32:40] tick 2[0m
  [36mstation1 [0m [32mhealthy[0m                      conf=0.91  ETA=  5.4m sev=[32mlow   [0m [2m     f=99[0m
  [36mstation2 [0m [32mhealthy[0m                      conf=0.80  ETA=  6.8m sev=[32mlow   [0m [2m     f=99[0m
    clean telemetry live: 2124 → 1518 rows
[2m[05:32:56] tick 3[0m
  [36mstation1 [0m [32mhealthy[0m                      conf=0.53  ETA=  3.1m sev=[32mlow   [0m [2m     f=99[0m
  [36mstation2 [0m [32mhealthy[0m                      conf=0.95  ETA=  6.6m sev=[32mlow   [0m [2m     f=99[0m
    clean telemetry live: 2124 → 1518 rows
[2m[05:33:11] tick 4[0m
  [36mstation1 [0m [32mhealthy[0m                      conf=0.56  ETA=  3.1m sev=[32mlow   [0m [2mcirc f=99[0m
  [36mstation2 [0m [32mhealthy[0m                      conf=0.53  ETA=  6.7m sev=[32mlow   [0m [2m     f=99[0m
    clean telemetry live: 2124 → 1518 rows
[2m[05:33:27] tick 5[0m
  [36mstation1 [0m [32mhealthy[0m                      conf=0.52  ETA=  3.0m sev=[32mlow   [0m [2mcirc f=99[0m
  [36mstation2 [0m [32mhealthy[0m                      conf=0.68  ETA=  6.7m sev=[32mlow   [0m [2mcirc f=99[0m
    clean telemetry live: 2124 → 1518 rows
[2m[05:33:42] tick 6[0m
  [36mstation1 [0m [32mhealthy[0m                      conf=0.73  ETA=  3.2m sev=[32mlow   [0m [2m     f=99[0m
  [36mstation2 [0m [32mhealthy[0m                      conf=0.80  ETA=  6.8m sev=[32mlow   [0m [2m     f=99[0m
    clean telemetry live: 2124 → 1518 rows
[2m[05:33:57] tick 7[0m
  [36mstation1 [0m [32mhealthy[0m                      conf=0.69  ETA=  3.6m sev=[32mlow   [0m [2m     f=99[0m
  [36mstation2 [0m [32mhealthy[0m                      conf=0.81  ETA=  6.7m sev=[32mlow   [0m [2m     f=99[0m
    clean telemetry live: 2124 → 1518 rows
[2m[05:34:13] tick 8[0m
  [36mstation1 [0m [32mhealthy[0m                      conf=0.64  ETA=  3.9m sev=[32mlow   [0m [2mcirc f=99[0m
  [36mstation2 [0m [32mhealthy[0m                      conf=0.61  ETA=  6.3m sev=[32mlow   [0m [2m     f=99[0m
    clean telemetry live: 2124 → 1518 rows
[2m[05:34:28] tick 9[0m
  [36mstation1 [0m [32mhealthy[0m                      conf=0.60  ETA=  3.8m sev=[33mmedium[0m [2mcirc f=99[0m
  [36mstation2 [0m [32mhealthy[0m                      conf=0.68  ETA=  6.6m sev=[32mlow   [0m [2m     f=99[0m
    clean telemetry live: 2124 → 1518 rows
[2m[05:34:44] tick 10[0m
  [36mstation1 [0m [32mhealthy[0m                      conf=0.53  ETA=  3.6m sev=[33mmedium[0m [2m     f=99[0m
  [36mstation2 [0m [32mhealthy[0m                      conf=0.55  ETA=  6.4m sev=[33mmedium[0m [2m     f=99[0m
    clean telemetry live: 2124 → 1518 rows
[2m[05:34:59] tick 11[0m
  [36mstation1 [0m [32mhealthy[0m                      conf=0.60  ETA=  3.7m sev=[33mmedium[0m [2m     f=99[0m
  [36mstation2 [0m [32mhealthy[0m                      conf=0.86  ETA=  6.6m sev=[33mmedium[0m [2m     f=99[0m
    clean telemetry live: 2124 → 1518 rows
[2m[05:35:15] tick 12[0m
  [36mstation1 [0m [32mhealthy[0m                      conf=0.75  ETA=  3.7m sev=[33mmedium[0m [2m     f=99[0m
  [36mstation2 [0m [32mhealthy[0m                      conf=0.84  ETA=  5.1m sev=[32mlow   [0m [2m     f=99[0m
    clean telemetry live: 2121 → 1515 rows
[2m[05:35:30] tick 13[0m
  [36mstation1 [0m [32mhealthy[0m                      conf=0.89  ETA=  4.0m sev=[32mlow   [0m [2m     f=99[0m
  [36mstation2 [0m [32mhealthy[0m                      conf=0.69  ETA=  6.1m sev=[32mlow   [0m [2m     f=99[0m
    clean telemetry live: 2121 → 1515 rows
[2m[05:35:45] tick 14[0m
  [36mstation1 [0m [32mhealthy[0m                      conf=0.42  ETA=  4.5m sev=[32mlow   [0m [2m     f=99[0m
  [36mstation2 [0m [32mhealthy[0m                      conf=0.68  ETA=  5.1m sev=[32mlow   [0m [2m     f=99[0m
    clean telemetry live: 2124 → 1518 rows
[2m[05:36:01] tick 15[0m
  [36mstation1 [0m [33mADVISORY  congestion_breach [0m conf=0.99  ETA=  5.2m sev=[32mlow   [0m [2mcirc f=99[0m
  [36mstation2 [0m [33mADVISORY  congestion_breach [0m conf=0.98  ETA=  5.6m sev=[32mlow   [0m [2mcirc f=99[0m
    clean telemetry live: 2124 → 1518 rows
[2m[05:36:16] tick 16[0m
  [36mstation1 [0m [33mADVISORY  congestion_breach [0m conf=1.00  ETA=  5.9m sev=[32mlow   [0m [2mcirc f=99[0m
  [36mstation2 [0m [33mADVISORY  congestion_breach [0m conf=0.99  ETA=  6.0m sev=[32mlow   [0m [2mcirc f=99[0m
    clean telemetry live: 2124 → 1518 rows
[2m[05:36:32] tick 17[0m
  [36mstation1 [0m [33mADVISORY  congestion_breach [0m conf=0.94  ETA=  5.1m sev=[32mlow   [0m [2m     f=99[0m
  [36mstation2 [0m [33mADVISORY  congestion_breach [0m conf=0.97  ETA=  6.6m sev=[32mlow   [0m [2m     f=99[0m
    clean telemetry live: 2124 → 1518 rows
[2m[05:36:47] tick 18[0m
  [36mstation1 [0m [31m[1mCONFIRMED congestion_breach [0m conf=1.00  ETA=  5.7m sev=[32mlow   [0m [2mcirc f=99[0m
  [36mstation2 [0m [33mADVISORY  congestion_breach [0m conf=1.00  ETA=  6.6m sev=[32mlow   [0m [2mcirc f=99[0m [2m[echo↓:congestion_breach → held][0m
    clean telemetry live: 2124 → 1518 rows
[2m[05:37:02] tick 19[0m
  [36mstation1 [0m [31m[1mCONFIRMED congestion_breach [0m conf=1.00  ETA=  6.3m sev=[32mlow   [0m [2mcirc f=99[0m
  [36mstation2 [0m [33mADVISORY  congestion_breach [0m conf=0.99  ETA=  6.7m sev=[32mlow   [0m [2mcirc f=99[0m [2m[echo↓:congestion_breach → held][0m
    clean telemetry live: 2124 → 1518 rows
[2m[05:37:18] tick 20[0m
  [36mstation1 [0m [31m[1mCONFIRMED congestion_breach [0m conf=1.00  ETA=  6.0m sev=[32mlow   [0m [2mcirc f=99[0m
  [36mstation2 [0m [33mADVISORY  congestion_breach [0m conf=0.99  ETA=  7.7m sev=[32mlow   [0m [2mcirc f=99[0m [2m[echo↓:congestion_breach → held][0m
    clean telemetry live: 2124 → 1518 rows
[2m[05:37:33] tick 21[0m
  [36mstation1 [0m [31m[1mCONFIRMED congestion_breach [0m conf=0.99  ETA=  5.7m sev=[32mlow   [0m [2mcirc f=99[0m
  [36mstation2 [0m [33mADVISORY  congestion_breach [0m conf=0.99  ETA=  7.7m sev=[32mlow   [0m [2mcirc f=99[0m [2m[echo↓:congestion_breach → held][0m
    clean telemetry live: 2124 → 1518 rows
[2m[05:37:49] tick 22[0m
  [36mstation1 [0m [31m[1mCONFIRMED congestion_breach [0m conf=1.00  ETA=  5.6m sev=[32mlow   [0m [2mcirc f=99[0m
  [36mstation2 [0m [33mADVISORY  congestion_breach [0m conf=0.99  ETA=  7.8m sev=[32mlow   [0m [2mcirc f=99[0m [2m[echo↓:congestion_breach → held][0m
    clean telemetry live: 2124 → 1518 rows
[2m[05:38:04] tick 23[0m
  [36mstation1 [0m [31m[1mCONFIRMED congestion_breach [0m conf=0.99  ETA=  5.3m sev=[32mlow   [0m [2mcirc f=99[0m
  [36mstation2 [0m [33mADVISORY  congestion_breach [0m conf=0.99  ETA=  7.7m sev=[32mlow   [0m [2mcirc f=99[0m [2m[echo↓:congestion_breach → held][0m
    clean telemetry live: 2124 → 1518 rows
[2m[05:38:19] tick 24[0m
  [36mstation1 [0m [31m[1mCONFIRMED congestion_breach [0m conf=1.00  ETA=  5.1m sev=[32mlow   [0m [2mcirc f=99[0m
  [36mstation2 [0m [33mADVISORY  congestion_breach [0m conf=0.99  ETA=  7.7m sev=[32mlow   [0m [2mcirc f=99[0m [2m[echo↓:congestion_breach → held][0m
    clean telemetry live: 2124 → 1518 rows
[2m[05:38:35] tick 25[0m
  [36mstation1 [0m [31m[1mCONFIRMED congestion_breach [0m conf=1.00  ETA=  4.7m sev=[32mlow   [0m [2mcirc f=99[0m
  [36mstation2 [0m [33mADVISORY  congestion_breach [0m conf=1.00  ETA=  7.8m sev=[32mlow   [0m [2mcirc f=99[0m [2m[echo↓:congestion_breach → held][0m
    clean telemetry live: 2124 → 1518 rows
[2m[05:38:50] tick 26[0m
  [36mstation1 [0m [31m[1mCONFIRMED congestion_breach [0m conf=1.00  ETA=  4.8m sev=[32mlow   [0m [2mcirc f=99[0m
  [36mstation2 [0m [33mADVISORY  congestion_breach [0m conf=0.99  ETA=  7.9m sev=[32mlow   [0m [2mcirc f=99[0m [2m[echo↓:congestion_breach → held][0m
    clean telemetry live: 2124 → 1518 rows
[2m[05:39:06] tick 27[0m
  [36mstation1 [0m [31m[1mCONFIRMED congestion_breach [0m conf=1.00  ETA=  3.6m sev=[32mlow   [0m [2mcirc f=99[0m
  [36mstation2 [0m [33mADVISORY  congestion_breach [0m conf=0.99  ETA=  7.7m sev=[32mlow   [0m [2mcirc f=99[0m [2m[echo↓:congestion_breach → held][0m
    clean telemetry live: 2124 → 1518 rows
[2m[05:39:21] tick 28[0m
  [36mstation1 [0m [31m[1mCONFIRMED congestion_breach [0m conf=0.99  ETA=  3.7m sev=[32mlow   [0m [2mcirc f=99[0m
  [36mstation2 [0m [33mADVISORY  congestion_breach [0m conf=0.98  ETA=  7.5m sev=[32mlow   [0m [2mcirc f=99[0m [2m[echo↓:congestion_breach → held][0m
    clean telemetry live: 2124 → 1518 rows
[2m[05:39:36] tick 29[0m
  [36mstation1 [0m [31m[1mCONFIRMED congestion_breach [0m conf=0.99  ETA=  3.8m sev=[32mlow   [0m [2mcirc f=99[0m
  [36mstation2 [0m [33mADVISORY  congestion_breach [0m conf=0.99  ETA=  7.5m sev=[32mlow   [0m [2mcirc f=99[0m [2m[echo↓:congestion_breach → held][0m
    clean telemetry live: 2124 → 1518 rows
[2m[05:39:52] tick 30[0m
  [36mstation1 [0m [31m[1mCONFIRMED congestion_breach [0m conf=1.00  ETA=  3.6m sev=[32mlow   [0m [2mcirc f=99[0m
  [36mstation2 [0m [33mADVISORY  congestion_breach [0m conf=0.99  ETA=  7.8m sev=[32mlow   [0m [2m     f=99[0m [2m[echo↓:congestion_breach → held][0m
    clean telemetry live: 2124 → 1518 rows
[2m[05:40:07] tick 31[0m
  [36mstation1 [0m [31m[1mCONFIRMED congestion_breach [0m conf=0.99  ETA=  3.6m sev=[32mlow   [0m [2mcirc f=99[0m
  [36mstation2 [0m [33mADVISORY  congestion_breach [0m conf=0.99  ETA=  7.8m sev=[32mlow   [0m [2mcirc f=99[0m [2m[echo↓:congestion_breach → held][0m
    clean telemetry live: 2124 → 1518 rows
[2m[05:40:22] tick 32[0m
  [36mstation1 [0m [31m[1mCONFIRMED congestion_breach [0m conf=1.00  ETA=  3.2m sev=[32mlow   [0m [2mcirc f=99[0m
  [36mstation2 [0m [33mADVISORY  congestion_breach [0m conf=1.00  ETA=  8.0m sev=[32mlow   [0m [2mcirc f=99[0m [2m[echo↓:congestion_breach → held][0m
    clean telemetry live: 2124 → 1518 rows
[2m[05:40:38] tick 33[0m
  [36mstation1 [0m [31m[1mCONFIRMED congestion_breach [0m conf=0.99  ETA=  3.2m sev=[32mlow   [0m [2mcirc f=99[0m
  [36mstation2 [0m [33mADVISORY  congestion_breach [0m conf=1.00  ETA=  7.1m sev=[32mlow   [0m [2mcirc f=99[0m [2m[echo↓:congestion_breach → held][0m
    clean telemetry live: 2124 → 1518 rows
[2m[05:40:53] tick 34[0m
  [36mstation1 [0m [31m[1mCONFIRMED congestion_breach [0m conf=1.00  ETA=  3.3m sev=[32mlow   [0m [2mcirc f=99[0m
  [36mstation2 [0m [33mADVISORY  congestion_breach [0m conf=1.00  ETA=  7.3m sev=[32mlow   [0m [2mcirc f=99[0m [2m[echo↓:congestion_breach → held][0m
    clean telemetry live: 2124 → 1518 rows
[2m[05:41:09] tick 35[0m
  [36mstation1 [0m [31m[1mCONFIRMED congestion_breach [0m conf=1.00  ETA=  3.2m sev=[32mlow   [0m [2mcirc f=99[0m
  [36mstation2 [0m [33mADVISORY  congestion_breach [0m conf=1.00  ETA=  7.5m sev=[32mlow   [0m [2mcirc f=99[0m [2m[echo↓:congestion_breach → held][0m
    clean telemetry live: 2124 → 1518 rows
[2m[05:41:24] tick 36[0m
  [36mstation1 [0m [31m[1mCONFIRMED congestion_breach [0m conf=1.00  ETA=  2.8m sev=[32mlow   [0m [2mcirc f=99[0m
  [36mstation2 [0m [33mADVISORY  congestion_breach [0m conf=1.00  ETA=  7.2m sev=[32mlow   [0m [2mcirc f=99[0m [2m[echo↓:congestion_breach → held][0m
    clean telemetry live: 2124 → 1518 rows
[2m[05:41:39] tick 37[0m
  [36mstation1 [0m [31m[1mCONFIRMED congestion_breach [0m conf=1.00  ETA=  2.7m sev=[32mlow   [0m [2mcirc f=99[0m
  [36mstation2 [0m [33mADVISORY  congestion_breach [0m conf=0.99  ETA=  7.5m sev=[32mlow   [0m [2mcirc f=99[0m [2m[echo↓:congestion_breach → held][0m
    clean telemetry live: 2124 → 1518 rows
[2m[05:41:55] tick 38[0m
  [36mstation1 [0m [31m[1mCONFIRMED congestion_breach [0m conf=1.00  ETA=  2.7m sev=[32mlow   [0m [2mcirc f=99[0m
  [36mstation2 [0m [33mADVISORY  congestion_breach [0m conf=1.00  ETA=  7.3m sev=[32mlow   [0m [2mcirc f=99[0m [2m[echo↓:congestion_breach → held][0m
    clean telemetry live: 2124 → 1518 rows
[2m[05:42:10] tick 39[0m
  [36mstation1 [0m [31m[1mCONFIRMED congestion_breach [0m conf=1.00  ETA=  2.5m sev=[32mlow   [0m [2mcirc f=99[0m
  [36mstation2 [0m [33mADVISORY  congestion_breach [0m conf=1.00  ETA=  7.7m sev=[32mlow   [0m [2mcirc f=99[0m [2m[echo↓:congestion_breach → held][0m
    clean telemetry live: 2124 → 1518 rows
[2m[05:42:26] tick 40[0m
  [36mstation1 [0m [31m[1mCONFIRMED congestion_breach [0m conf=0.99  ETA=  2.3m sev=[32mlow   [0m [2mcirc f=99[0m
  [36mstation2 [0m [33mADVISORY  congestion_breach [0m conf=1.00  ETA=  7.5m sev=[33mmedium[0m [2mcirc f=99[0m [2m[echo↓:congestion_breach → held][0m
    clean telemetry live: 2124 → 1518 rows
[2m[05:42:41] tick 41[0m
  [36mstation1 [0m [31m[1mCONFIRMED congestion_breach [0m conf=0.99  ETA=  1.9m sev=[32mlow   [0m [2mcirc f=99[0m
  [36mstation2 [0m [33mADVISORY  congestion_breach [0m conf=0.99  ETA=  7.4m sev=[33mmedium[0m [2mcirc f=99[0m [2m[echo↓:congestion_breach → held][0m
    clean telemetry live: 2124 → 1518 rows
[2m[05:42:56] tick 42[0m
  [36mstation1 [0m [31m[1mCONFIRMED congestion_breach [0m conf=0.99  ETA=  2.0m sev=[33mmedium[0m [2mcirc f=99[0m
  [36mstation2 [0m [33mADVISORY  congestion_breach [0m conf=1.00  ETA=  7.1m sev=[33mmedium[0m [2mcirc f=99[0m [2m[echo↓:congestion_breach → held][0m
    clean telemetry live: 2124 → 1518 rows
[2m[05:43:12] tick 43[0m
  [36mstation1 [0m [31m[1mCONFIRMED congestion_breach [0m conf=1.00  ETA=  2.0m sev=[33mmedium[0m [2mcirc f=99[0m
  [36mstation2 [0m [33mADVISORY  congestion_breach [0m conf=1.00  ETA=  7.4m sev=[33mmedium[0m [2mcirc f=99[0m [2m[echo↓:congestion_breach → held][0m
    clean telemetry live: 2124 → 1518 rows
[2m[05:43:27] tick 44[0m
  [36mstation1 [0m [31m[1mCONFIRMED congestion_breach [0m conf=0.99  ETA=  1.7m sev=[33mmedium[0m [2mcirc f=99[0m
  [36mstation2 [0m [33mADVISORY  congestion_breach [0m conf=0.99  ETA=  7.7m sev=[33mmedium[0m [2mcirc f=99[0m [2m[echo↓:congestion_breach → held][0m
    clean telemetry live: 2124 → 1518 rows
[2m[05:43:43] tick 45[0m
  [36mstation1 [0m [31m[1mCONFIRMED congestion_breach [0m conf=0.99  ETA=  1.5m sev=[33mmedium[0m [2mcirc f=99[0m
  [36mstation2 [0m [33mADVISORY  congestion_breach [0m conf=1.00  ETA=  7.2m sev=[33mmedium[0m [2mcirc f=99[0m [2m[echo↓:congestion_breach → held][0m
    clean telemetry live: 2124 → 1518 rows
[2m[05:43:58] tick 46[0m
  [36mstation1 [0m [31m[1mCONFIRMED congestion_breach [0m conf=0.99  ETA=  1.4m sev=[33mmedium[0m [2mcirc f=99[0m
  [36mstation2 [0m [33mADVISORY  congestion_breach [0m conf=0.99  ETA=  7.3m sev=[33mmedium[0m [2mcirc f=99[0m [2m[echo↓:congestion_breach → held][0m
    clean telemetry live: 2124 → 1518 rows
[2m[05:44:14] tick 47[0m
  [36mstation1 [0m [31m[1mCONFIRMED congestion_breach [0m conf=1.00  ETA=  1.5m sev=[33mmedium[0m [2mcirc f=99[0m
  [36mstation2 [0m [33mADVISORY  congestion_breach [0m conf=1.00  ETA=  7.2m sev=[33mmedium[0m [2mcirc f=99[0m [2m[echo↓:congestion_breach → held][0m
    clean telemetry live: 2124 → 1518 rows
[2m[05:44:29] tick 48[0m
  [36mstation1 [0m [31m[1mCONFIRMED congestion_breach [0m conf=0.99  ETA=  1.3m sev=[33mmedium[0m [2mcirc f=99[0m
  [36mstation2 [0m [33mADVISORY  congestion_breach [0m conf=1.00  ETA=  7.7m sev=[33mmedium[0m [2mcirc f=99[0m [2m[echo↓:congestion_breach → held][0m
    clean telemetry live: 2124 → 1518 rows
[2m[05:44:44] tick 49[0m
  [36mstation1 [0m [31m[1mCONFIRMED congestion_breach [0m conf=0.99  ETA=  1.2m sev=[33mmedium[0m [2mcirc f=99[0m
  [36mstation2 [0m [33mADVISORY  congestion_breach [0m conf=0.99  ETA=  7.4m sev=[33mmedium[0m [2mcirc f=99[0m [2m[echo↓:congestion_breach → held][0m
    clean telemetry live: 2121 → 1515 rows
[2m[05:45:00] tick 50[0m
  [36mstation1 [0m [31m[1mCONFIRMED congestion_breach [0m conf=1.00  ETA=  1.2m sev=[33mmedium[0m [2mcirc f=99[0m
  [36mstation2 [0m [33mADVISORY  congestion_breach [0m conf=1.00  ETA=  7.5m sev=[33mmedium[0m [2mcirc f=99[0m [2m[echo↓:congestion_breach → held][0m
    clean telemetry live: 2121 → 1515 rows
[2m[05:45:15] tick 51[0m
  [36mstation1 [0m [31m[1mCONFIRMED congestion_breach [0m conf=0.99  ETA=  1.0m sev=[33mmedium[0m [2mcirc f=99[0m
  [36mstation2 [0m [33mADVISORY  congestion_breach [0m conf=0.99  ETA=  7.1m sev=[33mmedium[0m [2mcirc f=99[0m [2m[echo↓:congestion_breach → held][0m
    clean telemetry live: 2121 → 1515 rows
[2m[05:45:31] tick 52[0m
  [36mstation1 [0m [31m[1mCONFIRMED congestion_breach [0m conf=0.99  ETA=  0.9m sev=[33mmedium[0m [2mcirc f=99[0m
  [36mstation2 [0m [33mADVISORY  congestion_breach [0m conf=1.00  ETA=  6.7m sev=[33mmedium[0m [2mcirc f=99[0m [2m[echo↓:congestion_breach → held][0m
    clean telemetry live: 2124 → 1518 rows
[2m[05:45:46] tick 53[0m
  [36mstation1 [0m [31m[1mCONFIRMED congestion_breach [0m conf=0.99  ETA=  0.7m sev=[33mmedium[0m [2mcirc f=99[0m
  [36mstation2 [0m [33mADVISORY  congestion_breach [0m conf=0.99  ETA=  7.2m sev=[33mmedium[0m [2mcirc f=99[0m [2m[echo↓:congestion_breach → held][0m
    clean telemetry live: 2124 → 1518 rows
[2m[05:46:01] tick 54[0m
  [36mstation1 [0m [31m[1mCONFIRMED congestion_breach [0m conf=0.99  ETA=  0.6m sev=[33mmedium[0m [2mcirc f=99[0m
  [36mstation2 [0m [33mADVISORY  congestion_breach [0m conf=0.99  ETA=  6.0m sev=[33mmedium[0m [2mcirc f=99[0m [2m[echo↓:congestion_breach → held][0m
    clean telemetry live: 2124 → 1518 rows
[2m[05:46:17] tick 55[0m
  [36mstation1 [0m [31m[1mCONFIRMED congestion_breach [0m conf=0.99  ETA=  0.6m sev=[33mmedium[0m [2mcirc f=99[0m
  [36mstation2 [0m [33mADVISORY  congestion_breach [0m conf=1.00  ETA=  5.8m sev=[33mmedium[0m [2mcirc f=99[0m [2m[echo↓:congestion_breach → held][0m
    clean telemetry live: 2124 → 1518 rows
[2m[05:46:32] tick 56[0m
  [36mstation1 [0m [31m[1mCONFIRMED congestion_breach [0m conf=0.99  ETA=  0.6m sev=[33mmedium[0m [2mcirc f=99[0m
  [36mstation2 [0m [33mADVISORY  congestion_breach [0m conf=0.99  ETA=  4.8m sev=[33mmedium[0m [2mcirc f=99[0m [2m[echo↓:congestion_breach → held][0m
    clean telemetry live: 2124 → 1518 rows
[2m[05:46:48] tick 57[0m
  [36mstation1 [0m [31m[1mCONFIRMED congestion_breach [0m conf=0.99  ETA=  0.5m sev=[33mmedium[0m [2mcirc f=99[0m
  [36mstation2 [0m [33mADVISORY  congestion_breach [0m conf=0.99  ETA=  5.3m sev=[33mmedium[0m [2mcirc f=99[0m [2m[echo↓:congestion_breach → held][0m
    clean telemetry live: 2124 → 1518 rows
[2m[05:47:03] tick 58[0m
  [36mstation1 [0m [31m[1mCONFIRMED congestion_breach [0m conf=0.99  ETA=  0.5m sev=[33mmedium[0m [2mcirc f=99[0m
  [36mstation2 [0m [33mADVISORY  congestion_breach [0m conf=0.98  ETA=  4.9m sev=[33mmedium[0m [2mcirc f=99[0m [2m[echo↓:congestion_breach → held][0m
    clean telemetry live: 2124 → 1518 rows
[2m[05:47:18] tick 59[0m
  [36mstation1 [0m [31m[1mCONFIRMED congestion_breach [0m conf=0.98  ETA=  0.4m sev=[31mhigh  [0m [2mcirc f=99[0m
  [36mstation2 [0m [33mADVISORY  congestion_breach [0m conf=0.97  ETA=  4.3m sev=[33mmedium[0m [2mcirc f=99[0m [2m[echo↓:congestion_breach → held][0m
    clean telemetry live: 2124 → 1518 rows
[2m[05:47:34] tick 60[0m
  [36mstation1 [0m [31m[1mCONFIRMED congestion_breach [0m conf=0.98  ETA=  0.4m sev=[31mhigh  [0m [2mcirc f=99[0m
  [36mstation2 [0m [33mADVISORY  congestion_breach [0m conf=0.95  ETA=  3.9m sev=[33mmedium[0m [2mcirc f=99[0m [2m[echo↓:congestion_breach → held][0m
    clean telemetry live: 2124 → 1518 rows
[2m[05:47:49] tick 61[0m
  [36mstation1 [0m [31m[1mCONFIRMED congestion_breach [0m conf=0.98  ETA=  0.3m sev=[33mmedium[0m [2mcirc f=99[0m
  [36mstation2 [0m [33mADVISORY  congestion_breach [0m conf=0.98  ETA=  3.9m sev=[31mhigh  [0m [2mcirc f=99[0m [2m[echo↓:congestion_breach → held][0m
    clean telemetry live: 2124 → 1518 rows
[2m[05:48:05] tick 62[0m
  [36mstation1 [0m [31m[1mCONFIRMED congestion_breach [0m conf=0.96  ETA=  0.3m sev=[33mmedium[0m [2mcirc f=99[0m
  [36mstation2 [0m [33mADVISORY  congestion_breach [0m conf=0.90  ETA=  3.9m sev=[31mhigh  [0m [2mcirc f=99[0m [2m[echo↓:congestion_breach → held][0m
    clean telemetry live: 2124 → 1518 rows
[2m[05:48:20] tick 63[0m
  [36mstation1 [0m [31m[1mCONFIRMED congestion_breach [0m conf=0.94  ETA=  0.3m sev=[31mhigh  [0m [2mcirc f=99[0m
  [36mstation2 [0m [33mADVISORY  congestion_breach [0m conf=0.83  ETA=  3.3m sev=[31mhigh  [0m [2mcirc f=99[0m [2m[echo↓:congestion_breach → held][0m
    clean telemetry live: 2124 → 1518 rows
[2m[05:48:36] tick 64[0m
  [36mstation1 [0m [31m[1mCONFIRMED congestion_breach [0m conf=0.89  ETA=  0.3m sev=[31mhigh  [0m [2mcirc f=99[0m
  [36mstation2 [0m [33mADVISORY  congestion_breach [0m conf=0.93  ETA=  3.1m sev=[31mhigh  [0m [2mcirc f=99[0m [2m[echo↓:congestion_breach → held][0m
    clean telemetry live: 2124 → 1518 rows
[2m[05:48:51] tick 65[0m
  [36mstation1 [0m [31m[1mCONFIRMED congestion_breach [0m conf=0.84  ETA=  0.4m sev=[31mhigh  [0m [2mcirc f=99[0m
  [36mstation2 [0m [33mADVISORY  congestion_breach [0m conf=0.80  ETA=  2.8m sev=[31mhigh  [0m [2mcirc f=99[0m [2m[echo↓:congestion_breach → held][0m
    clean telemetry live: 2124 → 1518 rows
[2m[05:49:06] tick 66[0m
  [36mstation1 [0m [31m[1mCONFIRMED congestion_breach [0m conf=0.85  ETA=  0.3m sev=[31mhigh  [0m [2mcirc f=99[0m
  [36mstation2 [0m [33mADVISORY  congestion_breach [0m conf=0.73  ETA=  3.0m sev=[31mhigh  [0m [2mcirc f=99[0m [2m[echo↓:congestion_breach → held][0m
    clean telemetry live: 2124 → 1518 rows
[2m[05:49:22] tick 67[0m
  [36mstation1 [0m [31m[1mCONFIRMED congestion_breach [0m conf=0.74  ETA=  0.3m sev=[31mhigh  [0m [2mcirc f=99[0m
  [36mstation2 [0m [33mADVISORY  congestion_breach [0m conf=0.74  ETA=  2.7m sev=[31mhigh  [0m [2mcirc f=99[0m [2m[echo↓:congestion_breach → held][0m
    clean telemetry live: 2124 → 1518 rows
[2m[05:49:37] tick 68[0m
  [36mstation1 [0m [31m[1mCONFIRMED congestion_breach [0m conf=0.73  ETA=  0.2m sev=[31mhigh  [0m [2mcirc f=99[0m
  [36mstation2 [0m [32mhealthy[0m                      conf=0.51  ETA=  2.6m sev=[31mhigh  [0m [2mcirc f=99[0m [2m[echo↓:congestion_breach → held][0m
    clean telemetry live: 2124 → 1518 rows
[2m[05:49:53] tick 69[0m
  [36mstation1 [0m [31m[1mCONFIRMED congestion_breach [0m conf=0.77  ETA=  0.2m sev=[31mhigh  [0m [2mcirc f=99[0m
  [36mstation2 [0m [33mADVISORY  congestion_breach [0m conf=0.71  ETA=  2.6m sev=[31mhigh  [0m [2mcirc f=99[0m [2m[echo↓:congestion_breach → held][0m
    clean telemetry live: 2124 → 1518 rows
[2m[05:50:08] tick 70[0m
  [36mstation1 [0m [31m[1mCONFIRMED congestion_breach [0m conf=0.78  ETA=  0.2m sev=[31mhigh  [0m [2mcirc f=99[0m
  [36mstation2 [0m [33mADVISORY  congestion_breach [0m conf=0.84  ETA=  2.4m sev=[31mhigh  [0m [2mcirc f=99[0m [2m[echo↓:congestion_breach → held][0m
    clean telemetry live: 2124 → 1518 rows
[2m[05:50:23] tick 71[0m
  [36mstation1 [0m [31m[1mCONFIRMED congestion_breach [0m conf=0.72  ETA=  0.2m sev=[31mhigh  [0m [2mcirc f=99[0m
  [36mstation2 [0m [33mADVISORY  congestion_breach [0m conf=0.68  ETA=  2.5m sev=[31mhigh  [0m [2mcirc f=99[0m [2m[echo↓:congestion_breach → held][0m
    clean telemetry live: 2124 → 1518 rows
[2m[05:50:39] tick 72[0m
  [36mstation1 [0m [31m[1mCONFIRMED congestion_breach [0m conf=0.83  ETA=  0.2m sev=[31mhigh  [0m [2mcirc f=99[0m
  [36mstation2 [0m [32mhealthy[0m                      conf=0.51  ETA=  2.2m sev=[31mhigh  [0m [2mcirc f=99[0m [2m[echo↓:congestion_breach → held][0m
    clean telemetry live: 2124 → 1518 rows
[2m[05:50:54] tick 73[0m
  [36mstation1 [0m [31m[1mCONFIRMED congestion_breach [0m conf=0.60  ETA=  0.2m sev=[31mhigh  [0m [2mcirc f=99[0m
  [36mstation2 [0m [32mhealthy[0m                      conf=0.52  ETA=  2.1m sev=[31mhigh  [0m [2mcirc f=99[0m [2m[echo↓:congestion_breach → held][0m
    clean telemetry live: 2124 → 1518 rows
[2m[05:51:10] tick 74[0m
  [36mstation1 [0m [31m[1mCONFIRMED congestion_breach [0m conf=0.74  ETA=  0.2m sev=[31mhigh  [0m [2mcirc f=99[0m
  [36mstation2 [0m [32mhealthy[0m                      conf=0.56  ETA=  1.9m sev=[31mhigh  [0m [2mcirc f=99[0m
    clean telemetry live: 2124 → 1518 rows
[2m[05:51:25] tick 75[0m
  [36mstation1 [0m [31m[1mCONFIRMED congestion_breach [0m conf=0.78  ETA=  0.2m sev=[31mhigh  [0m [2mcirc f=99[0m
  [36mstation2 [0m [33mADVISORY  congestion_breach [0m conf=0.74  ETA=  2.0m sev=[31mhigh  [0m [2mcirc f=99[0m [2m[echo↓:congestion_breach → held][0m
    clean telemetry live: 2124 → 1518 rows
[2m[05:51:40] tick 76[0m
  [36mstation1 [0m [31m[1mCONFIRMED congestion_breach [0m conf=0.85  ETA=  0.2m sev=[31mhigh  [0m [2mcirc f=99[0m
  [36mstation2 [0m [33mADVISORY  congestion_breach [0m conf=0.74  ETA=  1.8m sev=[31mhigh  [0m [2mcirc f=99[0m [2m[echo↓:congestion_breach → held][0m
    clean telemetry live: 2124 → 1518 rows
[2m[05:51:56] tick 77[0m
  [36mstation1 [0m [33mADVISORY  congestion_breach [0m conf=0.64  ETA=  0.2m sev=[31mhigh  [0m [2mcirc f=99[0m
  [36mstation2 [0m [32mhealthy[0m                      conf=0.68  ETA=  1.4m sev=[31mhigh  [0m [2mcirc f=99[0m
    clean telemetry live: 2124 → 1518 rows
[2m[05:52:11] tick 78[0m
  [36mstation1 [0m [31m[1mCONFIRMED congestion_breach [0m conf=0.54  ETA=  0.2m sev=[31mhigh  [0m [2mcirc f=99[0m
  [36mstation2 [0m [32mhealthy[0m                      conf=0.57  ETA=  1.6m sev=[31mhigh  [0m [2mcirc f=99[0m
    clean telemetry live: 2124 → 1518 rows
[2m[05:52:26] tick 79[0m
  [36mstation1 [0m [31m[1mCONFIRMED congestion_breach [0m conf=0.78  ETA=  0.2m sev=[31mhigh  [0m [2mcirc f=99[0m
  [36mstation2 [0m [33mADVISORY  congestion_breach [0m conf=0.74  ETA=  1.3m sev=[31mhigh  [0m [2mcirc f=99[0m [2m[echo↓:congestion_breach → held][0m
    clean telemetry live: 2124 → 1518 rows
[2m[05:52:42] tick 80[0m
  [36mstation1 [0m [33mADVISORY  congestion_breach [0m conf=0.71  ETA=  0.2m sev=[31mhigh  [0m [2mcirc f=99[0m
  [36mstation2 [0m [32mhealthy[0m                      conf=0.51  ETA=  1.7m sev=[31mhigh  [0m [2mcirc f=99[0m [2m[echo↓:congestion_breach → held][0m
    clean telemetry live: 2124 → 1518 rows
[2m[05:52:57] tick 81[0m
  [36mstation1 [0m [33mADVISORY  congestion_breach [0m conf=0.78  ETA=  0.2m sev=[31mhigh  [0m [2mcirc f=99[0m
  [36mstation2 [0m [33mADVISORY  congestion_breach [0m conf=0.68  ETA=  1.6m sev=[31mhigh  [0m [2mcirc f=99[0m
    clean telemetry live: 2124 → 1518 rows
[2m[05:53:13] tick 82[0m
  [36mstation1 [0m [31m[1mCONFIRMED congestion_breach [0m conf=0.48  ETA=  0.2m sev=[31mhigh  [0m [2mcirc f=99[0m
  [36mstation2 [0m [33mADVISORY  congestion_breach [0m conf=0.77  ETA=  1.5m sev=[31mhigh  [0m [2mcirc f=99[0m [2m[echo↓:congestion_breach → held][0m
    clean telemetry live: 2124 → 1518 rows
[2m[05:53:28] tick 83[0m
  [36mstation1 [0m [31m[1mCONFIRMED congestion_breach [0m conf=0.60  ETA=  0.2m sev=[31mhigh  [0m [2mcirc f=99[0m
  [36mstation2 [0m [32mhealthy[0m                      conf=0.71  ETA=  1.5m sev=[31mhigh  [0m [2m     f=99[0m
    clean telemetry live: 2124 → 1518 rows
[2m[05:53:43] tick 84[0m
  [36mstation1 [0m [31m[1mCONFIRMED congestion_breach [0m conf=0.67  ETA=  0.2m sev=[31mhigh  [0m [2m     f=99[0m
  [36mstation2 [0m [32mhealthy[0m                      conf=0.77  ETA=  1.7m sev=[33mmedium[0m [2m     f=99[0m
    clean telemetry live: 2124 → 1518 rows
[2m[05:53:59] tick 85[0m
  [36mstation1 [0m [32mhealthy[0m                      conf=0.88  ETA=  0.2m sev=[33mmedium[0m [2m     f=99[0m
  [36mstation2 [0m [32mhealthy[0m                      conf=0.94  ETA=  1.8m sev=[33mmedium[0m [2m     f=99[0m
    clean telemetry live: 2124 → 1518 rows
[2m[05:54:14] tick 86[0m
  [36mstation1 [0m [32mhealthy[0m                      conf=0.95  ETA=  0.1m sev=[33mmedium[0m [2m     f=99[0m
  [36mstation2 [0m [32mhealthy[0m                      conf=0.91  ETA=  2.1m sev=[33mmedium[0m [2m     f=99[0m
    clean telemetry live: 2121 → 1515 rows
[2m[05:54:30] tick 87[0m
  [36mstation1 [0m [32mhealthy[0m                      conf=0.99  ETA=  0.2m sev=[33mmedium[0m [2m     f=99[0m
  [36mstation2 [0m [32mhealthy[0m                      conf=0.98  ETA=  2.6m sev=[33mmedium[0m [2m     f=99[0m
    clean telemetry live: 2121 → 1515 rows
[2m[05:54:45] tick 88[0m
  [36mstation1 [0m [32mhealthy[0m                      conf=0.99  ETA=  1.0m sev=[33mmedium[0m [2m     f=99[0m
  [36mstation2 [0m [32mhealthy[0m                      conf=0.99  ETA=  2.9m sev=[33mmedium[0m [2m     f=99[0m
    clean telemetry live: 2121 → 1515 rows
[2m[05:55:00] tick 89[0m
  [36mstation1 [0m [32mhealthy[0m                      conf=0.77  ETA=  1.7m sev=[32mlow   [0m [2m     f=99[0m
  [36mstation2 [0m [32mhealthy[0m                      conf=0.99  ETA=  3.0m sev=[32mlow   [0m [2m     f=99[0m
    clean telemetry live: 2124 → 1518 rows
[2m[05:55:16] tick 90[0m
  [36mstation1 [0m [32mhealthy[0m                      conf=0.68  ETA=  2.0m sev=[32mlow   [0m [2m     f=99[0m
  [36mstation2 [0m [32mhealthy[0m                      conf=0.74  ETA=  3.2m sev=[32mlow   [0m [2m     f=99[0m
    clean telemetry live: 2124 → 1518 rows
[2m[05:55:31] tick 91[0m
  [36mstation1 [0m [32mhealthy[0m                      conf=0.85  ETA=  2.7m sev=[32mlow   [0m [2m     f=99[0m
  [36mstation2 [0m [32mhealthy[0m                      conf=0.67  ETA=  3.2m sev=[32mlow   [0m [2m     f=99[0m
    clean telemetry live: 2124 → 1518 rows
[2m[05:55:47] tick 92[0m
  [36mstation1 [0m [32mhealthy[0m                      conf=0.87  ETA=  3.5m sev=[32mlow   [0m [2m     f=99[0m
  [36mstation2 [0m [32mhealthy[0m                      conf=0.63  ETA=  3.4m sev=[32mlow   [0m [2m     f=99[0m
    clean telemetry live: 2124 → 1518 rows
[2m[05:56:02] tick 93[0m
  [36mstation1 [0m [32mhealthy[0m                      conf=0.83  ETA=  4.4m sev=[33mmedium[0m [2m     f=99[0m
  [36mstation2 [0m [32mhealthy[0m                      conf=0.72  ETA=  3.3m sev=[33mmedium[0m [2m     f=99[0m
    clean telemetry live: 2124 → 1518 rows
[2m[05:56:18] tick 94[0m
  [36mstation1 [0m [32mhealthy[0m                      conf=0.88  ETA=  5.2m sev=[33mmedium[0m [2m     f=99[0m
  [36mstation2 [0m [32mhealthy[0m                      conf=0.71  ETA=  3.4m sev=[33mmedium[0m [2m     f=99[0m
    clean telemetry live: 2124 → 1518 rows
[2m[05:56:33] tick 95[0m
  [36mstation1 [0m [32mhealthy[0m                      conf=0.89  ETA=  5.5m sev=[33mmedium[0m [2m     f=99[0m
  [36mstation2 [0m [32mhealthy[0m                      conf=0.66  ETA=  3.4m sev=[33mmedium[0m [2m     f=99[0m
    clean telemetry live: 2124 → 1518 rows
[2m[05:56:48] tick 96[0m
  [36mstation1 [0m [32mhealthy[0m                      conf=0.68  ETA=  6.0m sev=[33mmedium[0m [2m     f=99[0m
  [36mstation2 [0m [32mhealthy[0m                      conf=0.51  ETA=  3.3m sev=[31mhigh  [0m [2m     f=99[0m
    clean telemetry live: 2124 → 1518 rows
[2m[05:57:04] tick 97[0m
  [36mstation1 [0m [32mhealthy[0m                      conf=0.67  ETA=  6.1m sev=[31mhigh  [0m [2m     f=99[0m
  [36mstation2 [0m [32mhealthy[0m                      conf=0.50  ETA=  3.2m sev=[31mhigh  [0m [2m     f=99[0m
    clean telemetry live: 2124 → 1518 rows
[2m[05:57:19] tick 98[0m
  [36mstation1 [0m [32mhealthy[0m                      conf=0.75  ETA=  6.2m sev=[31mhigh  [0m [2m     f=99[0m
  [36mstation2 [0m [33mADVISORY  tunnel_degradation[0m conf=0.66  ETA=  3.1m sev=[31mhigh  [0m [2m     f=99[0m
    clean telemetry live: 2124 → 1518 rows
[2m[05:57:35] tick 99[0m
  [36mstation1 [0m [32mhealthy[0m                      conf=0.84  ETA=  5.5m sev=[31mhigh  [0m [2m     f=99[0m
  [36mstation2 [0m [32mhealthy[0m                      conf=0.94  ETA=  3.0m sev=[31mhigh  [0m [2m     f=99[0m
    clean telemetry live: 2124 → 1518 rows
[2m[05:57:50] tick 100[0m
  [36mstation1 [0m [32mhealthy[0m                      conf=0.50  ETA=  5.4m sev=[31mhigh  [0m [2mcirc f=99[0m
  [36mstation2 [0m [33mADVISORY  tunnel_degradation[0m conf=0.93  ETA=  2.9m sev=[31mhigh  [0m [2m     f=99[0m
    clean telemetry live: 2124 → 1518 rows
[2m[05:58:05] tick 101[0m
  [36mstation1 [0m [33mADVISORY  tunnel_degradation[0m conf=0.87  ETA=  4.1m sev=[31mhigh  [0m [2m     f=99[0m
  [36mstation2 [0m [33mADVISORY  tunnel_degradation[0m conf=0.94  ETA=  2.8m sev=[31mhigh  [0m [2m     f=99[0m [2m[echo↓:tunnel_degradation → held][0m
    clean telemetry live: 2124 → 1518 rows
[2m[05:58:21] tick 102[0m
  [36mstation1 [0m [33mADVISORY  tunnel_degradation[0m conf=0.84  ETA=  3.9m sev=[31mhigh  [0m [2m     f=99[0m
  [36mstation2 [0m [33mADVISORY  tunnel_degradation[0m conf=0.95  ETA=  2.6m sev=[31mhigh  [0m [2m     f=99[0m
    clean telemetry live: 2124 → 1518 rows
[2m[05:58:36] tick 103[0m
  [36mstation1 [0m [31m[1mCONFIRMED tunnel_degradation[0m conf=0.89  ETA=  3.1m sev=[31mhigh  [0m [2m     f=99[0m
  [36mstation2 [0m [33mADVISORY  tunnel_degradation[0m conf=0.94  ETA=  2.6m sev=[31mhigh  [0m [2mcirc f=99[0m [2m[echo↓:tunnel_degradation → held][0m
    clean telemetry live: 2124 → 1518 rows
[2m[05:58:52] tick 104[0m
  [36mstation1 [0m [31m[1mCONFIRMED tunnel_degradation[0m conf=0.95  ETA=  2.1m sev=[31mhigh  [0m [2m     f=99[0m
  [36mstation2 [0m [33mADVISORY  tunnel_degradation[0m conf=0.97  ETA=  2.6m sev=[31mhigh  [0m [2mcirc f=99[0m [2m[echo↓:tunnel_degradation → held][0m
    clean telemetry live: 2124 → 1518 rows
[2m[05:59:07] tick 105[0m
  [36mstation1 [0m [31m[1mCONFIRMED tunnel_degradation[0m conf=0.93  ETA=  1.8m sev=[31mhigh  [0m [2m     f=99[0m
  [36mstation2 [0m [33mADVISORY  tunnel_degradation[0m conf=0.95  ETA=  2.3m sev=[31mhigh  [0m [2mcirc f=99[0m [2m[echo↓:tunnel_degradation → held][0m
    clean telemetry live: 2124 → 1518 rows
[2m[05:59:23] tick 106[0m
  [36mstation1 [0m [31m[1mCONFIRMED tunnel_degradation[0m conf=0.53  ETA=  1.4m sev=[31mhigh  [0m [2mcirc f=99[0m
  [36mstation2 [0m [33mADVISORY  tunnel_degradation[0m conf=0.96  ETA=  2.3m sev=[31mhigh  [0m [2m     f=99[0m [2m[echo↓:tunnel_degradation → held][0m
    clean telemetry live: 2124 → 1518 rows
[2m[05:59:38] tick 107[0m
  [36mstation1 [0m [31m[1mCONFIRMED tunnel_degradation[0m conf=0.93  ETA=  1.1m sev=[31mhigh  [0m [2m     f=99[0m
  [36mstation2 [0m [33mADVISORY  tunnel_degradation[0m conf=0.94  ETA=  2.2m sev=[31mhigh  [0m [2m     f=99[0m [2m[echo↓:tunnel_degradation → held][0m
    clean telemetry live: 2124 → 1518 rows
[2m[05:59:53] tick 108[0m
  [36mstation1 [0m [31m[1mCONFIRMED tunnel_degradation[0m conf=0.53  ETA=  0.8m sev=[31mhigh  [0m [2m     f=99[0m
  [36mstation2 [0m [33mADVISORY  tunnel_degradation[0m conf=0.94  ETA=  1.9m sev=[31mhigh  [0m [2m     f=99[0m
    clean telemetry live: 2124 → 1518 rows
[2m[06:00:09] tick 109[0m
  [36mstation1 [0m [31m[1mCONFIRMED tunnel_degradation[0m conf=0.52  ETA=  0.6m sev=[31mhigh  [0m [2m     f=99[0m
  [36mstation2 [0m [33mADVISORY  tunnel_degradation[0m conf=0.95  ETA=  1.8m sev=[31mhigh  [0m [2m     f=99[0m [2m[echo↓:tunnel_degradation → held][0m
    clean telemetry live: 2124 → 1518 rows
[2m[06:00:24] tick 110[0m
  [36mstation1 [0m [31m[1mCONFIRMED tunnel_degradation[0m conf=0.96  ETA=  0.5m sev=[31mhigh  [0m [2m     f=99[0m
  [36mstation2 [0m [33mADVISORY  tunnel_degradation[0m conf=0.96  ETA=  1.5m sev=[31mhigh  [0m [2m     f=99[0m [2m[echo↓:tunnel_degradation → held][0m
    clean telemetry live: 2124 → 1518 rows
[2m[06:00:40] tick 111[0m
  [36mstation1 [0m [31m[1mCONFIRMED tunnel_degradation[0m conf=0.51  ETA=  0.5m sev=[31mhigh  [0m [2m     f=99[0m
  [36mstation2 [0m [33mADVISORY  tunnel_degradation[0m conf=0.97  ETA=  1.8m sev=[31mhigh  [0m [2m     f=99[0m [2m[echo↓:tunnel_degradation → held][0m
    clean telemetry live: 2124 → 1518 rows
[2m[06:00:55] tick 112[0m
  [36mstation1 [0m [31m[1mCONFIRMED tunnel_degradation[0m conf=0.50  ETA=  0.5m sev=[31mhigh  [0m [2mcirc f=99[0m
  [36mstation2 [0m [33mADVISORY  tunnel_degradation[0m conf=0.96  ETA=  1.7m sev=[31mhigh  [0m [2mcirc f=99[0m [2m[echo↓:tunnel_degradation → held][0m
    clean telemetry live: 2124 → 1518 rows
[2m[06:01:10] tick 113[0m
  [36mstation1 [0m [33mADVISORY  tunnel_degradation[0m conf=0.93  ETA=  0.5m sev=[31mhigh  [0m [2m     f=99[0m
  [36mstation2 [0m [33mADVISORY  tunnel_degradation[0m conf=0.97  ETA=  1.6m sev=[31mhigh  [0m [2mcirc f=99[0m [2m[echo↓:tunnel_degradation → held][0m
    clean telemetry live: 2124 → 1518 rows
[2m[06:01:26] tick 114[0m
  [36mstation1 [0m [32mhealthy[0m                      conf=0.52  ETA=  0.5m sev=[31mhigh  [0m [2mcirc f=99[0m
  [36mstation2 [0m [33mADVISORY  tunnel_degradation[0m conf=0.97  ETA=  1.5m sev=[31mhigh  [0m [2mcirc f=99[0m [2m[echo↓:tunnel_degradation → held][0m
    clean telemetry live: 2124 → 1518 rows
[2m[06:01:41] tick 115[0m
  [36mstation1 [0m [31m[1mCONFIRMED tunnel_degradation[0m conf=0.96  ETA=  0.5m sev=[31mhigh  [0m [2mcirc f=99[0m
  [36mstation2 [0m [33mADVISORY  tunnel_degradation[0m conf=0.97  ETA=  1.5m sev=[31mhigh  [0m [2mcirc f=99[0m [2m[echo↓:tunnel_degradation → held][0m
    clean telemetry live: 2124 → 1518 rows
[2m[06:01:57] tick 116[0m
  [36mstation1 [0m [31m[1mCONFIRMED tunnel_degradation[0m conf=0.97  ETA=  0.5m sev=[31mhigh  [0m [2mcirc f=99[0m
  [36mstation2 [0m [33mADVISORY  tunnel_degradation[0m conf=0.97  ETA=  1.8m sev=[31mhigh  [0m [2mcirc f=99[0m [2m[echo↓:tunnel_degradation → held][0m
    clean telemetry live: 2124 → 1518 rows
[2m[06:02:12] tick 117[0m
  [36mstation1 [0m [31m[1mCONFIRMED tunnel_degradation[0m conf=0.94  ETA=  0.5m sev=[31mhigh  [0m [2m     f=99[0m
  [36mstation2 [0m [33mADVISORY  tunnel_degradation[0m conf=0.98  ETA=  1.7m sev=[31mhigh  [0m [2mcirc f=99[0m [2m[echo↓:tunnel_degradation → held][0m
    clean telemetry live: 2124 → 1518 rows
[2m[06:02:27] tick 118[0m
  [36mstation1 [0m [31m[1mCONFIRMED tunnel_degradation[0m conf=0.57  ETA=  0.5m sev=[31mhigh  [0m [2m     f=99[0m
  [36mstation2 [0m [33mADVISORY  tunnel_degradation[0m conf=0.95  ETA=  1.9m sev=[31mhigh  [0m [2mcirc f=99[0m [2m[echo↓:tunnel_degradation → held][0m
    clean telemetry live: 2124 → 1518 rows
[2m[06:02:43] tick 119[0m
  [36mstation1 [0m [31m[1mCONFIRMED tunnel_degradation[0m conf=0.95  ETA=  0.5m sev=[31mhigh  [0m [2mcirc f=99[0m
  [36mstation2 [0m [33mADVISORY  tunnel_degradation[0m conf=0.96  ETA=  1.7m sev=[31mhigh  [0m [2mcirc f=99[0m [2m[echo↓:tunnel_degradation → held][0m
    clean telemetry live: 2124 → 1518 rows
[2m[06:02:58] tick 120[0m
  [36mstation1 [0m [31m[1mCONFIRMED tunnel_degradation[0m conf=0.93  ETA=  0.5m sev=[31mhigh  [0m [2mcirc f=99[0m
  [36mstation2 [0m [33mADVISORY  tunnel_degradation[0m conf=0.93  ETA=  1.8m sev=[31mhigh  [0m [2mcirc f=99[0m [2m[echo↓:tunnel_degradation → held][0m
    clean telemetry live: 2124 → 1518 rows
[2m[06:03:14] tick 121[0m
  [36mstation1 [0m [31m[1mCONFIRMED tunnel_degradation[0m conf=0.62  ETA=  0.6m sev=[31mhigh  [0m [2mcirc f=99[0m
  [36mstation2 [0m [33mADVISORY  tunnel_degradation[0m conf=0.93  ETA=  1.8m sev=[31mhigh  [0m [2mcirc f=99[0m [2m[echo↓:tunnel_degradation → held][0m
    clean telemetry live: 2124 → 1518 rows
[2m[06:03:29] tick 122[0m
  [36mstation1 [0m [31m[1mCONFIRMED tunnel_degradation[0m conf=0.65  ETA=  0.6m sev=[31mhigh  [0m [2mcirc f=99[0m
  [36mstation2 [0m [33mADVISORY  tunnel_degradation[0m conf=0.92  ETA=  2.0m sev=[31mhigh  [0m [2mcirc f=99[0m [2m[echo↓:tunnel_degradation → held][0m
    clean telemetry live: 2124 → 1518 rows
[2m[06:03:44] tick 123[0m
  [36mstation1 [0m [31m[1mCONFIRMED tunnel_degradation[0m conf=0.62  ETA=  0.5m sev=[31mhigh  [0m [2mcirc f=99[0m
  [36mstation2 [0m [33mADVISORY  tunnel_degradation[0m conf=0.91  ETA=  1.8m sev=[31mhigh  [0m [2mcirc f=99[0m [2m[echo↓:tunnel_degradation → held][0m
    clean telemetry live: 2121 → 1515 rows
[2m[06:04:00] tick 124[0m
  [36mstation1 [0m [32mhealthy[0m                      conf=0.57  ETA=  0.6m sev=[31mhigh  [0m [2mcirc f=99[0m
  [36mstation2 [0m [33mADVISORY  tunnel_degradation[0m conf=0.82  ETA=  1.7m sev=[31mhigh  [0m [2mcirc f=99[0m [2m[echo↓:tunnel_degradation → held][0m
    clean telemetry live: 2121 → 1515 rows
[2m[06:04:15] tick 125[0m
  [36mstation1 [0m [31m[1mCONFIRMED tunnel_degradation[0m conf=0.54  ETA=  0.6m sev=[31mhigh  [0m [2mcirc f=99[0m
  [36mstation2 [0m [33mADVISORY  tunnel_degradation[0m conf=0.83  ETA=  1.6m sev=[31mhigh  [0m [2mcirc f=99[0m [2m[echo↓:tunnel_degradation → held][0m
    clean telemetry live: 2121 → 1515 rows
[2m[06:04:31] tick 126[0m
  [36mstation1 [0m [31m[1mCONFIRMED tunnel_degradation[0m conf=0.61  ETA=  0.5m sev=[31mhigh  [0m [2mcirc f=99[0m
  [36mstation2 [0m [33mADVISORY  tunnel_degradation[0m conf=0.76  ETA=  1.6m sev=[31mhigh  [0m [2mcirc f=99[0m [2m[echo↓:tunnel_degradation → held][0m
    clean telemetry live: 2124 → 1518 rows
[2m[06:04:46] tick 127[0m
  [36mstation1 [0m [31m[1mCONFIRMED tunnel_degradation[0m conf=0.58  ETA=  0.5m sev=[31mhigh  [0m [2mcirc f=99[0m
  [36mstation2 [0m [33mADVISORY  tunnel_degradation[0m conf=0.61  ETA=  1.5m sev=[31mhigh  [0m [2mcirc f=99[0m [2m[echo↓:tunnel_degradation → held][0m
    clean telemetry live: 2124 → 1518 rows
[2m[06:05:01] tick 128[0m
  [36mstation1 [0m [32mhealthy[0m                      conf=0.57  ETA=  0.4m sev=[31mhigh  [0m [2mcirc f=99[0m
  [36mstation2 [0m [33mADVISORY  tunnel_degradation[0m conf=0.65  ETA=  1.7m sev=[31mhigh  [0m [2mcirc f=99[0m [2m[echo↓:tunnel_degradation → held][0m
    clean telemetry live: 2124 → 1518 rows
[2m[06:05:17] tick 129[0m
  [36mstation1 [0m [32mhealthy[0m                      conf=0.77  ETA=  0.8m sev=[31mhigh  [0m [2mcirc f=99[0m
  [36mstation2 [0m [33mADVISORY  tunnel_degradation[0m conf=0.68  ETA=  1.3m sev=[31mhigh  [0m [2mcirc f=99[0m [2m[echo↓:tunnel_degradation → held][0m
    clean telemetry live: 2124 → 1518 rows
[2m[06:05:32] tick 130[0m
  [36mstation1 [0m [32mhealthy[0m                      conf=0.78  ETA=  0.4m sev=[31mhigh  [0m [2mcirc f=99[0m
  [36mstation2 [0m [33mADVISORY  tunnel_degradation[0m conf=0.63  ETA=  1.2m sev=[31mhigh  [0m [2mcirc f=99[0m [2m[echo↓:tunnel_degradation → held][0m
    clean telemetry live: 2124 → 1518 rows
[2m[06:05:48] tick 131[0m
  [36mstation1 [0m [32mhealthy[0m                      conf=0.77  ETA=  0.5m sev=[31mhigh  [0m [2mcirc f=99[0m
  [36mstation2 [0m [33mADVISORY  tunnel_degradation[0m conf=0.52  ETA=  1.2m sev=[31mhigh  [0m [2mcirc f=99[0m [2m[echo↓:tunnel_degradation → held][0m
    clean telemetry live: 2124 → 1518 rows
[2m[06:06:03] tick 132[0m
  [36mstation1 [0m [32mhealthy[0m                      conf=0.85  ETA=  0.7m sev=[31mhigh  [0m [2mcirc f=99[0m
  [36mstation2 [0m [33mADVISORY  tunnel_degradation[0m conf=0.56  ETA=  1.5m sev=[31mhigh  [0m [2mcirc f=99[0m [2m[echo↓:tunnel_degradation → held][0m
    clean telemetry live: 2124 → 1518 rows
[2m[06:06:18] tick 133[0m
  [36mstation1 [0m [32mhealthy[0m                      conf=0.88  ETA=  0.8m sev=[31mhigh  [0m [2mcirc f=99[0m
  [36mstation2 [0m [32mhealthy[0m                      conf=0.59  ETA=  1.0m sev=[31mhigh  [0m [2mcirc f=99[0m
    clean telemetry live: 2124 → 1518 rows
[2m[06:06:34] tick 134[0m
  [36mstation1 [0m [32mhealthy[0m                      conf=0.80  ETA=  0.5m sev=[31mhigh  [0m [2mcirc f=99[0m
  [36mstation2 [0m [32mhealthy[0m                      conf=0.60  ETA=  1.0m sev=[31mhigh  [0m [2mcirc f=99[0m
    clean telemetry live: 2124 → 1518 rows
[2m[06:06:49] tick 135[0m
  [36mstation1 [0m [32mhealthy[0m                      conf=0.66  ETA=  0.5m sev=[31mhigh  [0m [2m     f=99[0m
  [36mstation2 [0m [32mhealthy[0m                      conf=0.61  ETA=  1.0m sev=[31mhigh  [0m [2mcirc f=99[0m
    clean telemetry live: 2124 → 1518 rows
[2m[06:07:05] tick 136[0m
  [36mstation1 [0m [32mhealthy[0m                      conf=0.75  ETA=  0.6m sev=[31mhigh  [0m [2m     f=99[0m
  [36mstation2 [0m [33mADVISORY  tunnel_degradation[0m conf=0.51  ETA=  2.3m sev=[31mhigh  [0m [2mcirc f=99[0m [2m[echo↓:tunnel_degradation → held][0m
    clean telemetry live: 2124 → 1518 rows
[2m[06:07:20] tick 137[0m
  [36mstation1 [0m [32mhealthy[0m                      conf=0.78  ETA=  0.8m sev=[31mhigh  [0m [2mcirc f=99[0m
  [36mstation2 [0m [32mhealthy[0m                      conf=0.65  ETA=  1.3m sev=[31mhigh  [0m [2mcirc f=99[0m
    clean telemetry live: 2124 → 1518 rows
[2m[06:07:36] tick 138[0m
  [36mstation1 [0m [32mhealthy[0m                      conf=0.96  ETA=  0.7m sev=[31mhigh  [0m [2m     f=99[0m
  [36mstation2 [0m [32mhealthy[0m                      conf=0.77  ETA=  1.3m sev=[31mhigh  [0m [2m     f=99[0m
    clean telemetry live: 2124 → 1518 rows
[2m[06:07:51] tick 139[0m
  [36mstation1 [0m [32mhealthy[0m                      conf=0.95  ETA=  0.8m sev=[31mhigh  [0m [2m     f=99[0m
  [36mstation2 [0m [32mhealthy[0m                      conf=0.80  ETA=  1.5m sev=[31mhigh  [0m [2m     f=99[0m
    clean telemetry live: 2124 → 1518 rows
[2m[06:08:06] tick 140[0m
  [36mstation1 [0m [32mhealthy[0m                      conf=0.95  ETA=  0.7m sev=[31mhigh  [0m [2m     f=99[0m
  [36mstation2 [0m [32mhealthy[0m                      conf=0.94  ETA=  1.8m sev=[31mhigh  [0m [2m     f=99[0m
    clean telemetry live: 2124 → 1518 rows
[2m[06:08:22] tick 141[0m
  [36mstation1 [0m [32mhealthy[0m                      conf=0.99  ETA=  0.6m sev=[33mmedium[0m [2m     f=99[0m
  [36mstation2 [0m [32mhealthy[0m                      conf=0.98  ETA=  0.9m sev=[33mmedium[0m [2m     f=99[0m
    clean telemetry live: 2124 → 1518 rows
[2m[06:08:37] tick 142[0m
  [36mstation1 [0m [32mhealthy[0m                      conf=0.99  ETA=  1.1m sev=[33mmedium[0m [2m     f=99[0m
  [36mstation2 [0m [32mhealthy[0m                      conf=0.96  ETA=  1.3m sev=[33mmedium[0m [2m     f=99[0m
    clean telemetry live: 2124 → 1518 rows
[2m[06:08:53] tick 143[0m
  [36mstation1 [0m [32mhealthy[0m                      conf=0.99  ETA=  1.0m sev=[32mlow   [0m [2m     f=99[0m
  [36mstation2 [0m [32mhealthy[0m                      conf=0.98  ETA=  0.9m sev=[33mmedium[0m [2m     f=99[0m
    clean telemetry live: 2124 → 1518 rows
[2m[06:09:08] tick 144[0m
  [36mstation1 [0m [32mhealthy[0m                      conf=0.99  ETA=  1.2m sev=[32mlow   [0m [2m     f=99[0m
  [36mstation2 [0m [32mhealthy[0m                      conf=0.98  ETA=  1.0m sev=[33mmedium[0m [2m     f=99[0m
    clean telemetry live: 2124 → 1518 rows
[2m[06:09:23] tick 145[0m
  [36mstation1 [0m [32mhealthy[0m                      conf=0.97  ETA=  1.5m sev=[32mlow   [0m [2m     f=99[0m
  [36mstation2 [0m [32mhealthy[0m                      conf=0.99  ETA=  1.1m sev=[33mmedium[0m [2m     f=99[0m
    clean telemetry live: 2124 → 1518 rows
[2m[06:09:39] tick 146[0m
  [36mstation1 [0m [32mhealthy[0m                      conf=0.99  ETA=  2.5m sev=[32mlow   [0m [2m     f=99[0m
  [36mstation2 [0m [32mhealthy[0m                      conf=0.99  ETA=  1.8m sev=[32mlow   [0m [2m     f=99[0m
    clean telemetry live: 2124 → 1518 rows
[2m[06:09:54] tick 147[0m
  [36mstation1 [0m [32mhealthy[0m                      conf=1.00  ETA=  4.8m sev=[32mlow   [0m [2m     f=99[0m
  [36mstation2 [0m [32mhealthy[0m                      conf=0.99  ETA=  1.8m sev=[32mlow   [0m [2m     f=99[0m
    clean telemetry live: 2124 → 1518 rows
[2m[06:10:09] tick 148[0m
  [36mstation1 [0m [32mhealthy[0m                      conf=0.99  ETA=  4.4m sev=[32mlow   [0m [2m     f=99[0m
  [36mstation2 [0m [32mhealthy[0m                      conf=0.98  ETA=  1.9m sev=[32mlow   [0m [2m     f=99[0m
    clean telemetry live: 2124 → 1518 rows
[2m[06:10:25] tick 149[0m
  [36mstation1 [0m [32mhealthy[0m                      conf=0.83  ETA=  5.4m sev=[32mlow   [0m [2m     f=99[0m
  [36mstation2 [0m [32mhealthy[0m                      conf=0.75  ETA=  3.0m sev=[32mlow   [0m [2m     f=99[0m
    clean telemetry live: 2124 → 1518 rows
[2m[06:10:40] tick 150[0m
  [36mstation1 [0m [32mhealthy[0m                      conf=0.94  ETA=  5.4m sev=[32mlow   [0m [2m     f=99[0m
  [36mstation2 [0m [32mhealthy[0m                      conf=0.86  ETA=  2.4m sev=[32mlow   [0m [2m     f=99[0m
    clean telemetry live: 2124 → 1518 rows
[2m[06:10:56] tick 151[0m
  [36mstation1 [0m [32mhealthy[0m                      conf=0.95  ETA=  4.8m sev=[33mmedium[0m [2m     f=99[0m
  [36mstation2 [0m [32mhealthy[0m                      conf=0.91  ETA=  2.4m sev=[32mlow   [0m [2m     f=99[0m
    clean telemetry live: 2124 → 1518 rows
[2m[06:11:11] tick 152[0m
  [36mstation1 [0m [32mhealthy[0m                      conf=0.95  ETA=  4.4m sev=[33mmedium[0m [2m     f=99[0m
  [36mstation2 [0m [32mhealthy[0m                      conf=0.91  ETA=  2.6m sev=[32mlow   [0m [2m     f=99[0m
    clean telemetry live: 2124 → 1518 rows
[2m[06:11:26] tick 153[0m
  [36mstation1 [0m [32mhealthy[0m                      conf=0.93  ETA=  5.4m sev=[33mmedium[0m [2m     f=99[0m
  [36mstation2 [0m [32mhealthy[0m                      conf=0.84  ETA=  2.7m sev=[32mlow   [0m [2m     f=99[0m
    clean telemetry live: 2124 → 1518 rows
[2m[06:11:42] tick 154[0m
  [36mstation1 [0m [32mhealthy[0m                      conf=0.95  ETA=  5.2m sev=[33mmedium[0m [2m     f=99[0m
  [36mstation2 [0m [32mhealthy[0m                      conf=0.88  ETA=  3.2m sev=[32mlow   [0m [2m     f=99[0m
    clean telemetry live: 2124 → 1518 rows
[2m[06:11:57] tick 155[0m
  [36mstation1 [0m [32mhealthy[0m                      conf=0.93  ETA=  5.4m sev=[33mmedium[0m [2m     f=99[0m
  [36mstation2 [0m [32mhealthy[0m                      conf=0.88  ETA=  3.1m sev=[32mlow   [0m [2m     f=99[0m
    clean telemetry live: 2124 → 1518 rows
[2m[06:12:13] tick 156[0m
  [36mstation1 [0m [32mhealthy[0m                      conf=0.90  ETA=  5.1m sev=[33mmedium[0m [2m     f=99[0m
  [36mstation2 [0m [32mhealthy[0m                      conf=0.78  ETA=  3.2m sev=[32mlow   [0m [2m     f=99[0m
    clean telemetry live: 2124 → 1518 rows
[2m[06:12:28] tick 157[0m
  [36mstation1 [0m [32mhealthy[0m                      conf=0.63  ETA=  5.5m sev=[33mmedium[0m [2m     f=99[0m
  [36mstation2 [0m [32mhealthy[0m                      conf=0.81  ETA=  3.2m sev=[33mmedium[0m [2mcirc f=99[0m
    clean telemetry live: 2124 → 1518 rows
[2m[06:12:43] tick 158[0m
  [36mstation1 [0m [32mhealthy[0m                      conf=0.52  ETA=  4.5m sev=[33mmedium[0m [2m     f=99[0m
  [36mstation2 [0m [32mhealthy[0m                      conf=0.63  ETA=  2.9m sev=[33mmedium[0m [2m     f=99[0m
    clean telemetry live: 2124 → 1518 rows
[2m[06:12:59] tick 159[0m
  [36mstation1 [0m [32mhealthy[0m                      conf=0.73  ETA=  4.4m sev=[33mmedium[0m [2mcirc f=99[0m
  [36mstation2 [0m [32mhealthy[0m                      conf=0.50  ETA=  3.0m sev=[33mmedium[0m [2m     f=99[0m
    clean telemetry live: 2124 → 1518 rows
[2m[06:13:14] tick 160[0m
  [36mstation1 [0m [32mhealthy[0m                      conf=0.73  ETA=  4.0m sev=[33mmedium[0m [2mcirc f=99[0m
  [36mstation2 [0m [33mADVISORY  tunnel_degradation[0m conf=0.80  ETA=  3.0m sev=[31mhigh  [0m [2mcirc f=99[0m
    clean telemetry live: 2124 → 1518 rows
[2m[06:13:30] tick 161[0m
  [36mstation1 [0m [32mhealthy[0m                      conf=0.80  ETA=  3.7m sev=[33mmedium[0m [2m     f=99[0m
  [36mstation2 [0m [32mhealthy[0m                      conf=0.83  ETA=  2.9m sev=[31mhigh  [0m [2mcirc f=99[0m
    clean telemetry live: 2121 → 1515 rows
[2m[06:13:45] tick 162[0m
  [36mstation1 [0m [32mhealthy[0m                      conf=0.63  ETA=  3.4m sev=[31mhigh  [0m [2m     f=99[0m
  [36mstation2 [0m [32mhealthy[0m                      conf=0.54  ETA=  2.9m sev=[31mhigh  [0m [2mcirc f=99[0m
    clean telemetry live: 2121 → 1515 rows
[2m[06:14:00] tick 163[0m
  [36mstation1 [0m [32mhealthy[0m                      conf=0.55  ETA=  2.9m sev=[31mhigh  [0m [2m     f=99[0m
  [36mstation2 [0m [33mADVISORY  tunnel_degradation[0m conf=0.76  ETA=  2.9m sev=[31mhigh  [0m [2m     f=99[0m
    clean telemetry live: 2124 → 1518 rows
[2m[06:14:16] tick 164[0m
  [36mstation1 [0m [33mADVISORY  tunnel_degradation[0m conf=0.85  ETA=  2.7m sev=[31mhigh  [0m [2m     f=99[0m
  [36mstation2 [0m [33mADVISORY  tunnel_degradation[0m conf=0.96  ETA=  2.8m sev=[31mhigh  [0m [2mcirc f=99[0m [2m[echo↓:tunnel_degradation → held][0m
    clean telemetry live: 2124 → 1518 rows
[2m[06:14:31] tick 165[0m
  [36mstation1 [0m [33mADVISORY  tunnel_degradation[0m conf=0.92  ETA=  2.6m sev=[31mhigh  [0m [2m     f=99[0m
  [36mstation2 [0m [33mADVISORY  tunnel_degradation[0m conf=0.98  ETA=  2.8m sev=[31mhigh  [0m [2mcirc f=99[0m
    clean telemetry live: 2124 → 1518 rows
[2m[06:14:47] tick 166[0m
  [36mstation1 [0m [31m[1mCONFIRMED tunnel_degradation[0m conf=0.93  ETA=  2.3m sev=[31mhigh  [0m [2mcirc f=99[0m
  [36mstation2 [0m [33mADVISORY  tunnel_degradation[0m conf=0.98  ETA=  2.8m sev=[31mhigh  [0m [2mcirc f=99[0m [2m[echo↓:tunnel_degradation → held][0m
    clean telemetry live: 2124 → 1518 rows
[2m[06:15:02] tick 167[0m
  [36mstation1 [0m [31m[1mCONFIRMED tunnel_degradation[0m conf=0.94  ETA=  1.9m sev=[31mhigh  [0m [2mcirc f=99[0m
  [36mstation2 [0m [33mADVISORY  tunnel_degradation[0m conf=0.98  ETA=  2.6m sev=[31mhigh  [0m [2mcirc f=99[0m [2m[echo↓:tunnel_degradation → held][0m
    clean telemetry live: 2124 → 1518 rows
[2m[06:15:17] tick 168[0m
  [36mstation1 [0m [31m[1mCONFIRMED tunnel_degradation[0m conf=0.96  ETA=  1.9m sev=[31mhigh  [0m [2m     f=99[0m
  [36mstation2 [0m [33mADVISORY  tunnel_degradation[0m conf=0.98  ETA=  2.6m sev=[31mhigh  [0m [2mcirc f=99[0m [2m[echo↓:tunnel_degradation → held][0m
    clean telemetry live: 2124 → 1518 rows
[2m[06:15:33] tick 169[0m
  [36mstation1 [0m [31m[1mCONFIRMED tunnel_degradation[0m conf=0.97  ETA=  1.5m sev=[31mhigh  [0m [2mcirc f=99[0m
  [36mstation2 [0m [33mADVISORY  tunnel_degradation[0m conf=0.98  ETA=  2.4m sev=[31mhigh  [0m [2mcirc f=99[0m [2m[echo↓:tunnel_degradation → held][0m
    clean telemetry live: 2124 → 1518 rows
[2m[06:15:48] tick 170[0m
  [36mstation1 [0m [31m[1mCONFIRMED tunnel_degradation[0m conf=0.96  ETA=  1.4m sev=[31mhigh  [0m [2mcirc f=99[0m
  [36mstation2 [0m [33mADVISORY  tunnel_degradation[0m conf=0.98  ETA=  2.4m sev=[31mhigh  [0m [2mcirc f=99[0m [2m[echo↓:tunnel_degradation → held][0m
    clean telemetry live: 2124 → 1518 rows
[2m[06:16:04] tick 171[0m
  [36mstation1 [0m [31m[1mCONFIRMED tunnel_degradation[0m conf=0.93  ETA=  1.2m sev=[31mhigh  [0m [2mcirc f=99[0m
  [36mstation2 [0m [33mADVISORY  tunnel_degradation[0m conf=0.97  ETA=  2.3m sev=[31mhigh  [0m [2mcirc f=99[0m [2m[echo↓:tunnel_degradation → held][0m
    clean telemetry live: 2124 → 1518 rows
[2m[06:16:19] tick 172[0m
  [36mstation1 [0m [31m[1mCONFIRMED tunnel_degradation[0m conf=0.88  ETA=  1.0m sev=[31mhigh  [0m [2m     f=99[0m
  [36mstation2 [0m [33mADVISORY  tunnel_degradation[0m conf=0.98  ETA=  2.3m sev=[31mhigh  [0m [2mcirc f=99[0m [2m[echo↓:tunnel_degradation → held][0m
    clean telemetry live: 2124 → 1518 rows
[2m[06:16:34] tick 173[0m
  [36mstation1 [0m [31m[1mCONFIRMED tunnel_degradation[0m conf=0.91  ETA=  1.2m sev=[31mhigh  [0m [2mcirc f=99[0m
  [36mstation2 [0m [33mADVISORY  tunnel_degradation[0m conf=0.97  ETA=  2.3m sev=[31mhigh  [0m [2mcirc f=99[0m [2m[echo↓:tunnel_degradation → held][0m
    clean telemetry live: 2124 → 1518 rows
[2m[06:16:50] tick 174[0m
  [36mstation1 [0m [31m[1mCONFIRMED tunnel_degradation[0m conf=0.95  ETA=  1.2m sev=[31mhigh  [0m [2m     f=99[0m
  [36mstation2 [0m [33mADVISORY  tunnel_degradation[0m conf=0.97  ETA=  2.3m sev=[31mhigh  [0m [2mcirc f=99[0m [2m[echo↓:tunnel_degradation → held][0m
    clean telemetry live: 2124 → 1518 rows
[2m[06:17:05] tick 175[0m
  [36mstation1 [0m [31m[1mCONFIRMED tunnel_degradation[0m conf=0.95  ETA=  1.2m sev=[31mhigh  [0m [2m     f=99[0m
  [36mstation2 [0m [33mADVISORY  tunnel_degradation[0m conf=0.97  ETA=  2.3m sev=[31mhigh  [0m [2mcirc f=99[0m [2m[echo↓:tunnel_degradation → held][0m
    clean telemetry live: 2124 → 1518 rows
[2m[06:17:21] tick 176[0m
  [36mstation1 [0m [31m[1mCONFIRMED tunnel_degradation[0m conf=0.96  ETA=  1.1m sev=[31mhigh  [0m [2mcirc f=99[0m
  [36mstation2 [0m [33mADVISORY  tunnel_degradation[0m conf=0.97  ETA=  2.2m sev=[31mhigh  [0m [2mcirc f=99[0m [2m[echo↓:tunnel_degradation → held][0m
    clean telemetry live: 2124 → 1518 rows
[2m[06:17:36] tick 177[0m
  [36mstation1 [0m [31m[1mCONFIRMED tunnel_degradation[0m conf=0.93  ETA=  1.1m sev=[31mhigh  [0m [2mcirc f=99[0m
  [36mstation2 [0m [33mADVISORY  tunnel_degradation[0m conf=0.92  ETA=  2.3m sev=[31mhigh  [0m [2mcirc f=99[0m [2m[echo↓:tunnel_degradation → held][0m
    clean telemetry live: 2124 → 1518 rows
[2m[06:17:51] tick 178[0m
  [36mstation1 [0m [31m[1mCONFIRMED tunnel_degradation[0m conf=0.97  ETA=  1.1m sev=[31mhigh  [0m [2mcirc f=99[0m
  [36mstation2 [0m [33mADVISORY  tunnel_degradation[0m conf=0.95  ETA=  2.2m sev=[31mhigh  [0m [2mcirc f=99[0m [2m[echo↓:tunnel_degradation → held][0m
    clean telemetry live: 2124 → 1518 rows
[2m[06:18:07] tick 179[0m
  [36mstation1 [0m [31m[1mCONFIRMED tunnel_degradation[0m conf=0.92  ETA=  1.0m sev=[31mhigh  [0m [2m     f=99[0m
  [36mstation2 [0m [33mADVISORY  tunnel_degradation[0m conf=0.93  ETA=  2.2m sev=[31mhigh  [0m [2mcirc f=99[0m [2m[echo↓:tunnel_degradation → held][0m
    clean telemetry live: 2124 → 1518 rows
[2m[06:18:22] tick 180[0m
  [36mstation1 [0m [31m[1mCONFIRMED tunnel_degradation[0m conf=0.77  ETA=  1.0m sev=[31mhigh  [0m [2m     f=99[0m
  [36mstation2 [0m [33mADVISORY  tunnel_degradation[0m conf=0.94  ETA=  2.3m sev=[31mhigh  [0m [2mcirc f=99[0m [2m[echo↓:tunnel_degradation → held][0m
    clean telemetry live: 2124 → 1518 rows
[2m[06:18:38] tick 181[0m
  [36mstation1 [0m [31m[1mCONFIRMED tunnel_degradation[0m conf=0.77  ETA=  0.9m sev=[31mhigh  [0m [2m     f=99[0m
  [36mstation2 [0m [33mADVISORY  tunnel_degradation[0m conf=0.91  ETA=  2.2m sev=[31mhigh  [0m [2mcirc f=99[0m [2m[echo↓:tunnel_degradation → held][0m
    clean telemetry live: 2124 → 1518 rows
[2m[06:18:53] tick 182[0m
  [36mstation1 [0m [31m[1mCONFIRMED tunnel_degradation[0m conf=0.59  ETA=  0.8m sev=[31mhigh  [0m [2mcirc f=99[0m
  [36mstation2 [0m [33mADVISORY  tunnel_degradation[0m conf=0.92  ETA=  2.2m sev=[31mhigh  [0m [2mcirc f=99[0m [2m[echo↓:tunnel_degradation → held][0m
    clean telemetry live: 2124 → 1518 rows
[2m[06:19:08] tick 183[0m
  [36mstation1 [0m [31m[1mCONFIRMED tunnel_degradation[0m conf=0.59  ETA=  0.8m sev=[31mhigh  [0m [2mcirc f=99[0m
  [36mstation2 [0m [33mADVISORY  tunnel_degradation[0m conf=0.93  ETA=  2.2m sev=[31mhigh  [0m [2mcirc f=99[0m [2m[echo↓:tunnel_degradation → held][0m
    clean telemetry live: 2124 → 1518 rows
[2m[06:19:24] tick 184[0m
  [36mstation1 [0m [32mhealthy[0m                      conf=0.57  ETA=  0.7m sev=[31mhigh  [0m [2mcirc f=99[0m
  [36mstation2 [0m [33mADVISORY  tunnel_degradation[0m conf=0.87  ETA=  2.2m sev=[31mhigh  [0m [2mcirc f=99[0m [2m[echo↓:tunnel_degradation → held][0m
    clean telemetry live: 2124 → 1518 rows
[2m[06:19:39] tick 185[0m
  [36mstation1 [0m [32mhealthy[0m                      conf=0.59  ETA=  0.5m sev=[31mhigh  [0m [2m     f=99[0m
  [36mstation2 [0m [33mADVISORY  tunnel_degradation[0m conf=0.60  ETA=  2.1m sev=[31mhigh  [0m [2mcirc f=99[0m [2m[echo↓:tunnel_degradation → held][0m
    clean telemetry live: 2124 → 1518 rows
[2m[06:19:54] tick 186[0m
  [36mstation1 [0m [32mhealthy[0m                      conf=0.56  ETA=  0.6m sev=[31mhigh  [0m [2m     f=99[0m
  [36mstation2 [0m [33mADVISORY  tunnel_degradation[0m conf=0.81  ETA=  2.1m sev=[31mhigh  [0m [2mcirc f=99[0m [2m[echo↓:tunnel_degradation → held][0m
    clean telemetry live: 2124 → 1518 rows
[2m[06:20:10] tick 187[0m
  [36mstation1 [0m [32mhealthy[0m                      conf=0.80  ETA=  0.4m sev=[31mhigh  [0m [2mcirc f=99[0m
  [36mstation2 [0m [33mADVISORY  tunnel_degradation[0m conf=0.78  ETA=  2.1m sev=[31mhigh  [0m [2mcirc f=99[0m [2m[echo↓:tunnel_degradation → held][0m
    clean telemetry live: 2124 → 1518 rows
[2m[06:20:25] tick 188[0m
  [36mstation1 [0m [32mhealthy[0m                      conf=0.61  ETA=  0.5m sev=[31mhigh  [0m [2m     f=99[0m
  [36mstation2 [0m [33mADVISORY  tunnel_degradation[0m conf=0.54  ETA=  2.0m sev=[31mhigh  [0m [2mcirc f=99[0m [2m[echo↓:tunnel_degradation → held][0m
    clean telemetry live: 2124 → 1518 rows
[2m[06:20:41] tick 189[0m
  [36mstation1 [0m [32mhealthy[0m                      conf=0.75  ETA=  0.6m sev=[31mhigh  [0m [2mcirc f=99[0m
  [36mstation2 [0m [33mADVISORY  tunnel_degradation[0m conf=0.59  ETA=  1.9m sev=[31mhigh  [0m [2mcirc f=99[0m [2m[echo↓:tunnel_degradation → held][0m
    clean telemetry live: 2124 → 1518 rows
[2m[06:20:56] tick 190[0m
  [36mstation1 [0m [32mhealthy[0m                      conf=0.81  ETA=  0.6m sev=[31mhigh  [0m [2m     f=99[0m
  [36mstation2 [0m [33mADVISORY  tunnel_degradation[0m conf=0.59  ETA=  1.8m sev=[31mhigh  [0m [2mcirc f=99[0m [2m[echo↓:tunnel_degradation → held][0m
    clean telemetry live: 2124 → 1518 rows
[2m[06:21:12] tick 191[0m
  [36mstation1 [0m [32mhealthy[0m                      conf=0.78  ETA=  0.5m sev=[31mhigh  [0m [2m     f=99[0m
  [36mstation2 [0m [33mADVISORY  tunnel_degradation[0m conf=0.61  ETA=  1.7m sev=[31mhigh  [0m [2mcirc f=99[0m [2m[echo↓:tunnel_degradation → held][0m
    clean telemetry live: 2124 → 1518 rows
[2m[06:21:27] tick 192[0m
  [36mstation1 [0m [32mhealthy[0m                      conf=0.58  ETA=  0.5m sev=[31mhigh  [0m [2m     f=99[0m
  [36mstation2 [0m [32mhealthy[0m                      conf=0.60  ETA=  1.4m sev=[31mhigh  [0m [2mcirc f=99[0m
    clean telemetry live: 2124 → 1518 rows
[2m[06:21:42] tick 193[0m
  [36mstation1 [0m [32mhealthy[0m                      conf=0.76  ETA=  0.5m sev=[31mhigh  [0m [2m     f=99[0m
  [36mstation2 [0m [32mhealthy[0m                      conf=0.52  ETA=  1.6m sev=[31mhigh  [0m [2mcirc f=99[0m
    clean telemetry live: 2124 → 1518 rows
[2m[06:21:58] tick 194[0m
  [36mstation1 [0m [32mhealthy[0m                      conf=0.63  ETA=  0.5m sev=[31mhigh  [0m [2m     f=99[0m
  [36mstation2 [0m [33mADVISORY  tunnel_degradation[0m conf=0.56  ETA=  1.6m sev=[31mhigh  [0m [2mcirc f=99[0m [2m[echo↓:tunnel_degradation → held][0m
    clean telemetry live: 2124 → 1518 rows
[2m[06:22:13] tick 195[0m
  [36mstation1 [0m [32mhealthy[0m                      conf=0.74  ETA=  0.6m sev=[31mhigh  [0m [2m     f=99[0m
  [36mstation2 [0m [32mhealthy[0m                      conf=0.47  ETA=  1.7m sev=[31mhigh  [0m [2mcirc f=99[0m
    clean telemetry live: 2124 → 1518 rows
[2m[06:22:29] tick 196[0m
  [36mstation1 [0m [32mhealthy[0m                      conf=0.73  ETA=  0.6m sev=[31mhigh  [0m [2m     f=99[0m
  [36mstation2 [0m [33mADVISORY  tunnel_degradation[0m conf=0.50  ETA=  1.9m sev=[31mhigh  [0m [2mcirc f=99[0m
    clean telemetry live: 2124 → 1518 rows
[2m[06:22:44] tick 197[0m
  [36mstation1 [0m [32mhealthy[0m                      conf=0.74  ETA=  0.7m sev=[31mhigh  [0m [2m     f=99[0m
  [36mstation2 [0m [32mhealthy[0m                      conf=0.51  ETA=  2.2m sev=[31mhigh  [0m [2mcirc f=99[0m
    clean telemetry live: 2124 → 1518 rows
[2m[06:22:59] tick 198[0m
  [36mstation1 [0m [32mhealthy[0m                      conf=0.84  ETA=  0.7m sev=[31mhigh  [0m [2m     f=99[0m
  [36mstation2 [0m [32mhealthy[0m                      conf=0.59  ETA=  2.1m sev=[31mhigh  [0m [2mcirc f=99[0m
    clean telemetry live: 2121 → 1515 rows
[2m[06:23:15] tick 199[0m
  [36mstation1 [0m [32mhealthy[0m                      conf=0.65  ETA=  0.7m sev=[31mhigh  [0m [2m     f=99[0m
  [36mstation2 [0m [32mhealthy[0m                      conf=0.52  ETA=  3.3m sev=[31mhigh  [0m [2mcirc f=99[0m [2m[echo↓:tunnel_degradation → held][0m
    clean telemetry live: 2121 → 1515 rows
[2m[06:23:30] tick 200[0m
  [36mstation1 [0m [32mhealthy[0m                      conf=0.90  ETA=  0.7m sev=[31mhigh  [0m [2m     f=99[0m
  [36mstation2 [0m [32mhealthy[0m                      conf=0.57  ETA=  2.4m sev=[31mhigh  [0m [2mcirc f=99[0m
    clean telemetry live: 2121 → 1515 rows
[2m[06:23:45] tick 201[0m
  [36mstation1 [0m [32mhealthy[0m                      conf=0.95  ETA=  1.0m sev=[31mhigh  [0m [2m     f=99[0m
  [36mstation2 [0m [32mhealthy[0m                      conf=0.52  ETA=  2.7m sev=[31mhigh  [0m [2mcirc f=99[0m
    clean telemetry live: 2124 → 1518 rows
[2m[06:24:01] tick 202[0m
  [36mstation1 [0m [32mhealthy[0m                      conf=0.90  ETA=  1.0m sev=[31mhigh  [0m [2m     f=99[0m
  [36mstation2 [0m [32mhealthy[0m                      conf=0.50  ETA=  5.1m sev=[31mhigh  [0m [2mcirc f=99[0m
    clean telemetry live: 2124 → 1518 rows
[2m[06:24:16] tick 203[0m
  [36mstation1 [0m [32mhealthy[0m                      conf=0.90  ETA=  1.2m sev=[31mhigh  [0m [2m     f=99[0m
  [36mstation2 [0m [32mhealthy[0m                      conf=0.50  ETA=  5.4m sev=[31mhigh  [0m [2m     f=99[0m
    clean telemetry live: 2124 → 1518 rows
[2m[06:24:32] tick 204[0m
  [36mstation1 [0m [32mhealthy[0m                      conf=0.86  ETA=  1.5m sev=[31mhigh  [0m [2m     f=99[0m
  [36mstation2 [0m [32mhealthy[0m                      conf=0.62  ETA=  2.4m sev=[31mhigh  [0m [2mcirc f=99[0m
    clean telemetry live: 2124 → 1518 rows
[2m[06:24:47] tick 205[0m
  [36mstation1 [0m [32mhealthy[0m                      conf=0.96  ETA=  1.4m sev=[31mhigh  [0m [2m     f=99[0m
  [36mstation2 [0m [32mhealthy[0m                      conf=0.69  ETA=  5.6m sev=[31mhigh  [0m [2m     f=99[0m
    clean telemetry live: 2124 → 1518 rows
[2m[06:25:03] tick 206[0m
  [36mstation1 [0m [32mhealthy[0m                      conf=0.99  ETA=  1.6m sev=[31mhigh  [0m [2m     f=99[0m
  [36mstation2 [0m [32mhealthy[0m                      conf=0.91  ETA=  5.6m sev=[32mlow   [0m [2m     f=99[0m
