[2026-07-21T11:59:34.944909+00:00] Run directory: /home/brain/deca-isro/data/rpi-net/runs/tier5_bgp_vrf_focus2_20260721_1159
[2026-07-21T11:59:34.944992+00:00] ============================================================
[2026-07-21T11:59:34.945049+00:00] DECA COMPOUND OVERLAP CAMPAIGN — weighted counts {'bgp_route_flap': 6, 'tunnel_degradation': 0, 'congestion_breach': 0} (retry=2)
[2026-07-21T11:59:34.945080+00:00] ============================================================
[2026-07-21T11:59:58.941173+00:00]    iperf3 server listening on station2 (192.168.50.20)
[2026-07-21T12:00:01.478108+00:00] Baseline traffic: 43 Mbps (station1 -> 192.168.50.20 via eth0)
[2026-07-21T12:00:06.159787+00:00]    iperf3 client running (~43 Mbps)
[2026-07-21T12:00:06.160109+00:00] Normal ops before compound bgp_route_flap+vrf_leakage 5.3 min...
[2026-07-21T12:05:26.967091+00:00] Compound slot bgp_route_flap #1 attempt 1/3
[2026-07-21T12:05:26.967268+00:00] === COMPOUND bgp_route_flap_01: bgp_route_flap (station1) + vrf_leakage (station2) ===
[2026-07-21T12:05:26.967951+00:00]   vrf_leakage run=bgp_route_flap_01_vrf_leakage: wrong RT import + PE2 symptom ramp to 3.5%/12ms over 7.9min, hold 6.1min
[2026-07-21T12:05:26.967670+00:00]   bgp_route_flap run=bgp_route_flap_01_bgp_route_flap: 2 slow flaps over 8.6min, then 6 rapid flaps
[2026-07-21T12:19:30.409390+00:00] Logged bgp_route_flap 2026-07-21T12:05:26.967657+00:00 -> 2026-07-21T12:14:07.291057+00:00
[2026-07-21T12:19:30.409617+00:00] Logged vrf_leakage 2026-07-21T12:05:26.967944+00:00 -> 2026-07-21T12:13:24.362077+00:00
[2026-07-21T12:19:35.391295+00:00]   recovery settle 3.2 min...
[2026-07-21T12:22:47.807066+00:00]    iperf3 server listening on station2 (192.168.50.20)
[2026-07-21T12:22:50.289919+00:00] Baseline traffic: 57 Mbps (station1 -> 192.168.50.20 via eth0)
[2026-07-21T12:22:55.229166+00:00]    iperf3 client running (~57 Mbps)
[2026-07-21T12:22:55.229293+00:00] Normal ops before compound bgp_route_flap+vrf_leakage 3.7 min...
[2026-07-21T12:26:38.211068+00:00] Compound slot bgp_route_flap #2 attempt 1/3
[2026-07-21T12:26:38.211195+00:00] === COMPOUND bgp_route_flap_02: bgp_route_flap (station1) + vrf_leakage (station2) ===
[2026-07-21T12:26:38.211447+00:00]   bgp_route_flap run=bgp_route_flap_02_bgp_route_flap: 3 slow flaps over 10.7min, then 5 rapid flaps
[2026-07-21T12:26:38.211668+00:00]   vrf_leakage run=bgp_route_flap_02_vrf_leakage: wrong RT import + PE2 symptom ramp to 3.7%/10ms over 8.0min, hold 7.1min
[2026-07-21T12:41:52.635650+00:00] Logged bgp_route_flap 2026-07-21T12:26:38.211430+00:00 -> 2026-07-21T12:37:20.722467+00:00
[2026-07-21T12:41:52.635737+00:00] Logged vrf_leakage 2026-07-21T12:26:38.211650+00:00 -> 2026-07-21T12:34:45.587099+00:00
[2026-07-21T12:41:56.375256+00:00]   recovery settle 3.6 min...
[2026-07-21T12:45:37.006852+00:00]    iperf3 server listening on station2 (192.168.50.20)
[2026-07-21T12:45:39.537078+00:00] Baseline traffic: 15 Mbps (station1 -> 192.168.50.20 via eth0)
[2026-07-21T12:45:44.425560+00:00]    iperf3 client running (~15 Mbps)
[2026-07-21T12:45:44.425720+00:00] Normal ops before compound bgp_route_flap+vrf_leakage 3.9 min...
[2026-07-21T12:49:38.430824+00:00] Compound slot bgp_route_flap #3 attempt 1/3
[2026-07-21T12:49:38.431071+00:00] === COMPOUND bgp_route_flap_03: bgp_route_flap (station1) + vrf_leakage (station2) ===
[2026-07-21T12:49:38.431467+00:00]   bgp_route_flap run=bgp_route_flap_03_bgp_route_flap: 2 slow flaps over 8.1min, then 6 rapid flaps
[2026-07-21T12:49:38.431616+00:00]   vrf_leakage run=bgp_route_flap_03_vrf_leakage: wrong RT import + PE2 symptom ramp to 2.8%/18ms over 7.3min, hold 4.2min
[2026-07-21T13:01:19.762203+00:00] Logged bgp_route_flap 2026-07-21T12:49:38.431450+00:00 -> 2026-07-21T12:57:47.997054+00:00
[2026-07-21T13:01:19.762332+00:00] Logged vrf_leakage 2026-07-21T12:49:38.431605+00:00 -> 2026-07-21T12:57:04.381047+00:00
[2026-07-21T13:01:21.387249+00:00]   recovery settle 2.7 min...
[2026-07-21T13:04:05.911282+00:00]    iperf3 server listening on station2 (192.168.50.20)
[2026-07-21T13:04:08.428067+00:00] Baseline traffic: 49 Mbps (station1 -> 192.168.50.20 via eth0)
[2026-07-21T13:04:15.412350+00:00]    iperf3 client running (~49 Mbps)
[2026-07-21T13:04:15.412462+00:00] Normal ops before compound bgp_route_flap+vrf_leakage 3.8 min...
[2026-07-21T13:08:00.513866+00:00] Compound slot bgp_route_flap #4 attempt 1/3
[2026-07-21T13:08:00.514131+00:00] === COMPOUND bgp_route_flap_04: bgp_route_flap (station1) + vrf_leakage (station2) ===
[2026-07-21T13:08:00.514623+00:00]   bgp_route_flap run=bgp_route_flap_04_bgp_route_flap: 3 slow flaps over 7.5min, then 7 rapid flaps
[2026-07-21T13:08:00.514850+00:00]   vrf_leakage run=bgp_route_flap_04_vrf_leakage: wrong RT import + PE2 symptom ramp to 3.3%/20ms over 8.5min, hold 7.5min
[2026-07-21T13:11:04.698558+00:00]    SSH timeout on station1@192.168.50.10
[2026-07-21T13:24:03.683246+00:00] Logged bgp_route_flap 2026-07-21T13:08:00.514601+00:00 -> 2026-07-21T13:16:04.269079+00:00
[2026-07-21T13:24:03.683455+00:00] Logged vrf_leakage 2026-07-21T13:08:00.514837+00:00 -> 2026-07-21T13:16:35.686245+00:00
[2026-07-21T13:24:07.264077+00:00]   recovery settle 2.9 min...
[2026-07-21T13:27:02.055629+00:00]    iperf3 server listening on station2 (192.168.50.20)
[2026-07-21T13:27:05.540064+00:00] Baseline traffic: 78 Mbps (station1 -> 192.168.50.20 via eth0)
[2026-07-21T13:27:28.104188+00:00]    iperf3 client running (~78 Mbps)
[2026-07-21T13:27:28.104305+00:00] Normal ops before compound bgp_route_flap+vrf_leakage 4.4 min...
[2026-07-21T13:31:51.885859+00:00] Compound slot bgp_route_flap #5 attempt 1/3
[2026-07-21T13:31:51.886125+00:00] === COMPOUND bgp_route_flap_05: bgp_route_flap (station1) + vrf_leakage (station2) ===
[2026-07-21T13:31:51.886473+00:00]   bgp_route_flap run=bgp_route_flap_05_bgp_route_flap: 2 slow flaps over 6.8min, then 4 rapid flaps
[2026-07-21T13:31:51.886818+00:00]   vrf_leakage run=bgp_route_flap_05_vrf_leakage: wrong RT import + PE2 symptom ramp to 3.5%/19ms over 5.8min, hold 7.0min
[2026-07-21T13:44:42.585279+00:00] Logged bgp_route_flap 2026-07-21T13:31:51.886457+00:00 -> 2026-07-21T13:38:43.733775+00:00
[2026-07-21T13:44:42.587363+00:00] Logged vrf_leakage 2026-07-21T13:31:51.886794+00:00 -> 2026-07-21T13:37:44.003379+00:00
[2026-07-21T13:44:44.407448+00:00]   recovery settle 3.8 min...
[2026-07-21T13:48:36.952959+00:00]    iperf3 server listening on station2 (192.168.50.20)
[2026-07-21T13:48:39.473753+00:00] Baseline traffic: 50 Mbps (station1 -> 192.168.50.20 via eth0)
[2026-07-21T13:48:44.331064+00:00]    iperf3 client running (~50 Mbps)
[2026-07-21T13:48:44.331198+00:00] Normal ops before compound bgp_route_flap+vrf_leakage 3.8 min...
[2026-07-21T13:52:30.762519+00:00] Compound slot bgp_route_flap #6 attempt 1/3
[2026-07-21T13:52:30.762747+00:00] === COMPOUND bgp_route_flap_06: bgp_route_flap (station1) + vrf_leakage (station2) ===
[2026-07-21T13:52:30.763137+00:00]   bgp_route_flap run=bgp_route_flap_06_bgp_route_flap: 2 slow flaps over 11.3min, then 6 rapid flaps
[2026-07-21T13:52:30.763482+00:00]   vrf_leakage run=bgp_route_flap_06_vrf_leakage: wrong RT import + PE2 symptom ramp to 1.6%/19ms over 7.7min, hold 7.3min
[2026-07-21T14:07:42.097400+00:00] Logged bgp_route_flap 2026-07-21T13:52:30.763119+00:00 -> 2026-07-21T14:03:53.545087+00:00
[2026-07-21T14:07:42.097612+00:00] Logged vrf_leakage 2026-07-21T13:52:30.763469+00:00 -> 2026-07-21T14:00:21.096068+00:00
[2026-07-21T14:07:45.680155+00:00]   recovery settle 2.6 min...
[2026-07-21T14:10:22.699703+00:00]    iperf3 server listening on station2 (192.168.50.20)
[2026-07-21T14:10:43.722067+00:00] Baseline traffic: 84 Mbps (station1 -> 192.168.50.20 via eth0)
[2026-07-21T14:10:49.636461+00:00]    iperf3 client running (~84 Mbps)
[2026-07-21T14:10:49.636577+00:00] ============================================================
[2026-07-21T14:10:49.636619+00:00] COMPOUND OVERLAP CAMPAIGN DONE — pe1 counts {'congestion_breach': 0, 'tunnel_degradation': 0, 'bgp_route_flap': 6} attempts=6
[2026-07-21T14:10:49.636656+00:00] ============================================================
[2026-07-21T14:10:57.598040+00:00] Exported /home/brain/deca-isro/data/rpi-net/runs/tier5_bgp_vrf_focus2_20260721_1159/network_telemetry.csv (11046 rows)
[2026-07-21T14:10:57.663931+00:00] Exported /home/brain/deca-isro/data/rpi-net/runs/tier5_bgp_vrf_focus2_20260721_1159/network_campaign_export.csv (1578 rows)
[2026-07-21T14:10:57.665206+00:00] ============================================================
[2026-07-21T14:10:57.665310+00:00] VALIDATING fault_injection_log.csv
[2026-07-21T14:10:57.665334+00:00] ============================================================
[2026-07-21T14:10:57.665475+00:00] Total runs: 12
[2026-07-21T14:10:57.665509+00:00]   congestion_breach     WARN: zero runs recorded
[2026-07-21T14:10:57.665533+00:00]   tunnel_degradation    WARN: zero runs recorded
[2026-07-21T14:10:57.665697+00:00]   bgp_route_flap        n=6  avg=  9.0min  spread= 1.7min
[2026-07-21T14:10:57.665815+00:00]   vrf_leakage           n=6  avg=  7.6min  spread= 0.9min
[2026-07-21T14:10:57.665856+00:00] VALIDATION RESULT: WARN -- review flags before training
[2026-07-21T14:10:57.665880+00:00] ============================================================
