[2026-07-18T02:47:08.623900+00:00] ================================================================
[2026-07-18T02:47:08.624078+00:00] DECA BLIND PLAYLIST EXAM armed — run_id=specificity_exam_v1 seed=594596 (SEALED)
[2026-07-18T02:47:08.624159+00:00] Budget 40 min | playlist=/home/brain/deca-isro/scripts/playlists/specificity_exam_v1.json | simulate=False
[2026-07-18T02:47:08.624257+00:00] Sealed truth: /home/brain/deca-isro/data/rpi-net/live/specificity_exam_v1/ground_truth.sealed.jsonl
[2026-07-18T02:47:08.624326+00:00] ================================================================
[2026-07-18T02:47:11.979095+00:00]    iperf3 server listening on station2 (192.168.50.20)
[2026-07-18T02:47:13.484056+00:00] Baseline traffic: 82 Mbps (station1 -> 192.168.50.20 via eth0)
[2026-07-18T02:47:21.932364+00:00]    iperf3 client running (~82 Mbps)
[2026-07-18T02:47:21.932619+00:00] [playlist] loaded /home/brain/deca-isro/scripts/playlists/specificity_exam_v1.json id=specificity_exam_v1 phases=8
[2026-07-18T02:47:21.932950+00:00] [playlist] warm: calm 8.0 min (score_spurious=False)
[2026-07-18T02:55:21.937529+00:00] [playlist] calm_a: calm 6.0 min (score_spurious=True)
[2026-07-18T03:01:22.038433+00:00] [playlist] nm01: near-miss specificity_exam_v1_nm01 hold_s=30 (MUST stay healthy)
[2026-07-18T03:01:22.038541+00:00] NEAR-MISS aborted onset for 30s (not a real fault)...
[2026-07-18T03:01:53.382977+00:00] [playlist] sealed specificity_exam_v1_nm01: 2026-07-18T03:01:22.038536+00:00 -> 2026-07-18T03:01:53.382690+00:00
[2026-07-18T03:01:54.821257+00:00] [playlist] calm_b: calm 5.0 min (score_spurious=True)
[2026-07-18T03:06:54.869664+00:00] [playlist] nm02: near-miss specificity_exam_v1_nm02 hold_s=40 (MUST stay healthy)
[2026-07-18T03:06:54.869759+00:00] NEAR-MISS aborted onset for 40s (not a real fault)...
[2026-07-18T03:07:36.038766+00:00] [playlist] sealed specificity_exam_v1_nm02: 2026-07-18T03:06:54.869754+00:00 -> 2026-07-18T03:07:36.038537+00:00
[2026-07-18T03:07:37.638660+00:00] [playlist] calm_c: calm 5.0 min (score_spurious=True)
[2026-07-18T03:12:37.646784+00:00] [playlist] nm03: near-miss specificity_exam_v1_nm03 hold_s=35 (MUST stay healthy)
[2026-07-18T03:12:37.646851+00:00] NEAR-MISS aborted onset for 35s (not a real fault)...
[2026-07-18T03:13:14.848257+00:00] [playlist] sealed specificity_exam_v1_nm03: 2026-07-18T03:12:37.646847+00:00 -> 2026-07-18T03:13:14.847994+00:00
[2026-07-18T03:13:16.348289+00:00] [playlist] calm_d: calm 4.0 min (score_spurious=True)
[2026-07-18T03:17:16.351118+00:00] ================================================================
[2026-07-18T03:17:16.351273+00:00] PLAYLIST EXAM COMPLETE — 0 real faults, 3 near-misses (specificity_exam_v1)
[2026-07-18T03:17:16.351388+00:00] Grade with scorecard + exam report:
[2026-07-18T03:17:16.351492+00:00]   python scripts/deca_blind_scorecard.py --run-id specificity_exam_v1
[2026-07-18T03:17:16.351593+00:00]   python scripts/deca_blind_exam_report.py --run-id specificity_exam_v1
[2026-07-18T03:17:16.351689+00:00] ================================================================
